2878 ops in the final graph.
Model File: /home/ls/workspace_2021_01_17/DeepV2D/tensorrt_model/DeepNet.pb

import/IteratorV2	(<tf.Tensor 'import/IteratorV2:0' shape=() dtype=resource>,)
import/training_schedule/global_step	(<tf.Tensor 'import/training_schedule/global_step:0' shape=() dtype=int32>,)
import/training_schedule/global_step/read	(<tf.Tensor 'import/training_schedule/global_step/read:0' shape=() dtype=int32>,)
import/training_schedule/ToFloat	(<tf.Tensor 'import/training_schedule/ToFloat:0' shape=() dtype=float32>,)
import/training_schedule/truediv/y	(<tf.Tensor 'import/training_schedule/truediv/y:0' shape=() dtype=float32>,)
import/training_schedule/truediv	(<tf.Tensor 'import/training_schedule/truediv:0' shape=() dtype=float32>,)
import/training_schedule/mul/x	(<tf.Tensor 'import/training_schedule/mul/x:0' shape=() dtype=float32>,)
import/training_schedule/mul	(<tf.Tensor 'import/training_schedule/mul:0' shape=() dtype=float32>,)
import/training_schedule/add/y	(<tf.Tensor 'import/training_schedule/add/y:0' shape=() dtype=float32>,)
import/training_schedule/add	(<tf.Tensor 'import/training_schedule/add:0' shape=() dtype=float32>,)
import/training_schedule/clip_by_value/Minimum/y	(<tf.Tensor 'import/training_schedule/clip_by_value/Minimum/y:0' shape=() dtype=float32>,)
import/training_schedule/clip_by_value/Minimum	(<tf.Tensor 'import/training_schedule/clip_by_value/Minimum:0' shape=() dtype=float32>,)
import/training_schedule/clip_by_value/y	(<tf.Tensor 'import/training_schedule/clip_by_value/y:0' shape=() dtype=float32>,)
import/training_schedule/clip_by_value	(<tf.Tensor 'import/training_schedule/clip_by_value:0' shape=() dtype=float32>,)
import/training_schedule/truediv_1/y	(<tf.Tensor 'import/training_schedule/truediv_1/y:0' shape=() dtype=float32>,)
import/training_schedule/truediv_1	(<tf.Tensor 'import/training_schedule/truediv_1:0' shape=() dtype=float32>,)
import/training_schedule/mul_1/x	(<tf.Tensor 'import/training_schedule/mul_1/x:0' shape=() dtype=float32>,)
import/training_schedule/mul_1	(<tf.Tensor 'import/training_schedule/mul_1:0' shape=() dtype=float32>,)
import/training_schedule/clip_by_value_1/Minimum/y	(<tf.Tensor 'import/training_schedule/clip_by_value_1/Minimum/y:0' shape=() dtype=float32>,)
import/training_schedule/clip_by_value_1/Minimum	(<tf.Tensor 'import/training_schedule/clip_by_value_1/Minimum:0' shape=() dtype=float32>,)
import/training_schedule/clip_by_value_1/y	(<tf.Tensor 'import/training_schedule/clip_by_value_1/y:0' shape=() dtype=float32>,)
import/training_schedule/clip_by_value_1	(<tf.Tensor 'import/training_schedule/clip_by_value_1:0' shape=() dtype=float32>,)
import/training_schedule/truediv_2/x	(<tf.Tensor 'import/training_schedule/truediv_2/x:0' shape=() dtype=float32>,)
import/training_schedule/truediv_2	(<tf.Tensor 'import/training_schedule/truediv_2:0' shape=() dtype=float32>,)
import/IteratorGetNext	(<tf.Tensor 'import/IteratorGetNext:0' shape=<unknown> dtype=uint8>, <tf.Tensor 'import/IteratorGetNext:1' shape=<unknown> dtype=float32>, <tf.Tensor 'import/IteratorGetNext:2' shape=<unknown> dtype=float32>, <tf.Tensor 'import/IteratorGetNext:3' shape=<unknown> dtype=float32>, <tf.Tensor 'import/IteratorGetNext:4' shape=<unknown> dtype=float32>, <tf.Tensor 'import/IteratorGetNext:5' shape=<unknown> dtype=float32>, <tf.Tensor 'import/IteratorGetNext:6' shape=<unknown> dtype=int32>)
import/Cast	(<tf.Tensor 'import/Cast:0' shape=<unknown> dtype=float32>,)
import/split/split_dim	(<tf.Tensor 'import/split/split_dim:0' shape=() dtype=int32>,)
import/split	(<tf.Tensor 'import/split:0' shape=<unknown> dtype=float32>,)
import/split_1/split_dim	(<tf.Tensor 'import/split_1/split_dim:0' shape=() dtype=int32>,)
import/split_1	(<tf.Tensor 'import/split_1:0' shape=<unknown> dtype=float32>,)
import/split_5/split_dim	(<tf.Tensor 'import/split_5/split_dim:0' shape=() dtype=int32>,)
import/split_5	(<tf.Tensor 'import/split_5:0' shape=<unknown> dtype=float32>,)
import/LinSpace/start	(<tf.Tensor 'import/LinSpace/start:0' shape=() dtype=float32>,)
import/LinSpace/stop	(<tf.Tensor 'import/LinSpace/stop:0' shape=() dtype=float32>,)
import/LinSpace/num	(<tf.Tensor 'import/LinSpace/num:0' shape=() dtype=int32>,)
import/LinSpace	(<tf.Tensor 'import/LinSpace:0' shape=(32,) dtype=float32>,)
import/Less/y	(<tf.Tensor 'import/Less/y:0' shape=() dtype=int32>,)
import/Less	(<tf.Tensor 'import/Less:0' shape=() dtype=bool>,)
import/StopGradient	(<tf.Tensor 'import/StopGradient:0' shape=<unknown> dtype=float32>,)
import/cond/pred_id	(<tf.Tensor 'import/cond/pred_id:0' shape=() dtype=bool>,)
import/cond/Switch_1	(<tf.Tensor 'import/cond/Switch_1:0' shape=<unknown> dtype=float32>, <tf.Tensor 'import/cond/Switch_1:1' shape=<unknown> dtype=float32>)
import/cond/Switch_2	(<tf.Tensor 'import/cond/Switch_2:0' shape=<unknown> dtype=float32>, <tf.Tensor 'import/cond/Switch_2:1' shape=<unknown> dtype=float32>)
import/cond/Merge	(<tf.Tensor 'import/cond/Merge:0' shape=<unknown> dtype=float32>, <tf.Tensor 'import/cond/Merge:1' shape=() dtype=int32>)
import/cond_1/pred_id	(<tf.Tensor 'import/cond_1/pred_id:0' shape=() dtype=bool>,)
import/cond_1/StopGradient/Switch	(<tf.Tensor 'import/cond_1/StopGradient/Switch:0' shape=<unknown> dtype=float32>, <tf.Tensor 'import/cond_1/StopGradient/Switch:1' shape=<unknown> dtype=float32>)
import/cond_1/StopGradient	(<tf.Tensor 'import/cond_1/StopGradient:0' shape=<unknown> dtype=float32>,)
import/cond_1/Switch_1	(<tf.Tensor 'import/cond_1/Switch_1:0' shape=<unknown> dtype=float32>, <tf.Tensor 'import/cond_1/Switch_1:1' shape=<unknown> dtype=float32>)
import/cond_1/Merge	(<tf.Tensor 'import/cond_1/Merge:0' shape=<unknown> dtype=float32>, <tf.Tensor 'import/cond_1/Merge:1' shape=() dtype=int32>)
import/truediv/y	(<tf.Tensor 'import/truediv/y:0' shape=() dtype=float32>,)
import/truediv	(<tf.Tensor 'import/truediv:0' shape=<unknown> dtype=float32>,)
import/mul/x	(<tf.Tensor 'import/mul/x:0' shape=() dtype=float32>,)
import/mul	(<tf.Tensor 'import/mul:0' shape=<unknown> dtype=float32>,)
import/sub/y	(<tf.Tensor 'import/sub/y:0' shape=() dtype=float32>,)
import/sub	(<tf.Tensor 'import/sub:0' shape=<unknown> dtype=float32>,)
import/LinSpace_1/start	(<tf.Tensor 'import/LinSpace_1/start:0' shape=() dtype=float32>,)
import/LinSpace_1/stop	(<tf.Tensor 'import/LinSpace_1/stop:0' shape=() dtype=float32>,)
import/LinSpace_1/num	(<tf.Tensor 'import/LinSpace_1/num:0' shape=() dtype=int32>,)
import/LinSpace_1	(<tf.Tensor 'import/LinSpace_1:0' shape=(32,) dtype=float32>,)
import/truediv_1/y	(<tf.Tensor 'import/truediv_1/y:0' shape=() dtype=float32>,)
import/truediv_1	(<tf.Tensor 'import/truediv_1:0' shape=<unknown> dtype=float32>,)
import/unstack	(<tf.Tensor 'import/unstack:0' shape=<unknown> dtype=float32>, <tf.Tensor 'import/unstack:1' shape=<unknown> dtype=float32>, <tf.Tensor 'import/unstack:2' shape=<unknown> dtype=float32>, <tf.Tensor 'import/unstack:3' shape=<unknown> dtype=float32>)
import/zeros_like	(<tf.Tensor 'import/zeros_like:0' shape=(1,) dtype=float32>,)
import/ones_like/Shape	(<tf.Tensor 'import/ones_like/Shape:0' shape=(1,) dtype=int32>,)
import/ones_like/Const	(<tf.Tensor 'import/ones_like/Const:0' shape=() dtype=float32>,)
import/ones_like	(<tf.Tensor 'import/ones_like:0' shape=(1,) dtype=float32>,)
import/stack	(<tf.Tensor 'import/stack:0' shape=(1, 9) dtype=float32>,)
import/Reshape/shape	(<tf.Tensor 'import/Reshape/shape:0' shape=(3,) dtype=int32>,)
import/Reshape	(<tf.Tensor 'import/Reshape:0' shape=(1, 3, 3) dtype=float32>,)
import/stereo/Shape	(<tf.Tensor 'import/stereo/Shape:0' shape=(5,) dtype=int32>,)
import/stereo/unstack	(<tf.Tensor 'import/stereo/unstack:0' shape=() dtype=int32>, <tf.Tensor 'import/stereo/unstack:1' shape=() dtype=int32>, <tf.Tensor 'import/stereo/unstack:2' shape=() dtype=int32>, <tf.Tensor 'import/stereo/unstack:3' shape=() dtype=int32>, <tf.Tensor 'import/stereo/unstack:4' shape=() dtype=int32>)
import/stereo/mul	(<tf.Tensor 'import/stereo/mul:0' shape=() dtype=int32>,)
import/stereo/Reshape/shape/3	(<tf.Tensor 'import/stereo/Reshape/shape/3:0' shape=() dtype=int32>,)
import/stereo/Reshape/shape	(<tf.Tensor 'import/stereo/Reshape/shape:0' shape=(4,) dtype=int32>,)
import/stereo/Reshape	(<tf.Tensor 'import/stereo/Reshape:0' shape=(5, 240, 320, 3) dtype=float32>,)
import/stereo/encoder/Conv/weights	(<tf.Tensor 'import/stereo/encoder/Conv/weights:0' shape=(3, 3, 3, 32) dtype=float32>,)
import/stereo/encoder/Conv/weights/read	(<tf.Tensor 'import/stereo/encoder/Conv/weights/read:0' shape=(3, 3, 3, 32) dtype=float32>,)
import/stereo/encoder/Conv/biases	(<tf.Tensor 'import/stereo/encoder/Conv/biases:0' shape=(32,) dtype=float32>,)
import/stereo/encoder/Conv/biases/read	(<tf.Tensor 'import/stereo/encoder/Conv/biases/read:0' shape=(32,) dtype=float32>,)
import/stereo/encoder/Conv/Conv2D	(<tf.Tensor 'import/stereo/encoder/Conv/Conv2D:0' shape=(5, 120, 160, 32) dtype=float32>,)
import/stereo/encoder/Conv/BiasAdd	(<tf.Tensor 'import/stereo/encoder/Conv/BiasAdd:0' shape=(5, 120, 160, 32) dtype=float32>,)
import/stereo/encoder/BatchNorm_2/gamma	(<tf.Tensor 'import/stereo/encoder/BatchNorm_2/gamma:0' shape=(32,) dtype=float32>,)
import/stereo/encoder/BatchNorm_2/gamma/read	(<tf.Tensor 'import/stereo/encoder/BatchNorm_2/gamma/read:0' shape=(32,) dtype=float32>,)
import/stereo/encoder/BatchNorm_2/beta	(<tf.Tensor 'import/stereo/encoder/BatchNorm_2/beta:0' shape=(32,) dtype=float32>,)
import/stereo/encoder/BatchNorm_2/beta/read	(<tf.Tensor 'import/stereo/encoder/BatchNorm_2/beta/read:0' shape=(32,) dtype=float32>,)
import/stereo/encoder/BatchNorm_2/moving_mean	(<tf.Tensor 'import/stereo/encoder/BatchNorm_2/moving_mean:0' shape=(32,) dtype=float32>,)
import/stereo/encoder/BatchNorm_2/moving_variance	(<tf.Tensor 'import/stereo/encoder/BatchNorm_2/moving_variance:0' shape=(32,) dtype=float32>,)
import/stereo/encoder/BatchNorm_2/renorm_mean	(<tf.Tensor 'import/stereo/encoder/BatchNorm_2/renorm_mean:0' shape=(32,) dtype=float32>,)
import/stereo/encoder/BatchNorm_2/renorm_mean/read	(<tf.Tensor 'import/stereo/encoder/BatchNorm_2/renorm_mean/read:0' shape=(32,) dtype=float32>,)
import/stereo/encoder/BatchNorm_2/renorm_stddev	(<tf.Tensor 'import/stereo/encoder/BatchNorm_2/renorm_stddev:0' shape=(32,) dtype=float32>,)
import/stereo/encoder/BatchNorm_2/renorm_stddev/read	(<tf.Tensor 'import/stereo/encoder/BatchNorm_2/renorm_stddev/read:0' shape=(32,) dtype=float32>,)
import/stereo/encoder/BatchNorm_2/moments/mean/reduction_indices	(<tf.Tensor 'import/stereo/encoder/BatchNorm_2/moments/mean/reduction_indices:0' shape=(3,) dtype=int32>,)
import/stereo/encoder/BatchNorm_2/moments/mean	(<tf.Tensor 'import/stereo/encoder/BatchNorm_2/moments/mean:0' shape=(1, 1, 1, 32) dtype=float32>,)
import/stereo/encoder/BatchNorm_2/moments/StopGradient	(<tf.Tensor 'import/stereo/encoder/BatchNorm_2/moments/StopGradient:0' shape=(1, 1, 1, 32) dtype=float32>,)
import/stereo/encoder/BatchNorm_2/moments/SquaredDifference	(<tf.Tensor 'import/stereo/encoder/BatchNorm_2/moments/SquaredDifference:0' shape=(5, 120, 160, 32) dtype=float32>,)
import/stereo/encoder/BatchNorm_2/moments/variance/reduction_indices	(<tf.Tensor 'import/stereo/encoder/BatchNorm_2/moments/variance/reduction_indices:0' shape=(3,) dtype=int32>,)
import/stereo/encoder/BatchNorm_2/moments/variance	(<tf.Tensor 'import/stereo/encoder/BatchNorm_2/moments/variance:0' shape=(1, 1, 1, 32) dtype=float32>,)
import/stereo/encoder/BatchNorm_2/moments/Squeeze	(<tf.Tensor 'import/stereo/encoder/BatchNorm_2/moments/Squeeze:0' shape=(32,) dtype=float32>,)
import/stereo/encoder/BatchNorm_2/moments/Squeeze_1	(<tf.Tensor 'import/stereo/encoder/BatchNorm_2/moments/Squeeze_1:0' shape=(32,) dtype=float32>,)
import/stereo/encoder/BatchNorm_2/add/y	(<tf.Tensor 'import/stereo/encoder/BatchNorm_2/add/y:0' shape=() dtype=float32>,)
import/stereo/encoder/BatchNorm_2/add	(<tf.Tensor 'import/stereo/encoder/BatchNorm_2/add:0' shape=(32,) dtype=float32>,)
import/stereo/encoder/BatchNorm_2/Sqrt	(<tf.Tensor 'import/stereo/encoder/BatchNorm_2/Sqrt:0' shape=(32,) dtype=float32>,)
import/stereo/encoder/BatchNorm_2/Sqrt_1/x	(<tf.Tensor 'import/stereo/encoder/BatchNorm_2/Sqrt_1/x:0' shape=() dtype=float32>,)
import/stereo/encoder/BatchNorm_2/Sqrt_1	(<tf.Tensor 'import/stereo/encoder/BatchNorm_2/Sqrt_1:0' shape=() dtype=float32>,)
import/stereo/encoder/BatchNorm_2/Maximum	(<tf.Tensor 'import/stereo/encoder/BatchNorm_2/Maximum:0' shape=(32,) dtype=float32>,)
import/stereo/encoder/BatchNorm_2/truediv	(<tf.Tensor 'import/stereo/encoder/BatchNorm_2/truediv:0' shape=(32,) dtype=float32>,)
import/stereo/encoder/BatchNorm_2/sub	(<tf.Tensor 'import/stereo/encoder/BatchNorm_2/sub:0' shape=(32,) dtype=float32>,)
import/stereo/encoder/BatchNorm_2/truediv_1	(<tf.Tensor 'import/stereo/encoder/BatchNorm_2/truediv_1:0' shape=(32,) dtype=float32>,)
import/stereo/encoder/BatchNorm_2/Maximum_1	(<tf.Tensor 'import/stereo/encoder/BatchNorm_2/Maximum_1:0' shape=(32,) dtype=float32>,)
import/stereo/encoder/BatchNorm_2/Minimum	(<tf.Tensor 'import/stereo/encoder/BatchNorm_2/Minimum:0' shape=(32,) dtype=float32>,)
import/stereo/encoder/BatchNorm_2/Neg	(<tf.Tensor 'import/stereo/encoder/BatchNorm_2/Neg:0' shape=() dtype=float32>,)
import/stereo/encoder/BatchNorm_2/Maximum_2	(<tf.Tensor 'import/stereo/encoder/BatchNorm_2/Maximum_2:0' shape=(32,) dtype=float32>,)
import/stereo/encoder/BatchNorm_2/Minimum_1	(<tf.Tensor 'import/stereo/encoder/BatchNorm_2/Minimum_1:0' shape=(32,) dtype=float32>,)
import/stereo/encoder/BatchNorm_2/renorm_r	(<tf.Tensor 'import/stereo/encoder/BatchNorm_2/renorm_r:0' shape=(32,) dtype=float32>,)
import/stereo/encoder/BatchNorm_2/renorm_d	(<tf.Tensor 'import/stereo/encoder/BatchNorm_2/renorm_d:0' shape=(32,) dtype=float32>,)
import/stereo/encoder/BatchNorm_2/mul	(<tf.Tensor 'import/stereo/encoder/BatchNorm_2/mul:0' shape=(32,) dtype=float32>,)
import/stereo/encoder/BatchNorm_2/mul_1	(<tf.Tensor 'import/stereo/encoder/BatchNorm_2/mul_1:0' shape=(32,) dtype=float32>,)
import/stereo/encoder/BatchNorm_2/add_1	(<tf.Tensor 'import/stereo/encoder/BatchNorm_2/add_1:0' shape=(32,) dtype=float32>,)
import/stereo/encoder/BatchNorm_2/batchnorm/add/y	(<tf.Tensor 'import/stereo/encoder/BatchNorm_2/batchnorm/add/y:0' shape=() dtype=float32>,)
import/stereo/encoder/BatchNorm_2/batchnorm/add	(<tf.Tensor 'import/stereo/encoder/BatchNorm_2/batchnorm/add:0' shape=(32,) dtype=float32>,)
import/stereo/encoder/BatchNorm_2/batchnorm/Rsqrt	(<tf.Tensor 'import/stereo/encoder/BatchNorm_2/batchnorm/Rsqrt:0' shape=(32,) dtype=float32>,)
import/stereo/encoder/BatchNorm_2/batchnorm/mul	(<tf.Tensor 'import/stereo/encoder/BatchNorm_2/batchnorm/mul:0' shape=(32,) dtype=float32>,)
import/stereo/encoder/BatchNorm_2/batchnorm/mul_1	(<tf.Tensor 'import/stereo/encoder/BatchNorm_2/batchnorm/mul_1:0' shape=(5, 120, 160, 32) dtype=float32>,)
import/stereo/encoder/BatchNorm_2/batchnorm/mul_2	(<tf.Tensor 'import/stereo/encoder/BatchNorm_2/batchnorm/mul_2:0' shape=(32,) dtype=float32>,)
import/stereo/encoder/BatchNorm_2/batchnorm/sub	(<tf.Tensor 'import/stereo/encoder/BatchNorm_2/batchnorm/sub:0' shape=(32,) dtype=float32>,)
import/stereo/encoder/BatchNorm_2/batchnorm/add_1	(<tf.Tensor 'import/stereo/encoder/BatchNorm_2/batchnorm/add_1:0' shape=(5, 120, 160, 32) dtype=float32>,)
import/stereo/encoder/Relu_2	(<tf.Tensor 'import/stereo/encoder/Relu_2:0' shape=(5, 120, 160, 32) dtype=float32>,)
import/stereo/encoder/Conv_3/weights	(<tf.Tensor 'import/stereo/encoder/Conv_3/weights:0' shape=(1, 1, 32, 32) dtype=float32>,)
import/stereo/encoder/Conv_3/weights/read	(<tf.Tensor 'import/stereo/encoder/Conv_3/weights/read:0' shape=(1, 1, 32, 32) dtype=float32>,)
import/stereo/encoder/Conv_3/biases	(<tf.Tensor 'import/stereo/encoder/Conv_3/biases:0' shape=(32,) dtype=float32>,)
import/stereo/encoder/Conv_3/biases/read	(<tf.Tensor 'import/stereo/encoder/Conv_3/biases/read:0' shape=(32,) dtype=float32>,)
import/stereo/encoder/Conv_3/Conv2D	(<tf.Tensor 'import/stereo/encoder/Conv_3/Conv2D:0' shape=(5, 120, 160, 32) dtype=float32>,)
import/stereo/encoder/Conv_3/BiasAdd	(<tf.Tensor 'import/stereo/encoder/Conv_3/BiasAdd:0' shape=(5, 120, 160, 32) dtype=float32>,)
import/stereo/encoder/add	(<tf.Tensor 'import/stereo/encoder/add:0' shape=(5, 120, 160, 32) dtype=float32>,)
import/stereo/encoder/BatchNorm_5/gamma	(<tf.Tensor 'import/stereo/encoder/BatchNorm_5/gamma:0' shape=(32,) dtype=float32>,)
import/stereo/encoder/BatchNorm_5/gamma/read	(<tf.Tensor 'import/stereo/encoder/BatchNorm_5/gamma/read:0' shape=(32,) dtype=float32>,)
import/stereo/encoder/BatchNorm_5/beta	(<tf.Tensor 'import/stereo/encoder/BatchNorm_5/beta:0' shape=(32,) dtype=float32>,)
import/stereo/encoder/BatchNorm_5/beta/read	(<tf.Tensor 'import/stereo/encoder/BatchNorm_5/beta/read:0' shape=(32,) dtype=float32>,)
import/stereo/encoder/BatchNorm_5/moving_mean	(<tf.Tensor 'import/stereo/encoder/BatchNorm_5/moving_mean:0' shape=(32,) dtype=float32>,)
import/stereo/encoder/BatchNorm_5/moving_variance	(<tf.Tensor 'import/stereo/encoder/BatchNorm_5/moving_variance:0' shape=(32,) dtype=float32>,)
import/stereo/encoder/BatchNorm_5/renorm_mean	(<tf.Tensor 'import/stereo/encoder/BatchNorm_5/renorm_mean:0' shape=(32,) dtype=float32>,)
import/stereo/encoder/BatchNorm_5/renorm_mean/read	(<tf.Tensor 'import/stereo/encoder/BatchNorm_5/renorm_mean/read:0' shape=(32,) dtype=float32>,)
import/stereo/encoder/BatchNorm_5/renorm_stddev	(<tf.Tensor 'import/stereo/encoder/BatchNorm_5/renorm_stddev:0' shape=(32,) dtype=float32>,)
import/stereo/encoder/BatchNorm_5/renorm_stddev/read	(<tf.Tensor 'import/stereo/encoder/BatchNorm_5/renorm_stddev/read:0' shape=(32,) dtype=float32>,)
import/stereo/encoder/BatchNorm_5/moments/mean/reduction_indices	(<tf.Tensor 'import/stereo/encoder/BatchNorm_5/moments/mean/reduction_indices:0' shape=(3,) dtype=int32>,)
import/stereo/encoder/BatchNorm_5/moments/mean	(<tf.Tensor 'import/stereo/encoder/BatchNorm_5/moments/mean:0' shape=(1, 1, 1, 32) dtype=float32>,)
import/stereo/encoder/BatchNorm_5/moments/StopGradient	(<tf.Tensor 'import/stereo/encoder/BatchNorm_5/moments/StopGradient:0' shape=(1, 1, 1, 32) dtype=float32>,)
import/stereo/encoder/BatchNorm_5/moments/SquaredDifference	(<tf.Tensor 'import/stereo/encoder/BatchNorm_5/moments/SquaredDifference:0' shape=(5, 120, 160, 32) dtype=float32>,)
import/stereo/encoder/BatchNorm_5/moments/variance/reduction_indices	(<tf.Tensor 'import/stereo/encoder/BatchNorm_5/moments/variance/reduction_indices:0' shape=(3,) dtype=int32>,)
import/stereo/encoder/BatchNorm_5/moments/variance	(<tf.Tensor 'import/stereo/encoder/BatchNorm_5/moments/variance:0' shape=(1, 1, 1, 32) dtype=float32>,)
import/stereo/encoder/BatchNorm_5/moments/Squeeze	(<tf.Tensor 'import/stereo/encoder/BatchNorm_5/moments/Squeeze:0' shape=(32,) dtype=float32>,)
import/stereo/encoder/BatchNorm_5/moments/Squeeze_1	(<tf.Tensor 'import/stereo/encoder/BatchNorm_5/moments/Squeeze_1:0' shape=(32,) dtype=float32>,)
import/stereo/encoder/BatchNorm_5/add/y	(<tf.Tensor 'import/stereo/encoder/BatchNorm_5/add/y:0' shape=() dtype=float32>,)
import/stereo/encoder/BatchNorm_5/add	(<tf.Tensor 'import/stereo/encoder/BatchNorm_5/add:0' shape=(32,) dtype=float32>,)
import/stereo/encoder/BatchNorm_5/Sqrt	(<tf.Tensor 'import/stereo/encoder/BatchNorm_5/Sqrt:0' shape=(32,) dtype=float32>,)
import/stereo/encoder/BatchNorm_5/Sqrt_1/x	(<tf.Tensor 'import/stereo/encoder/BatchNorm_5/Sqrt_1/x:0' shape=() dtype=float32>,)
import/stereo/encoder/BatchNorm_5/Sqrt_1	(<tf.Tensor 'import/stereo/encoder/BatchNorm_5/Sqrt_1:0' shape=() dtype=float32>,)
import/stereo/encoder/BatchNorm_5/Maximum	(<tf.Tensor 'import/stereo/encoder/BatchNorm_5/Maximum:0' shape=(32,) dtype=float32>,)
import/stereo/encoder/BatchNorm_5/truediv	(<tf.Tensor 'import/stereo/encoder/BatchNorm_5/truediv:0' shape=(32,) dtype=float32>,)
import/stereo/encoder/BatchNorm_5/sub	(<tf.Tensor 'import/stereo/encoder/BatchNorm_5/sub:0' shape=(32,) dtype=float32>,)
import/stereo/encoder/BatchNorm_5/truediv_1	(<tf.Tensor 'import/stereo/encoder/BatchNorm_5/truediv_1:0' shape=(32,) dtype=float32>,)
import/stereo/encoder/BatchNorm_5/Maximum_1	(<tf.Tensor 'import/stereo/encoder/BatchNorm_5/Maximum_1:0' shape=(32,) dtype=float32>,)
import/stereo/encoder/BatchNorm_5/Minimum	(<tf.Tensor 'import/stereo/encoder/BatchNorm_5/Minimum:0' shape=(32,) dtype=float32>,)
import/stereo/encoder/BatchNorm_5/Neg	(<tf.Tensor 'import/stereo/encoder/BatchNorm_5/Neg:0' shape=() dtype=float32>,)
import/stereo/encoder/BatchNorm_5/Maximum_2	(<tf.Tensor 'import/stereo/encoder/BatchNorm_5/Maximum_2:0' shape=(32,) dtype=float32>,)
import/stereo/encoder/BatchNorm_5/Minimum_1	(<tf.Tensor 'import/stereo/encoder/BatchNorm_5/Minimum_1:0' shape=(32,) dtype=float32>,)
import/stereo/encoder/BatchNorm_5/renorm_r	(<tf.Tensor 'import/stereo/encoder/BatchNorm_5/renorm_r:0' shape=(32,) dtype=float32>,)
import/stereo/encoder/BatchNorm_5/renorm_d	(<tf.Tensor 'import/stereo/encoder/BatchNorm_5/renorm_d:0' shape=(32,) dtype=float32>,)
import/stereo/encoder/BatchNorm_5/mul	(<tf.Tensor 'import/stereo/encoder/BatchNorm_5/mul:0' shape=(32,) dtype=float32>,)
import/stereo/encoder/BatchNorm_5/mul_1	(<tf.Tensor 'import/stereo/encoder/BatchNorm_5/mul_1:0' shape=(32,) dtype=float32>,)
import/stereo/encoder/BatchNorm_5/add_1	(<tf.Tensor 'import/stereo/encoder/BatchNorm_5/add_1:0' shape=(32,) dtype=float32>,)
import/stereo/encoder/BatchNorm_5/batchnorm/add/y	(<tf.Tensor 'import/stereo/encoder/BatchNorm_5/batchnorm/add/y:0' shape=() dtype=float32>,)
import/stereo/encoder/BatchNorm_5/batchnorm/add	(<tf.Tensor 'import/stereo/encoder/BatchNorm_5/batchnorm/add:0' shape=(32,) dtype=float32>,)
import/stereo/encoder/BatchNorm_5/batchnorm/Rsqrt	(<tf.Tensor 'import/stereo/encoder/BatchNorm_5/batchnorm/Rsqrt:0' shape=(32,) dtype=float32>,)
import/stereo/encoder/BatchNorm_5/batchnorm/mul	(<tf.Tensor 'import/stereo/encoder/BatchNorm_5/batchnorm/mul:0' shape=(32,) dtype=float32>,)
import/stereo/encoder/BatchNorm_5/batchnorm/mul_1	(<tf.Tensor 'import/stereo/encoder/BatchNorm_5/batchnorm/mul_1:0' shape=(5, 120, 160, 32) dtype=float32>,)
import/stereo/encoder/BatchNorm_5/batchnorm/mul_2	(<tf.Tensor 'import/stereo/encoder/BatchNorm_5/batchnorm/mul_2:0' shape=(32,) dtype=float32>,)
import/stereo/encoder/BatchNorm_5/batchnorm/sub	(<tf.Tensor 'import/stereo/encoder/BatchNorm_5/batchnorm/sub:0' shape=(32,) dtype=float32>,)
import/stereo/encoder/BatchNorm_5/batchnorm/add_1	(<tf.Tensor 'import/stereo/encoder/BatchNorm_5/batchnorm/add_1:0' shape=(5, 120, 160, 32) dtype=float32>,)
import/stereo/encoder/Relu_5	(<tf.Tensor 'import/stereo/encoder/Relu_5:0' shape=(5, 120, 160, 32) dtype=float32>,)
import/stereo/encoder/Conv_6/weights	(<tf.Tensor 'import/stereo/encoder/Conv_6/weights:0' shape=(1, 1, 32, 32) dtype=float32>,)
import/stereo/encoder/Conv_6/weights/read	(<tf.Tensor 'import/stereo/encoder/Conv_6/weights/read:0' shape=(1, 1, 32, 32) dtype=float32>,)
import/stereo/encoder/Conv_6/biases	(<tf.Tensor 'import/stereo/encoder/Conv_6/biases:0' shape=(32,) dtype=float32>,)
import/stereo/encoder/Conv_6/biases/read	(<tf.Tensor 'import/stereo/encoder/Conv_6/biases/read:0' shape=(32,) dtype=float32>,)
import/stereo/encoder/Conv_6/Conv2D	(<tf.Tensor 'import/stereo/encoder/Conv_6/Conv2D:0' shape=(5, 120, 160, 32) dtype=float32>,)
import/stereo/encoder/Conv_6/BiasAdd	(<tf.Tensor 'import/stereo/encoder/Conv_6/BiasAdd:0' shape=(5, 120, 160, 32) dtype=float32>,)
import/stereo/encoder/add_1	(<tf.Tensor 'import/stereo/encoder/add_1:0' shape=(5, 120, 160, 32) dtype=float32>,)
import/stereo/encoder/BatchNorm_8/gamma	(<tf.Tensor 'import/stereo/encoder/BatchNorm_8/gamma:0' shape=(32,) dtype=float32>,)
import/stereo/encoder/BatchNorm_8/gamma/read	(<tf.Tensor 'import/stereo/encoder/BatchNorm_8/gamma/read:0' shape=(32,) dtype=float32>,)
import/stereo/encoder/BatchNorm_8/beta	(<tf.Tensor 'import/stereo/encoder/BatchNorm_8/beta:0' shape=(32,) dtype=float32>,)
import/stereo/encoder/BatchNorm_8/beta/read	(<tf.Tensor 'import/stereo/encoder/BatchNorm_8/beta/read:0' shape=(32,) dtype=float32>,)
import/stereo/encoder/BatchNorm_8/moving_mean	(<tf.Tensor 'import/stereo/encoder/BatchNorm_8/moving_mean:0' shape=(32,) dtype=float32>,)
import/stereo/encoder/BatchNorm_8/moving_variance	(<tf.Tensor 'import/stereo/encoder/BatchNorm_8/moving_variance:0' shape=(32,) dtype=float32>,)
import/stereo/encoder/BatchNorm_8/renorm_mean	(<tf.Tensor 'import/stereo/encoder/BatchNorm_8/renorm_mean:0' shape=(32,) dtype=float32>,)
import/stereo/encoder/BatchNorm_8/renorm_mean/read	(<tf.Tensor 'import/stereo/encoder/BatchNorm_8/renorm_mean/read:0' shape=(32,) dtype=float32>,)
import/stereo/encoder/BatchNorm_8/renorm_stddev	(<tf.Tensor 'import/stereo/encoder/BatchNorm_8/renorm_stddev:0' shape=(32,) dtype=float32>,)
import/stereo/encoder/BatchNorm_8/renorm_stddev/read	(<tf.Tensor 'import/stereo/encoder/BatchNorm_8/renorm_stddev/read:0' shape=(32,) dtype=float32>,)
import/stereo/encoder/BatchNorm_8/moments/mean/reduction_indices	(<tf.Tensor 'import/stereo/encoder/BatchNorm_8/moments/mean/reduction_indices:0' shape=(3,) dtype=int32>,)
import/stereo/encoder/BatchNorm_8/moments/mean	(<tf.Tensor 'import/stereo/encoder/BatchNorm_8/moments/mean:0' shape=(1, 1, 1, 32) dtype=float32>,)
import/stereo/encoder/BatchNorm_8/moments/StopGradient	(<tf.Tensor 'import/stereo/encoder/BatchNorm_8/moments/StopGradient:0' shape=(1, 1, 1, 32) dtype=float32>,)
import/stereo/encoder/BatchNorm_8/moments/SquaredDifference	(<tf.Tensor 'import/stereo/encoder/BatchNorm_8/moments/SquaredDifference:0' shape=(5, 120, 160, 32) dtype=float32>,)
import/stereo/encoder/BatchNorm_8/moments/variance/reduction_indices	(<tf.Tensor 'import/stereo/encoder/BatchNorm_8/moments/variance/reduction_indices:0' shape=(3,) dtype=int32>,)
import/stereo/encoder/BatchNorm_8/moments/variance	(<tf.Tensor 'import/stereo/encoder/BatchNorm_8/moments/variance:0' shape=(1, 1, 1, 32) dtype=float32>,)
import/stereo/encoder/BatchNorm_8/moments/Squeeze	(<tf.Tensor 'import/stereo/encoder/BatchNorm_8/moments/Squeeze:0' shape=(32,) dtype=float32>,)
import/stereo/encoder/BatchNorm_8/moments/Squeeze_1	(<tf.Tensor 'import/stereo/encoder/BatchNorm_8/moments/Squeeze_1:0' shape=(32,) dtype=float32>,)
import/stereo/encoder/BatchNorm_8/add/y	(<tf.Tensor 'import/stereo/encoder/BatchNorm_8/add/y:0' shape=() dtype=float32>,)
import/stereo/encoder/BatchNorm_8/add	(<tf.Tensor 'import/stereo/encoder/BatchNorm_8/add:0' shape=(32,) dtype=float32>,)
import/stereo/encoder/BatchNorm_8/Sqrt	(<tf.Tensor 'import/stereo/encoder/BatchNorm_8/Sqrt:0' shape=(32,) dtype=float32>,)
import/stereo/encoder/BatchNorm_8/Sqrt_1/x	(<tf.Tensor 'import/stereo/encoder/BatchNorm_8/Sqrt_1/x:0' shape=() dtype=float32>,)
import/stereo/encoder/BatchNorm_8/Sqrt_1	(<tf.Tensor 'import/stereo/encoder/BatchNorm_8/Sqrt_1:0' shape=() dtype=float32>,)
import/stereo/encoder/BatchNorm_8/Maximum	(<tf.Tensor 'import/stereo/encoder/BatchNorm_8/Maximum:0' shape=(32,) dtype=float32>,)
import/stereo/encoder/BatchNorm_8/truediv	(<tf.Tensor 'import/stereo/encoder/BatchNorm_8/truediv:0' shape=(32,) dtype=float32>,)
import/stereo/encoder/BatchNorm_8/sub	(<tf.Tensor 'import/stereo/encoder/BatchNorm_8/sub:0' shape=(32,) dtype=float32>,)
import/stereo/encoder/BatchNorm_8/truediv_1	(<tf.Tensor 'import/stereo/encoder/BatchNorm_8/truediv_1:0' shape=(32,) dtype=float32>,)
import/stereo/encoder/BatchNorm_8/Maximum_1	(<tf.Tensor 'import/stereo/encoder/BatchNorm_8/Maximum_1:0' shape=(32,) dtype=float32>,)
import/stereo/encoder/BatchNorm_8/Minimum	(<tf.Tensor 'import/stereo/encoder/BatchNorm_8/Minimum:0' shape=(32,) dtype=float32>,)
import/stereo/encoder/BatchNorm_8/Neg	(<tf.Tensor 'import/stereo/encoder/BatchNorm_8/Neg:0' shape=() dtype=float32>,)
import/stereo/encoder/BatchNorm_8/Maximum_2	(<tf.Tensor 'import/stereo/encoder/BatchNorm_8/Maximum_2:0' shape=(32,) dtype=float32>,)
import/stereo/encoder/BatchNorm_8/Minimum_1	(<tf.Tensor 'import/stereo/encoder/BatchNorm_8/Minimum_1:0' shape=(32,) dtype=float32>,)
import/stereo/encoder/BatchNorm_8/renorm_r	(<tf.Tensor 'import/stereo/encoder/BatchNorm_8/renorm_r:0' shape=(32,) dtype=float32>,)
import/stereo/encoder/BatchNorm_8/renorm_d	(<tf.Tensor 'import/stereo/encoder/BatchNorm_8/renorm_d:0' shape=(32,) dtype=float32>,)
import/stereo/encoder/BatchNorm_8/mul	(<tf.Tensor 'import/stereo/encoder/BatchNorm_8/mul:0' shape=(32,) dtype=float32>,)
import/stereo/encoder/BatchNorm_8/mul_1	(<tf.Tensor 'import/stereo/encoder/BatchNorm_8/mul_1:0' shape=(32,) dtype=float32>,)
import/stereo/encoder/BatchNorm_8/add_1	(<tf.Tensor 'import/stereo/encoder/BatchNorm_8/add_1:0' shape=(32,) dtype=float32>,)
import/stereo/encoder/BatchNorm_8/batchnorm/add/y	(<tf.Tensor 'import/stereo/encoder/BatchNorm_8/batchnorm/add/y:0' shape=() dtype=float32>,)
import/stereo/encoder/BatchNorm_8/batchnorm/add	(<tf.Tensor 'import/stereo/encoder/BatchNorm_8/batchnorm/add:0' shape=(32,) dtype=float32>,)
import/stereo/encoder/BatchNorm_8/batchnorm/Rsqrt	(<tf.Tensor 'import/stereo/encoder/BatchNorm_8/batchnorm/Rsqrt:0' shape=(32,) dtype=float32>,)
import/stereo/encoder/BatchNorm_8/batchnorm/mul	(<tf.Tensor 'import/stereo/encoder/BatchNorm_8/batchnorm/mul:0' shape=(32,) dtype=float32>,)
import/stereo/encoder/BatchNorm_8/batchnorm/mul_1	(<tf.Tensor 'import/stereo/encoder/BatchNorm_8/batchnorm/mul_1:0' shape=(5, 120, 160, 32) dtype=float32>,)
import/stereo/encoder/BatchNorm_8/batchnorm/mul_2	(<tf.Tensor 'import/stereo/encoder/BatchNorm_8/batchnorm/mul_2:0' shape=(32,) dtype=float32>,)
import/stereo/encoder/BatchNorm_8/batchnorm/sub	(<tf.Tensor 'import/stereo/encoder/BatchNorm_8/batchnorm/sub:0' shape=(32,) dtype=float32>,)
import/stereo/encoder/BatchNorm_8/batchnorm/add_1	(<tf.Tensor 'import/stereo/encoder/BatchNorm_8/batchnorm/add_1:0' shape=(5, 120, 160, 32) dtype=float32>,)
import/stereo/encoder/Relu_8	(<tf.Tensor 'import/stereo/encoder/Relu_8:0' shape=(5, 120, 160, 32) dtype=float32>,)
import/stereo/encoder/Conv_9/weights	(<tf.Tensor 'import/stereo/encoder/Conv_9/weights:0' shape=(1, 1, 32, 32) dtype=float32>,)
import/stereo/encoder/Conv_9/weights/read	(<tf.Tensor 'import/stereo/encoder/Conv_9/weights/read:0' shape=(1, 1, 32, 32) dtype=float32>,)
import/stereo/encoder/Conv_9/biases	(<tf.Tensor 'import/stereo/encoder/Conv_9/biases:0' shape=(32,) dtype=float32>,)
import/stereo/encoder/Conv_9/biases/read	(<tf.Tensor 'import/stereo/encoder/Conv_9/biases/read:0' shape=(32,) dtype=float32>,)
import/stereo/encoder/Conv_9/Conv2D	(<tf.Tensor 'import/stereo/encoder/Conv_9/Conv2D:0' shape=(5, 60, 80, 32) dtype=float32>,)
import/stereo/encoder/Conv_9/BiasAdd	(<tf.Tensor 'import/stereo/encoder/Conv_9/BiasAdd:0' shape=(5, 60, 80, 32) dtype=float32>,)
import/stereo/encoder/Conv_10/weights	(<tf.Tensor 'import/stereo/encoder/Conv_10/weights:0' shape=(1, 1, 32, 32) dtype=float32>,)
import/stereo/encoder/Conv_10/weights/read	(<tf.Tensor 'import/stereo/encoder/Conv_10/weights/read:0' shape=(1, 1, 32, 32) dtype=float32>,)
import/stereo/encoder/Conv_10/biases	(<tf.Tensor 'import/stereo/encoder/Conv_10/biases:0' shape=(32,) dtype=float32>,)
import/stereo/encoder/Conv_10/biases/read	(<tf.Tensor 'import/stereo/encoder/Conv_10/biases/read:0' shape=(32,) dtype=float32>,)
import/stereo/encoder/Conv_10/Conv2D	(<tf.Tensor 'import/stereo/encoder/Conv_10/Conv2D:0' shape=(5, 60, 80, 32) dtype=float32>,)
import/stereo/encoder/Conv_10/BiasAdd	(<tf.Tensor 'import/stereo/encoder/Conv_10/BiasAdd:0' shape=(5, 60, 80, 32) dtype=float32>,)
import/stereo/encoder/add_2	(<tf.Tensor 'import/stereo/encoder/add_2:0' shape=(5, 60, 80, 32) dtype=float32>,)
import/stereo/encoder/BatchNorm_11/gamma	(<tf.Tensor 'import/stereo/encoder/BatchNorm_11/gamma:0' shape=(32,) dtype=float32>,)
import/stereo/encoder/BatchNorm_11/gamma/read	(<tf.Tensor 'import/stereo/encoder/BatchNorm_11/gamma/read:0' shape=(32,) dtype=float32>,)
import/stereo/encoder/BatchNorm_11/beta	(<tf.Tensor 'import/stereo/encoder/BatchNorm_11/beta:0' shape=(32,) dtype=float32>,)
import/stereo/encoder/BatchNorm_11/beta/read	(<tf.Tensor 'import/stereo/encoder/BatchNorm_11/beta/read:0' shape=(32,) dtype=float32>,)
import/stereo/encoder/BatchNorm_11/moving_mean	(<tf.Tensor 'import/stereo/encoder/BatchNorm_11/moving_mean:0' shape=(32,) dtype=float32>,)
import/stereo/encoder/BatchNorm_11/moving_variance	(<tf.Tensor 'import/stereo/encoder/BatchNorm_11/moving_variance:0' shape=(32,) dtype=float32>,)
import/stereo/encoder/BatchNorm_11/renorm_mean	(<tf.Tensor 'import/stereo/encoder/BatchNorm_11/renorm_mean:0' shape=(32,) dtype=float32>,)
import/stereo/encoder/BatchNorm_11/renorm_mean/read	(<tf.Tensor 'import/stereo/encoder/BatchNorm_11/renorm_mean/read:0' shape=(32,) dtype=float32>,)
import/stereo/encoder/BatchNorm_11/renorm_stddev	(<tf.Tensor 'import/stereo/encoder/BatchNorm_11/renorm_stddev:0' shape=(32,) dtype=float32>,)
import/stereo/encoder/BatchNorm_11/renorm_stddev/read	(<tf.Tensor 'import/stereo/encoder/BatchNorm_11/renorm_stddev/read:0' shape=(32,) dtype=float32>,)
import/stereo/encoder/BatchNorm_11/moments/mean/reduction_indices	(<tf.Tensor 'import/stereo/encoder/BatchNorm_11/moments/mean/reduction_indices:0' shape=(3,) dtype=int32>,)
import/stereo/encoder/BatchNorm_11/moments/mean	(<tf.Tensor 'import/stereo/encoder/BatchNorm_11/moments/mean:0' shape=(1, 1, 1, 32) dtype=float32>,)
import/stereo/encoder/BatchNorm_11/moments/StopGradient	(<tf.Tensor 'import/stereo/encoder/BatchNorm_11/moments/StopGradient:0' shape=(1, 1, 1, 32) dtype=float32>,)
import/stereo/encoder/BatchNorm_11/moments/SquaredDifference	(<tf.Tensor 'import/stereo/encoder/BatchNorm_11/moments/SquaredDifference:0' shape=(5, 60, 80, 32) dtype=float32>,)
import/stereo/encoder/BatchNorm_11/moments/variance/reduction_indices	(<tf.Tensor 'import/stereo/encoder/BatchNorm_11/moments/variance/reduction_indices:0' shape=(3,) dtype=int32>,)
import/stereo/encoder/BatchNorm_11/moments/variance	(<tf.Tensor 'import/stereo/encoder/BatchNorm_11/moments/variance:0' shape=(1, 1, 1, 32) dtype=float32>,)
import/stereo/encoder/BatchNorm_11/moments/Squeeze	(<tf.Tensor 'import/stereo/encoder/BatchNorm_11/moments/Squeeze:0' shape=(32,) dtype=float32>,)
import/stereo/encoder/BatchNorm_11/moments/Squeeze_1	(<tf.Tensor 'import/stereo/encoder/BatchNorm_11/moments/Squeeze_1:0' shape=(32,) dtype=float32>,)
import/stereo/encoder/BatchNorm_11/add/y	(<tf.Tensor 'import/stereo/encoder/BatchNorm_11/add/y:0' shape=() dtype=float32>,)
import/stereo/encoder/BatchNorm_11/add	(<tf.Tensor 'import/stereo/encoder/BatchNorm_11/add:0' shape=(32,) dtype=float32>,)
import/stereo/encoder/BatchNorm_11/Sqrt	(<tf.Tensor 'import/stereo/encoder/BatchNorm_11/Sqrt:0' shape=(32,) dtype=float32>,)
import/stereo/encoder/BatchNorm_11/Sqrt_1/x	(<tf.Tensor 'import/stereo/encoder/BatchNorm_11/Sqrt_1/x:0' shape=() dtype=float32>,)
import/stereo/encoder/BatchNorm_11/Sqrt_1	(<tf.Tensor 'import/stereo/encoder/BatchNorm_11/Sqrt_1:0' shape=() dtype=float32>,)
import/stereo/encoder/BatchNorm_11/Maximum	(<tf.Tensor 'import/stereo/encoder/BatchNorm_11/Maximum:0' shape=(32,) dtype=float32>,)
import/stereo/encoder/BatchNorm_11/truediv	(<tf.Tensor 'import/stereo/encoder/BatchNorm_11/truediv:0' shape=(32,) dtype=float32>,)
import/stereo/encoder/BatchNorm_11/sub	(<tf.Tensor 'import/stereo/encoder/BatchNorm_11/sub:0' shape=(32,) dtype=float32>,)
import/stereo/encoder/BatchNorm_11/truediv_1	(<tf.Tensor 'import/stereo/encoder/BatchNorm_11/truediv_1:0' shape=(32,) dtype=float32>,)
import/stereo/encoder/BatchNorm_11/Maximum_1	(<tf.Tensor 'import/stereo/encoder/BatchNorm_11/Maximum_1:0' shape=(32,) dtype=float32>,)
import/stereo/encoder/BatchNorm_11/Minimum	(<tf.Tensor 'import/stereo/encoder/BatchNorm_11/Minimum:0' shape=(32,) dtype=float32>,)
import/stereo/encoder/BatchNorm_11/Neg	(<tf.Tensor 'import/stereo/encoder/BatchNorm_11/Neg:0' shape=() dtype=float32>,)
import/stereo/encoder/BatchNorm_11/Maximum_2	(<tf.Tensor 'import/stereo/encoder/BatchNorm_11/Maximum_2:0' shape=(32,) dtype=float32>,)
import/stereo/encoder/BatchNorm_11/Minimum_1	(<tf.Tensor 'import/stereo/encoder/BatchNorm_11/Minimum_1:0' shape=(32,) dtype=float32>,)
import/stereo/encoder/BatchNorm_11/renorm_r	(<tf.Tensor 'import/stereo/encoder/BatchNorm_11/renorm_r:0' shape=(32,) dtype=float32>,)
import/stereo/encoder/BatchNorm_11/renorm_d	(<tf.Tensor 'import/stereo/encoder/BatchNorm_11/renorm_d:0' shape=(32,) dtype=float32>,)
import/stereo/encoder/BatchNorm_11/mul	(<tf.Tensor 'import/stereo/encoder/BatchNorm_11/mul:0' shape=(32,) dtype=float32>,)
import/stereo/encoder/BatchNorm_11/mul_1	(<tf.Tensor 'import/stereo/encoder/BatchNorm_11/mul_1:0' shape=(32,) dtype=float32>,)
import/stereo/encoder/BatchNorm_11/add_1	(<tf.Tensor 'import/stereo/encoder/BatchNorm_11/add_1:0' shape=(32,) dtype=float32>,)
import/stereo/encoder/BatchNorm_11/batchnorm/add/y	(<tf.Tensor 'import/stereo/encoder/BatchNorm_11/batchnorm/add/y:0' shape=() dtype=float32>,)
import/stereo/encoder/BatchNorm_11/batchnorm/add	(<tf.Tensor 'import/stereo/encoder/BatchNorm_11/batchnorm/add:0' shape=(32,) dtype=float32>,)
import/stereo/encoder/BatchNorm_11/batchnorm/Rsqrt	(<tf.Tensor 'import/stereo/encoder/BatchNorm_11/batchnorm/Rsqrt:0' shape=(32,) dtype=float32>,)
import/stereo/encoder/BatchNorm_11/batchnorm/mul	(<tf.Tensor 'import/stereo/encoder/BatchNorm_11/batchnorm/mul:0' shape=(32,) dtype=float32>,)
import/stereo/encoder/BatchNorm_11/batchnorm/mul_1	(<tf.Tensor 'import/stereo/encoder/BatchNorm_11/batchnorm/mul_1:0' shape=(5, 60, 80, 32) dtype=float32>,)
import/stereo/encoder/BatchNorm_11/batchnorm/mul_2	(<tf.Tensor 'import/stereo/encoder/BatchNorm_11/batchnorm/mul_2:0' shape=(32,) dtype=float32>,)
import/stereo/encoder/BatchNorm_11/batchnorm/sub	(<tf.Tensor 'import/stereo/encoder/BatchNorm_11/batchnorm/sub:0' shape=(32,) dtype=float32>,)
import/stereo/encoder/BatchNorm_11/batchnorm/add_1	(<tf.Tensor 'import/stereo/encoder/BatchNorm_11/batchnorm/add_1:0' shape=(5, 60, 80, 32) dtype=float32>,)
import/stereo/encoder/Relu_11	(<tf.Tensor 'import/stereo/encoder/Relu_11:0' shape=(5, 60, 80, 32) dtype=float32>,)
import/stereo/encoder/Conv_13/weights	(<tf.Tensor 'import/stereo/encoder/Conv_13/weights:0' shape=(1, 1, 32, 32) dtype=float32>,)
import/stereo/encoder/Conv_13/weights/read	(<tf.Tensor 'import/stereo/encoder/Conv_13/weights/read:0' shape=(1, 1, 32, 32) dtype=float32>,)
import/stereo/encoder/Conv_13/biases	(<tf.Tensor 'import/stereo/encoder/Conv_13/biases:0' shape=(32,) dtype=float32>,)
import/stereo/encoder/Conv_13/biases/read	(<tf.Tensor 'import/stereo/encoder/Conv_13/biases/read:0' shape=(32,) dtype=float32>,)
import/stereo/encoder/Conv_13/Conv2D	(<tf.Tensor 'import/stereo/encoder/Conv_13/Conv2D:0' shape=(5, 60, 80, 32) dtype=float32>,)
import/stereo/encoder/Conv_13/BiasAdd	(<tf.Tensor 'import/stereo/encoder/Conv_13/BiasAdd:0' shape=(5, 60, 80, 32) dtype=float32>,)
import/stereo/encoder/add_3	(<tf.Tensor 'import/stereo/encoder/add_3:0' shape=(5, 60, 80, 32) dtype=float32>,)
import/stereo/encoder/BatchNorm_14/gamma	(<tf.Tensor 'import/stereo/encoder/BatchNorm_14/gamma:0' shape=(32,) dtype=float32>,)
import/stereo/encoder/BatchNorm_14/gamma/read	(<tf.Tensor 'import/stereo/encoder/BatchNorm_14/gamma/read:0' shape=(32,) dtype=float32>,)
import/stereo/encoder/BatchNorm_14/beta	(<tf.Tensor 'import/stereo/encoder/BatchNorm_14/beta:0' shape=(32,) dtype=float32>,)
import/stereo/encoder/BatchNorm_14/beta/read	(<tf.Tensor 'import/stereo/encoder/BatchNorm_14/beta/read:0' shape=(32,) dtype=float32>,)
import/stereo/encoder/BatchNorm_14/moving_mean	(<tf.Tensor 'import/stereo/encoder/BatchNorm_14/moving_mean:0' shape=(32,) dtype=float32>,)
import/stereo/encoder/BatchNorm_14/moving_variance	(<tf.Tensor 'import/stereo/encoder/BatchNorm_14/moving_variance:0' shape=(32,) dtype=float32>,)
import/stereo/encoder/BatchNorm_14/renorm_mean	(<tf.Tensor 'import/stereo/encoder/BatchNorm_14/renorm_mean:0' shape=(32,) dtype=float32>,)
import/stereo/encoder/BatchNorm_14/renorm_mean/read	(<tf.Tensor 'import/stereo/encoder/BatchNorm_14/renorm_mean/read:0' shape=(32,) dtype=float32>,)
import/stereo/encoder/BatchNorm_14/renorm_stddev	(<tf.Tensor 'import/stereo/encoder/BatchNorm_14/renorm_stddev:0' shape=(32,) dtype=float32>,)
import/stereo/encoder/BatchNorm_14/renorm_stddev/read	(<tf.Tensor 'import/stereo/encoder/BatchNorm_14/renorm_stddev/read:0' shape=(32,) dtype=float32>,)
import/stereo/encoder/BatchNorm_14/moments/mean/reduction_indices	(<tf.Tensor 'import/stereo/encoder/BatchNorm_14/moments/mean/reduction_indices:0' shape=(3,) dtype=int32>,)
import/stereo/encoder/BatchNorm_14/moments/mean	(<tf.Tensor 'import/stereo/encoder/BatchNorm_14/moments/mean:0' shape=(1, 1, 1, 32) dtype=float32>,)
import/stereo/encoder/BatchNorm_14/moments/StopGradient	(<tf.Tensor 'import/stereo/encoder/BatchNorm_14/moments/StopGradient:0' shape=(1, 1, 1, 32) dtype=float32>,)
import/stereo/encoder/BatchNorm_14/moments/SquaredDifference	(<tf.Tensor 'import/stereo/encoder/BatchNorm_14/moments/SquaredDifference:0' shape=(5, 60, 80, 32) dtype=float32>,)
import/stereo/encoder/BatchNorm_14/moments/variance/reduction_indices	(<tf.Tensor 'import/stereo/encoder/BatchNorm_14/moments/variance/reduction_indices:0' shape=(3,) dtype=int32>,)
import/stereo/encoder/BatchNorm_14/moments/variance	(<tf.Tensor 'import/stereo/encoder/BatchNorm_14/moments/variance:0' shape=(1, 1, 1, 32) dtype=float32>,)
import/stereo/encoder/BatchNorm_14/moments/Squeeze	(<tf.Tensor 'import/stereo/encoder/BatchNorm_14/moments/Squeeze:0' shape=(32,) dtype=float32>,)
import/stereo/encoder/BatchNorm_14/moments/Squeeze_1	(<tf.Tensor 'import/stereo/encoder/BatchNorm_14/moments/Squeeze_1:0' shape=(32,) dtype=float32>,)
import/stereo/encoder/BatchNorm_14/add/y	(<tf.Tensor 'import/stereo/encoder/BatchNorm_14/add/y:0' shape=() dtype=float32>,)
import/stereo/encoder/BatchNorm_14/add	(<tf.Tensor 'import/stereo/encoder/BatchNorm_14/add:0' shape=(32,) dtype=float32>,)
import/stereo/encoder/BatchNorm_14/Sqrt	(<tf.Tensor 'import/stereo/encoder/BatchNorm_14/Sqrt:0' shape=(32,) dtype=float32>,)
import/stereo/encoder/BatchNorm_14/Sqrt_1/x	(<tf.Tensor 'import/stereo/encoder/BatchNorm_14/Sqrt_1/x:0' shape=() dtype=float32>,)
import/stereo/encoder/BatchNorm_14/Sqrt_1	(<tf.Tensor 'import/stereo/encoder/BatchNorm_14/Sqrt_1:0' shape=() dtype=float32>,)
import/stereo/encoder/BatchNorm_14/Maximum	(<tf.Tensor 'import/stereo/encoder/BatchNorm_14/Maximum:0' shape=(32,) dtype=float32>,)
import/stereo/encoder/BatchNorm_14/truediv	(<tf.Tensor 'import/stereo/encoder/BatchNorm_14/truediv:0' shape=(32,) dtype=float32>,)
import/stereo/encoder/BatchNorm_14/sub	(<tf.Tensor 'import/stereo/encoder/BatchNorm_14/sub:0' shape=(32,) dtype=float32>,)
import/stereo/encoder/BatchNorm_14/truediv_1	(<tf.Tensor 'import/stereo/encoder/BatchNorm_14/truediv_1:0' shape=(32,) dtype=float32>,)
import/stereo/encoder/BatchNorm_14/Maximum_1	(<tf.Tensor 'import/stereo/encoder/BatchNorm_14/Maximum_1:0' shape=(32,) dtype=float32>,)
import/stereo/encoder/BatchNorm_14/Minimum	(<tf.Tensor 'import/stereo/encoder/BatchNorm_14/Minimum:0' shape=(32,) dtype=float32>,)
import/stereo/encoder/BatchNorm_14/Neg	(<tf.Tensor 'import/stereo/encoder/BatchNorm_14/Neg:0' shape=() dtype=float32>,)
import/stereo/encoder/BatchNorm_14/Maximum_2	(<tf.Tensor 'import/stereo/encoder/BatchNorm_14/Maximum_2:0' shape=(32,) dtype=float32>,)
import/stereo/encoder/BatchNorm_14/Minimum_1	(<tf.Tensor 'import/stereo/encoder/BatchNorm_14/Minimum_1:0' shape=(32,) dtype=float32>,)
import/stereo/encoder/BatchNorm_14/renorm_r	(<tf.Tensor 'import/stereo/encoder/BatchNorm_14/renorm_r:0' shape=(32,) dtype=float32>,)
import/stereo/encoder/BatchNorm_14/renorm_d	(<tf.Tensor 'import/stereo/encoder/BatchNorm_14/renorm_d:0' shape=(32,) dtype=float32>,)
import/stereo/encoder/BatchNorm_14/mul	(<tf.Tensor 'import/stereo/encoder/BatchNorm_14/mul:0' shape=(32,) dtype=float32>,)
import/stereo/encoder/BatchNorm_14/mul_1	(<tf.Tensor 'import/stereo/encoder/BatchNorm_14/mul_1:0' shape=(32,) dtype=float32>,)
import/stereo/encoder/BatchNorm_14/add_1	(<tf.Tensor 'import/stereo/encoder/BatchNorm_14/add_1:0' shape=(32,) dtype=float32>,)
import/stereo/encoder/BatchNorm_14/batchnorm/add/y	(<tf.Tensor 'import/stereo/encoder/BatchNorm_14/batchnorm/add/y:0' shape=() dtype=float32>,)
import/stereo/encoder/BatchNorm_14/batchnorm/add	(<tf.Tensor 'import/stereo/encoder/BatchNorm_14/batchnorm/add:0' shape=(32,) dtype=float32>,)
import/stereo/encoder/BatchNorm_14/batchnorm/Rsqrt	(<tf.Tensor 'import/stereo/encoder/BatchNorm_14/batchnorm/Rsqrt:0' shape=(32,) dtype=float32>,)
import/stereo/encoder/BatchNorm_14/batchnorm/mul	(<tf.Tensor 'import/stereo/encoder/BatchNorm_14/batchnorm/mul:0' shape=(32,) dtype=float32>,)
import/stereo/encoder/BatchNorm_14/batchnorm/mul_1	(<tf.Tensor 'import/stereo/encoder/BatchNorm_14/batchnorm/mul_1:0' shape=(5, 60, 80, 32) dtype=float32>,)
import/stereo/encoder/BatchNorm_14/batchnorm/mul_2	(<tf.Tensor 'import/stereo/encoder/BatchNorm_14/batchnorm/mul_2:0' shape=(32,) dtype=float32>,)
import/stereo/encoder/BatchNorm_14/batchnorm/sub	(<tf.Tensor 'import/stereo/encoder/BatchNorm_14/batchnorm/sub:0' shape=(32,) dtype=float32>,)
import/stereo/encoder/BatchNorm_14/batchnorm/add_1	(<tf.Tensor 'import/stereo/encoder/BatchNorm_14/batchnorm/add_1:0' shape=(5, 60, 80, 32) dtype=float32>,)
import/stereo/encoder/Relu_14	(<tf.Tensor 'import/stereo/encoder/Relu_14:0' shape=(5, 60, 80, 32) dtype=float32>,)
import/stereo/encoder/Conv_16/weights	(<tf.Tensor 'import/stereo/encoder/Conv_16/weights:0' shape=(1, 1, 32, 32) dtype=float32>,)
import/stereo/encoder/Conv_16/weights/read	(<tf.Tensor 'import/stereo/encoder/Conv_16/weights/read:0' shape=(1, 1, 32, 32) dtype=float32>,)
import/stereo/encoder/Conv_16/biases	(<tf.Tensor 'import/stereo/encoder/Conv_16/biases:0' shape=(32,) dtype=float32>,)
import/stereo/encoder/Conv_16/biases/read	(<tf.Tensor 'import/stereo/encoder/Conv_16/biases/read:0' shape=(32,) dtype=float32>,)
import/stereo/encoder/Conv_16/Conv2D	(<tf.Tensor 'import/stereo/encoder/Conv_16/Conv2D:0' shape=(5, 60, 80, 32) dtype=float32>,)
import/stereo/encoder/Conv_16/BiasAdd	(<tf.Tensor 'import/stereo/encoder/Conv_16/BiasAdd:0' shape=(5, 60, 80, 32) dtype=float32>,)
import/stereo/encoder/add_4	(<tf.Tensor 'import/stereo/encoder/add_4:0' shape=(5, 60, 80, 32) dtype=float32>,)
import/stereo/encoder/BatchNorm_17/gamma	(<tf.Tensor 'import/stereo/encoder/BatchNorm_17/gamma:0' shape=(32,) dtype=float32>,)
import/stereo/encoder/BatchNorm_17/gamma/read	(<tf.Tensor 'import/stereo/encoder/BatchNorm_17/gamma/read:0' shape=(32,) dtype=float32>,)
import/stereo/encoder/BatchNorm_17/beta	(<tf.Tensor 'import/stereo/encoder/BatchNorm_17/beta:0' shape=(32,) dtype=float32>,)
import/stereo/encoder/BatchNorm_17/beta/read	(<tf.Tensor 'import/stereo/encoder/BatchNorm_17/beta/read:0' shape=(32,) dtype=float32>,)
import/stereo/encoder/BatchNorm_17/moving_mean	(<tf.Tensor 'import/stereo/encoder/BatchNorm_17/moving_mean:0' shape=(32,) dtype=float32>,)
import/stereo/encoder/BatchNorm_17/moving_variance	(<tf.Tensor 'import/stereo/encoder/BatchNorm_17/moving_variance:0' shape=(32,) dtype=float32>,)
import/stereo/encoder/BatchNorm_17/renorm_mean	(<tf.Tensor 'import/stereo/encoder/BatchNorm_17/renorm_mean:0' shape=(32,) dtype=float32>,)
import/stereo/encoder/BatchNorm_17/renorm_mean/read	(<tf.Tensor 'import/stereo/encoder/BatchNorm_17/renorm_mean/read:0' shape=(32,) dtype=float32>,)
import/stereo/encoder/BatchNorm_17/renorm_stddev	(<tf.Tensor 'import/stereo/encoder/BatchNorm_17/renorm_stddev:0' shape=(32,) dtype=float32>,)
import/stereo/encoder/BatchNorm_17/renorm_stddev/read	(<tf.Tensor 'import/stereo/encoder/BatchNorm_17/renorm_stddev/read:0' shape=(32,) dtype=float32>,)
import/stereo/encoder/BatchNorm_17/moments/mean/reduction_indices	(<tf.Tensor 'import/stereo/encoder/BatchNorm_17/moments/mean/reduction_indices:0' shape=(3,) dtype=int32>,)
import/stereo/encoder/BatchNorm_17/moments/mean	(<tf.Tensor 'import/stereo/encoder/BatchNorm_17/moments/mean:0' shape=(1, 1, 1, 32) dtype=float32>,)
import/stereo/encoder/BatchNorm_17/moments/StopGradient	(<tf.Tensor 'import/stereo/encoder/BatchNorm_17/moments/StopGradient:0' shape=(1, 1, 1, 32) dtype=float32>,)
import/stereo/encoder/BatchNorm_17/moments/SquaredDifference	(<tf.Tensor 'import/stereo/encoder/BatchNorm_17/moments/SquaredDifference:0' shape=(5, 60, 80, 32) dtype=float32>,)
import/stereo/encoder/BatchNorm_17/moments/variance/reduction_indices	(<tf.Tensor 'import/stereo/encoder/BatchNorm_17/moments/variance/reduction_indices:0' shape=(3,) dtype=int32>,)
import/stereo/encoder/BatchNorm_17/moments/variance	(<tf.Tensor 'import/stereo/encoder/BatchNorm_17/moments/variance:0' shape=(1, 1, 1, 32) dtype=float32>,)
import/stereo/encoder/BatchNorm_17/moments/Squeeze	(<tf.Tensor 'import/stereo/encoder/BatchNorm_17/moments/Squeeze:0' shape=(32,) dtype=float32>,)
import/stereo/encoder/BatchNorm_17/moments/Squeeze_1	(<tf.Tensor 'import/stereo/encoder/BatchNorm_17/moments/Squeeze_1:0' shape=(32,) dtype=float32>,)
import/stereo/encoder/BatchNorm_17/add/y	(<tf.Tensor 'import/stereo/encoder/BatchNorm_17/add/y:0' shape=() dtype=float32>,)
import/stereo/encoder/BatchNorm_17/add	(<tf.Tensor 'import/stereo/encoder/BatchNorm_17/add:0' shape=(32,) dtype=float32>,)
import/stereo/encoder/BatchNorm_17/Sqrt	(<tf.Tensor 'import/stereo/encoder/BatchNorm_17/Sqrt:0' shape=(32,) dtype=float32>,)
import/stereo/encoder/BatchNorm_17/Sqrt_1/x	(<tf.Tensor 'import/stereo/encoder/BatchNorm_17/Sqrt_1/x:0' shape=() dtype=float32>,)
import/stereo/encoder/BatchNorm_17/Sqrt_1	(<tf.Tensor 'import/stereo/encoder/BatchNorm_17/Sqrt_1:0' shape=() dtype=float32>,)
import/stereo/encoder/BatchNorm_17/Maximum	(<tf.Tensor 'import/stereo/encoder/BatchNorm_17/Maximum:0' shape=(32,) dtype=float32>,)
import/stereo/encoder/BatchNorm_17/truediv	(<tf.Tensor 'import/stereo/encoder/BatchNorm_17/truediv:0' shape=(32,) dtype=float32>,)
import/stereo/encoder/BatchNorm_17/sub	(<tf.Tensor 'import/stereo/encoder/BatchNorm_17/sub:0' shape=(32,) dtype=float32>,)
import/stereo/encoder/BatchNorm_17/truediv_1	(<tf.Tensor 'import/stereo/encoder/BatchNorm_17/truediv_1:0' shape=(32,) dtype=float32>,)
import/stereo/encoder/BatchNorm_17/Maximum_1	(<tf.Tensor 'import/stereo/encoder/BatchNorm_17/Maximum_1:0' shape=(32,) dtype=float32>,)
import/stereo/encoder/BatchNorm_17/Minimum	(<tf.Tensor 'import/stereo/encoder/BatchNorm_17/Minimum:0' shape=(32,) dtype=float32>,)
import/stereo/encoder/BatchNorm_17/Neg	(<tf.Tensor 'import/stereo/encoder/BatchNorm_17/Neg:0' shape=() dtype=float32>,)
import/stereo/encoder/BatchNorm_17/Maximum_2	(<tf.Tensor 'import/stereo/encoder/BatchNorm_17/Maximum_2:0' shape=(32,) dtype=float32>,)
import/stereo/encoder/BatchNorm_17/Minimum_1	(<tf.Tensor 'import/stereo/encoder/BatchNorm_17/Minimum_1:0' shape=(32,) dtype=float32>,)
import/stereo/encoder/BatchNorm_17/renorm_r	(<tf.Tensor 'import/stereo/encoder/BatchNorm_17/renorm_r:0' shape=(32,) dtype=float32>,)
import/stereo/encoder/BatchNorm_17/renorm_d	(<tf.Tensor 'import/stereo/encoder/BatchNorm_17/renorm_d:0' shape=(32,) dtype=float32>,)
import/stereo/encoder/BatchNorm_17/mul	(<tf.Tensor 'import/stereo/encoder/BatchNorm_17/mul:0' shape=(32,) dtype=float32>,)
import/stereo/encoder/BatchNorm_17/mul_1	(<tf.Tensor 'import/stereo/encoder/BatchNorm_17/mul_1:0' shape=(32,) dtype=float32>,)
import/stereo/encoder/BatchNorm_17/add_1	(<tf.Tensor 'import/stereo/encoder/BatchNorm_17/add_1:0' shape=(32,) dtype=float32>,)
import/stereo/encoder/BatchNorm_17/batchnorm/add/y	(<tf.Tensor 'import/stereo/encoder/BatchNorm_17/batchnorm/add/y:0' shape=() dtype=float32>,)
import/stereo/encoder/BatchNorm_17/batchnorm/add	(<tf.Tensor 'import/stereo/encoder/BatchNorm_17/batchnorm/add:0' shape=(32,) dtype=float32>,)
import/stereo/encoder/BatchNorm_17/batchnorm/Rsqrt	(<tf.Tensor 'import/stereo/encoder/BatchNorm_17/batchnorm/Rsqrt:0' shape=(32,) dtype=float32>,)
import/stereo/encoder/BatchNorm_17/batchnorm/mul	(<tf.Tensor 'import/stereo/encoder/BatchNorm_17/batchnorm/mul:0' shape=(32,) dtype=float32>,)
import/stereo/encoder/BatchNorm_17/batchnorm/mul_1	(<tf.Tensor 'import/stereo/encoder/BatchNorm_17/batchnorm/mul_1:0' shape=(5, 60, 80, 32) dtype=float32>,)
import/stereo/encoder/BatchNorm_17/batchnorm/mul_2	(<tf.Tensor 'import/stereo/encoder/BatchNorm_17/batchnorm/mul_2:0' shape=(32,) dtype=float32>,)
import/stereo/encoder/BatchNorm_17/batchnorm/sub	(<tf.Tensor 'import/stereo/encoder/BatchNorm_17/batchnorm/sub:0' shape=(32,) dtype=float32>,)
import/stereo/encoder/BatchNorm_17/batchnorm/add_1	(<tf.Tensor 'import/stereo/encoder/BatchNorm_17/batchnorm/add_1:0' shape=(5, 60, 80, 32) dtype=float32>,)
import/stereo/encoder/Relu_17	(<tf.Tensor 'import/stereo/encoder/Relu_17:0' shape=(5, 60, 80, 32) dtype=float32>,)
import/stereo/encoder/Conv_19/weights	(<tf.Tensor 'import/stereo/encoder/Conv_19/weights:0' shape=(1, 1, 32, 64) dtype=float32>,)
import/stereo/encoder/Conv_19/weights/read	(<tf.Tensor 'import/stereo/encoder/Conv_19/weights/read:0' shape=(1, 1, 32, 64) dtype=float32>,)
import/stereo/encoder/Conv_19/biases	(<tf.Tensor 'import/stereo/encoder/Conv_19/biases:0' shape=(64,) dtype=float32>,)
import/stereo/encoder/Conv_19/biases/read	(<tf.Tensor 'import/stereo/encoder/Conv_19/biases/read:0' shape=(64,) dtype=float32>,)
import/stereo/encoder/Conv_19/Conv2D	(<tf.Tensor 'import/stereo/encoder/Conv_19/Conv2D:0' shape=(5, 30, 40, 64) dtype=float32>,)
import/stereo/encoder/Conv_19/BiasAdd	(<tf.Tensor 'import/stereo/encoder/Conv_19/BiasAdd:0' shape=(5, 30, 40, 64) dtype=float32>,)
import/stereo/encoder/Conv_20/weights	(<tf.Tensor 'import/stereo/encoder/Conv_20/weights:0' shape=(1, 1, 32, 64) dtype=float32>,)
import/stereo/encoder/Conv_20/weights/read	(<tf.Tensor 'import/stereo/encoder/Conv_20/weights/read:0' shape=(1, 1, 32, 64) dtype=float32>,)
import/stereo/encoder/Conv_20/biases	(<tf.Tensor 'import/stereo/encoder/Conv_20/biases:0' shape=(64,) dtype=float32>,)
import/stereo/encoder/Conv_20/biases/read	(<tf.Tensor 'import/stereo/encoder/Conv_20/biases/read:0' shape=(64,) dtype=float32>,)
import/stereo/encoder/Conv_20/Conv2D	(<tf.Tensor 'import/stereo/encoder/Conv_20/Conv2D:0' shape=(5, 30, 40, 64) dtype=float32>,)
import/stereo/encoder/Conv_20/BiasAdd	(<tf.Tensor 'import/stereo/encoder/Conv_20/BiasAdd:0' shape=(5, 30, 40, 64) dtype=float32>,)
import/stereo/encoder/add_5	(<tf.Tensor 'import/stereo/encoder/add_5:0' shape=(5, 30, 40, 64) dtype=float32>,)
import/stereo/encoder/BatchNorm_20/gamma	(<tf.Tensor 'import/stereo/encoder/BatchNorm_20/gamma:0' shape=(64,) dtype=float32>,)
import/stereo/encoder/BatchNorm_20/gamma/read	(<tf.Tensor 'import/stereo/encoder/BatchNorm_20/gamma/read:0' shape=(64,) dtype=float32>,)
import/stereo/encoder/BatchNorm_20/beta	(<tf.Tensor 'import/stereo/encoder/BatchNorm_20/beta:0' shape=(64,) dtype=float32>,)
import/stereo/encoder/BatchNorm_20/beta/read	(<tf.Tensor 'import/stereo/encoder/BatchNorm_20/beta/read:0' shape=(64,) dtype=float32>,)
import/stereo/encoder/BatchNorm_20/moving_mean	(<tf.Tensor 'import/stereo/encoder/BatchNorm_20/moving_mean:0' shape=(64,) dtype=float32>,)
import/stereo/encoder/BatchNorm_20/moving_variance	(<tf.Tensor 'import/stereo/encoder/BatchNorm_20/moving_variance:0' shape=(64,) dtype=float32>,)
import/stereo/encoder/BatchNorm_20/renorm_mean	(<tf.Tensor 'import/stereo/encoder/BatchNorm_20/renorm_mean:0' shape=(64,) dtype=float32>,)
import/stereo/encoder/BatchNorm_20/renorm_mean/read	(<tf.Tensor 'import/stereo/encoder/BatchNorm_20/renorm_mean/read:0' shape=(64,) dtype=float32>,)
import/stereo/encoder/BatchNorm_20/renorm_stddev	(<tf.Tensor 'import/stereo/encoder/BatchNorm_20/renorm_stddev:0' shape=(64,) dtype=float32>,)
import/stereo/encoder/BatchNorm_20/renorm_stddev/read	(<tf.Tensor 'import/stereo/encoder/BatchNorm_20/renorm_stddev/read:0' shape=(64,) dtype=float32>,)
import/stereo/encoder/BatchNorm_20/moments/mean/reduction_indices	(<tf.Tensor 'import/stereo/encoder/BatchNorm_20/moments/mean/reduction_indices:0' shape=(3,) dtype=int32>,)
import/stereo/encoder/BatchNorm_20/moments/mean	(<tf.Tensor 'import/stereo/encoder/BatchNorm_20/moments/mean:0' shape=(1, 1, 1, 64) dtype=float32>,)
import/stereo/encoder/BatchNorm_20/moments/StopGradient	(<tf.Tensor 'import/stereo/encoder/BatchNorm_20/moments/StopGradient:0' shape=(1, 1, 1, 64) dtype=float32>,)
import/stereo/encoder/BatchNorm_20/moments/SquaredDifference	(<tf.Tensor 'import/stereo/encoder/BatchNorm_20/moments/SquaredDifference:0' shape=(5, 30, 40, 64) dtype=float32>,)
import/stereo/encoder/BatchNorm_20/moments/variance/reduction_indices	(<tf.Tensor 'import/stereo/encoder/BatchNorm_20/moments/variance/reduction_indices:0' shape=(3,) dtype=int32>,)
import/stereo/encoder/BatchNorm_20/moments/variance	(<tf.Tensor 'import/stereo/encoder/BatchNorm_20/moments/variance:0' shape=(1, 1, 1, 64) dtype=float32>,)
import/stereo/encoder/BatchNorm_20/moments/Squeeze	(<tf.Tensor 'import/stereo/encoder/BatchNorm_20/moments/Squeeze:0' shape=(64,) dtype=float32>,)
import/stereo/encoder/BatchNorm_20/moments/Squeeze_1	(<tf.Tensor 'import/stereo/encoder/BatchNorm_20/moments/Squeeze_1:0' shape=(64,) dtype=float32>,)
import/stereo/encoder/BatchNorm_20/add/y	(<tf.Tensor 'import/stereo/encoder/BatchNorm_20/add/y:0' shape=() dtype=float32>,)
import/stereo/encoder/BatchNorm_20/add	(<tf.Tensor 'import/stereo/encoder/BatchNorm_20/add:0' shape=(64,) dtype=float32>,)
import/stereo/encoder/BatchNorm_20/Sqrt	(<tf.Tensor 'import/stereo/encoder/BatchNorm_20/Sqrt:0' shape=(64,) dtype=float32>,)
import/stereo/encoder/BatchNorm_20/Sqrt_1/x	(<tf.Tensor 'import/stereo/encoder/BatchNorm_20/Sqrt_1/x:0' shape=() dtype=float32>,)
import/stereo/encoder/BatchNorm_20/Sqrt_1	(<tf.Tensor 'import/stereo/encoder/BatchNorm_20/Sqrt_1:0' shape=() dtype=float32>,)
import/stereo/encoder/BatchNorm_20/Maximum	(<tf.Tensor 'import/stereo/encoder/BatchNorm_20/Maximum:0' shape=(64,) dtype=float32>,)
import/stereo/encoder/BatchNorm_20/truediv	(<tf.Tensor 'import/stereo/encoder/BatchNorm_20/truediv:0' shape=(64,) dtype=float32>,)
import/stereo/encoder/BatchNorm_20/sub	(<tf.Tensor 'import/stereo/encoder/BatchNorm_20/sub:0' shape=(64,) dtype=float32>,)
import/stereo/encoder/BatchNorm_20/truediv_1	(<tf.Tensor 'import/stereo/encoder/BatchNorm_20/truediv_1:0' shape=(64,) dtype=float32>,)
import/stereo/encoder/BatchNorm_20/Maximum_1	(<tf.Tensor 'import/stereo/encoder/BatchNorm_20/Maximum_1:0' shape=(64,) dtype=float32>,)
import/stereo/encoder/BatchNorm_20/Minimum	(<tf.Tensor 'import/stereo/encoder/BatchNorm_20/Minimum:0' shape=(64,) dtype=float32>,)
import/stereo/encoder/BatchNorm_20/Neg	(<tf.Tensor 'import/stereo/encoder/BatchNorm_20/Neg:0' shape=() dtype=float32>,)
import/stereo/encoder/BatchNorm_20/Maximum_2	(<tf.Tensor 'import/stereo/encoder/BatchNorm_20/Maximum_2:0' shape=(64,) dtype=float32>,)
import/stereo/encoder/BatchNorm_20/Minimum_1	(<tf.Tensor 'import/stereo/encoder/BatchNorm_20/Minimum_1:0' shape=(64,) dtype=float32>,)
import/stereo/encoder/BatchNorm_20/renorm_r	(<tf.Tensor 'import/stereo/encoder/BatchNorm_20/renorm_r:0' shape=(64,) dtype=float32>,)
import/stereo/encoder/BatchNorm_20/renorm_d	(<tf.Tensor 'import/stereo/encoder/BatchNorm_20/renorm_d:0' shape=(64,) dtype=float32>,)
import/stereo/encoder/BatchNorm_20/mul	(<tf.Tensor 'import/stereo/encoder/BatchNorm_20/mul:0' shape=(64,) dtype=float32>,)
import/stereo/encoder/BatchNorm_20/mul_1	(<tf.Tensor 'import/stereo/encoder/BatchNorm_20/mul_1:0' shape=(64,) dtype=float32>,)
import/stereo/encoder/BatchNorm_20/add_1	(<tf.Tensor 'import/stereo/encoder/BatchNorm_20/add_1:0' shape=(64,) dtype=float32>,)
import/stereo/encoder/BatchNorm_20/batchnorm/add/y	(<tf.Tensor 'import/stereo/encoder/BatchNorm_20/batchnorm/add/y:0' shape=() dtype=float32>,)
import/stereo/encoder/BatchNorm_20/batchnorm/add	(<tf.Tensor 'import/stereo/encoder/BatchNorm_20/batchnorm/add:0' shape=(64,) dtype=float32>,)
import/stereo/encoder/BatchNorm_20/batchnorm/Rsqrt	(<tf.Tensor 'import/stereo/encoder/BatchNorm_20/batchnorm/Rsqrt:0' shape=(64,) dtype=float32>,)
import/stereo/encoder/BatchNorm_20/batchnorm/mul	(<tf.Tensor 'import/stereo/encoder/BatchNorm_20/batchnorm/mul:0' shape=(64,) dtype=float32>,)
import/stereo/encoder/BatchNorm_20/batchnorm/mul_1	(<tf.Tensor 'import/stereo/encoder/BatchNorm_20/batchnorm/mul_1:0' shape=(5, 30, 40, 64) dtype=float32>,)
import/stereo/encoder/BatchNorm_20/batchnorm/mul_2	(<tf.Tensor 'import/stereo/encoder/BatchNorm_20/batchnorm/mul_2:0' shape=(64,) dtype=float32>,)
import/stereo/encoder/BatchNorm_20/batchnorm/sub	(<tf.Tensor 'import/stereo/encoder/BatchNorm_20/batchnorm/sub:0' shape=(64,) dtype=float32>,)
import/stereo/encoder/BatchNorm_20/batchnorm/add_1	(<tf.Tensor 'import/stereo/encoder/BatchNorm_20/batchnorm/add_1:0' shape=(5, 30, 40, 64) dtype=float32>,)
import/stereo/encoder/Relu_20	(<tf.Tensor 'import/stereo/encoder/Relu_20:0' shape=(5, 30, 40, 64) dtype=float32>,)
import/stereo/encoder/Conv_23/weights	(<tf.Tensor 'import/stereo/encoder/Conv_23/weights:0' shape=(1, 1, 64, 64) dtype=float32>,)
import/stereo/encoder/Conv_23/weights/read	(<tf.Tensor 'import/stereo/encoder/Conv_23/weights/read:0' shape=(1, 1, 64, 64) dtype=float32>,)
import/stereo/encoder/Conv_23/biases	(<tf.Tensor 'import/stereo/encoder/Conv_23/biases:0' shape=(64,) dtype=float32>,)
import/stereo/encoder/Conv_23/biases/read	(<tf.Tensor 'import/stereo/encoder/Conv_23/biases/read:0' shape=(64,) dtype=float32>,)
import/stereo/encoder/Conv_23/Conv2D	(<tf.Tensor 'import/stereo/encoder/Conv_23/Conv2D:0' shape=(5, 30, 40, 64) dtype=float32>,)
import/stereo/encoder/Conv_23/BiasAdd	(<tf.Tensor 'import/stereo/encoder/Conv_23/BiasAdd:0' shape=(5, 30, 40, 64) dtype=float32>,)
import/stereo/encoder/add_6	(<tf.Tensor 'import/stereo/encoder/add_6:0' shape=(5, 30, 40, 64) dtype=float32>,)
import/stereo/encoder/BatchNorm_23/gamma	(<tf.Tensor 'import/stereo/encoder/BatchNorm_23/gamma:0' shape=(64,) dtype=float32>,)
import/stereo/encoder/BatchNorm_23/gamma/read	(<tf.Tensor 'import/stereo/encoder/BatchNorm_23/gamma/read:0' shape=(64,) dtype=float32>,)
import/stereo/encoder/BatchNorm_23/beta	(<tf.Tensor 'import/stereo/encoder/BatchNorm_23/beta:0' shape=(64,) dtype=float32>,)
import/stereo/encoder/BatchNorm_23/beta/read	(<tf.Tensor 'import/stereo/encoder/BatchNorm_23/beta/read:0' shape=(64,) dtype=float32>,)
import/stereo/encoder/BatchNorm_23/moving_mean	(<tf.Tensor 'import/stereo/encoder/BatchNorm_23/moving_mean:0' shape=(64,) dtype=float32>,)
import/stereo/encoder/BatchNorm_23/moving_variance	(<tf.Tensor 'import/stereo/encoder/BatchNorm_23/moving_variance:0' shape=(64,) dtype=float32>,)
import/stereo/encoder/BatchNorm_23/renorm_mean	(<tf.Tensor 'import/stereo/encoder/BatchNorm_23/renorm_mean:0' shape=(64,) dtype=float32>,)
import/stereo/encoder/BatchNorm_23/renorm_mean/read	(<tf.Tensor 'import/stereo/encoder/BatchNorm_23/renorm_mean/read:0' shape=(64,) dtype=float32>,)
import/stereo/encoder/BatchNorm_23/renorm_stddev	(<tf.Tensor 'import/stereo/encoder/BatchNorm_23/renorm_stddev:0' shape=(64,) dtype=float32>,)
import/stereo/encoder/BatchNorm_23/renorm_stddev/read	(<tf.Tensor 'import/stereo/encoder/BatchNorm_23/renorm_stddev/read:0' shape=(64,) dtype=float32>,)
import/stereo/encoder/BatchNorm_23/moments/mean/reduction_indices	(<tf.Tensor 'import/stereo/encoder/BatchNorm_23/moments/mean/reduction_indices:0' shape=(3,) dtype=int32>,)
import/stereo/encoder/BatchNorm_23/moments/mean	(<tf.Tensor 'import/stereo/encoder/BatchNorm_23/moments/mean:0' shape=(1, 1, 1, 64) dtype=float32>,)
import/stereo/encoder/BatchNorm_23/moments/StopGradient	(<tf.Tensor 'import/stereo/encoder/BatchNorm_23/moments/StopGradient:0' shape=(1, 1, 1, 64) dtype=float32>,)
import/stereo/encoder/BatchNorm_23/moments/SquaredDifference	(<tf.Tensor 'import/stereo/encoder/BatchNorm_23/moments/SquaredDifference:0' shape=(5, 30, 40, 64) dtype=float32>,)
import/stereo/encoder/BatchNorm_23/moments/variance/reduction_indices	(<tf.Tensor 'import/stereo/encoder/BatchNorm_23/moments/variance/reduction_indices:0' shape=(3,) dtype=int32>,)
import/stereo/encoder/BatchNorm_23/moments/variance	(<tf.Tensor 'import/stereo/encoder/BatchNorm_23/moments/variance:0' shape=(1, 1, 1, 64) dtype=float32>,)
import/stereo/encoder/BatchNorm_23/moments/Squeeze	(<tf.Tensor 'import/stereo/encoder/BatchNorm_23/moments/Squeeze:0' shape=(64,) dtype=float32>,)
import/stereo/encoder/BatchNorm_23/moments/Squeeze_1	(<tf.Tensor 'import/stereo/encoder/BatchNorm_23/moments/Squeeze_1:0' shape=(64,) dtype=float32>,)
import/stereo/encoder/BatchNorm_23/add/y	(<tf.Tensor 'import/stereo/encoder/BatchNorm_23/add/y:0' shape=() dtype=float32>,)
import/stereo/encoder/BatchNorm_23/add	(<tf.Tensor 'import/stereo/encoder/BatchNorm_23/add:0' shape=(64,) dtype=float32>,)
import/stereo/encoder/BatchNorm_23/Sqrt	(<tf.Tensor 'import/stereo/encoder/BatchNorm_23/Sqrt:0' shape=(64,) dtype=float32>,)
import/stereo/encoder/BatchNorm_23/Sqrt_1/x	(<tf.Tensor 'import/stereo/encoder/BatchNorm_23/Sqrt_1/x:0' shape=() dtype=float32>,)
import/stereo/encoder/BatchNorm_23/Sqrt_1	(<tf.Tensor 'import/stereo/encoder/BatchNorm_23/Sqrt_1:0' shape=() dtype=float32>,)
import/stereo/encoder/BatchNorm_23/Maximum	(<tf.Tensor 'import/stereo/encoder/BatchNorm_23/Maximum:0' shape=(64,) dtype=float32>,)
import/stereo/encoder/BatchNorm_23/truediv	(<tf.Tensor 'import/stereo/encoder/BatchNorm_23/truediv:0' shape=(64,) dtype=float32>,)
import/stereo/encoder/BatchNorm_23/sub	(<tf.Tensor 'import/stereo/encoder/BatchNorm_23/sub:0' shape=(64,) dtype=float32>,)
import/stereo/encoder/BatchNorm_23/truediv_1	(<tf.Tensor 'import/stereo/encoder/BatchNorm_23/truediv_1:0' shape=(64,) dtype=float32>,)
import/stereo/encoder/BatchNorm_23/Maximum_1	(<tf.Tensor 'import/stereo/encoder/BatchNorm_23/Maximum_1:0' shape=(64,) dtype=float32>,)
import/stereo/encoder/BatchNorm_23/Minimum	(<tf.Tensor 'import/stereo/encoder/BatchNorm_23/Minimum:0' shape=(64,) dtype=float32>,)
import/stereo/encoder/BatchNorm_23/Neg	(<tf.Tensor 'import/stereo/encoder/BatchNorm_23/Neg:0' shape=() dtype=float32>,)
import/stereo/encoder/BatchNorm_23/Maximum_2	(<tf.Tensor 'import/stereo/encoder/BatchNorm_23/Maximum_2:0' shape=(64,) dtype=float32>,)
import/stereo/encoder/BatchNorm_23/Minimum_1	(<tf.Tensor 'import/stereo/encoder/BatchNorm_23/Minimum_1:0' shape=(64,) dtype=float32>,)
import/stereo/encoder/BatchNorm_23/renorm_r	(<tf.Tensor 'import/stereo/encoder/BatchNorm_23/renorm_r:0' shape=(64,) dtype=float32>,)
import/stereo/encoder/BatchNorm_23/renorm_d	(<tf.Tensor 'import/stereo/encoder/BatchNorm_23/renorm_d:0' shape=(64,) dtype=float32>,)
import/stereo/encoder/BatchNorm_23/mul	(<tf.Tensor 'import/stereo/encoder/BatchNorm_23/mul:0' shape=(64,) dtype=float32>,)
import/stereo/encoder/BatchNorm_23/mul_1	(<tf.Tensor 'import/stereo/encoder/BatchNorm_23/mul_1:0' shape=(64,) dtype=float32>,)
import/stereo/encoder/BatchNorm_23/add_1	(<tf.Tensor 'import/stereo/encoder/BatchNorm_23/add_1:0' shape=(64,) dtype=float32>,)
import/stereo/encoder/BatchNorm_23/batchnorm/add/y	(<tf.Tensor 'import/stereo/encoder/BatchNorm_23/batchnorm/add/y:0' shape=() dtype=float32>,)
import/stereo/encoder/BatchNorm_23/batchnorm/add	(<tf.Tensor 'import/stereo/encoder/BatchNorm_23/batchnorm/add:0' shape=(64,) dtype=float32>,)
import/stereo/encoder/BatchNorm_23/batchnorm/Rsqrt	(<tf.Tensor 'import/stereo/encoder/BatchNorm_23/batchnorm/Rsqrt:0' shape=(64,) dtype=float32>,)
import/stereo/encoder/BatchNorm_23/batchnorm/mul	(<tf.Tensor 'import/stereo/encoder/BatchNorm_23/batchnorm/mul:0' shape=(64,) dtype=float32>,)
import/stereo/encoder/BatchNorm_23/batchnorm/mul_1	(<tf.Tensor 'import/stereo/encoder/BatchNorm_23/batchnorm/mul_1:0' shape=(5, 30, 40, 64) dtype=float32>,)
import/stereo/encoder/BatchNorm_23/batchnorm/mul_2	(<tf.Tensor 'import/stereo/encoder/BatchNorm_23/batchnorm/mul_2:0' shape=(64,) dtype=float32>,)
import/stereo/encoder/BatchNorm_23/batchnorm/sub	(<tf.Tensor 'import/stereo/encoder/BatchNorm_23/batchnorm/sub:0' shape=(64,) dtype=float32>,)
import/stereo/encoder/BatchNorm_23/batchnorm/add_1	(<tf.Tensor 'import/stereo/encoder/BatchNorm_23/batchnorm/add_1:0' shape=(5, 30, 40, 64) dtype=float32>,)
import/stereo/encoder/Relu_23	(<tf.Tensor 'import/stereo/encoder/Relu_23:0' shape=(5, 30, 40, 64) dtype=float32>,)
import/stereo/encoder/Conv_26/weights	(<tf.Tensor 'import/stereo/encoder/Conv_26/weights:0' shape=(1, 1, 64, 64) dtype=float32>,)
import/stereo/encoder/Conv_26/weights/read	(<tf.Tensor 'import/stereo/encoder/Conv_26/weights/read:0' shape=(1, 1, 64, 64) dtype=float32>,)
import/stereo/encoder/Conv_26/biases	(<tf.Tensor 'import/stereo/encoder/Conv_26/biases:0' shape=(64,) dtype=float32>,)
import/stereo/encoder/Conv_26/biases/read	(<tf.Tensor 'import/stereo/encoder/Conv_26/biases/read:0' shape=(64,) dtype=float32>,)
import/stereo/encoder/Conv_26/Conv2D	(<tf.Tensor 'import/stereo/encoder/Conv_26/Conv2D:0' shape=(5, 30, 40, 64) dtype=float32>,)
import/stereo/encoder/Conv_26/BiasAdd	(<tf.Tensor 'import/stereo/encoder/Conv_26/BiasAdd:0' shape=(5, 30, 40, 64) dtype=float32>,)
import/stereo/encoder/add_7	(<tf.Tensor 'import/stereo/encoder/add_7:0' shape=(5, 30, 40, 64) dtype=float32>,)
import/stereo/encoder/2d_hg1_0/BatchNorm/gamma	(<tf.Tensor 'import/stereo/encoder/2d_hg1_0/BatchNorm/gamma:0' shape=(64,) dtype=float32>,)
import/stereo/encoder/2d_hg1_0/BatchNorm/gamma/read	(<tf.Tensor 'import/stereo/encoder/2d_hg1_0/BatchNorm/gamma/read:0' shape=(64,) dtype=float32>,)
import/stereo/encoder/2d_hg1_0/BatchNorm/beta	(<tf.Tensor 'import/stereo/encoder/2d_hg1_0/BatchNorm/beta:0' shape=(64,) dtype=float32>,)
import/stereo/encoder/2d_hg1_0/BatchNorm/beta/read	(<tf.Tensor 'import/stereo/encoder/2d_hg1_0/BatchNorm/beta/read:0' shape=(64,) dtype=float32>,)
import/stereo/encoder/2d_hg1_0/BatchNorm/moving_mean	(<tf.Tensor 'import/stereo/encoder/2d_hg1_0/BatchNorm/moving_mean:0' shape=(64,) dtype=float32>,)
import/stereo/encoder/2d_hg1_0/BatchNorm/moving_variance	(<tf.Tensor 'import/stereo/encoder/2d_hg1_0/BatchNorm/moving_variance:0' shape=(64,) dtype=float32>,)
import/stereo/encoder/2d_hg1_0/BatchNorm/renorm_mean	(<tf.Tensor 'import/stereo/encoder/2d_hg1_0/BatchNorm/renorm_mean:0' shape=(64,) dtype=float32>,)
import/stereo/encoder/2d_hg1_0/BatchNorm/renorm_mean/read	(<tf.Tensor 'import/stereo/encoder/2d_hg1_0/BatchNorm/renorm_mean/read:0' shape=(64,) dtype=float32>,)
import/stereo/encoder/2d_hg1_0/BatchNorm/renorm_stddev	(<tf.Tensor 'import/stereo/encoder/2d_hg1_0/BatchNorm/renorm_stddev:0' shape=(64,) dtype=float32>,)
import/stereo/encoder/2d_hg1_0/BatchNorm/renorm_stddev/read	(<tf.Tensor 'import/stereo/encoder/2d_hg1_0/BatchNorm/renorm_stddev/read:0' shape=(64,) dtype=float32>,)
import/stereo/encoder/2d_hg1_0/BatchNorm/moments/mean/reduction_indices	(<tf.Tensor 'import/stereo/encoder/2d_hg1_0/BatchNorm/moments/mean/reduction_indices:0' shape=(3,) dtype=int32>,)
import/stereo/encoder/2d_hg1_0/BatchNorm/moments/mean	(<tf.Tensor 'import/stereo/encoder/2d_hg1_0/BatchNorm/moments/mean:0' shape=(1, 1, 1, 64) dtype=float32>,)
import/stereo/encoder/2d_hg1_0/BatchNorm/moments/StopGradient	(<tf.Tensor 'import/stereo/encoder/2d_hg1_0/BatchNorm/moments/StopGradient:0' shape=(1, 1, 1, 64) dtype=float32>,)
import/stereo/encoder/2d_hg1_0/BatchNorm/moments/SquaredDifference	(<tf.Tensor 'import/stereo/encoder/2d_hg1_0/BatchNorm/moments/SquaredDifference:0' shape=(5, 30, 40, 64) dtype=float32>,)
import/stereo/encoder/2d_hg1_0/BatchNorm/moments/variance/reduction_indices	(<tf.Tensor 'import/stereo/encoder/2d_hg1_0/BatchNorm/moments/variance/reduction_indices:0' shape=(3,) dtype=int32>,)
import/stereo/encoder/2d_hg1_0/BatchNorm/moments/variance	(<tf.Tensor 'import/stereo/encoder/2d_hg1_0/BatchNorm/moments/variance:0' shape=(1, 1, 1, 64) dtype=float32>,)
import/stereo/encoder/2d_hg1_0/BatchNorm/moments/Squeeze	(<tf.Tensor 'import/stereo/encoder/2d_hg1_0/BatchNorm/moments/Squeeze:0' shape=(64,) dtype=float32>,)
import/stereo/encoder/2d_hg1_0/BatchNorm/moments/Squeeze_1	(<tf.Tensor 'import/stereo/encoder/2d_hg1_0/BatchNorm/moments/Squeeze_1:0' shape=(64,) dtype=float32>,)
import/stereo/encoder/2d_hg1_0/BatchNorm/add/y	(<tf.Tensor 'import/stereo/encoder/2d_hg1_0/BatchNorm/add/y:0' shape=() dtype=float32>,)
import/stereo/encoder/2d_hg1_0/BatchNorm/add	(<tf.Tensor 'import/stereo/encoder/2d_hg1_0/BatchNorm/add:0' shape=(64,) dtype=float32>,)
import/stereo/encoder/2d_hg1_0/BatchNorm/Sqrt	(<tf.Tensor 'import/stereo/encoder/2d_hg1_0/BatchNorm/Sqrt:0' shape=(64,) dtype=float32>,)
import/stereo/encoder/2d_hg1_0/BatchNorm/Sqrt_1/x	(<tf.Tensor 'import/stereo/encoder/2d_hg1_0/BatchNorm/Sqrt_1/x:0' shape=() dtype=float32>,)
import/stereo/encoder/2d_hg1_0/BatchNorm/Sqrt_1	(<tf.Tensor 'import/stereo/encoder/2d_hg1_0/BatchNorm/Sqrt_1:0' shape=() dtype=float32>,)
import/stereo/encoder/2d_hg1_0/BatchNorm/Maximum	(<tf.Tensor 'import/stereo/encoder/2d_hg1_0/BatchNorm/Maximum:0' shape=(64,) dtype=float32>,)
import/stereo/encoder/2d_hg1_0/BatchNorm/truediv	(<tf.Tensor 'import/stereo/encoder/2d_hg1_0/BatchNorm/truediv:0' shape=(64,) dtype=float32>,)
import/stereo/encoder/2d_hg1_0/BatchNorm/sub	(<tf.Tensor 'import/stereo/encoder/2d_hg1_0/BatchNorm/sub:0' shape=(64,) dtype=float32>,)
import/stereo/encoder/2d_hg1_0/BatchNorm/truediv_1	(<tf.Tensor 'import/stereo/encoder/2d_hg1_0/BatchNorm/truediv_1:0' shape=(64,) dtype=float32>,)
import/stereo/encoder/2d_hg1_0/BatchNorm/Maximum_1	(<tf.Tensor 'import/stereo/encoder/2d_hg1_0/BatchNorm/Maximum_1:0' shape=(64,) dtype=float32>,)
import/stereo/encoder/2d_hg1_0/BatchNorm/Minimum	(<tf.Tensor 'import/stereo/encoder/2d_hg1_0/BatchNorm/Minimum:0' shape=(64,) dtype=float32>,)
import/stereo/encoder/2d_hg1_0/BatchNorm/Neg	(<tf.Tensor 'import/stereo/encoder/2d_hg1_0/BatchNorm/Neg:0' shape=() dtype=float32>,)
import/stereo/encoder/2d_hg1_0/BatchNorm/Maximum_2	(<tf.Tensor 'import/stereo/encoder/2d_hg1_0/BatchNorm/Maximum_2:0' shape=(64,) dtype=float32>,)
import/stereo/encoder/2d_hg1_0/BatchNorm/Minimum_1	(<tf.Tensor 'import/stereo/encoder/2d_hg1_0/BatchNorm/Minimum_1:0' shape=(64,) dtype=float32>,)
import/stereo/encoder/2d_hg1_0/BatchNorm/renorm_r	(<tf.Tensor 'import/stereo/encoder/2d_hg1_0/BatchNorm/renorm_r:0' shape=(64,) dtype=float32>,)
import/stereo/encoder/2d_hg1_0/BatchNorm/renorm_d	(<tf.Tensor 'import/stereo/encoder/2d_hg1_0/BatchNorm/renorm_d:0' shape=(64,) dtype=float32>,)
import/stereo/encoder/2d_hg1_0/BatchNorm/mul	(<tf.Tensor 'import/stereo/encoder/2d_hg1_0/BatchNorm/mul:0' shape=(64,) dtype=float32>,)
import/stereo/encoder/2d_hg1_0/BatchNorm/mul_1	(<tf.Tensor 'import/stereo/encoder/2d_hg1_0/BatchNorm/mul_1:0' shape=(64,) dtype=float32>,)
import/stereo/encoder/2d_hg1_0/BatchNorm/add_1	(<tf.Tensor 'import/stereo/encoder/2d_hg1_0/BatchNorm/add_1:0' shape=(64,) dtype=float32>,)
import/stereo/encoder/2d_hg1_0/BatchNorm/batchnorm_1/add/y	(<tf.Tensor 'import/stereo/encoder/2d_hg1_0/BatchNorm/batchnorm_1/add/y:0' shape=() dtype=float32>,)
import/stereo/encoder/2d_hg1_0/BatchNorm/batchnorm_1/add	(<tf.Tensor 'import/stereo/encoder/2d_hg1_0/BatchNorm/batchnorm_1/add:0' shape=(64,) dtype=float32>,)
import/stereo/encoder/2d_hg1_0/BatchNorm/batchnorm_1/Rsqrt	(<tf.Tensor 'import/stereo/encoder/2d_hg1_0/BatchNorm/batchnorm_1/Rsqrt:0' shape=(64,) dtype=float32>,)
import/stereo/encoder/2d_hg1_0/BatchNorm/batchnorm_1/mul	(<tf.Tensor 'import/stereo/encoder/2d_hg1_0/BatchNorm/batchnorm_1/mul:0' shape=(64,) dtype=float32>,)
import/stereo/encoder/2d_hg1_0/BatchNorm/batchnorm_1/mul_1	(<tf.Tensor 'import/stereo/encoder/2d_hg1_0/BatchNorm/batchnorm_1/mul_1:0' shape=(5, 30, 40, 64) dtype=float32>,)
import/stereo/encoder/2d_hg1_0/BatchNorm/batchnorm_1/mul_2	(<tf.Tensor 'import/stereo/encoder/2d_hg1_0/BatchNorm/batchnorm_1/mul_2:0' shape=(64,) dtype=float32>,)
import/stereo/encoder/2d_hg1_0/BatchNorm/batchnorm_1/sub	(<tf.Tensor 'import/stereo/encoder/2d_hg1_0/BatchNorm/batchnorm_1/sub:0' shape=(64,) dtype=float32>,)
import/stereo/encoder/2d_hg1_0/BatchNorm/batchnorm_1/add_1	(<tf.Tensor 'import/stereo/encoder/2d_hg1_0/BatchNorm/batchnorm_1/add_1:0' shape=(5, 30, 40, 64) dtype=float32>,)
import/stereo/encoder/2d_hg1_0/Relu	(<tf.Tensor 'import/stereo/encoder/2d_hg1_0/Relu:0' shape=(5, 30, 40, 64) dtype=float32>,)
import/stereo/encoder/2d_hg1_0/Conv/weights	(<tf.Tensor 'import/stereo/encoder/2d_hg1_0/Conv/weights:0' shape=(3, 3, 64, 64) dtype=float32>,)
import/stereo/encoder/2d_hg1_0/Conv/weights/read	(<tf.Tensor 'import/stereo/encoder/2d_hg1_0/Conv/weights/read:0' shape=(3, 3, 64, 64) dtype=float32>,)
import/stereo/encoder/2d_hg1_0/Conv/biases	(<tf.Tensor 'import/stereo/encoder/2d_hg1_0/Conv/biases:0' shape=(64,) dtype=float32>,)
import/stereo/encoder/2d_hg1_0/Conv/biases/read	(<tf.Tensor 'import/stereo/encoder/2d_hg1_0/Conv/biases/read:0' shape=(64,) dtype=float32>,)
import/stereo/encoder/2d_hg1_0/Conv/Conv2D	(<tf.Tensor 'import/stereo/encoder/2d_hg1_0/Conv/Conv2D:0' shape=(5, 30, 40, 64) dtype=float32>,)
import/stereo/encoder/2d_hg1_0/Conv/BiasAdd	(<tf.Tensor 'import/stereo/encoder/2d_hg1_0/Conv/BiasAdd:0' shape=(5, 30, 40, 64) dtype=float32>,)
import/stereo/encoder/2d_hg1_0/BatchNorm_1/gamma	(<tf.Tensor 'import/stereo/encoder/2d_hg1_0/BatchNorm_1/gamma:0' shape=(64,) dtype=float32>,)
import/stereo/encoder/2d_hg1_0/BatchNorm_1/gamma/read	(<tf.Tensor 'import/stereo/encoder/2d_hg1_0/BatchNorm_1/gamma/read:0' shape=(64,) dtype=float32>,)
import/stereo/encoder/2d_hg1_0/BatchNorm_1/beta	(<tf.Tensor 'import/stereo/encoder/2d_hg1_0/BatchNorm_1/beta:0' shape=(64,) dtype=float32>,)
import/stereo/encoder/2d_hg1_0/BatchNorm_1/beta/read	(<tf.Tensor 'import/stereo/encoder/2d_hg1_0/BatchNorm_1/beta/read:0' shape=(64,) dtype=float32>,)
import/stereo/encoder/2d_hg1_0/BatchNorm_1/moving_mean	(<tf.Tensor 'import/stereo/encoder/2d_hg1_0/BatchNorm_1/moving_mean:0' shape=(64,) dtype=float32>,)
import/stereo/encoder/2d_hg1_0/BatchNorm_1/moving_variance	(<tf.Tensor 'import/stereo/encoder/2d_hg1_0/BatchNorm_1/moving_variance:0' shape=(64,) dtype=float32>,)
import/stereo/encoder/2d_hg1_0/BatchNorm_1/renorm_mean	(<tf.Tensor 'import/stereo/encoder/2d_hg1_0/BatchNorm_1/renorm_mean:0' shape=(64,) dtype=float32>,)
import/stereo/encoder/2d_hg1_0/BatchNorm_1/renorm_mean/read	(<tf.Tensor 'import/stereo/encoder/2d_hg1_0/BatchNorm_1/renorm_mean/read:0' shape=(64,) dtype=float32>,)
import/stereo/encoder/2d_hg1_0/BatchNorm_1/renorm_stddev	(<tf.Tensor 'import/stereo/encoder/2d_hg1_0/BatchNorm_1/renorm_stddev:0' shape=(64,) dtype=float32>,)
import/stereo/encoder/2d_hg1_0/BatchNorm_1/renorm_stddev/read	(<tf.Tensor 'import/stereo/encoder/2d_hg1_0/BatchNorm_1/renorm_stddev/read:0' shape=(64,) dtype=float32>,)
import/stereo/encoder/2d_hg1_0/BatchNorm_1/moments/mean/reduction_indices	(<tf.Tensor 'import/stereo/encoder/2d_hg1_0/BatchNorm_1/moments/mean/reduction_indices:0' shape=(3,) dtype=int32>,)
import/stereo/encoder/2d_hg1_0/BatchNorm_1/moments/mean	(<tf.Tensor 'import/stereo/encoder/2d_hg1_0/BatchNorm_1/moments/mean:0' shape=(1, 1, 1, 64) dtype=float32>,)
import/stereo/encoder/2d_hg1_0/BatchNorm_1/moments/StopGradient	(<tf.Tensor 'import/stereo/encoder/2d_hg1_0/BatchNorm_1/moments/StopGradient:0' shape=(1, 1, 1, 64) dtype=float32>,)
import/stereo/encoder/2d_hg1_0/BatchNorm_1/moments/SquaredDifference	(<tf.Tensor 'import/stereo/encoder/2d_hg1_0/BatchNorm_1/moments/SquaredDifference:0' shape=(5, 30, 40, 64) dtype=float32>,)
import/stereo/encoder/2d_hg1_0/BatchNorm_1/moments/variance/reduction_indices	(<tf.Tensor 'import/stereo/encoder/2d_hg1_0/BatchNorm_1/moments/variance/reduction_indices:0' shape=(3,) dtype=int32>,)
import/stereo/encoder/2d_hg1_0/BatchNorm_1/moments/variance	(<tf.Tensor 'import/stereo/encoder/2d_hg1_0/BatchNorm_1/moments/variance:0' shape=(1, 1, 1, 64) dtype=float32>,)
import/stereo/encoder/2d_hg1_0/BatchNorm_1/moments/Squeeze	(<tf.Tensor 'import/stereo/encoder/2d_hg1_0/BatchNorm_1/moments/Squeeze:0' shape=(64,) dtype=float32>,)
import/stereo/encoder/2d_hg1_0/BatchNorm_1/moments/Squeeze_1	(<tf.Tensor 'import/stereo/encoder/2d_hg1_0/BatchNorm_1/moments/Squeeze_1:0' shape=(64,) dtype=float32>,)
import/stereo/encoder/2d_hg1_0/BatchNorm_1/add/y	(<tf.Tensor 'import/stereo/encoder/2d_hg1_0/BatchNorm_1/add/y:0' shape=() dtype=float32>,)
import/stereo/encoder/2d_hg1_0/BatchNorm_1/add	(<tf.Tensor 'import/stereo/encoder/2d_hg1_0/BatchNorm_1/add:0' shape=(64,) dtype=float32>,)
import/stereo/encoder/2d_hg1_0/BatchNorm_1/Sqrt	(<tf.Tensor 'import/stereo/encoder/2d_hg1_0/BatchNorm_1/Sqrt:0' shape=(64,) dtype=float32>,)
import/stereo/encoder/2d_hg1_0/BatchNorm_1/Sqrt_1/x	(<tf.Tensor 'import/stereo/encoder/2d_hg1_0/BatchNorm_1/Sqrt_1/x:0' shape=() dtype=float32>,)
import/stereo/encoder/2d_hg1_0/BatchNorm_1/Sqrt_1	(<tf.Tensor 'import/stereo/encoder/2d_hg1_0/BatchNorm_1/Sqrt_1:0' shape=() dtype=float32>,)
import/stereo/encoder/2d_hg1_0/BatchNorm_1/Maximum	(<tf.Tensor 'import/stereo/encoder/2d_hg1_0/BatchNorm_1/Maximum:0' shape=(64,) dtype=float32>,)
import/stereo/encoder/2d_hg1_0/BatchNorm_1/truediv	(<tf.Tensor 'import/stereo/encoder/2d_hg1_0/BatchNorm_1/truediv:0' shape=(64,) dtype=float32>,)
import/stereo/encoder/2d_hg1_0/BatchNorm_1/sub	(<tf.Tensor 'import/stereo/encoder/2d_hg1_0/BatchNorm_1/sub:0' shape=(64,) dtype=float32>,)
import/stereo/encoder/2d_hg1_0/BatchNorm_1/truediv_1	(<tf.Tensor 'import/stereo/encoder/2d_hg1_0/BatchNorm_1/truediv_1:0' shape=(64,) dtype=float32>,)
import/stereo/encoder/2d_hg1_0/BatchNorm_1/Maximum_1	(<tf.Tensor 'import/stereo/encoder/2d_hg1_0/BatchNorm_1/Maximum_1:0' shape=(64,) dtype=float32>,)
import/stereo/encoder/2d_hg1_0/BatchNorm_1/Minimum	(<tf.Tensor 'import/stereo/encoder/2d_hg1_0/BatchNorm_1/Minimum:0' shape=(64,) dtype=float32>,)
import/stereo/encoder/2d_hg1_0/BatchNorm_1/Neg	(<tf.Tensor 'import/stereo/encoder/2d_hg1_0/BatchNorm_1/Neg:0' shape=() dtype=float32>,)
import/stereo/encoder/2d_hg1_0/BatchNorm_1/Maximum_2	(<tf.Tensor 'import/stereo/encoder/2d_hg1_0/BatchNorm_1/Maximum_2:0' shape=(64,) dtype=float32>,)
import/stereo/encoder/2d_hg1_0/BatchNorm_1/Minimum_1	(<tf.Tensor 'import/stereo/encoder/2d_hg1_0/BatchNorm_1/Minimum_1:0' shape=(64,) dtype=float32>,)
import/stereo/encoder/2d_hg1_0/BatchNorm_1/renorm_r	(<tf.Tensor 'import/stereo/encoder/2d_hg1_0/BatchNorm_1/renorm_r:0' shape=(64,) dtype=float32>,)
import/stereo/encoder/2d_hg1_0/BatchNorm_1/renorm_d	(<tf.Tensor 'import/stereo/encoder/2d_hg1_0/BatchNorm_1/renorm_d:0' shape=(64,) dtype=float32>,)
import/stereo/encoder/2d_hg1_0/BatchNorm_1/mul	(<tf.Tensor 'import/stereo/encoder/2d_hg1_0/BatchNorm_1/mul:0' shape=(64,) dtype=float32>,)
import/stereo/encoder/2d_hg1_0/BatchNorm_1/mul_1	(<tf.Tensor 'import/stereo/encoder/2d_hg1_0/BatchNorm_1/mul_1:0' shape=(64,) dtype=float32>,)
import/stereo/encoder/2d_hg1_0/BatchNorm_1/add_1	(<tf.Tensor 'import/stereo/encoder/2d_hg1_0/BatchNorm_1/add_1:0' shape=(64,) dtype=float32>,)
import/stereo/encoder/2d_hg1_0/BatchNorm_1/batchnorm/add/y	(<tf.Tensor 'import/stereo/encoder/2d_hg1_0/BatchNorm_1/batchnorm/add/y:0' shape=() dtype=float32>,)
import/stereo/encoder/2d_hg1_0/BatchNorm_1/batchnorm/add	(<tf.Tensor 'import/stereo/encoder/2d_hg1_0/BatchNorm_1/batchnorm/add:0' shape=(64,) dtype=float32>,)
import/stereo/encoder/2d_hg1_0/BatchNorm_1/batchnorm/Rsqrt	(<tf.Tensor 'import/stereo/encoder/2d_hg1_0/BatchNorm_1/batchnorm/Rsqrt:0' shape=(64,) dtype=float32>,)
import/stereo/encoder/2d_hg1_0/BatchNorm_1/batchnorm/mul	(<tf.Tensor 'import/stereo/encoder/2d_hg1_0/BatchNorm_1/batchnorm/mul:0' shape=(64,) dtype=float32>,)
import/stereo/encoder/2d_hg1_0/BatchNorm_1/batchnorm/mul_1	(<tf.Tensor 'import/stereo/encoder/2d_hg1_0/BatchNorm_1/batchnorm/mul_1:0' shape=(5, 30, 40, 64) dtype=float32>,)
import/stereo/encoder/2d_hg1_0/BatchNorm_1/batchnorm/mul_2	(<tf.Tensor 'import/stereo/encoder/2d_hg1_0/BatchNorm_1/batchnorm/mul_2:0' shape=(64,) dtype=float32>,)
import/stereo/encoder/2d_hg1_0/BatchNorm_1/batchnorm/sub	(<tf.Tensor 'import/stereo/encoder/2d_hg1_0/BatchNorm_1/batchnorm/sub:0' shape=(64,) dtype=float32>,)
import/stereo/encoder/2d_hg1_0/BatchNorm_1/batchnorm/add_1	(<tf.Tensor 'import/stereo/encoder/2d_hg1_0/BatchNorm_1/batchnorm/add_1:0' shape=(5, 30, 40, 64) dtype=float32>,)
import/stereo/encoder/2d_hg1_0/Relu_1	(<tf.Tensor 'import/stereo/encoder/2d_hg1_0/Relu_1:0' shape=(5, 30, 40, 64) dtype=float32>,)
import/stereo/encoder/2d_hg1_0/Conv_1/weights	(<tf.Tensor 'import/stereo/encoder/2d_hg1_0/Conv_1/weights:0' shape=(3, 3, 64, 64) dtype=float32>,)
import/stereo/encoder/2d_hg1_0/Conv_1/weights/read	(<tf.Tensor 'import/stereo/encoder/2d_hg1_0/Conv_1/weights/read:0' shape=(3, 3, 64, 64) dtype=float32>,)
import/stereo/encoder/2d_hg1_0/Conv_1/biases	(<tf.Tensor 'import/stereo/encoder/2d_hg1_0/Conv_1/biases:0' shape=(64,) dtype=float32>,)
import/stereo/encoder/2d_hg1_0/Conv_1/biases/read	(<tf.Tensor 'import/stereo/encoder/2d_hg1_0/Conv_1/biases/read:0' shape=(64,) dtype=float32>,)
import/stereo/encoder/2d_hg1_0/Conv_1/Conv2D	(<tf.Tensor 'import/stereo/encoder/2d_hg1_0/Conv_1/Conv2D:0' shape=(5, 30, 40, 64) dtype=float32>,)
import/stereo/encoder/2d_hg1_0/Conv_1/BiasAdd	(<tf.Tensor 'import/stereo/encoder/2d_hg1_0/Conv_1/BiasAdd:0' shape=(5, 30, 40, 64) dtype=float32>,)
import/stereo/encoder/2d_hg1_0/add	(<tf.Tensor 'import/stereo/encoder/2d_hg1_0/add:0' shape=(5, 30, 40, 64) dtype=float32>,)
import/stereo/encoder/2d_hg1_0/MaxPool2D/MaxPool	(<tf.Tensor 'import/stereo/encoder/2d_hg1_0/MaxPool2D/MaxPool:0' shape=(5, 15, 20, 64) dtype=float32>,)
import/stereo/encoder/2d_hg1_0/BatchNorm_2/gamma	(<tf.Tensor 'import/stereo/encoder/2d_hg1_0/BatchNorm_2/gamma:0' shape=(64,) dtype=float32>,)
import/stereo/encoder/2d_hg1_0/BatchNorm_2/gamma/read	(<tf.Tensor 'import/stereo/encoder/2d_hg1_0/BatchNorm_2/gamma/read:0' shape=(64,) dtype=float32>,)
import/stereo/encoder/2d_hg1_0/BatchNorm_2/beta	(<tf.Tensor 'import/stereo/encoder/2d_hg1_0/BatchNorm_2/beta:0' shape=(64,) dtype=float32>,)
import/stereo/encoder/2d_hg1_0/BatchNorm_2/beta/read	(<tf.Tensor 'import/stereo/encoder/2d_hg1_0/BatchNorm_2/beta/read:0' shape=(64,) dtype=float32>,)
import/stereo/encoder/2d_hg1_0/BatchNorm_2/moving_mean	(<tf.Tensor 'import/stereo/encoder/2d_hg1_0/BatchNorm_2/moving_mean:0' shape=(64,) dtype=float32>,)
import/stereo/encoder/2d_hg1_0/BatchNorm_2/moving_variance	(<tf.Tensor 'import/stereo/encoder/2d_hg1_0/BatchNorm_2/moving_variance:0' shape=(64,) dtype=float32>,)
import/stereo/encoder/2d_hg1_0/BatchNorm_2/renorm_mean	(<tf.Tensor 'import/stereo/encoder/2d_hg1_0/BatchNorm_2/renorm_mean:0' shape=(64,) dtype=float32>,)
import/stereo/encoder/2d_hg1_0/BatchNorm_2/renorm_mean/read	(<tf.Tensor 'import/stereo/encoder/2d_hg1_0/BatchNorm_2/renorm_mean/read:0' shape=(64,) dtype=float32>,)
import/stereo/encoder/2d_hg1_0/BatchNorm_2/renorm_stddev	(<tf.Tensor 'import/stereo/encoder/2d_hg1_0/BatchNorm_2/renorm_stddev:0' shape=(64,) dtype=float32>,)
import/stereo/encoder/2d_hg1_0/BatchNorm_2/renorm_stddev/read	(<tf.Tensor 'import/stereo/encoder/2d_hg1_0/BatchNorm_2/renorm_stddev/read:0' shape=(64,) dtype=float32>,)
import/stereo/encoder/2d_hg1_0/BatchNorm_2/moments/mean/reduction_indices	(<tf.Tensor 'import/stereo/encoder/2d_hg1_0/BatchNorm_2/moments/mean/reduction_indices:0' shape=(3,) dtype=int32>,)
import/stereo/encoder/2d_hg1_0/BatchNorm_2/moments/mean	(<tf.Tensor 'import/stereo/encoder/2d_hg1_0/BatchNorm_2/moments/mean:0' shape=(1, 1, 1, 64) dtype=float32>,)
import/stereo/encoder/2d_hg1_0/BatchNorm_2/moments/StopGradient	(<tf.Tensor 'import/stereo/encoder/2d_hg1_0/BatchNorm_2/moments/StopGradient:0' shape=(1, 1, 1, 64) dtype=float32>,)
import/stereo/encoder/2d_hg1_0/BatchNorm_2/moments/SquaredDifference	(<tf.Tensor 'import/stereo/encoder/2d_hg1_0/BatchNorm_2/moments/SquaredDifference:0' shape=(5, 15, 20, 64) dtype=float32>,)
import/stereo/encoder/2d_hg1_0/BatchNorm_2/moments/variance/reduction_indices	(<tf.Tensor 'import/stereo/encoder/2d_hg1_0/BatchNorm_2/moments/variance/reduction_indices:0' shape=(3,) dtype=int32>,)
import/stereo/encoder/2d_hg1_0/BatchNorm_2/moments/variance	(<tf.Tensor 'import/stereo/encoder/2d_hg1_0/BatchNorm_2/moments/variance:0' shape=(1, 1, 1, 64) dtype=float32>,)
import/stereo/encoder/2d_hg1_0/BatchNorm_2/moments/Squeeze	(<tf.Tensor 'import/stereo/encoder/2d_hg1_0/BatchNorm_2/moments/Squeeze:0' shape=(64,) dtype=float32>,)
import/stereo/encoder/2d_hg1_0/BatchNorm_2/moments/Squeeze_1	(<tf.Tensor 'import/stereo/encoder/2d_hg1_0/BatchNorm_2/moments/Squeeze_1:0' shape=(64,) dtype=float32>,)
import/stereo/encoder/2d_hg1_0/BatchNorm_2/add/y	(<tf.Tensor 'import/stereo/encoder/2d_hg1_0/BatchNorm_2/add/y:0' shape=() dtype=float32>,)
import/stereo/encoder/2d_hg1_0/BatchNorm_2/add	(<tf.Tensor 'import/stereo/encoder/2d_hg1_0/BatchNorm_2/add:0' shape=(64,) dtype=float32>,)
import/stereo/encoder/2d_hg1_0/BatchNorm_2/Sqrt	(<tf.Tensor 'import/stereo/encoder/2d_hg1_0/BatchNorm_2/Sqrt:0' shape=(64,) dtype=float32>,)
import/stereo/encoder/2d_hg1_0/BatchNorm_2/Sqrt_1/x	(<tf.Tensor 'import/stereo/encoder/2d_hg1_0/BatchNorm_2/Sqrt_1/x:0' shape=() dtype=float32>,)
import/stereo/encoder/2d_hg1_0/BatchNorm_2/Sqrt_1	(<tf.Tensor 'import/stereo/encoder/2d_hg1_0/BatchNorm_2/Sqrt_1:0' shape=() dtype=float32>,)
import/stereo/encoder/2d_hg1_0/BatchNorm_2/Maximum	(<tf.Tensor 'import/stereo/encoder/2d_hg1_0/BatchNorm_2/Maximum:0' shape=(64,) dtype=float32>,)
import/stereo/encoder/2d_hg1_0/BatchNorm_2/truediv	(<tf.Tensor 'import/stereo/encoder/2d_hg1_0/BatchNorm_2/truediv:0' shape=(64,) dtype=float32>,)
import/stereo/encoder/2d_hg1_0/BatchNorm_2/sub	(<tf.Tensor 'import/stereo/encoder/2d_hg1_0/BatchNorm_2/sub:0' shape=(64,) dtype=float32>,)
import/stereo/encoder/2d_hg1_0/BatchNorm_2/truediv_1	(<tf.Tensor 'import/stereo/encoder/2d_hg1_0/BatchNorm_2/truediv_1:0' shape=(64,) dtype=float32>,)
import/stereo/encoder/2d_hg1_0/BatchNorm_2/Maximum_1	(<tf.Tensor 'import/stereo/encoder/2d_hg1_0/BatchNorm_2/Maximum_1:0' shape=(64,) dtype=float32>,)
import/stereo/encoder/2d_hg1_0/BatchNorm_2/Minimum	(<tf.Tensor 'import/stereo/encoder/2d_hg1_0/BatchNorm_2/Minimum:0' shape=(64,) dtype=float32>,)
import/stereo/encoder/2d_hg1_0/BatchNorm_2/Neg	(<tf.Tensor 'import/stereo/encoder/2d_hg1_0/BatchNorm_2/Neg:0' shape=() dtype=float32>,)
import/stereo/encoder/2d_hg1_0/BatchNorm_2/Maximum_2	(<tf.Tensor 'import/stereo/encoder/2d_hg1_0/BatchNorm_2/Maximum_2:0' shape=(64,) dtype=float32>,)
import/stereo/encoder/2d_hg1_0/BatchNorm_2/Minimum_1	(<tf.Tensor 'import/stereo/encoder/2d_hg1_0/BatchNorm_2/Minimum_1:0' shape=(64,) dtype=float32>,)
import/stereo/encoder/2d_hg1_0/BatchNorm_2/renorm_r	(<tf.Tensor 'import/stereo/encoder/2d_hg1_0/BatchNorm_2/renorm_r:0' shape=(64,) dtype=float32>,)
import/stereo/encoder/2d_hg1_0/BatchNorm_2/renorm_d	(<tf.Tensor 'import/stereo/encoder/2d_hg1_0/BatchNorm_2/renorm_d:0' shape=(64,) dtype=float32>,)
import/stereo/encoder/2d_hg1_0/BatchNorm_2/mul	(<tf.Tensor 'import/stereo/encoder/2d_hg1_0/BatchNorm_2/mul:0' shape=(64,) dtype=float32>,)
import/stereo/encoder/2d_hg1_0/BatchNorm_2/mul_1	(<tf.Tensor 'import/stereo/encoder/2d_hg1_0/BatchNorm_2/mul_1:0' shape=(64,) dtype=float32>,)
import/stereo/encoder/2d_hg1_0/BatchNorm_2/add_1	(<tf.Tensor 'import/stereo/encoder/2d_hg1_0/BatchNorm_2/add_1:0' shape=(64,) dtype=float32>,)
import/stereo/encoder/2d_hg1_0/BatchNorm_2/batchnorm/add/y	(<tf.Tensor 'import/stereo/encoder/2d_hg1_0/BatchNorm_2/batchnorm/add/y:0' shape=() dtype=float32>,)
import/stereo/encoder/2d_hg1_0/BatchNorm_2/batchnorm/add	(<tf.Tensor 'import/stereo/encoder/2d_hg1_0/BatchNorm_2/batchnorm/add:0' shape=(64,) dtype=float32>,)
import/stereo/encoder/2d_hg1_0/BatchNorm_2/batchnorm/Rsqrt	(<tf.Tensor 'import/stereo/encoder/2d_hg1_0/BatchNorm_2/batchnorm/Rsqrt:0' shape=(64,) dtype=float32>,)
import/stereo/encoder/2d_hg1_0/BatchNorm_2/batchnorm/mul	(<tf.Tensor 'import/stereo/encoder/2d_hg1_0/BatchNorm_2/batchnorm/mul:0' shape=(64,) dtype=float32>,)
import/stereo/encoder/2d_hg1_0/BatchNorm_2/batchnorm/mul_1	(<tf.Tensor 'import/stereo/encoder/2d_hg1_0/BatchNorm_2/batchnorm/mul_1:0' shape=(5, 15, 20, 64) dtype=float32>,)
import/stereo/encoder/2d_hg1_0/BatchNorm_2/batchnorm/mul_2	(<tf.Tensor 'import/stereo/encoder/2d_hg1_0/BatchNorm_2/batchnorm/mul_2:0' shape=(64,) dtype=float32>,)
import/stereo/encoder/2d_hg1_0/BatchNorm_2/batchnorm/sub	(<tf.Tensor 'import/stereo/encoder/2d_hg1_0/BatchNorm_2/batchnorm/sub:0' shape=(64,) dtype=float32>,)
import/stereo/encoder/2d_hg1_0/BatchNorm_2/batchnorm/add_1	(<tf.Tensor 'import/stereo/encoder/2d_hg1_0/BatchNorm_2/batchnorm/add_1:0' shape=(5, 15, 20, 64) dtype=float32>,)
import/stereo/encoder/2d_hg1_0/Relu_2	(<tf.Tensor 'import/stereo/encoder/2d_hg1_0/Relu_2:0' shape=(5, 15, 20, 64) dtype=float32>,)
import/stereo/encoder/2d_hg1_0/Conv_2/weights	(<tf.Tensor 'import/stereo/encoder/2d_hg1_0/Conv_2/weights:0' shape=(3, 3, 64, 128) dtype=float32>,)
import/stereo/encoder/2d_hg1_0/Conv_2/weights/read	(<tf.Tensor 'import/stereo/encoder/2d_hg1_0/Conv_2/weights/read:0' shape=(3, 3, 64, 128) dtype=float32>,)
import/stereo/encoder/2d_hg1_0/Conv_2/biases	(<tf.Tensor 'import/stereo/encoder/2d_hg1_0/Conv_2/biases:0' shape=(128,) dtype=float32>,)
import/stereo/encoder/2d_hg1_0/Conv_2/biases/read	(<tf.Tensor 'import/stereo/encoder/2d_hg1_0/Conv_2/biases/read:0' shape=(128,) dtype=float32>,)
import/stereo/encoder/2d_hg1_0/Conv_2/Conv2D	(<tf.Tensor 'import/stereo/encoder/2d_hg1_0/Conv_2/Conv2D:0' shape=(5, 15, 20, 128) dtype=float32>,)
import/stereo/encoder/2d_hg1_0/Conv_2/BiasAdd	(<tf.Tensor 'import/stereo/encoder/2d_hg1_0/Conv_2/BiasAdd:0' shape=(5, 15, 20, 128) dtype=float32>,)
import/stereo/encoder/2d_hg1_0/BatchNorm_3/gamma	(<tf.Tensor 'import/stereo/encoder/2d_hg1_0/BatchNorm_3/gamma:0' shape=(128,) dtype=float32>,)
import/stereo/encoder/2d_hg1_0/BatchNorm_3/gamma/read	(<tf.Tensor 'import/stereo/encoder/2d_hg1_0/BatchNorm_3/gamma/read:0' shape=(128,) dtype=float32>,)
import/stereo/encoder/2d_hg1_0/BatchNorm_3/beta	(<tf.Tensor 'import/stereo/encoder/2d_hg1_0/BatchNorm_3/beta:0' shape=(128,) dtype=float32>,)
import/stereo/encoder/2d_hg1_0/BatchNorm_3/beta/read	(<tf.Tensor 'import/stereo/encoder/2d_hg1_0/BatchNorm_3/beta/read:0' shape=(128,) dtype=float32>,)
import/stereo/encoder/2d_hg1_0/BatchNorm_3/moving_mean	(<tf.Tensor 'import/stereo/encoder/2d_hg1_0/BatchNorm_3/moving_mean:0' shape=(128,) dtype=float32>,)
import/stereo/encoder/2d_hg1_0/BatchNorm_3/moving_variance	(<tf.Tensor 'import/stereo/encoder/2d_hg1_0/BatchNorm_3/moving_variance:0' shape=(128,) dtype=float32>,)
import/stereo/encoder/2d_hg1_0/BatchNorm_3/renorm_mean	(<tf.Tensor 'import/stereo/encoder/2d_hg1_0/BatchNorm_3/renorm_mean:0' shape=(128,) dtype=float32>,)
import/stereo/encoder/2d_hg1_0/BatchNorm_3/renorm_mean/read	(<tf.Tensor 'import/stereo/encoder/2d_hg1_0/BatchNorm_3/renorm_mean/read:0' shape=(128,) dtype=float32>,)
import/stereo/encoder/2d_hg1_0/BatchNorm_3/renorm_stddev	(<tf.Tensor 'import/stereo/encoder/2d_hg1_0/BatchNorm_3/renorm_stddev:0' shape=(128,) dtype=float32>,)
import/stereo/encoder/2d_hg1_0/BatchNorm_3/renorm_stddev/read	(<tf.Tensor 'import/stereo/encoder/2d_hg1_0/BatchNorm_3/renorm_stddev/read:0' shape=(128,) dtype=float32>,)
import/stereo/encoder/2d_hg1_0/BatchNorm_3/moments/mean/reduction_indices	(<tf.Tensor 'import/stereo/encoder/2d_hg1_0/BatchNorm_3/moments/mean/reduction_indices:0' shape=(3,) dtype=int32>,)
import/stereo/encoder/2d_hg1_0/BatchNorm_3/moments/mean	(<tf.Tensor 'import/stereo/encoder/2d_hg1_0/BatchNorm_3/moments/mean:0' shape=(1, 1, 1, 128) dtype=float32>,)
import/stereo/encoder/2d_hg1_0/BatchNorm_3/moments/StopGradient	(<tf.Tensor 'import/stereo/encoder/2d_hg1_0/BatchNorm_3/moments/StopGradient:0' shape=(1, 1, 1, 128) dtype=float32>,)
import/stereo/encoder/2d_hg1_0/BatchNorm_3/moments/SquaredDifference	(<tf.Tensor 'import/stereo/encoder/2d_hg1_0/BatchNorm_3/moments/SquaredDifference:0' shape=(5, 15, 20, 128) dtype=float32>,)
import/stereo/encoder/2d_hg1_0/BatchNorm_3/moments/variance/reduction_indices	(<tf.Tensor 'import/stereo/encoder/2d_hg1_0/BatchNorm_3/moments/variance/reduction_indices:0' shape=(3,) dtype=int32>,)
import/stereo/encoder/2d_hg1_0/BatchNorm_3/moments/variance	(<tf.Tensor 'import/stereo/encoder/2d_hg1_0/BatchNorm_3/moments/variance:0' shape=(1, 1, 1, 128) dtype=float32>,)
import/stereo/encoder/2d_hg1_0/BatchNorm_3/moments/Squeeze	(<tf.Tensor 'import/stereo/encoder/2d_hg1_0/BatchNorm_3/moments/Squeeze:0' shape=(128,) dtype=float32>,)
import/stereo/encoder/2d_hg1_0/BatchNorm_3/moments/Squeeze_1	(<tf.Tensor 'import/stereo/encoder/2d_hg1_0/BatchNorm_3/moments/Squeeze_1:0' shape=(128,) dtype=float32>,)
import/stereo/encoder/2d_hg1_0/BatchNorm_3/add/y	(<tf.Tensor 'import/stereo/encoder/2d_hg1_0/BatchNorm_3/add/y:0' shape=() dtype=float32>,)
import/stereo/encoder/2d_hg1_0/BatchNorm_3/add	(<tf.Tensor 'import/stereo/encoder/2d_hg1_0/BatchNorm_3/add:0' shape=(128,) dtype=float32>,)
import/stereo/encoder/2d_hg1_0/BatchNorm_3/Sqrt	(<tf.Tensor 'import/stereo/encoder/2d_hg1_0/BatchNorm_3/Sqrt:0' shape=(128,) dtype=float32>,)
import/stereo/encoder/2d_hg1_0/BatchNorm_3/Sqrt_1/x	(<tf.Tensor 'import/stereo/encoder/2d_hg1_0/BatchNorm_3/Sqrt_1/x:0' shape=() dtype=float32>,)
import/stereo/encoder/2d_hg1_0/BatchNorm_3/Sqrt_1	(<tf.Tensor 'import/stereo/encoder/2d_hg1_0/BatchNorm_3/Sqrt_1:0' shape=() dtype=float32>,)
import/stereo/encoder/2d_hg1_0/BatchNorm_3/Maximum	(<tf.Tensor 'import/stereo/encoder/2d_hg1_0/BatchNorm_3/Maximum:0' shape=(128,) dtype=float32>,)
import/stereo/encoder/2d_hg1_0/BatchNorm_3/truediv	(<tf.Tensor 'import/stereo/encoder/2d_hg1_0/BatchNorm_3/truediv:0' shape=(128,) dtype=float32>,)
import/stereo/encoder/2d_hg1_0/BatchNorm_3/sub	(<tf.Tensor 'import/stereo/encoder/2d_hg1_0/BatchNorm_3/sub:0' shape=(128,) dtype=float32>,)
import/stereo/encoder/2d_hg1_0/BatchNorm_3/truediv_1	(<tf.Tensor 'import/stereo/encoder/2d_hg1_0/BatchNorm_3/truediv_1:0' shape=(128,) dtype=float32>,)
import/stereo/encoder/2d_hg1_0/BatchNorm_3/Maximum_1	(<tf.Tensor 'import/stereo/encoder/2d_hg1_0/BatchNorm_3/Maximum_1:0' shape=(128,) dtype=float32>,)
import/stereo/encoder/2d_hg1_0/BatchNorm_3/Minimum	(<tf.Tensor 'import/stereo/encoder/2d_hg1_0/BatchNorm_3/Minimum:0' shape=(128,) dtype=float32>,)
import/stereo/encoder/2d_hg1_0/BatchNorm_3/Neg	(<tf.Tensor 'import/stereo/encoder/2d_hg1_0/BatchNorm_3/Neg:0' shape=() dtype=float32>,)
import/stereo/encoder/2d_hg1_0/BatchNorm_3/Maximum_2	(<tf.Tensor 'import/stereo/encoder/2d_hg1_0/BatchNorm_3/Maximum_2:0' shape=(128,) dtype=float32>,)
import/stereo/encoder/2d_hg1_0/BatchNorm_3/Minimum_1	(<tf.Tensor 'import/stereo/encoder/2d_hg1_0/BatchNorm_3/Minimum_1:0' shape=(128,) dtype=float32>,)
import/stereo/encoder/2d_hg1_0/BatchNorm_3/renorm_r	(<tf.Tensor 'import/stereo/encoder/2d_hg1_0/BatchNorm_3/renorm_r:0' shape=(128,) dtype=float32>,)
import/stereo/encoder/2d_hg1_0/BatchNorm_3/renorm_d	(<tf.Tensor 'import/stereo/encoder/2d_hg1_0/BatchNorm_3/renorm_d:0' shape=(128,) dtype=float32>,)
import/stereo/encoder/2d_hg1_0/BatchNorm_3/mul	(<tf.Tensor 'import/stereo/encoder/2d_hg1_0/BatchNorm_3/mul:0' shape=(128,) dtype=float32>,)
import/stereo/encoder/2d_hg1_0/BatchNorm_3/mul_1	(<tf.Tensor 'import/stereo/encoder/2d_hg1_0/BatchNorm_3/mul_1:0' shape=(128,) dtype=float32>,)
import/stereo/encoder/2d_hg1_0/BatchNorm_3/add_1	(<tf.Tensor 'import/stereo/encoder/2d_hg1_0/BatchNorm_3/add_1:0' shape=(128,) dtype=float32>,)
import/stereo/encoder/2d_hg1_0/BatchNorm_3/batchnorm/add/y	(<tf.Tensor 'import/stereo/encoder/2d_hg1_0/BatchNorm_3/batchnorm/add/y:0' shape=() dtype=float32>,)
import/stereo/encoder/2d_hg1_0/BatchNorm_3/batchnorm/add	(<tf.Tensor 'import/stereo/encoder/2d_hg1_0/BatchNorm_3/batchnorm/add:0' shape=(128,) dtype=float32>,)
import/stereo/encoder/2d_hg1_0/BatchNorm_3/batchnorm/Rsqrt	(<tf.Tensor 'import/stereo/encoder/2d_hg1_0/BatchNorm_3/batchnorm/Rsqrt:0' shape=(128,) dtype=float32>,)
import/stereo/encoder/2d_hg1_0/BatchNorm_3/batchnorm/mul	(<tf.Tensor 'import/stereo/encoder/2d_hg1_0/BatchNorm_3/batchnorm/mul:0' shape=(128,) dtype=float32>,)
import/stereo/encoder/2d_hg1_0/BatchNorm_3/batchnorm/mul_1	(<tf.Tensor 'import/stereo/encoder/2d_hg1_0/BatchNorm_3/batchnorm/mul_1:0' shape=(5, 15, 20, 128) dtype=float32>,)
import/stereo/encoder/2d_hg1_0/BatchNorm_3/batchnorm/mul_2	(<tf.Tensor 'import/stereo/encoder/2d_hg1_0/BatchNorm_3/batchnorm/mul_2:0' shape=(128,) dtype=float32>,)
import/stereo/encoder/2d_hg1_0/BatchNorm_3/batchnorm/sub	(<tf.Tensor 'import/stereo/encoder/2d_hg1_0/BatchNorm_3/batchnorm/sub:0' shape=(128,) dtype=float32>,)
import/stereo/encoder/2d_hg1_0/BatchNorm_3/batchnorm/add_1	(<tf.Tensor 'import/stereo/encoder/2d_hg1_0/BatchNorm_3/batchnorm/add_1:0' shape=(5, 15, 20, 128) dtype=float32>,)
import/stereo/encoder/2d_hg1_0/Relu_3	(<tf.Tensor 'import/stereo/encoder/2d_hg1_0/Relu_3:0' shape=(5, 15, 20, 128) dtype=float32>,)
import/stereo/encoder/2d_hg1_0/Conv_3/weights	(<tf.Tensor 'import/stereo/encoder/2d_hg1_0/Conv_3/weights:0' shape=(3, 3, 128, 128) dtype=float32>,)
import/stereo/encoder/2d_hg1_0/Conv_3/weights/read	(<tf.Tensor 'import/stereo/encoder/2d_hg1_0/Conv_3/weights/read:0' shape=(3, 3, 128, 128) dtype=float32>,)
import/stereo/encoder/2d_hg1_0/Conv_3/biases	(<tf.Tensor 'import/stereo/encoder/2d_hg1_0/Conv_3/biases:0' shape=(128,) dtype=float32>,)
import/stereo/encoder/2d_hg1_0/Conv_3/biases/read	(<tf.Tensor 'import/stereo/encoder/2d_hg1_0/Conv_3/biases/read:0' shape=(128,) dtype=float32>,)
import/stereo/encoder/2d_hg1_0/Conv_3/Conv2D	(<tf.Tensor 'import/stereo/encoder/2d_hg1_0/Conv_3/Conv2D:0' shape=(5, 15, 20, 128) dtype=float32>,)
import/stereo/encoder/2d_hg1_0/Conv_3/BiasAdd	(<tf.Tensor 'import/stereo/encoder/2d_hg1_0/Conv_3/BiasAdd:0' shape=(5, 15, 20, 128) dtype=float32>,)
import/stereo/encoder/2d_hg1_0/BatchNorm_4/gamma	(<tf.Tensor 'import/stereo/encoder/2d_hg1_0/BatchNorm_4/gamma:0' shape=(128,) dtype=float32>,)
import/stereo/encoder/2d_hg1_0/BatchNorm_4/gamma/read	(<tf.Tensor 'import/stereo/encoder/2d_hg1_0/BatchNorm_4/gamma/read:0' shape=(128,) dtype=float32>,)
import/stereo/encoder/2d_hg1_0/BatchNorm_4/beta	(<tf.Tensor 'import/stereo/encoder/2d_hg1_0/BatchNorm_4/beta:0' shape=(128,) dtype=float32>,)
import/stereo/encoder/2d_hg1_0/BatchNorm_4/beta/read	(<tf.Tensor 'import/stereo/encoder/2d_hg1_0/BatchNorm_4/beta/read:0' shape=(128,) dtype=float32>,)
import/stereo/encoder/2d_hg1_0/BatchNorm_4/moving_mean	(<tf.Tensor 'import/stereo/encoder/2d_hg1_0/BatchNorm_4/moving_mean:0' shape=(128,) dtype=float32>,)
import/stereo/encoder/2d_hg1_0/BatchNorm_4/moving_variance	(<tf.Tensor 'import/stereo/encoder/2d_hg1_0/BatchNorm_4/moving_variance:0' shape=(128,) dtype=float32>,)
import/stereo/encoder/2d_hg1_0/BatchNorm_4/renorm_mean	(<tf.Tensor 'import/stereo/encoder/2d_hg1_0/BatchNorm_4/renorm_mean:0' shape=(128,) dtype=float32>,)
import/stereo/encoder/2d_hg1_0/BatchNorm_4/renorm_mean/read	(<tf.Tensor 'import/stereo/encoder/2d_hg1_0/BatchNorm_4/renorm_mean/read:0' shape=(128,) dtype=float32>,)
import/stereo/encoder/2d_hg1_0/BatchNorm_4/renorm_stddev	(<tf.Tensor 'import/stereo/encoder/2d_hg1_0/BatchNorm_4/renorm_stddev:0' shape=(128,) dtype=float32>,)
import/stereo/encoder/2d_hg1_0/BatchNorm_4/renorm_stddev/read	(<tf.Tensor 'import/stereo/encoder/2d_hg1_0/BatchNorm_4/renorm_stddev/read:0' shape=(128,) dtype=float32>,)
import/stereo/encoder/2d_hg1_0/BatchNorm_4/moments/mean/reduction_indices	(<tf.Tensor 'import/stereo/encoder/2d_hg1_0/BatchNorm_4/moments/mean/reduction_indices:0' shape=(3,) dtype=int32>,)
import/stereo/encoder/2d_hg1_0/BatchNorm_4/moments/mean	(<tf.Tensor 'import/stereo/encoder/2d_hg1_0/BatchNorm_4/moments/mean:0' shape=(1, 1, 1, 128) dtype=float32>,)
import/stereo/encoder/2d_hg1_0/BatchNorm_4/moments/StopGradient	(<tf.Tensor 'import/stereo/encoder/2d_hg1_0/BatchNorm_4/moments/StopGradient:0' shape=(1, 1, 1, 128) dtype=float32>,)
import/stereo/encoder/2d_hg1_0/BatchNorm_4/moments/SquaredDifference	(<tf.Tensor 'import/stereo/encoder/2d_hg1_0/BatchNorm_4/moments/SquaredDifference:0' shape=(5, 15, 20, 128) dtype=float32>,)
import/stereo/encoder/2d_hg1_0/BatchNorm_4/moments/variance/reduction_indices	(<tf.Tensor 'import/stereo/encoder/2d_hg1_0/BatchNorm_4/moments/variance/reduction_indices:0' shape=(3,) dtype=int32>,)
import/stereo/encoder/2d_hg1_0/BatchNorm_4/moments/variance	(<tf.Tensor 'import/stereo/encoder/2d_hg1_0/BatchNorm_4/moments/variance:0' shape=(1, 1, 1, 128) dtype=float32>,)
import/stereo/encoder/2d_hg1_0/BatchNorm_4/moments/Squeeze	(<tf.Tensor 'import/stereo/encoder/2d_hg1_0/BatchNorm_4/moments/Squeeze:0' shape=(128,) dtype=float32>,)
import/stereo/encoder/2d_hg1_0/BatchNorm_4/moments/Squeeze_1	(<tf.Tensor 'import/stereo/encoder/2d_hg1_0/BatchNorm_4/moments/Squeeze_1:0' shape=(128,) dtype=float32>,)
import/stereo/encoder/2d_hg1_0/BatchNorm_4/add/y	(<tf.Tensor 'import/stereo/encoder/2d_hg1_0/BatchNorm_4/add/y:0' shape=() dtype=float32>,)
import/stereo/encoder/2d_hg1_0/BatchNorm_4/add	(<tf.Tensor 'import/stereo/encoder/2d_hg1_0/BatchNorm_4/add:0' shape=(128,) dtype=float32>,)
import/stereo/encoder/2d_hg1_0/BatchNorm_4/Sqrt	(<tf.Tensor 'import/stereo/encoder/2d_hg1_0/BatchNorm_4/Sqrt:0' shape=(128,) dtype=float32>,)
import/stereo/encoder/2d_hg1_0/BatchNorm_4/Sqrt_1/x	(<tf.Tensor 'import/stereo/encoder/2d_hg1_0/BatchNorm_4/Sqrt_1/x:0' shape=() dtype=float32>,)
import/stereo/encoder/2d_hg1_0/BatchNorm_4/Sqrt_1	(<tf.Tensor 'import/stereo/encoder/2d_hg1_0/BatchNorm_4/Sqrt_1:0' shape=() dtype=float32>,)
import/stereo/encoder/2d_hg1_0/BatchNorm_4/Maximum	(<tf.Tensor 'import/stereo/encoder/2d_hg1_0/BatchNorm_4/Maximum:0' shape=(128,) dtype=float32>,)
import/stereo/encoder/2d_hg1_0/BatchNorm_4/truediv	(<tf.Tensor 'import/stereo/encoder/2d_hg1_0/BatchNorm_4/truediv:0' shape=(128,) dtype=float32>,)
import/stereo/encoder/2d_hg1_0/BatchNorm_4/sub	(<tf.Tensor 'import/stereo/encoder/2d_hg1_0/BatchNorm_4/sub:0' shape=(128,) dtype=float32>,)
import/stereo/encoder/2d_hg1_0/BatchNorm_4/truediv_1	(<tf.Tensor 'import/stereo/encoder/2d_hg1_0/BatchNorm_4/truediv_1:0' shape=(128,) dtype=float32>,)
import/stereo/encoder/2d_hg1_0/BatchNorm_4/Maximum_1	(<tf.Tensor 'import/stereo/encoder/2d_hg1_0/BatchNorm_4/Maximum_1:0' shape=(128,) dtype=float32>,)
import/stereo/encoder/2d_hg1_0/BatchNorm_4/Minimum	(<tf.Tensor 'import/stereo/encoder/2d_hg1_0/BatchNorm_4/Minimum:0' shape=(128,) dtype=float32>,)
import/stereo/encoder/2d_hg1_0/BatchNorm_4/Neg	(<tf.Tensor 'import/stereo/encoder/2d_hg1_0/BatchNorm_4/Neg:0' shape=() dtype=float32>,)
import/stereo/encoder/2d_hg1_0/BatchNorm_4/Maximum_2	(<tf.Tensor 'import/stereo/encoder/2d_hg1_0/BatchNorm_4/Maximum_2:0' shape=(128,) dtype=float32>,)
import/stereo/encoder/2d_hg1_0/BatchNorm_4/Minimum_1	(<tf.Tensor 'import/stereo/encoder/2d_hg1_0/BatchNorm_4/Minimum_1:0' shape=(128,) dtype=float32>,)
import/stereo/encoder/2d_hg1_0/BatchNorm_4/renorm_r	(<tf.Tensor 'import/stereo/encoder/2d_hg1_0/BatchNorm_4/renorm_r:0' shape=(128,) dtype=float32>,)
import/stereo/encoder/2d_hg1_0/BatchNorm_4/renorm_d	(<tf.Tensor 'import/stereo/encoder/2d_hg1_0/BatchNorm_4/renorm_d:0' shape=(128,) dtype=float32>,)
import/stereo/encoder/2d_hg1_0/BatchNorm_4/mul	(<tf.Tensor 'import/stereo/encoder/2d_hg1_0/BatchNorm_4/mul:0' shape=(128,) dtype=float32>,)
import/stereo/encoder/2d_hg1_0/BatchNorm_4/mul_1	(<tf.Tensor 'import/stereo/encoder/2d_hg1_0/BatchNorm_4/mul_1:0' shape=(128,) dtype=float32>,)
import/stereo/encoder/2d_hg1_0/BatchNorm_4/add_1	(<tf.Tensor 'import/stereo/encoder/2d_hg1_0/BatchNorm_4/add_1:0' shape=(128,) dtype=float32>,)
import/stereo/encoder/2d_hg1_0/BatchNorm_4/batchnorm/add/y	(<tf.Tensor 'import/stereo/encoder/2d_hg1_0/BatchNorm_4/batchnorm/add/y:0' shape=() dtype=float32>,)
import/stereo/encoder/2d_hg1_0/BatchNorm_4/batchnorm/add	(<tf.Tensor 'import/stereo/encoder/2d_hg1_0/BatchNorm_4/batchnorm/add:0' shape=(128,) dtype=float32>,)
import/stereo/encoder/2d_hg1_0/BatchNorm_4/batchnorm/Rsqrt	(<tf.Tensor 'import/stereo/encoder/2d_hg1_0/BatchNorm_4/batchnorm/Rsqrt:0' shape=(128,) dtype=float32>,)
import/stereo/encoder/2d_hg1_0/BatchNorm_4/batchnorm/mul	(<tf.Tensor 'import/stereo/encoder/2d_hg1_0/BatchNorm_4/batchnorm/mul:0' shape=(128,) dtype=float32>,)
import/stereo/encoder/2d_hg1_0/BatchNorm_4/batchnorm/mul_1	(<tf.Tensor 'import/stereo/encoder/2d_hg1_0/BatchNorm_4/batchnorm/mul_1:0' shape=(5, 15, 20, 128) dtype=float32>,)
import/stereo/encoder/2d_hg1_0/BatchNorm_4/batchnorm/mul_2	(<tf.Tensor 'import/stereo/encoder/2d_hg1_0/BatchNorm_4/batchnorm/mul_2:0' shape=(128,) dtype=float32>,)
import/stereo/encoder/2d_hg1_0/BatchNorm_4/batchnorm/sub	(<tf.Tensor 'import/stereo/encoder/2d_hg1_0/BatchNorm_4/batchnorm/sub:0' shape=(128,) dtype=float32>,)
import/stereo/encoder/2d_hg1_0/BatchNorm_4/batchnorm/add_1	(<tf.Tensor 'import/stereo/encoder/2d_hg1_0/BatchNorm_4/batchnorm/add_1:0' shape=(5, 15, 20, 128) dtype=float32>,)
import/stereo/encoder/2d_hg1_0/Relu_4	(<tf.Tensor 'import/stereo/encoder/2d_hg1_0/Relu_4:0' shape=(5, 15, 20, 128) dtype=float32>,)
import/stereo/encoder/2d_hg1_0/Conv_4/weights	(<tf.Tensor 'import/stereo/encoder/2d_hg1_0/Conv_4/weights:0' shape=(3, 3, 128, 128) dtype=float32>,)
import/stereo/encoder/2d_hg1_0/Conv_4/weights/read	(<tf.Tensor 'import/stereo/encoder/2d_hg1_0/Conv_4/weights/read:0' shape=(3, 3, 128, 128) dtype=float32>,)
import/stereo/encoder/2d_hg1_0/Conv_4/biases	(<tf.Tensor 'import/stereo/encoder/2d_hg1_0/Conv_4/biases:0' shape=(128,) dtype=float32>,)
import/stereo/encoder/2d_hg1_0/Conv_4/biases/read	(<tf.Tensor 'import/stereo/encoder/2d_hg1_0/Conv_4/biases/read:0' shape=(128,) dtype=float32>,)
import/stereo/encoder/2d_hg1_0/Conv_4/Conv2D	(<tf.Tensor 'import/stereo/encoder/2d_hg1_0/Conv_4/Conv2D:0' shape=(5, 15, 20, 128) dtype=float32>,)
import/stereo/encoder/2d_hg1_0/Conv_4/BiasAdd	(<tf.Tensor 'import/stereo/encoder/2d_hg1_0/Conv_4/BiasAdd:0' shape=(5, 15, 20, 128) dtype=float32>,)
import/stereo/encoder/2d_hg1_0/add_1	(<tf.Tensor 'import/stereo/encoder/2d_hg1_0/add_1:0' shape=(5, 15, 20, 128) dtype=float32>,)
import/stereo/encoder/2d_hg1_0/MaxPool2D_1/MaxPool	(<tf.Tensor 'import/stereo/encoder/2d_hg1_0/MaxPool2D_1/MaxPool:0' shape=(5, 8, 10, 128) dtype=float32>,)
import/stereo/encoder/2d_hg1_0/BatchNorm_5/gamma	(<tf.Tensor 'import/stereo/encoder/2d_hg1_0/BatchNorm_5/gamma:0' shape=(128,) dtype=float32>,)
import/stereo/encoder/2d_hg1_0/BatchNorm_5/gamma/read	(<tf.Tensor 'import/stereo/encoder/2d_hg1_0/BatchNorm_5/gamma/read:0' shape=(128,) dtype=float32>,)
import/stereo/encoder/2d_hg1_0/BatchNorm_5/beta	(<tf.Tensor 'import/stereo/encoder/2d_hg1_0/BatchNorm_5/beta:0' shape=(128,) dtype=float32>,)
import/stereo/encoder/2d_hg1_0/BatchNorm_5/beta/read	(<tf.Tensor 'import/stereo/encoder/2d_hg1_0/BatchNorm_5/beta/read:0' shape=(128,) dtype=float32>,)
import/stereo/encoder/2d_hg1_0/BatchNorm_5/moving_mean	(<tf.Tensor 'import/stereo/encoder/2d_hg1_0/BatchNorm_5/moving_mean:0' shape=(128,) dtype=float32>,)
import/stereo/encoder/2d_hg1_0/BatchNorm_5/moving_variance	(<tf.Tensor 'import/stereo/encoder/2d_hg1_0/BatchNorm_5/moving_variance:0' shape=(128,) dtype=float32>,)
import/stereo/encoder/2d_hg1_0/BatchNorm_5/renorm_mean	(<tf.Tensor 'import/stereo/encoder/2d_hg1_0/BatchNorm_5/renorm_mean:0' shape=(128,) dtype=float32>,)
import/stereo/encoder/2d_hg1_0/BatchNorm_5/renorm_mean/read	(<tf.Tensor 'import/stereo/encoder/2d_hg1_0/BatchNorm_5/renorm_mean/read:0' shape=(128,) dtype=float32>,)
import/stereo/encoder/2d_hg1_0/BatchNorm_5/renorm_stddev	(<tf.Tensor 'import/stereo/encoder/2d_hg1_0/BatchNorm_5/renorm_stddev:0' shape=(128,) dtype=float32>,)
import/stereo/encoder/2d_hg1_0/BatchNorm_5/renorm_stddev/read	(<tf.Tensor 'import/stereo/encoder/2d_hg1_0/BatchNorm_5/renorm_stddev/read:0' shape=(128,) dtype=float32>,)
import/stereo/encoder/2d_hg1_0/BatchNorm_5/moments/mean/reduction_indices	(<tf.Tensor 'import/stereo/encoder/2d_hg1_0/BatchNorm_5/moments/mean/reduction_indices:0' shape=(3,) dtype=int32>,)
import/stereo/encoder/2d_hg1_0/BatchNorm_5/moments/mean	(<tf.Tensor 'import/stereo/encoder/2d_hg1_0/BatchNorm_5/moments/mean:0' shape=(1, 1, 1, 128) dtype=float32>,)
import/stereo/encoder/2d_hg1_0/BatchNorm_5/moments/StopGradient	(<tf.Tensor 'import/stereo/encoder/2d_hg1_0/BatchNorm_5/moments/StopGradient:0' shape=(1, 1, 1, 128) dtype=float32>,)
import/stereo/encoder/2d_hg1_0/BatchNorm_5/moments/SquaredDifference	(<tf.Tensor 'import/stereo/encoder/2d_hg1_0/BatchNorm_5/moments/SquaredDifference:0' shape=(5, 8, 10, 128) dtype=float32>,)
import/stereo/encoder/2d_hg1_0/BatchNorm_5/moments/variance/reduction_indices	(<tf.Tensor 'import/stereo/encoder/2d_hg1_0/BatchNorm_5/moments/variance/reduction_indices:0' shape=(3,) dtype=int32>,)
import/stereo/encoder/2d_hg1_0/BatchNorm_5/moments/variance	(<tf.Tensor 'import/stereo/encoder/2d_hg1_0/BatchNorm_5/moments/variance:0' shape=(1, 1, 1, 128) dtype=float32>,)
import/stereo/encoder/2d_hg1_0/BatchNorm_5/moments/Squeeze	(<tf.Tensor 'import/stereo/encoder/2d_hg1_0/BatchNorm_5/moments/Squeeze:0' shape=(128,) dtype=float32>,)
import/stereo/encoder/2d_hg1_0/BatchNorm_5/moments/Squeeze_1	(<tf.Tensor 'import/stereo/encoder/2d_hg1_0/BatchNorm_5/moments/Squeeze_1:0' shape=(128,) dtype=float32>,)
import/stereo/encoder/2d_hg1_0/BatchNorm_5/add/y	(<tf.Tensor 'import/stereo/encoder/2d_hg1_0/BatchNorm_5/add/y:0' shape=() dtype=float32>,)
import/stereo/encoder/2d_hg1_0/BatchNorm_5/add	(<tf.Tensor 'import/stereo/encoder/2d_hg1_0/BatchNorm_5/add:0' shape=(128,) dtype=float32>,)
import/stereo/encoder/2d_hg1_0/BatchNorm_5/Sqrt	(<tf.Tensor 'import/stereo/encoder/2d_hg1_0/BatchNorm_5/Sqrt:0' shape=(128,) dtype=float32>,)
import/stereo/encoder/2d_hg1_0/BatchNorm_5/Sqrt_1/x	(<tf.Tensor 'import/stereo/encoder/2d_hg1_0/BatchNorm_5/Sqrt_1/x:0' shape=() dtype=float32>,)
import/stereo/encoder/2d_hg1_0/BatchNorm_5/Sqrt_1	(<tf.Tensor 'import/stereo/encoder/2d_hg1_0/BatchNorm_5/Sqrt_1:0' shape=() dtype=float32>,)
import/stereo/encoder/2d_hg1_0/BatchNorm_5/Maximum	(<tf.Tensor 'import/stereo/encoder/2d_hg1_0/BatchNorm_5/Maximum:0' shape=(128,) dtype=float32>,)
import/stereo/encoder/2d_hg1_0/BatchNorm_5/truediv	(<tf.Tensor 'import/stereo/encoder/2d_hg1_0/BatchNorm_5/truediv:0' shape=(128,) dtype=float32>,)
import/stereo/encoder/2d_hg1_0/BatchNorm_5/sub	(<tf.Tensor 'import/stereo/encoder/2d_hg1_0/BatchNorm_5/sub:0' shape=(128,) dtype=float32>,)
import/stereo/encoder/2d_hg1_0/BatchNorm_5/truediv_1	(<tf.Tensor 'import/stereo/encoder/2d_hg1_0/BatchNorm_5/truediv_1:0' shape=(128,) dtype=float32>,)
import/stereo/encoder/2d_hg1_0/BatchNorm_5/Maximum_1	(<tf.Tensor 'import/stereo/encoder/2d_hg1_0/BatchNorm_5/Maximum_1:0' shape=(128,) dtype=float32>,)
import/stereo/encoder/2d_hg1_0/BatchNorm_5/Minimum	(<tf.Tensor 'import/stereo/encoder/2d_hg1_0/BatchNorm_5/Minimum:0' shape=(128,) dtype=float32>,)
import/stereo/encoder/2d_hg1_0/BatchNorm_5/Neg	(<tf.Tensor 'import/stereo/encoder/2d_hg1_0/BatchNorm_5/Neg:0' shape=() dtype=float32>,)
import/stereo/encoder/2d_hg1_0/BatchNorm_5/Maximum_2	(<tf.Tensor 'import/stereo/encoder/2d_hg1_0/BatchNorm_5/Maximum_2:0' shape=(128,) dtype=float32>,)
import/stereo/encoder/2d_hg1_0/BatchNorm_5/Minimum_1	(<tf.Tensor 'import/stereo/encoder/2d_hg1_0/BatchNorm_5/Minimum_1:0' shape=(128,) dtype=float32>,)
import/stereo/encoder/2d_hg1_0/BatchNorm_5/renorm_r	(<tf.Tensor 'import/stereo/encoder/2d_hg1_0/BatchNorm_5/renorm_r:0' shape=(128,) dtype=float32>,)
import/stereo/encoder/2d_hg1_0/BatchNorm_5/renorm_d	(<tf.Tensor 'import/stereo/encoder/2d_hg1_0/BatchNorm_5/renorm_d:0' shape=(128,) dtype=float32>,)
import/stereo/encoder/2d_hg1_0/BatchNorm_5/mul	(<tf.Tensor 'import/stereo/encoder/2d_hg1_0/BatchNorm_5/mul:0' shape=(128,) dtype=float32>,)
import/stereo/encoder/2d_hg1_0/BatchNorm_5/mul_1	(<tf.Tensor 'import/stereo/encoder/2d_hg1_0/BatchNorm_5/mul_1:0' shape=(128,) dtype=float32>,)
import/stereo/encoder/2d_hg1_0/BatchNorm_5/add_1	(<tf.Tensor 'import/stereo/encoder/2d_hg1_0/BatchNorm_5/add_1:0' shape=(128,) dtype=float32>,)
import/stereo/encoder/2d_hg1_0/BatchNorm_5/batchnorm/add/y	(<tf.Tensor 'import/stereo/encoder/2d_hg1_0/BatchNorm_5/batchnorm/add/y:0' shape=() dtype=float32>,)
import/stereo/encoder/2d_hg1_0/BatchNorm_5/batchnorm/add	(<tf.Tensor 'import/stereo/encoder/2d_hg1_0/BatchNorm_5/batchnorm/add:0' shape=(128,) dtype=float32>,)
import/stereo/encoder/2d_hg1_0/BatchNorm_5/batchnorm/Rsqrt	(<tf.Tensor 'import/stereo/encoder/2d_hg1_0/BatchNorm_5/batchnorm/Rsqrt:0' shape=(128,) dtype=float32>,)
import/stereo/encoder/2d_hg1_0/BatchNorm_5/batchnorm/mul	(<tf.Tensor 'import/stereo/encoder/2d_hg1_0/BatchNorm_5/batchnorm/mul:0' shape=(128,) dtype=float32>,)
import/stereo/encoder/2d_hg1_0/BatchNorm_5/batchnorm/mul_1	(<tf.Tensor 'import/stereo/encoder/2d_hg1_0/BatchNorm_5/batchnorm/mul_1:0' shape=(5, 8, 10, 128) dtype=float32>,)
import/stereo/encoder/2d_hg1_0/BatchNorm_5/batchnorm/mul_2	(<tf.Tensor 'import/stereo/encoder/2d_hg1_0/BatchNorm_5/batchnorm/mul_2:0' shape=(128,) dtype=float32>,)
import/stereo/encoder/2d_hg1_0/BatchNorm_5/batchnorm/sub	(<tf.Tensor 'import/stereo/encoder/2d_hg1_0/BatchNorm_5/batchnorm/sub:0' shape=(128,) dtype=float32>,)
import/stereo/encoder/2d_hg1_0/BatchNorm_5/batchnorm/add_1	(<tf.Tensor 'import/stereo/encoder/2d_hg1_0/BatchNorm_5/batchnorm/add_1:0' shape=(5, 8, 10, 128) dtype=float32>,)
import/stereo/encoder/2d_hg1_0/Relu_5	(<tf.Tensor 'import/stereo/encoder/2d_hg1_0/Relu_5:0' shape=(5, 8, 10, 128) dtype=float32>,)
import/stereo/encoder/2d_hg1_0/Conv_5/weights	(<tf.Tensor 'import/stereo/encoder/2d_hg1_0/Conv_5/weights:0' shape=(3, 3, 128, 192) dtype=float32>,)
import/stereo/encoder/2d_hg1_0/Conv_5/weights/read	(<tf.Tensor 'import/stereo/encoder/2d_hg1_0/Conv_5/weights/read:0' shape=(3, 3, 128, 192) dtype=float32>,)
import/stereo/encoder/2d_hg1_0/Conv_5/biases	(<tf.Tensor 'import/stereo/encoder/2d_hg1_0/Conv_5/biases:0' shape=(192,) dtype=float32>,)
import/stereo/encoder/2d_hg1_0/Conv_5/biases/read	(<tf.Tensor 'import/stereo/encoder/2d_hg1_0/Conv_5/biases/read:0' shape=(192,) dtype=float32>,)
import/stereo/encoder/2d_hg1_0/Conv_5/Conv2D	(<tf.Tensor 'import/stereo/encoder/2d_hg1_0/Conv_5/Conv2D:0' shape=(5, 8, 10, 192) dtype=float32>,)
import/stereo/encoder/2d_hg1_0/Conv_5/BiasAdd	(<tf.Tensor 'import/stereo/encoder/2d_hg1_0/Conv_5/BiasAdd:0' shape=(5, 8, 10, 192) dtype=float32>,)
import/stereo/encoder/2d_hg1_0/BatchNorm_6/gamma	(<tf.Tensor 'import/stereo/encoder/2d_hg1_0/BatchNorm_6/gamma:0' shape=(192,) dtype=float32>,)
import/stereo/encoder/2d_hg1_0/BatchNorm_6/gamma/read	(<tf.Tensor 'import/stereo/encoder/2d_hg1_0/BatchNorm_6/gamma/read:0' shape=(192,) dtype=float32>,)
import/stereo/encoder/2d_hg1_0/BatchNorm_6/beta	(<tf.Tensor 'import/stereo/encoder/2d_hg1_0/BatchNorm_6/beta:0' shape=(192,) dtype=float32>,)
import/stereo/encoder/2d_hg1_0/BatchNorm_6/beta/read	(<tf.Tensor 'import/stereo/encoder/2d_hg1_0/BatchNorm_6/beta/read:0' shape=(192,) dtype=float32>,)
import/stereo/encoder/2d_hg1_0/BatchNorm_6/moving_mean	(<tf.Tensor 'import/stereo/encoder/2d_hg1_0/BatchNorm_6/moving_mean:0' shape=(192,) dtype=float32>,)
import/stereo/encoder/2d_hg1_0/BatchNorm_6/moving_variance	(<tf.Tensor 'import/stereo/encoder/2d_hg1_0/BatchNorm_6/moving_variance:0' shape=(192,) dtype=float32>,)
import/stereo/encoder/2d_hg1_0/BatchNorm_6/renorm_mean	(<tf.Tensor 'import/stereo/encoder/2d_hg1_0/BatchNorm_6/renorm_mean:0' shape=(192,) dtype=float32>,)
import/stereo/encoder/2d_hg1_0/BatchNorm_6/renorm_mean/read	(<tf.Tensor 'import/stereo/encoder/2d_hg1_0/BatchNorm_6/renorm_mean/read:0' shape=(192,) dtype=float32>,)
import/stereo/encoder/2d_hg1_0/BatchNorm_6/renorm_stddev	(<tf.Tensor 'import/stereo/encoder/2d_hg1_0/BatchNorm_6/renorm_stddev:0' shape=(192,) dtype=float32>,)
import/stereo/encoder/2d_hg1_0/BatchNorm_6/renorm_stddev/read	(<tf.Tensor 'import/stereo/encoder/2d_hg1_0/BatchNorm_6/renorm_stddev/read:0' shape=(192,) dtype=float32>,)
import/stereo/encoder/2d_hg1_0/BatchNorm_6/moments/mean/reduction_indices	(<tf.Tensor 'import/stereo/encoder/2d_hg1_0/BatchNorm_6/moments/mean/reduction_indices:0' shape=(3,) dtype=int32>,)
import/stereo/encoder/2d_hg1_0/BatchNorm_6/moments/mean	(<tf.Tensor 'import/stereo/encoder/2d_hg1_0/BatchNorm_6/moments/mean:0' shape=(1, 1, 1, 192) dtype=float32>,)
import/stereo/encoder/2d_hg1_0/BatchNorm_6/moments/StopGradient	(<tf.Tensor 'import/stereo/encoder/2d_hg1_0/BatchNorm_6/moments/StopGradient:0' shape=(1, 1, 1, 192) dtype=float32>,)
import/stereo/encoder/2d_hg1_0/BatchNorm_6/moments/SquaredDifference	(<tf.Tensor 'import/stereo/encoder/2d_hg1_0/BatchNorm_6/moments/SquaredDifference:0' shape=(5, 8, 10, 192) dtype=float32>,)
import/stereo/encoder/2d_hg1_0/BatchNorm_6/moments/variance/reduction_indices	(<tf.Tensor 'import/stereo/encoder/2d_hg1_0/BatchNorm_6/moments/variance/reduction_indices:0' shape=(3,) dtype=int32>,)
import/stereo/encoder/2d_hg1_0/BatchNorm_6/moments/variance	(<tf.Tensor 'import/stereo/encoder/2d_hg1_0/BatchNorm_6/moments/variance:0' shape=(1, 1, 1, 192) dtype=float32>,)
import/stereo/encoder/2d_hg1_0/BatchNorm_6/moments/Squeeze	(<tf.Tensor 'import/stereo/encoder/2d_hg1_0/BatchNorm_6/moments/Squeeze:0' shape=(192,) dtype=float32>,)
import/stereo/encoder/2d_hg1_0/BatchNorm_6/moments/Squeeze_1	(<tf.Tensor 'import/stereo/encoder/2d_hg1_0/BatchNorm_6/moments/Squeeze_1:0' shape=(192,) dtype=float32>,)
import/stereo/encoder/2d_hg1_0/BatchNorm_6/add/y	(<tf.Tensor 'import/stereo/encoder/2d_hg1_0/BatchNorm_6/add/y:0' shape=() dtype=float32>,)
import/stereo/encoder/2d_hg1_0/BatchNorm_6/add	(<tf.Tensor 'import/stereo/encoder/2d_hg1_0/BatchNorm_6/add:0' shape=(192,) dtype=float32>,)
import/stereo/encoder/2d_hg1_0/BatchNorm_6/Sqrt	(<tf.Tensor 'import/stereo/encoder/2d_hg1_0/BatchNorm_6/Sqrt:0' shape=(192,) dtype=float32>,)
import/stereo/encoder/2d_hg1_0/BatchNorm_6/Sqrt_1/x	(<tf.Tensor 'import/stereo/encoder/2d_hg1_0/BatchNorm_6/Sqrt_1/x:0' shape=() dtype=float32>,)
import/stereo/encoder/2d_hg1_0/BatchNorm_6/Sqrt_1	(<tf.Tensor 'import/stereo/encoder/2d_hg1_0/BatchNorm_6/Sqrt_1:0' shape=() dtype=float32>,)
import/stereo/encoder/2d_hg1_0/BatchNorm_6/Maximum	(<tf.Tensor 'import/stereo/encoder/2d_hg1_0/BatchNorm_6/Maximum:0' shape=(192,) dtype=float32>,)
import/stereo/encoder/2d_hg1_0/BatchNorm_6/truediv	(<tf.Tensor 'import/stereo/encoder/2d_hg1_0/BatchNorm_6/truediv:0' shape=(192,) dtype=float32>,)
import/stereo/encoder/2d_hg1_0/BatchNorm_6/sub	(<tf.Tensor 'import/stereo/encoder/2d_hg1_0/BatchNorm_6/sub:0' shape=(192,) dtype=float32>,)
import/stereo/encoder/2d_hg1_0/BatchNorm_6/truediv_1	(<tf.Tensor 'import/stereo/encoder/2d_hg1_0/BatchNorm_6/truediv_1:0' shape=(192,) dtype=float32>,)
import/stereo/encoder/2d_hg1_0/BatchNorm_6/Maximum_1	(<tf.Tensor 'import/stereo/encoder/2d_hg1_0/BatchNorm_6/Maximum_1:0' shape=(192,) dtype=float32>,)
import/stereo/encoder/2d_hg1_0/BatchNorm_6/Minimum	(<tf.Tensor 'import/stereo/encoder/2d_hg1_0/BatchNorm_6/Minimum:0' shape=(192,) dtype=float32>,)
import/stereo/encoder/2d_hg1_0/BatchNorm_6/Neg	(<tf.Tensor 'import/stereo/encoder/2d_hg1_0/BatchNorm_6/Neg:0' shape=() dtype=float32>,)
import/stereo/encoder/2d_hg1_0/BatchNorm_6/Maximum_2	(<tf.Tensor 'import/stereo/encoder/2d_hg1_0/BatchNorm_6/Maximum_2:0' shape=(192,) dtype=float32>,)
import/stereo/encoder/2d_hg1_0/BatchNorm_6/Minimum_1	(<tf.Tensor 'import/stereo/encoder/2d_hg1_0/BatchNorm_6/Minimum_1:0' shape=(192,) dtype=float32>,)
import/stereo/encoder/2d_hg1_0/BatchNorm_6/renorm_r	(<tf.Tensor 'import/stereo/encoder/2d_hg1_0/BatchNorm_6/renorm_r:0' shape=(192,) dtype=float32>,)
import/stereo/encoder/2d_hg1_0/BatchNorm_6/renorm_d	(<tf.Tensor 'import/stereo/encoder/2d_hg1_0/BatchNorm_6/renorm_d:0' shape=(192,) dtype=float32>,)
import/stereo/encoder/2d_hg1_0/BatchNorm_6/mul	(<tf.Tensor 'import/stereo/encoder/2d_hg1_0/BatchNorm_6/mul:0' shape=(192,) dtype=float32>,)
import/stereo/encoder/2d_hg1_0/BatchNorm_6/mul_1	(<tf.Tensor 'import/stereo/encoder/2d_hg1_0/BatchNorm_6/mul_1:0' shape=(192,) dtype=float32>,)
import/stereo/encoder/2d_hg1_0/BatchNorm_6/add_1	(<tf.Tensor 'import/stereo/encoder/2d_hg1_0/BatchNorm_6/add_1:0' shape=(192,) dtype=float32>,)
import/stereo/encoder/2d_hg1_0/BatchNorm_6/batchnorm/add/y	(<tf.Tensor 'import/stereo/encoder/2d_hg1_0/BatchNorm_6/batchnorm/add/y:0' shape=() dtype=float32>,)
import/stereo/encoder/2d_hg1_0/BatchNorm_6/batchnorm/add	(<tf.Tensor 'import/stereo/encoder/2d_hg1_0/BatchNorm_6/batchnorm/add:0' shape=(192,) dtype=float32>,)
import/stereo/encoder/2d_hg1_0/BatchNorm_6/batchnorm/Rsqrt	(<tf.Tensor 'import/stereo/encoder/2d_hg1_0/BatchNorm_6/batchnorm/Rsqrt:0' shape=(192,) dtype=float32>,)
import/stereo/encoder/2d_hg1_0/BatchNorm_6/batchnorm/mul	(<tf.Tensor 'import/stereo/encoder/2d_hg1_0/BatchNorm_6/batchnorm/mul:0' shape=(192,) dtype=float32>,)
import/stereo/encoder/2d_hg1_0/BatchNorm_6/batchnorm/mul_1	(<tf.Tensor 'import/stereo/encoder/2d_hg1_0/BatchNorm_6/batchnorm/mul_1:0' shape=(5, 8, 10, 192) dtype=float32>,)
import/stereo/encoder/2d_hg1_0/BatchNorm_6/batchnorm/mul_2	(<tf.Tensor 'import/stereo/encoder/2d_hg1_0/BatchNorm_6/batchnorm/mul_2:0' shape=(192,) dtype=float32>,)
import/stereo/encoder/2d_hg1_0/BatchNorm_6/batchnorm/sub	(<tf.Tensor 'import/stereo/encoder/2d_hg1_0/BatchNorm_6/batchnorm/sub:0' shape=(192,) dtype=float32>,)
import/stereo/encoder/2d_hg1_0/BatchNorm_6/batchnorm/add_1	(<tf.Tensor 'import/stereo/encoder/2d_hg1_0/BatchNorm_6/batchnorm/add_1:0' shape=(5, 8, 10, 192) dtype=float32>,)
import/stereo/encoder/2d_hg1_0/Relu_6	(<tf.Tensor 'import/stereo/encoder/2d_hg1_0/Relu_6:0' shape=(5, 8, 10, 192) dtype=float32>,)
import/stereo/encoder/2d_hg1_0/Conv_6/weights	(<tf.Tensor 'import/stereo/encoder/2d_hg1_0/Conv_6/weights:0' shape=(3, 3, 192, 192) dtype=float32>,)
import/stereo/encoder/2d_hg1_0/Conv_6/weights/read	(<tf.Tensor 'import/stereo/encoder/2d_hg1_0/Conv_6/weights/read:0' shape=(3, 3, 192, 192) dtype=float32>,)
import/stereo/encoder/2d_hg1_0/Conv_6/biases	(<tf.Tensor 'import/stereo/encoder/2d_hg1_0/Conv_6/biases:0' shape=(192,) dtype=float32>,)
import/stereo/encoder/2d_hg1_0/Conv_6/biases/read	(<tf.Tensor 'import/stereo/encoder/2d_hg1_0/Conv_6/biases/read:0' shape=(192,) dtype=float32>,)
import/stereo/encoder/2d_hg1_0/Conv_6/Conv2D	(<tf.Tensor 'import/stereo/encoder/2d_hg1_0/Conv_6/Conv2D:0' shape=(5, 8, 10, 192) dtype=float32>,)
import/stereo/encoder/2d_hg1_0/Conv_6/BiasAdd	(<tf.Tensor 'import/stereo/encoder/2d_hg1_0/Conv_6/BiasAdd:0' shape=(5, 8, 10, 192) dtype=float32>,)
import/stereo/encoder/2d_hg1_0/BatchNorm_7/gamma	(<tf.Tensor 'import/stereo/encoder/2d_hg1_0/BatchNorm_7/gamma:0' shape=(192,) dtype=float32>,)
import/stereo/encoder/2d_hg1_0/BatchNorm_7/gamma/read	(<tf.Tensor 'import/stereo/encoder/2d_hg1_0/BatchNorm_7/gamma/read:0' shape=(192,) dtype=float32>,)
import/stereo/encoder/2d_hg1_0/BatchNorm_7/beta	(<tf.Tensor 'import/stereo/encoder/2d_hg1_0/BatchNorm_7/beta:0' shape=(192,) dtype=float32>,)
import/stereo/encoder/2d_hg1_0/BatchNorm_7/beta/read	(<tf.Tensor 'import/stereo/encoder/2d_hg1_0/BatchNorm_7/beta/read:0' shape=(192,) dtype=float32>,)
import/stereo/encoder/2d_hg1_0/BatchNorm_7/moving_mean	(<tf.Tensor 'import/stereo/encoder/2d_hg1_0/BatchNorm_7/moving_mean:0' shape=(192,) dtype=float32>,)
import/stereo/encoder/2d_hg1_0/BatchNorm_7/moving_variance	(<tf.Tensor 'import/stereo/encoder/2d_hg1_0/BatchNorm_7/moving_variance:0' shape=(192,) dtype=float32>,)
import/stereo/encoder/2d_hg1_0/BatchNorm_7/renorm_mean	(<tf.Tensor 'import/stereo/encoder/2d_hg1_0/BatchNorm_7/renorm_mean:0' shape=(192,) dtype=float32>,)
import/stereo/encoder/2d_hg1_0/BatchNorm_7/renorm_mean/read	(<tf.Tensor 'import/stereo/encoder/2d_hg1_0/BatchNorm_7/renorm_mean/read:0' shape=(192,) dtype=float32>,)
import/stereo/encoder/2d_hg1_0/BatchNorm_7/renorm_stddev	(<tf.Tensor 'import/stereo/encoder/2d_hg1_0/BatchNorm_7/renorm_stddev:0' shape=(192,) dtype=float32>,)
import/stereo/encoder/2d_hg1_0/BatchNorm_7/renorm_stddev/read	(<tf.Tensor 'import/stereo/encoder/2d_hg1_0/BatchNorm_7/renorm_stddev/read:0' shape=(192,) dtype=float32>,)
import/stereo/encoder/2d_hg1_0/BatchNorm_7/moments/mean/reduction_indices	(<tf.Tensor 'import/stereo/encoder/2d_hg1_0/BatchNorm_7/moments/mean/reduction_indices:0' shape=(3,) dtype=int32>,)
import/stereo/encoder/2d_hg1_0/BatchNorm_7/moments/mean	(<tf.Tensor 'import/stereo/encoder/2d_hg1_0/BatchNorm_7/moments/mean:0' shape=(1, 1, 1, 192) dtype=float32>,)
import/stereo/encoder/2d_hg1_0/BatchNorm_7/moments/StopGradient	(<tf.Tensor 'import/stereo/encoder/2d_hg1_0/BatchNorm_7/moments/StopGradient:0' shape=(1, 1, 1, 192) dtype=float32>,)
import/stereo/encoder/2d_hg1_0/BatchNorm_7/moments/SquaredDifference	(<tf.Tensor 'import/stereo/encoder/2d_hg1_0/BatchNorm_7/moments/SquaredDifference:0' shape=(5, 8, 10, 192) dtype=float32>,)
import/stereo/encoder/2d_hg1_0/BatchNorm_7/moments/variance/reduction_indices	(<tf.Tensor 'import/stereo/encoder/2d_hg1_0/BatchNorm_7/moments/variance/reduction_indices:0' shape=(3,) dtype=int32>,)
import/stereo/encoder/2d_hg1_0/BatchNorm_7/moments/variance	(<tf.Tensor 'import/stereo/encoder/2d_hg1_0/BatchNorm_7/moments/variance:0' shape=(1, 1, 1, 192) dtype=float32>,)
import/stereo/encoder/2d_hg1_0/BatchNorm_7/moments/Squeeze	(<tf.Tensor 'import/stereo/encoder/2d_hg1_0/BatchNorm_7/moments/Squeeze:0' shape=(192,) dtype=float32>,)
import/stereo/encoder/2d_hg1_0/BatchNorm_7/moments/Squeeze_1	(<tf.Tensor 'import/stereo/encoder/2d_hg1_0/BatchNorm_7/moments/Squeeze_1:0' shape=(192,) dtype=float32>,)
import/stereo/encoder/2d_hg1_0/BatchNorm_7/add/y	(<tf.Tensor 'import/stereo/encoder/2d_hg1_0/BatchNorm_7/add/y:0' shape=() dtype=float32>,)
import/stereo/encoder/2d_hg1_0/BatchNorm_7/add	(<tf.Tensor 'import/stereo/encoder/2d_hg1_0/BatchNorm_7/add:0' shape=(192,) dtype=float32>,)
import/stereo/encoder/2d_hg1_0/BatchNorm_7/Sqrt	(<tf.Tensor 'import/stereo/encoder/2d_hg1_0/BatchNorm_7/Sqrt:0' shape=(192,) dtype=float32>,)
import/stereo/encoder/2d_hg1_0/BatchNorm_7/Sqrt_1/x	(<tf.Tensor 'import/stereo/encoder/2d_hg1_0/BatchNorm_7/Sqrt_1/x:0' shape=() dtype=float32>,)
import/stereo/encoder/2d_hg1_0/BatchNorm_7/Sqrt_1	(<tf.Tensor 'import/stereo/encoder/2d_hg1_0/BatchNorm_7/Sqrt_1:0' shape=() dtype=float32>,)
import/stereo/encoder/2d_hg1_0/BatchNorm_7/Maximum	(<tf.Tensor 'import/stereo/encoder/2d_hg1_0/BatchNorm_7/Maximum:0' shape=(192,) dtype=float32>,)
import/stereo/encoder/2d_hg1_0/BatchNorm_7/truediv	(<tf.Tensor 'import/stereo/encoder/2d_hg1_0/BatchNorm_7/truediv:0' shape=(192,) dtype=float32>,)
import/stereo/encoder/2d_hg1_0/BatchNorm_7/sub	(<tf.Tensor 'import/stereo/encoder/2d_hg1_0/BatchNorm_7/sub:0' shape=(192,) dtype=float32>,)
import/stereo/encoder/2d_hg1_0/BatchNorm_7/truediv_1	(<tf.Tensor 'import/stereo/encoder/2d_hg1_0/BatchNorm_7/truediv_1:0' shape=(192,) dtype=float32>,)
import/stereo/encoder/2d_hg1_0/BatchNorm_7/Maximum_1	(<tf.Tensor 'import/stereo/encoder/2d_hg1_0/BatchNorm_7/Maximum_1:0' shape=(192,) dtype=float32>,)
import/stereo/encoder/2d_hg1_0/BatchNorm_7/Minimum	(<tf.Tensor 'import/stereo/encoder/2d_hg1_0/BatchNorm_7/Minimum:0' shape=(192,) dtype=float32>,)
import/stereo/encoder/2d_hg1_0/BatchNorm_7/Neg	(<tf.Tensor 'import/stereo/encoder/2d_hg1_0/BatchNorm_7/Neg:0' shape=() dtype=float32>,)
import/stereo/encoder/2d_hg1_0/BatchNorm_7/Maximum_2	(<tf.Tensor 'import/stereo/encoder/2d_hg1_0/BatchNorm_7/Maximum_2:0' shape=(192,) dtype=float32>,)
import/stereo/encoder/2d_hg1_0/BatchNorm_7/Minimum_1	(<tf.Tensor 'import/stereo/encoder/2d_hg1_0/BatchNorm_7/Minimum_1:0' shape=(192,) dtype=float32>,)
import/stereo/encoder/2d_hg1_0/BatchNorm_7/renorm_r	(<tf.Tensor 'import/stereo/encoder/2d_hg1_0/BatchNorm_7/renorm_r:0' shape=(192,) dtype=float32>,)
import/stereo/encoder/2d_hg1_0/BatchNorm_7/renorm_d	(<tf.Tensor 'import/stereo/encoder/2d_hg1_0/BatchNorm_7/renorm_d:0' shape=(192,) dtype=float32>,)
import/stereo/encoder/2d_hg1_0/BatchNorm_7/mul	(<tf.Tensor 'import/stereo/encoder/2d_hg1_0/BatchNorm_7/mul:0' shape=(192,) dtype=float32>,)
import/stereo/encoder/2d_hg1_0/BatchNorm_7/mul_1	(<tf.Tensor 'import/stereo/encoder/2d_hg1_0/BatchNorm_7/mul_1:0' shape=(192,) dtype=float32>,)
import/stereo/encoder/2d_hg1_0/BatchNorm_7/add_1	(<tf.Tensor 'import/stereo/encoder/2d_hg1_0/BatchNorm_7/add_1:0' shape=(192,) dtype=float32>,)
import/stereo/encoder/2d_hg1_0/BatchNorm_7/batchnorm/add/y	(<tf.Tensor 'import/stereo/encoder/2d_hg1_0/BatchNorm_7/batchnorm/add/y:0' shape=() dtype=float32>,)
import/stereo/encoder/2d_hg1_0/BatchNorm_7/batchnorm/add	(<tf.Tensor 'import/stereo/encoder/2d_hg1_0/BatchNorm_7/batchnorm/add:0' shape=(192,) dtype=float32>,)
import/stereo/encoder/2d_hg1_0/BatchNorm_7/batchnorm/Rsqrt	(<tf.Tensor 'import/stereo/encoder/2d_hg1_0/BatchNorm_7/batchnorm/Rsqrt:0' shape=(192,) dtype=float32>,)
import/stereo/encoder/2d_hg1_0/BatchNorm_7/batchnorm/mul	(<tf.Tensor 'import/stereo/encoder/2d_hg1_0/BatchNorm_7/batchnorm/mul:0' shape=(192,) dtype=float32>,)
import/stereo/encoder/2d_hg1_0/BatchNorm_7/batchnorm/mul_1	(<tf.Tensor 'import/stereo/encoder/2d_hg1_0/BatchNorm_7/batchnorm/mul_1:0' shape=(5, 8, 10, 192) dtype=float32>,)
import/stereo/encoder/2d_hg1_0/BatchNorm_7/batchnorm/mul_2	(<tf.Tensor 'import/stereo/encoder/2d_hg1_0/BatchNorm_7/batchnorm/mul_2:0' shape=(192,) dtype=float32>,)
import/stereo/encoder/2d_hg1_0/BatchNorm_7/batchnorm/sub	(<tf.Tensor 'import/stereo/encoder/2d_hg1_0/BatchNorm_7/batchnorm/sub:0' shape=(192,) dtype=float32>,)
import/stereo/encoder/2d_hg1_0/BatchNorm_7/batchnorm/add_1	(<tf.Tensor 'import/stereo/encoder/2d_hg1_0/BatchNorm_7/batchnorm/add_1:0' shape=(5, 8, 10, 192) dtype=float32>,)
import/stereo/encoder/2d_hg1_0/Relu_7	(<tf.Tensor 'import/stereo/encoder/2d_hg1_0/Relu_7:0' shape=(5, 8, 10, 192) dtype=float32>,)
import/stereo/encoder/2d_hg1_0/Conv_7/weights	(<tf.Tensor 'import/stereo/encoder/2d_hg1_0/Conv_7/weights:0' shape=(3, 3, 192, 128) dtype=float32>,)
import/stereo/encoder/2d_hg1_0/Conv_7/weights/read	(<tf.Tensor 'import/stereo/encoder/2d_hg1_0/Conv_7/weights/read:0' shape=(3, 3, 192, 128) dtype=float32>,)
import/stereo/encoder/2d_hg1_0/Conv_7/biases	(<tf.Tensor 'import/stereo/encoder/2d_hg1_0/Conv_7/biases:0' shape=(128,) dtype=float32>,)
import/stereo/encoder/2d_hg1_0/Conv_7/biases/read	(<tf.Tensor 'import/stereo/encoder/2d_hg1_0/Conv_7/biases/read:0' shape=(128,) dtype=float32>,)
import/stereo/encoder/2d_hg1_0/Conv_7/Conv2D	(<tf.Tensor 'import/stereo/encoder/2d_hg1_0/Conv_7/Conv2D:0' shape=(5, 8, 10, 128) dtype=float32>,)
import/stereo/encoder/2d_hg1_0/Conv_7/BiasAdd	(<tf.Tensor 'import/stereo/encoder/2d_hg1_0/Conv_7/BiasAdd:0' shape=(5, 8, 10, 128) dtype=float32>,)
import/stereo/encoder/2d_hg1_0/Shape	(<tf.Tensor 'import/stereo/encoder/2d_hg1_0/Shape:0' shape=(4,) dtype=int32>,)
import/stereo/encoder/2d_hg1_0/unstack	(<tf.Tensor 'import/stereo/encoder/2d_hg1_0/unstack:0' shape=() dtype=int32>, <tf.Tensor 'import/stereo/encoder/2d_hg1_0/unstack:1' shape=() dtype=int32>, <tf.Tensor 'import/stereo/encoder/2d_hg1_0/unstack:2' shape=() dtype=int32>, <tf.Tensor 'import/stereo/encoder/2d_hg1_0/unstack:3' shape=() dtype=int32>)
import/stereo/encoder/2d_hg1_0/Shape_1	(<tf.Tensor 'import/stereo/encoder/2d_hg1_0/Shape_1:0' shape=(4,) dtype=int32>,)
import/stereo/encoder/2d_hg1_0/unstack_1	(<tf.Tensor 'import/stereo/encoder/2d_hg1_0/unstack_1:0' shape=() dtype=int32>, <tf.Tensor 'import/stereo/encoder/2d_hg1_0/unstack_1:1' shape=() dtype=int32>, <tf.Tensor 'import/stereo/encoder/2d_hg1_0/unstack_1:2' shape=() dtype=int32>, <tf.Tensor 'import/stereo/encoder/2d_hg1_0/unstack_1:3' shape=() dtype=int32>)
import/stereo/encoder/2d_hg1_0/Tile/multiples	(<tf.Tensor 'import/stereo/encoder/2d_hg1_0/Tile/multiples:0' shape=(4,) dtype=int32>,)
import/stereo/encoder/2d_hg1_0/Tile	(<tf.Tensor 'import/stereo/encoder/2d_hg1_0/Tile:0' shape=(5, 8, 20, 256) dtype=float32>,)
import/stereo/encoder/2d_hg1_0/mul/x	(<tf.Tensor 'import/stereo/encoder/2d_hg1_0/mul/x:0' shape=() dtype=int32>,)
import/stereo/encoder/2d_hg1_0/mul	(<tf.Tensor 'import/stereo/encoder/2d_hg1_0/mul:0' shape=() dtype=int32>,)
import/stereo/encoder/2d_hg1_0/mul_1/x	(<tf.Tensor 'import/stereo/encoder/2d_hg1_0/mul_1/x:0' shape=() dtype=int32>,)
import/stereo/encoder/2d_hg1_0/mul_1	(<tf.Tensor 'import/stereo/encoder/2d_hg1_0/mul_1:0' shape=() dtype=int32>,)
import/stereo/encoder/2d_hg1_0/Reshape/shape/3	(<tf.Tensor 'import/stereo/encoder/2d_hg1_0/Reshape/shape/3:0' shape=() dtype=int32>,)
import/stereo/encoder/2d_hg1_0/Reshape/shape	(<tf.Tensor 'import/stereo/encoder/2d_hg1_0/Reshape/shape:0' shape=(4,) dtype=int32>,)
import/stereo/encoder/2d_hg1_0/Reshape	(<tf.Tensor 'import/stereo/encoder/2d_hg1_0/Reshape:0' shape=(5, 16, 20, 128) dtype=float32>,)
import/stereo/encoder/2d_hg1_0/strided_slice/stack	(<tf.Tensor 'import/stereo/encoder/2d_hg1_0/strided_slice/stack:0' shape=(3,) dtype=int32>,)
import/stereo/encoder/2d_hg1_0/strided_slice/stack_1/0	(<tf.Tensor 'import/stereo/encoder/2d_hg1_0/strided_slice/stack_1/0:0' shape=() dtype=int32>,)
import/stereo/encoder/2d_hg1_0/strided_slice/stack_1	(<tf.Tensor 'import/stereo/encoder/2d_hg1_0/strided_slice/stack_1:0' shape=(3,) dtype=int32>,)
import/stereo/encoder/2d_hg1_0/strided_slice/stack_2	(<tf.Tensor 'import/stereo/encoder/2d_hg1_0/strided_slice/stack_2:0' shape=(3,) dtype=int32>,)
import/stereo/encoder/2d_hg1_0/strided_slice	(<tf.Tensor 'import/stereo/encoder/2d_hg1_0/strided_slice:0' shape=(5, 15, 20, 128) dtype=float32>,)
import/stereo/encoder/2d_hg1_0/add_2	(<tf.Tensor 'import/stereo/encoder/2d_hg1_0/add_2:0' shape=(5, 15, 20, 128) dtype=float32>,)
import/stereo/encoder/2d_hg1_0/BatchNorm_8/gamma	(<tf.Tensor 'import/stereo/encoder/2d_hg1_0/BatchNorm_8/gamma:0' shape=(128,) dtype=float32>,)
import/stereo/encoder/2d_hg1_0/BatchNorm_8/gamma/read	(<tf.Tensor 'import/stereo/encoder/2d_hg1_0/BatchNorm_8/gamma/read:0' shape=(128,) dtype=float32>,)
import/stereo/encoder/2d_hg1_0/BatchNorm_8/beta	(<tf.Tensor 'import/stereo/encoder/2d_hg1_0/BatchNorm_8/beta:0' shape=(128,) dtype=float32>,)
import/stereo/encoder/2d_hg1_0/BatchNorm_8/beta/read	(<tf.Tensor 'import/stereo/encoder/2d_hg1_0/BatchNorm_8/beta/read:0' shape=(128,) dtype=float32>,)
import/stereo/encoder/2d_hg1_0/BatchNorm_8/moving_mean	(<tf.Tensor 'import/stereo/encoder/2d_hg1_0/BatchNorm_8/moving_mean:0' shape=(128,) dtype=float32>,)
import/stereo/encoder/2d_hg1_0/BatchNorm_8/moving_variance	(<tf.Tensor 'import/stereo/encoder/2d_hg1_0/BatchNorm_8/moving_variance:0' shape=(128,) dtype=float32>,)
import/stereo/encoder/2d_hg1_0/BatchNorm_8/renorm_mean	(<tf.Tensor 'import/stereo/encoder/2d_hg1_0/BatchNorm_8/renorm_mean:0' shape=(128,) dtype=float32>,)
import/stereo/encoder/2d_hg1_0/BatchNorm_8/renorm_mean/read	(<tf.Tensor 'import/stereo/encoder/2d_hg1_0/BatchNorm_8/renorm_mean/read:0' shape=(128,) dtype=float32>,)
import/stereo/encoder/2d_hg1_0/BatchNorm_8/renorm_stddev	(<tf.Tensor 'import/stereo/encoder/2d_hg1_0/BatchNorm_8/renorm_stddev:0' shape=(128,) dtype=float32>,)
import/stereo/encoder/2d_hg1_0/BatchNorm_8/renorm_stddev/read	(<tf.Tensor 'import/stereo/encoder/2d_hg1_0/BatchNorm_8/renorm_stddev/read:0' shape=(128,) dtype=float32>,)
import/stereo/encoder/2d_hg1_0/BatchNorm_8/moments/mean/reduction_indices	(<tf.Tensor 'import/stereo/encoder/2d_hg1_0/BatchNorm_8/moments/mean/reduction_indices:0' shape=(3,) dtype=int32>,)
import/stereo/encoder/2d_hg1_0/BatchNorm_8/moments/mean	(<tf.Tensor 'import/stereo/encoder/2d_hg1_0/BatchNorm_8/moments/mean:0' shape=(1, 1, 1, 128) dtype=float32>,)
import/stereo/encoder/2d_hg1_0/BatchNorm_8/moments/StopGradient	(<tf.Tensor 'import/stereo/encoder/2d_hg1_0/BatchNorm_8/moments/StopGradient:0' shape=(1, 1, 1, 128) dtype=float32>,)
import/stereo/encoder/2d_hg1_0/BatchNorm_8/moments/SquaredDifference	(<tf.Tensor 'import/stereo/encoder/2d_hg1_0/BatchNorm_8/moments/SquaredDifference:0' shape=(5, 15, 20, 128) dtype=float32>,)
import/stereo/encoder/2d_hg1_0/BatchNorm_8/moments/variance/reduction_indices	(<tf.Tensor 'import/stereo/encoder/2d_hg1_0/BatchNorm_8/moments/variance/reduction_indices:0' shape=(3,) dtype=int32>,)
import/stereo/encoder/2d_hg1_0/BatchNorm_8/moments/variance	(<tf.Tensor 'import/stereo/encoder/2d_hg1_0/BatchNorm_8/moments/variance:0' shape=(1, 1, 1, 128) dtype=float32>,)
import/stereo/encoder/2d_hg1_0/BatchNorm_8/moments/Squeeze	(<tf.Tensor 'import/stereo/encoder/2d_hg1_0/BatchNorm_8/moments/Squeeze:0' shape=(128,) dtype=float32>,)
import/stereo/encoder/2d_hg1_0/BatchNorm_8/moments/Squeeze_1	(<tf.Tensor 'import/stereo/encoder/2d_hg1_0/BatchNorm_8/moments/Squeeze_1:0' shape=(128,) dtype=float32>,)
import/stereo/encoder/2d_hg1_0/BatchNorm_8/add/y	(<tf.Tensor 'import/stereo/encoder/2d_hg1_0/BatchNorm_8/add/y:0' shape=() dtype=float32>,)
import/stereo/encoder/2d_hg1_0/BatchNorm_8/add	(<tf.Tensor 'import/stereo/encoder/2d_hg1_0/BatchNorm_8/add:0' shape=(128,) dtype=float32>,)
import/stereo/encoder/2d_hg1_0/BatchNorm_8/Sqrt	(<tf.Tensor 'import/stereo/encoder/2d_hg1_0/BatchNorm_8/Sqrt:0' shape=(128,) dtype=float32>,)
import/stereo/encoder/2d_hg1_0/BatchNorm_8/Sqrt_1/x	(<tf.Tensor 'import/stereo/encoder/2d_hg1_0/BatchNorm_8/Sqrt_1/x:0' shape=() dtype=float32>,)
import/stereo/encoder/2d_hg1_0/BatchNorm_8/Sqrt_1	(<tf.Tensor 'import/stereo/encoder/2d_hg1_0/BatchNorm_8/Sqrt_1:0' shape=() dtype=float32>,)
import/stereo/encoder/2d_hg1_0/BatchNorm_8/Maximum	(<tf.Tensor 'import/stereo/encoder/2d_hg1_0/BatchNorm_8/Maximum:0' shape=(128,) dtype=float32>,)
import/stereo/encoder/2d_hg1_0/BatchNorm_8/truediv	(<tf.Tensor 'import/stereo/encoder/2d_hg1_0/BatchNorm_8/truediv:0' shape=(128,) dtype=float32>,)
import/stereo/encoder/2d_hg1_0/BatchNorm_8/sub	(<tf.Tensor 'import/stereo/encoder/2d_hg1_0/BatchNorm_8/sub:0' shape=(128,) dtype=float32>,)
import/stereo/encoder/2d_hg1_0/BatchNorm_8/truediv_1	(<tf.Tensor 'import/stereo/encoder/2d_hg1_0/BatchNorm_8/truediv_1:0' shape=(128,) dtype=float32>,)
import/stereo/encoder/2d_hg1_0/BatchNorm_8/Maximum_1	(<tf.Tensor 'import/stereo/encoder/2d_hg1_0/BatchNorm_8/Maximum_1:0' shape=(128,) dtype=float32>,)
import/stereo/encoder/2d_hg1_0/BatchNorm_8/Minimum	(<tf.Tensor 'import/stereo/encoder/2d_hg1_0/BatchNorm_8/Minimum:0' shape=(128,) dtype=float32>,)
import/stereo/encoder/2d_hg1_0/BatchNorm_8/Neg	(<tf.Tensor 'import/stereo/encoder/2d_hg1_0/BatchNorm_8/Neg:0' shape=() dtype=float32>,)
import/stereo/encoder/2d_hg1_0/BatchNorm_8/Maximum_2	(<tf.Tensor 'import/stereo/encoder/2d_hg1_0/BatchNorm_8/Maximum_2:0' shape=(128,) dtype=float32>,)
import/stereo/encoder/2d_hg1_0/BatchNorm_8/Minimum_1	(<tf.Tensor 'import/stereo/encoder/2d_hg1_0/BatchNorm_8/Minimum_1:0' shape=(128,) dtype=float32>,)
import/stereo/encoder/2d_hg1_0/BatchNorm_8/renorm_r	(<tf.Tensor 'import/stereo/encoder/2d_hg1_0/BatchNorm_8/renorm_r:0' shape=(128,) dtype=float32>,)
import/stereo/encoder/2d_hg1_0/BatchNorm_8/renorm_d	(<tf.Tensor 'import/stereo/encoder/2d_hg1_0/BatchNorm_8/renorm_d:0' shape=(128,) dtype=float32>,)
import/stereo/encoder/2d_hg1_0/BatchNorm_8/mul	(<tf.Tensor 'import/stereo/encoder/2d_hg1_0/BatchNorm_8/mul:0' shape=(128,) dtype=float32>,)
import/stereo/encoder/2d_hg1_0/BatchNorm_8/mul_1	(<tf.Tensor 'import/stereo/encoder/2d_hg1_0/BatchNorm_8/mul_1:0' shape=(128,) dtype=float32>,)
import/stereo/encoder/2d_hg1_0/BatchNorm_8/add_1	(<tf.Tensor 'import/stereo/encoder/2d_hg1_0/BatchNorm_8/add_1:0' shape=(128,) dtype=float32>,)
import/stereo/encoder/2d_hg1_0/BatchNorm_8/batchnorm/add/y	(<tf.Tensor 'import/stereo/encoder/2d_hg1_0/BatchNorm_8/batchnorm/add/y:0' shape=() dtype=float32>,)
import/stereo/encoder/2d_hg1_0/BatchNorm_8/batchnorm/add	(<tf.Tensor 'import/stereo/encoder/2d_hg1_0/BatchNorm_8/batchnorm/add:0' shape=(128,) dtype=float32>,)
import/stereo/encoder/2d_hg1_0/BatchNorm_8/batchnorm/Rsqrt	(<tf.Tensor 'import/stereo/encoder/2d_hg1_0/BatchNorm_8/batchnorm/Rsqrt:0' shape=(128,) dtype=float32>,)
import/stereo/encoder/2d_hg1_0/BatchNorm_8/batchnorm/mul	(<tf.Tensor 'import/stereo/encoder/2d_hg1_0/BatchNorm_8/batchnorm/mul:0' shape=(128,) dtype=float32>,)
import/stereo/encoder/2d_hg1_0/BatchNorm_8/batchnorm/mul_1	(<tf.Tensor 'import/stereo/encoder/2d_hg1_0/BatchNorm_8/batchnorm/mul_1:0' shape=(5, 15, 20, 128) dtype=float32>,)
import/stereo/encoder/2d_hg1_0/BatchNorm_8/batchnorm/mul_2	(<tf.Tensor 'import/stereo/encoder/2d_hg1_0/BatchNorm_8/batchnorm/mul_2:0' shape=(128,) dtype=float32>,)
import/stereo/encoder/2d_hg1_0/BatchNorm_8/batchnorm/sub	(<tf.Tensor 'import/stereo/encoder/2d_hg1_0/BatchNorm_8/batchnorm/sub:0' shape=(128,) dtype=float32>,)
import/stereo/encoder/2d_hg1_0/BatchNorm_8/batchnorm/add_1	(<tf.Tensor 'import/stereo/encoder/2d_hg1_0/BatchNorm_8/batchnorm/add_1:0' shape=(5, 15, 20, 128) dtype=float32>,)
import/stereo/encoder/2d_hg1_0/Relu_8	(<tf.Tensor 'import/stereo/encoder/2d_hg1_0/Relu_8:0' shape=(5, 15, 20, 128) dtype=float32>,)
import/stereo/encoder/2d_hg1_0/Conv_8/weights	(<tf.Tensor 'import/stereo/encoder/2d_hg1_0/Conv_8/weights:0' shape=(3, 3, 128, 64) dtype=float32>,)
import/stereo/encoder/2d_hg1_0/Conv_8/weights/read	(<tf.Tensor 'import/stereo/encoder/2d_hg1_0/Conv_8/weights/read:0' shape=(3, 3, 128, 64) dtype=float32>,)
import/stereo/encoder/2d_hg1_0/Conv_8/biases	(<tf.Tensor 'import/stereo/encoder/2d_hg1_0/Conv_8/biases:0' shape=(64,) dtype=float32>,)
import/stereo/encoder/2d_hg1_0/Conv_8/biases/read	(<tf.Tensor 'import/stereo/encoder/2d_hg1_0/Conv_8/biases/read:0' shape=(64,) dtype=float32>,)
import/stereo/encoder/2d_hg1_0/Conv_8/Conv2D	(<tf.Tensor 'import/stereo/encoder/2d_hg1_0/Conv_8/Conv2D:0' shape=(5, 15, 20, 64) dtype=float32>,)
import/stereo/encoder/2d_hg1_0/Conv_8/BiasAdd	(<tf.Tensor 'import/stereo/encoder/2d_hg1_0/Conv_8/BiasAdd:0' shape=(5, 15, 20, 64) dtype=float32>,)
import/stereo/encoder/2d_hg1_0/Shape_2	(<tf.Tensor 'import/stereo/encoder/2d_hg1_0/Shape_2:0' shape=(4,) dtype=int32>,)
import/stereo/encoder/2d_hg1_0/unstack_2	(<tf.Tensor 'import/stereo/encoder/2d_hg1_0/unstack_2:0' shape=() dtype=int32>, <tf.Tensor 'import/stereo/encoder/2d_hg1_0/unstack_2:1' shape=() dtype=int32>, <tf.Tensor 'import/stereo/encoder/2d_hg1_0/unstack_2:2' shape=() dtype=int32>, <tf.Tensor 'import/stereo/encoder/2d_hg1_0/unstack_2:3' shape=() dtype=int32>)
import/stereo/encoder/2d_hg1_0/Shape_3	(<tf.Tensor 'import/stereo/encoder/2d_hg1_0/Shape_3:0' shape=(4,) dtype=int32>,)
import/stereo/encoder/2d_hg1_0/unstack_3	(<tf.Tensor 'import/stereo/encoder/2d_hg1_0/unstack_3:0' shape=() dtype=int32>, <tf.Tensor 'import/stereo/encoder/2d_hg1_0/unstack_3:1' shape=() dtype=int32>, <tf.Tensor 'import/stereo/encoder/2d_hg1_0/unstack_3:2' shape=() dtype=int32>, <tf.Tensor 'import/stereo/encoder/2d_hg1_0/unstack_3:3' shape=() dtype=int32>)
import/stereo/encoder/2d_hg1_0/Tile_1/multiples	(<tf.Tensor 'import/stereo/encoder/2d_hg1_0/Tile_1/multiples:0' shape=(4,) dtype=int32>,)
import/stereo/encoder/2d_hg1_0/Tile_1	(<tf.Tensor 'import/stereo/encoder/2d_hg1_0/Tile_1:0' shape=(5, 15, 40, 128) dtype=float32>,)
import/stereo/encoder/2d_hg1_0/mul_3/x	(<tf.Tensor 'import/stereo/encoder/2d_hg1_0/mul_3/x:0' shape=() dtype=int32>,)
import/stereo/encoder/2d_hg1_0/mul_3	(<tf.Tensor 'import/stereo/encoder/2d_hg1_0/mul_3:0' shape=() dtype=int32>,)
import/stereo/encoder/2d_hg1_0/mul_4/x	(<tf.Tensor 'import/stereo/encoder/2d_hg1_0/mul_4/x:0' shape=() dtype=int32>,)
import/stereo/encoder/2d_hg1_0/mul_4	(<tf.Tensor 'import/stereo/encoder/2d_hg1_0/mul_4:0' shape=() dtype=int32>,)
import/stereo/encoder/2d_hg1_0/Reshape_1/shape/3	(<tf.Tensor 'import/stereo/encoder/2d_hg1_0/Reshape_1/shape/3:0' shape=() dtype=int32>,)
import/stereo/encoder/2d_hg1_0/Reshape_1/shape	(<tf.Tensor 'import/stereo/encoder/2d_hg1_0/Reshape_1/shape:0' shape=(4,) dtype=int32>,)
import/stereo/encoder/2d_hg1_0/Reshape_1	(<tf.Tensor 'import/stereo/encoder/2d_hg1_0/Reshape_1:0' shape=(5, 30, 40, 64) dtype=float32>,)
import/stereo/encoder/2d_hg1_0/strided_slice_1/stack	(<tf.Tensor 'import/stereo/encoder/2d_hg1_0/strided_slice_1/stack:0' shape=(3,) dtype=int32>,)
import/stereo/encoder/2d_hg1_0/strided_slice_1/stack_1/0	(<tf.Tensor 'import/stereo/encoder/2d_hg1_0/strided_slice_1/stack_1/0:0' shape=() dtype=int32>,)
import/stereo/encoder/2d_hg1_0/strided_slice_1/stack_1	(<tf.Tensor 'import/stereo/encoder/2d_hg1_0/strided_slice_1/stack_1:0' shape=(3,) dtype=int32>,)
import/stereo/encoder/2d_hg1_0/strided_slice_1/stack_2	(<tf.Tensor 'import/stereo/encoder/2d_hg1_0/strided_slice_1/stack_2:0' shape=(3,) dtype=int32>,)
import/stereo/encoder/2d_hg1_0/strided_slice_1	(<tf.Tensor 'import/stereo/encoder/2d_hg1_0/strided_slice_1:0' shape=(5, 30, 40, 64) dtype=float32>,)
import/stereo/encoder/2d_hg1_0/add_3	(<tf.Tensor 'import/stereo/encoder/2d_hg1_0/add_3:0' shape=(5, 30, 40, 64) dtype=float32>,)
import/stereo/encoder/Conv_27/weights	(<tf.Tensor 'import/stereo/encoder/Conv_27/weights:0' shape=(1, 1, 64, 32) dtype=float32>,)
import/stereo/encoder/Conv_27/weights/read	(<tf.Tensor 'import/stereo/encoder/Conv_27/weights/read:0' shape=(1, 1, 64, 32) dtype=float32>,)
import/stereo/encoder/Conv_27/biases	(<tf.Tensor 'import/stereo/encoder/Conv_27/biases:0' shape=(32,) dtype=float32>,)
import/stereo/encoder/Conv_27/biases/read	(<tf.Tensor 'import/stereo/encoder/Conv_27/biases/read:0' shape=(32,) dtype=float32>,)
import/stereo/encoder/Conv_27/Conv2D	(<tf.Tensor 'import/stereo/encoder/Conv_27/Conv2D:0' shape=(5, 30, 40, 32) dtype=float32>,)
import/stereo/encoder/Conv_27/BiasAdd	(<tf.Tensor 'import/stereo/encoder/Conv_27/BiasAdd:0' shape=(5, 30, 40, 32) dtype=float32>,)
import/stereo/floordiv/y	(<tf.Tensor 'import/stereo/floordiv/y:0' shape=() dtype=int32>,)
import/stereo/floordiv	(<tf.Tensor 'import/stereo/floordiv:0' shape=() dtype=int32>,)
import/stereo/floordiv_1/y	(<tf.Tensor 'import/stereo/floordiv_1/y:0' shape=() dtype=int32>,)
import/stereo/floordiv_1	(<tf.Tensor 'import/stereo/floordiv_1:0' shape=() dtype=int32>,)
import/stereo/Reshape_1/shape/4	(<tf.Tensor 'import/stereo/Reshape_1/shape/4:0' shape=() dtype=int32>,)
import/stereo/Reshape_1/shape	(<tf.Tensor 'import/stereo/Reshape_1/shape:0' shape=(5,) dtype=int32>,)
import/stereo/Reshape_1	(<tf.Tensor 'import/stereo/Reshape_1:0' shape=(1, 5, 30, 40, 32) dtype=float32>,)
import/stereo/Shape_1	(<tf.Tensor 'import/stereo/Shape_1:0' shape=(5,) dtype=int32>,)
import/stereo/unstack_1	(<tf.Tensor 'import/stereo/unstack_1:0' shape=() dtype=int32>, <tf.Tensor 'import/stereo/unstack_1:1' shape=() dtype=int32>, <tf.Tensor 'import/stereo/unstack_1:2' shape=() dtype=int32>, <tf.Tensor 'import/stereo/unstack_1:3' shape=() dtype=int32>, <tf.Tensor 'import/stereo/unstack_1:4' shape=() dtype=int32>)
import/stereo/Reshape_2/shape	(<tf.Tensor 'import/stereo/Reshape_2/shape:0' shape=(5,) dtype=int32>,)
import/stereo/Reshape_2	(<tf.Tensor 'import/stereo/Reshape_2:0' shape=(1, 1, 32, 1, 1) dtype=float32>,)
import/stereo/Tile/multiples/1	(<tf.Tensor 'import/stereo/Tile/multiples/1:0' shape=() dtype=int32>,)
import/stereo/Tile/multiples/2	(<tf.Tensor 'import/stereo/Tile/multiples/2:0' shape=() dtype=int32>,)
import/stereo/Tile/multiples	(<tf.Tensor 'import/stereo/Tile/multiples:0' shape=(5,) dtype=int32>,)
import/stereo/Tile	(<tf.Tensor 'import/stereo/Tile:0' shape=(1, 1, 32, 30, 40) dtype=float32>,)
import/stereo/range/start	(<tf.Tensor 'import/stereo/range/start:0' shape=() dtype=int32>,)
import/stereo/range/limit	(<tf.Tensor 'import/stereo/range/limit:0' shape=() dtype=int32>,)
import/stereo/range/delta	(<tf.Tensor 'import/stereo/range/delta:0' shape=() dtype=int32>,)
import/stereo/range	(<tf.Tensor 'import/stereo/range:0' shape=(1,) dtype=int32>,)
import/stereo/range_1/start	(<tf.Tensor 'import/stereo/range_1/start:0' shape=() dtype=int32>,)
import/stereo/range_1/delta	(<tf.Tensor 'import/stereo/range_1/delta:0' shape=() dtype=int32>,)
import/stereo/range_1	(<tf.Tensor 'import/stereo/range_1:0' shape=(4,) dtype=int32>,)
import/stereo/meshgrid/Reshape/shape	(<tf.Tensor 'import/stereo/meshgrid/Reshape/shape:0' shape=(2,) dtype=int32>,)
import/stereo/meshgrid/Reshape	(<tf.Tensor 'import/stereo/meshgrid/Reshape:0' shape=(1, 1) dtype=int32>,)
import/stereo/meshgrid/Reshape_1/shape	(<tf.Tensor 'import/stereo/meshgrid/Reshape_1/shape:0' shape=(2,) dtype=int32>,)
import/stereo/meshgrid/Reshape_1	(<tf.Tensor 'import/stereo/meshgrid/Reshape_1:0' shape=(1, 4) dtype=int32>,)
import/stereo/meshgrid/Size	(<tf.Tensor 'import/stereo/meshgrid/Size:0' shape=() dtype=int32>,)
import/stereo/meshgrid/Size_1	(<tf.Tensor 'import/stereo/meshgrid/Size_1:0' shape=() dtype=int32>,)
import/stereo/meshgrid/Reshape_2/shape	(<tf.Tensor 'import/stereo/meshgrid/Reshape_2/shape:0' shape=(2,) dtype=int32>,)
import/stereo/meshgrid/Reshape_2	(<tf.Tensor 'import/stereo/meshgrid/Reshape_2:0' shape=(1, 1) dtype=int32>,)
import/stereo/meshgrid/Reshape_3/shape	(<tf.Tensor 'import/stereo/meshgrid/Reshape_3/shape:0' shape=(2,) dtype=int32>,)
import/stereo/meshgrid/Reshape_3	(<tf.Tensor 'import/stereo/meshgrid/Reshape_3:0' shape=(4, 1) dtype=int32>,)
import/stereo/meshgrid/ones/packed	(<tf.Tensor 'import/stereo/meshgrid/ones/packed:0' shape=(2,) dtype=int32>,)
import/stereo/meshgrid/ones/Const	(<tf.Tensor 'import/stereo/meshgrid/ones/Const:0' shape=() dtype=int32>,)
import/stereo/meshgrid/ones	(<tf.Tensor 'import/stereo/meshgrid/ones:0' shape=(4, 1) dtype=int32>,)
import/stereo/meshgrid/mul	(<tf.Tensor 'import/stereo/meshgrid/mul:0' shape=(4, 1) dtype=int32>,)
import/stereo/meshgrid/mul_1	(<tf.Tensor 'import/stereo/meshgrid/mul_1:0' shape=(4, 1) dtype=int32>,)
import/stereo/Reshape_3/shape	(<tf.Tensor 'import/stereo/Reshape_3/shape:0' shape=(1,) dtype=int32>,)
import/stereo/Reshape_3	(<tf.Tensor 'import/stereo/Reshape_3:0' shape=(4,) dtype=int32>,)
import/stereo/Reshape_4/shape	(<tf.Tensor 'import/stereo/Reshape_4/shape:0' shape=(1,) dtype=int32>,)
import/stereo/Reshape_4	(<tf.Tensor 'import/stereo/Reshape_4:0' shape=(4,) dtype=int32>,)
import/stereo/GatherV2/axis	(<tf.Tensor 'import/stereo/GatherV2/axis:0' shape=() dtype=int32>,)
import/stereo/GatherV2	(<tf.Tensor 'import/stereo/GatherV2:0' shape=<unknown> dtype=float32>,)
import/stereo/GatherV2_1/axis	(<tf.Tensor 'import/stereo/GatherV2_1/axis:0' shape=() dtype=int32>,)
import/stereo/GatherV2_1	(<tf.Tensor 'import/stereo/GatherV2_1:0' shape=<unknown> dtype=float32>,)
import/stereo/Shape_2	(<tf.Tensor 'import/stereo/Shape_2:0' shape=(4,) dtype=int32>,)
import/stereo/Reshape_5/shape	(<tf.Tensor 'import/stereo/Reshape_5/shape:0' shape=(3,) dtype=int32>,)
import/stereo/Reshape_5	(<tf.Tensor 'import/stereo/Reshape_5:0' shape=(?, 4, 4) dtype=float32>,)
import/stereo/strided_slice/stack	(<tf.Tensor 'import/stereo/strided_slice/stack:0' shape=(3,) dtype=int32>,)
import/stereo/strided_slice/stack_1	(<tf.Tensor 'import/stereo/strided_slice/stack_1:0' shape=(3,) dtype=int32>,)
import/stereo/strided_slice/stack_2	(<tf.Tensor 'import/stereo/strided_slice/stack_2:0' shape=(3,) dtype=int32>,)
import/stereo/strided_slice	(<tf.Tensor 'import/stereo/strided_slice:0' shape=(?, 3, 3) dtype=float32>,)
import/stereo/strided_slice_1/stack	(<tf.Tensor 'import/stereo/strided_slice_1/stack:0' shape=(3,) dtype=int32>,)
import/stereo/strided_slice_1/stack_1	(<tf.Tensor 'import/stereo/strided_slice_1/stack_1:0' shape=(3,) dtype=int32>,)
import/stereo/strided_slice_1/stack_2	(<tf.Tensor 'import/stereo/strided_slice_1/stack_2:0' shape=(3,) dtype=int32>,)
import/stereo/strided_slice_1	(<tf.Tensor 'import/stereo/strided_slice_1:0' shape=(?, 3, 1) dtype=float32>,)
import/stereo/transpose/perm	(<tf.Tensor 'import/stereo/transpose/perm:0' shape=(3,) dtype=int32>,)
import/stereo/transpose	(<tf.Tensor 'import/stereo/transpose:0' shape=(?, 3, 3) dtype=float32>,)
import/stereo/MatMul	(<tf.Tensor 'import/stereo/MatMul:0' shape=(?, 3, 1) dtype=float32>,)
import/stereo/Neg	(<tf.Tensor 'import/stereo/Neg:0' shape=(?, 3, 1) dtype=float32>,)
import/stereo/Const	(<tf.Tensor 'import/stereo/Const:0' shape=(4,) dtype=float32>,)
import/stereo/Reshape_6/shape	(<tf.Tensor 'import/stereo/Reshape_6/shape:0' shape=(3,) dtype=int32>,)
import/stereo/Reshape_6	(<tf.Tensor 'import/stereo/Reshape_6:0' shape=(1, 1, 4) dtype=float32>,)
import/stereo/Shape_3	(<tf.Tensor 'import/stereo/Shape_3:0' shape=(3,) dtype=int32>,)
import/stereo/strided_slice_2/stack	(<tf.Tensor 'import/stereo/strided_slice_2/stack:0' shape=(1,) dtype=int32>,)
import/stereo/strided_slice_2/stack_1	(<tf.Tensor 'import/stereo/strided_slice_2/stack_1:0' shape=(1,) dtype=int32>,)
import/stereo/strided_slice_2/stack_2	(<tf.Tensor 'import/stereo/strided_slice_2/stack_2:0' shape=(1,) dtype=int32>,)
import/stereo/strided_slice_2	(<tf.Tensor 'import/stereo/strided_slice_2:0' shape=() dtype=int32>,)
import/stereo/Tile_1/multiples/1	(<tf.Tensor 'import/stereo/Tile_1/multiples/1:0' shape=() dtype=int32>,)
import/stereo/Tile_1/multiples/2	(<tf.Tensor 'import/stereo/Tile_1/multiples/2:0' shape=() dtype=int32>,)
import/stereo/Tile_1/multiples	(<tf.Tensor 'import/stereo/Tile_1/multiples:0' shape=(3,) dtype=int32>,)
import/stereo/Tile_1	(<tf.Tensor 'import/stereo/Tile_1:0' shape=(4, 1, 4) dtype=float32>,)
import/stereo/concat/axis	(<tf.Tensor 'import/stereo/concat/axis:0' shape=() dtype=int32>,)
import/stereo/concat	(<tf.Tensor 'import/stereo/concat:0' shape=(?, 3, 4) dtype=float32>,)
import/stereo/concat_1/axis	(<tf.Tensor 'import/stereo/concat_1/axis:0' shape=() dtype=int32>,)
import/stereo/concat_1	(<tf.Tensor 'import/stereo/concat_1:0' shape=(4, 4, 4) dtype=float32>,)
import/stereo/Reshape_7	(<tf.Tensor 'import/stereo/Reshape_7:0' shape=(1, 4, 4, 4) dtype=float32>,)
import/stereo/MatMul_1	(<tf.Tensor 'import/stereo/MatMul_1:0' shape=<unknown> dtype=float32>,)
import/stereo/GatherV2_2/axis	(<tf.Tensor 'import/stereo/GatherV2_2/axis:0' shape=() dtype=int32>,)
import/stereo/GatherV2_2	(<tf.Tensor 'import/stereo/GatherV2_2:0' shape=<unknown> dtype=float32>,)
import/stereo/GatherV2_3/axis	(<tf.Tensor 'import/stereo/GatherV2_3/axis:0' shape=() dtype=int32>,)
import/stereo/GatherV2_3	(<tf.Tensor 'import/stereo/GatherV2_3:0' shape=<unknown> dtype=float32>,)
import/stereo/Shape_4	(<tf.Tensor 'import/stereo/Shape_4:0' shape=(4,) dtype=int32>,)
import/stereo/Reshape_8/shape	(<tf.Tensor 'import/stereo/Reshape_8/shape:0' shape=(3,) dtype=int32>,)
import/stereo/Reshape_8	(<tf.Tensor 'import/stereo/Reshape_8:0' shape=(?, 4, 4) dtype=float32>,)
import/stereo/strided_slice_3/stack	(<tf.Tensor 'import/stereo/strided_slice_3/stack:0' shape=(3,) dtype=int32>,)
import/stereo/strided_slice_3/stack_1	(<tf.Tensor 'import/stereo/strided_slice_3/stack_1:0' shape=(3,) dtype=int32>,)
import/stereo/strided_slice_3/stack_2	(<tf.Tensor 'import/stereo/strided_slice_3/stack_2:0' shape=(3,) dtype=int32>,)
import/stereo/strided_slice_3	(<tf.Tensor 'import/stereo/strided_slice_3:0' shape=(?, 3, 3) dtype=float32>,)
import/stereo/strided_slice_4/stack	(<tf.Tensor 'import/stereo/strided_slice_4/stack:0' shape=(3,) dtype=int32>,)
import/stereo/strided_slice_4/stack_1	(<tf.Tensor 'import/stereo/strided_slice_4/stack_1:0' shape=(3,) dtype=int32>,)
import/stereo/strided_slice_4/stack_2	(<tf.Tensor 'import/stereo/strided_slice_4/stack_2:0' shape=(3,) dtype=int32>,)
import/stereo/strided_slice_4	(<tf.Tensor 'import/stereo/strided_slice_4:0' shape=(?, 3, 1) dtype=float32>,)
import/stereo/transpose_1/perm	(<tf.Tensor 'import/stereo/transpose_1/perm:0' shape=(3,) dtype=int32>,)
import/stereo/transpose_1	(<tf.Tensor 'import/stereo/transpose_1:0' shape=(?, 3, 3) dtype=float32>,)
import/stereo/MatMul_2	(<tf.Tensor 'import/stereo/MatMul_2:0' shape=(?, 3, 1) dtype=float32>,)
import/stereo/Neg_1	(<tf.Tensor 'import/stereo/Neg_1:0' shape=(?, 3, 1) dtype=float32>,)
import/stereo/Const_1	(<tf.Tensor 'import/stereo/Const_1:0' shape=(4,) dtype=float32>,)
import/stereo/Reshape_9/shape	(<tf.Tensor 'import/stereo/Reshape_9/shape:0' shape=(3,) dtype=int32>,)
import/stereo/Reshape_9	(<tf.Tensor 'import/stereo/Reshape_9:0' shape=(1, 1, 4) dtype=float32>,)
import/stereo/Shape_5	(<tf.Tensor 'import/stereo/Shape_5:0' shape=(3,) dtype=int32>,)
import/stereo/strided_slice_5/stack	(<tf.Tensor 'import/stereo/strided_slice_5/stack:0' shape=(1,) dtype=int32>,)
import/stereo/strided_slice_5/stack_1	(<tf.Tensor 'import/stereo/strided_slice_5/stack_1:0' shape=(1,) dtype=int32>,)
import/stereo/strided_slice_5/stack_2	(<tf.Tensor 'import/stereo/strided_slice_5/stack_2:0' shape=(1,) dtype=int32>,)
import/stereo/strided_slice_5	(<tf.Tensor 'import/stereo/strided_slice_5:0' shape=() dtype=int32>,)
import/stereo/Tile_2/multiples/1	(<tf.Tensor 'import/stereo/Tile_2/multiples/1:0' shape=() dtype=int32>,)
import/stereo/Tile_2/multiples/2	(<tf.Tensor 'import/stereo/Tile_2/multiples/2:0' shape=() dtype=int32>,)
import/stereo/Tile_2/multiples	(<tf.Tensor 'import/stereo/Tile_2/multiples:0' shape=(3,) dtype=int32>,)
import/stereo/Tile_2	(<tf.Tensor 'import/stereo/Tile_2:0' shape=(4, 1, 4) dtype=float32>,)
import/stereo/concat_2/axis	(<tf.Tensor 'import/stereo/concat_2/axis:0' shape=() dtype=int32>,)
import/stereo/concat_2	(<tf.Tensor 'import/stereo/concat_2:0' shape=(?, 3, 4) dtype=float32>,)
import/stereo/concat_3/axis	(<tf.Tensor 'import/stereo/concat_3/axis:0' shape=() dtype=int32>,)
import/stereo/concat_3	(<tf.Tensor 'import/stereo/concat_3:0' shape=(4, 4, 4) dtype=float32>,)
import/stereo/Reshape_10	(<tf.Tensor 'import/stereo/Reshape_10:0' shape=(1, 4, 4, 4) dtype=float32>,)
import/stereo/MatMul_3	(<tf.Tensor 'import/stereo/MatMul_3:0' shape=<unknown> dtype=float32>,)
import/stereo/Shape_6	(<tf.Tensor 'import/stereo/Shape_6:0' shape=(1,) dtype=int32>,)
import/stereo/strided_slice_6/stack	(<tf.Tensor 'import/stereo/strided_slice_6/stack:0' shape=(1,) dtype=int32>,)
import/stereo/strided_slice_6/stack_1	(<tf.Tensor 'import/stereo/strided_slice_6/stack_1:0' shape=(1,) dtype=int32>,)
import/stereo/strided_slice_6/stack_2	(<tf.Tensor 'import/stereo/strided_slice_6/stack_2:0' shape=(1,) dtype=int32>,)
import/stereo/strided_slice_6	(<tf.Tensor 'import/stereo/strided_slice_6:0' shape=() dtype=int32>,)
import/stereo/Tile_3/multiples/0	(<tf.Tensor 'import/stereo/Tile_3/multiples/0:0' shape=() dtype=int32>,)
import/stereo/Tile_3/multiples/2	(<tf.Tensor 'import/stereo/Tile_3/multiples/2:0' shape=() dtype=int32>,)
import/stereo/Tile_3/multiples/3	(<tf.Tensor 'import/stereo/Tile_3/multiples/3:0' shape=() dtype=int32>,)
import/stereo/Tile_3/multiples/4	(<tf.Tensor 'import/stereo/Tile_3/multiples/4:0' shape=() dtype=int32>,)
import/stereo/Tile_3/multiples	(<tf.Tensor 'import/stereo/Tile_3/multiples:0' shape=(5,) dtype=int32>,)
import/stereo/Tile_3	(<tf.Tensor 'import/stereo/Tile_3:0' shape=(1, 4, 32, 30, 40) dtype=float32>,)
import/stereo/Shape_7	(<tf.Tensor 'import/stereo/Shape_7:0' shape=(5,) dtype=int32>,)
import/stereo/strided_slice_7/stack	(<tf.Tensor 'import/stereo/strided_slice_7/stack:0' shape=(1,) dtype=int32>,)
import/stereo/strided_slice_7/stack_1	(<tf.Tensor 'import/stereo/strided_slice_7/stack_1:0' shape=(1,) dtype=int32>,)
import/stereo/strided_slice_7/stack_2	(<tf.Tensor 'import/stereo/strided_slice_7/stack_2:0' shape=(1,) dtype=int32>,)
import/stereo/strided_slice_7	(<tf.Tensor 'import/stereo/strided_slice_7:0' shape=() dtype=int32>,)
import/stereo/range_2/start	(<tf.Tensor 'import/stereo/range_2/start:0' shape=() dtype=int32>,)
import/stereo/range_2/delta	(<tf.Tensor 'import/stereo/range_2/delta:0' shape=() dtype=int32>,)
import/stereo/range_2	(<tf.Tensor 'import/stereo/range_2:0' shape=(40,) dtype=int32>,)
import/stereo/strided_slice_8/stack	(<tf.Tensor 'import/stereo/strided_slice_8/stack:0' shape=(1,) dtype=int32>,)
import/stereo/strided_slice_8/stack_1	(<tf.Tensor 'import/stereo/strided_slice_8/stack_1:0' shape=(1,) dtype=int32>,)
import/stereo/strided_slice_8/stack_2	(<tf.Tensor 'import/stereo/strided_slice_8/stack_2:0' shape=(1,) dtype=int32>,)
import/stereo/strided_slice_8	(<tf.Tensor 'import/stereo/strided_slice_8:0' shape=() dtype=int32>,)
import/stereo/range_3/start	(<tf.Tensor 'import/stereo/range_3/start:0' shape=() dtype=int32>,)
import/stereo/range_3/delta	(<tf.Tensor 'import/stereo/range_3/delta:0' shape=() dtype=int32>,)
import/stereo/range_3	(<tf.Tensor 'import/stereo/range_3:0' shape=(30,) dtype=int32>,)
import/stereo/meshgrid_1/Reshape/shape	(<tf.Tensor 'import/stereo/meshgrid_1/Reshape/shape:0' shape=(2,) dtype=int32>,)
import/stereo/meshgrid_1/Reshape	(<tf.Tensor 'import/stereo/meshgrid_1/Reshape:0' shape=(40, 1) dtype=int32>,)
import/stereo/meshgrid_1/Reshape_1/shape	(<tf.Tensor 'import/stereo/meshgrid_1/Reshape_1/shape:0' shape=(2,) dtype=int32>,)
import/stereo/meshgrid_1/Reshape_1	(<tf.Tensor 'import/stereo/meshgrid_1/Reshape_1:0' shape=(1, 30) dtype=int32>,)
import/stereo/meshgrid_1/Size	(<tf.Tensor 'import/stereo/meshgrid_1/Size:0' shape=() dtype=int32>,)
import/stereo/meshgrid_1/Size_1	(<tf.Tensor 'import/stereo/meshgrid_1/Size_1:0' shape=() dtype=int32>,)
import/stereo/meshgrid_1/Reshape_2/shape	(<tf.Tensor 'import/stereo/meshgrid_1/Reshape_2/shape:0' shape=(2,) dtype=int32>,)
import/stereo/meshgrid_1/Reshape_2	(<tf.Tensor 'import/stereo/meshgrid_1/Reshape_2:0' shape=(1, 40) dtype=int32>,)
import/stereo/meshgrid_1/Reshape_3/shape	(<tf.Tensor 'import/stereo/meshgrid_1/Reshape_3/shape:0' shape=(2,) dtype=int32>,)
import/stereo/meshgrid_1/Reshape_3	(<tf.Tensor 'import/stereo/meshgrid_1/Reshape_3:0' shape=(30, 1) dtype=int32>,)
import/stereo/meshgrid_1/ones/packed	(<tf.Tensor 'import/stereo/meshgrid_1/ones/packed:0' shape=(2,) dtype=int32>,)
import/stereo/meshgrid_1/ones/Const	(<tf.Tensor 'import/stereo/meshgrid_1/ones/Const:0' shape=() dtype=int32>,)
import/stereo/meshgrid_1/ones	(<tf.Tensor 'import/stereo/meshgrid_1/ones:0' shape=(30, 40) dtype=int32>,)
import/stereo/meshgrid_1/mul	(<tf.Tensor 'import/stereo/meshgrid_1/mul:0' shape=(30, 40) dtype=int32>,)
import/stereo/meshgrid_1/mul_1	(<tf.Tensor 'import/stereo/meshgrid_1/mul_1:0' shape=(30, 40) dtype=int32>,)
import/stereo/Cast	(<tf.Tensor 'import/stereo/Cast:0' shape=(30, 40) dtype=float32>,)
import/stereo/Cast_1	(<tf.Tensor 'import/stereo/Cast_1:0' shape=(30, 40) dtype=float32>,)
import/stereo/ones_like/Shape	(<tf.Tensor 'import/stereo/ones_like/Shape:0' shape=(2,) dtype=int32>,)
import/stereo/ones_like/Const	(<tf.Tensor 'import/stereo/ones_like/Const:0' shape=() dtype=float32>,)
import/stereo/ones_like	(<tf.Tensor 'import/stereo/ones_like:0' shape=(30, 40) dtype=float32>,)
import/stereo/stack	(<tf.Tensor 'import/stereo/stack:0' shape=(30, 40, 3) dtype=float32>,)
import/stereo/ones_like_1/Shape	(<tf.Tensor 'import/stereo/ones_like_1/Shape:0' shape=(1,) dtype=int32>,)
import/stereo/ones_like_1/Const	(<tf.Tensor 'import/stereo/ones_like_1/Const:0' shape=() dtype=int32>,)
import/stereo/ones_like_1	(<tf.Tensor 'import/stereo/ones_like_1:0' shape=(3,) dtype=int32>,)
import/stereo/strided_slice_10/stack	(<tf.Tensor 'import/stereo/strided_slice_10/stack:0' shape=(1,) dtype=int32>,)
import/stereo/strided_slice_10/stack_1	(<tf.Tensor 'import/stereo/strided_slice_10/stack_1:0' shape=(1,) dtype=int32>,)
import/stereo/strided_slice_10/stack_2	(<tf.Tensor 'import/stereo/strided_slice_10/stack_2:0' shape=(1,) dtype=int32>,)
import/stereo/strided_slice_10	(<tf.Tensor 'import/stereo/strided_slice_10:0' shape=(2,) dtype=int32>,)
import/stereo/concat_4/values_2	(<tf.Tensor 'import/stereo/concat_4/values_2:0' shape=(1,) dtype=int32>,)
import/stereo/concat_4/axis	(<tf.Tensor 'import/stereo/concat_4/axis:0' shape=() dtype=int32>,)
import/stereo/concat_4	(<tf.Tensor 'import/stereo/concat_4:0' shape=(6,) dtype=int32>,)
import/stereo/Reshape_11	(<tf.Tensor 'import/stereo/Reshape_11:0' shape=(1, 1, 1, 30, 40, 3) dtype=float32>,)
import/stereo/strided_slice_11/stack	(<tf.Tensor 'import/stereo/strided_slice_11/stack:0' shape=(1,) dtype=int32>,)
import/stereo/strided_slice_11/stack_1	(<tf.Tensor 'import/stereo/strided_slice_11/stack_1:0' shape=(1,) dtype=int32>,)
import/stereo/strided_slice_11/stack_2	(<tf.Tensor 'import/stereo/strided_slice_11/stack_2:0' shape=(1,) dtype=int32>,)
import/stereo/strided_slice_11	(<tf.Tensor 'import/stereo/strided_slice_11:0' shape=(3,) dtype=int32>,)
import/stereo/concat_5/values_1	(<tf.Tensor 'import/stereo/concat_5/values_1:0' shape=(3,) dtype=int32>,)
import/stereo/concat_5/axis	(<tf.Tensor 'import/stereo/concat_5/axis:0' shape=() dtype=int32>,)
import/stereo/concat_5	(<tf.Tensor 'import/stereo/concat_5:0' shape=(6,) dtype=int32>,)
import/stereo/Tile_4	(<tf.Tensor 'import/stereo/Tile_4:0' shape=(1, 4, 32, 30, 40, 3) dtype=float32>,)
import/stereo/unstack_2	(<tf.Tensor 'import/stereo/unstack_2:0' shape=(1, 4, 32, 30, 40) dtype=float32>, <tf.Tensor 'import/stereo/unstack_2:1' shape=(1, 4, 32, 30, 40) dtype=float32>, <tf.Tensor 'import/stereo/unstack_2:2' shape=(1, 4, 32, 30, 40) dtype=float32>)
import/stereo/strided_slice_12/stack	(<tf.Tensor 'import/stereo/strided_slice_12/stack:0' shape=(3,) dtype=int32>,)
import/stereo/strided_slice_12/stack_1	(<tf.Tensor 'import/stereo/strided_slice_12/stack_1:0' shape=(3,) dtype=int32>,)
import/stereo/strided_slice_12/stack_2	(<tf.Tensor 'import/stereo/strided_slice_12/stack_2:0' shape=(3,) dtype=int32>,)
import/stereo/strided_slice_12	(<tf.Tensor 'import/stereo/strided_slice_12:0' shape=(1,) dtype=float32>,)
import/stereo/strided_slice_13/stack	(<tf.Tensor 'import/stereo/strided_slice_13/stack:0' shape=(3,) dtype=int32>,)
import/stereo/strided_slice_13/stack_1	(<tf.Tensor 'import/stereo/strided_slice_13/stack_1:0' shape=(3,) dtype=int32>,)
import/stereo/strided_slice_13/stack_2	(<tf.Tensor 'import/stereo/strided_slice_13/stack_2:0' shape=(3,) dtype=int32>,)
import/stereo/strided_slice_13	(<tf.Tensor 'import/stereo/strided_slice_13:0' shape=(1,) dtype=float32>,)
import/stereo/strided_slice_14/stack	(<tf.Tensor 'import/stereo/strided_slice_14/stack:0' shape=(3,) dtype=int32>,)
import/stereo/strided_slice_14/stack_1	(<tf.Tensor 'import/stereo/strided_slice_14/stack_1:0' shape=(3,) dtype=int32>,)
import/stereo/strided_slice_14/stack_2	(<tf.Tensor 'import/stereo/strided_slice_14/stack_2:0' shape=(3,) dtype=int32>,)
import/stereo/strided_slice_14	(<tf.Tensor 'import/stereo/strided_slice_14:0' shape=(1,) dtype=float32>,)
import/stereo/strided_slice_15/stack	(<tf.Tensor 'import/stereo/strided_slice_15/stack:0' shape=(3,) dtype=int32>,)
import/stereo/strided_slice_15/stack_1	(<tf.Tensor 'import/stereo/strided_slice_15/stack_1:0' shape=(3,) dtype=int32>,)
import/stereo/strided_slice_15/stack_2	(<tf.Tensor 'import/stereo/strided_slice_15/stack_2:0' shape=(3,) dtype=int32>,)
import/stereo/strided_slice_15	(<tf.Tensor 'import/stereo/strided_slice_15:0' shape=(1,) dtype=float32>,)
import/stereo/Shape_9	(<tf.Tensor 'import/stereo/Shape_9:0' shape=(1,) dtype=int32>,)
import/stereo/strided_slice_16/stack	(<tf.Tensor 'import/stereo/strided_slice_16/stack:0' shape=(1,) dtype=int32>,)
import/stereo/strided_slice_16/stack_1	(<tf.Tensor 'import/stereo/strided_slice_16/stack_1:0' shape=(1,) dtype=int32>,)
import/stereo/strided_slice_16/stack_2	(<tf.Tensor 'import/stereo/strided_slice_16/stack_2:0' shape=(1,) dtype=int32>,)
import/stereo/strided_slice_16	(<tf.Tensor 'import/stereo/strided_slice_16:0' shape=(1,) dtype=int32>,)
import/stereo/ones_like_2/Shape	(<tf.Tensor 'import/stereo/ones_like_2/Shape:0' shape=(1,) dtype=int32>,)
import/stereo/ones_like_2/Const	(<tf.Tensor 'import/stereo/ones_like_2/Const:0' shape=() dtype=int32>,)
import/stereo/ones_like_2	(<tf.Tensor 'import/stereo/ones_like_2:0' shape=(4,) dtype=int32>,)
import/stereo/concat_6/axis	(<tf.Tensor 'import/stereo/concat_6/axis:0' shape=() dtype=int32>,)
import/stereo/concat_6	(<tf.Tensor 'import/stereo/concat_6:0' shape=(5,) dtype=int32>,)
import/stereo/Reshape_12	(<tf.Tensor 'import/stereo/Reshape_12:0' shape=(1, 1, 1, 1, 1) dtype=float32>,)
import/stereo/Reshape_13	(<tf.Tensor 'import/stereo/Reshape_13:0' shape=(1, 1, 1, 1, 1) dtype=float32>,)
import/stereo/Reshape_14	(<tf.Tensor 'import/stereo/Reshape_14:0' shape=(1, 1, 1, 1, 1) dtype=float32>,)
import/stereo/Reshape_15	(<tf.Tensor 'import/stereo/Reshape_15:0' shape=(1, 1, 1, 1, 1) dtype=float32>,)
import/stereo/Identity	(<tf.Tensor 'import/stereo/Identity:0' shape=(1, 4, 32, 30, 40) dtype=float32>,)
import/stereo/sub	(<tf.Tensor 'import/stereo/sub:0' shape=(1, 4, 32, 30, 40) dtype=float32>,)
import/stereo/mul_1	(<tf.Tensor 'import/stereo/mul_1:0' shape=(1, 4, 32, 30, 40) dtype=float32>,)
import/stereo/truediv	(<tf.Tensor 'import/stereo/truediv:0' shape=(1, 4, 32, 30, 40) dtype=float32>,)
import/stereo/sub_1	(<tf.Tensor 'import/stereo/sub_1:0' shape=(1, 4, 32, 30, 40) dtype=float32>,)
import/stereo/mul_2	(<tf.Tensor 'import/stereo/mul_2:0' shape=(1, 4, 32, 30, 40) dtype=float32>,)
import/stereo/truediv_1	(<tf.Tensor 'import/stereo/truediv_1:0' shape=(1, 4, 32, 30, 40) dtype=float32>,)
import/stereo/stack_1	(<tf.Tensor 'import/stereo/stack_1:0' shape=(1, 4, 32, 30, 40, 3) dtype=float32>,)
import/stereo/ones_like_3/Shape	(<tf.Tensor 'import/stereo/ones_like_3/Shape:0' shape=(6,) dtype=int32>,)
import/stereo/ones_like_3/Const	(<tf.Tensor 'import/stereo/ones_like_3/Const:0' shape=() dtype=float32>,)
import/stereo/ones_like_3	(<tf.Tensor 'import/stereo/ones_like_3:0' shape=(1, 4, 32, 30, 40, 1) dtype=float32>,)
import/stereo/concat_7/axis	(<tf.Tensor 'import/stereo/concat_7/axis:0' shape=() dtype=int32>,)
import/stereo/concat_7	(<tf.Tensor 'import/stereo/concat_7:0' shape=(1, 4, 32, 30, 40, 4) dtype=float32>,)
import/stereo/strided_slice_19/stack	(<tf.Tensor 'import/stereo/strided_slice_19/stack:0' shape=(3,) dtype=int32>,)
import/stereo/strided_slice_19/stack_1	(<tf.Tensor 'import/stereo/strided_slice_19/stack_1:0' shape=(3,) dtype=int32>,)
import/stereo/strided_slice_19/stack_2	(<tf.Tensor 'import/stereo/strided_slice_19/stack_2:0' shape=(3,) dtype=int32>,)
import/stereo/strided_slice_19	(<tf.Tensor 'import/stereo/strided_slice_19:0' shape=<unknown> dtype=float32>,)
import/stereo/einsum/transpose/perm	(<tf.Tensor 'import/stereo/einsum/transpose/perm:0' shape=(6,) dtype=int32>,)
import/stereo/einsum/transpose	(<tf.Tensor 'import/stereo/einsum/transpose:0' shape=(1, 4, 4, 32, 30, 40) dtype=float32>,)
import/stereo/einsum/Reshape/shape	(<tf.Tensor 'import/stereo/einsum/Reshape/shape:0' shape=(4,) dtype=int32>,)
import/stereo/einsum/Reshape	(<tf.Tensor 'import/stereo/einsum/Reshape:0' shape=(1, 4, 4, 38400) dtype=float32>,)
import/stereo/einsum/MatMul	(<tf.Tensor 'import/stereo/einsum/MatMul:0' shape=<unknown> dtype=float32>,)
import/stereo/einsum/Reshape_1/shape	(<tf.Tensor 'import/stereo/einsum/Reshape_1/shape:0' shape=(6,) dtype=int32>,)
import/stereo/einsum/Reshape_1	(<tf.Tensor 'import/stereo/einsum/Reshape_1:0' shape=(1, 4, 3, 32, 30, 40) dtype=float32>,)
import/stereo/einsum/transpose_1/perm	(<tf.Tensor 'import/stereo/einsum/transpose_1/perm:0' shape=(6,) dtype=int32>,)
import/stereo/einsum/transpose_1	(<tf.Tensor 'import/stereo/einsum/transpose_1:0' shape=(1, 4, 32, 30, 40, 3) dtype=float32>,)
import/stereo/unstack_3	(<tf.Tensor 'import/stereo/unstack_3:0' shape=(1, 4, 32, 30, 40) dtype=float32>, <tf.Tensor 'import/stereo/unstack_3:1' shape=(1, 4, 32, 30, 40) dtype=float32>, <tf.Tensor 'import/stereo/unstack_3:2' shape=(1, 4, 32, 30, 40) dtype=float32>)
import/stereo/Maximum/y	(<tf.Tensor 'import/stereo/Maximum/y:0' shape=() dtype=float32>,)
import/stereo/Maximum	(<tf.Tensor 'import/stereo/Maximum:0' shape=(1, 4, 32, 30, 40) dtype=float32>,)
import/stereo/strided_slice_20/stack	(<tf.Tensor 'import/stereo/strided_slice_20/stack:0' shape=(3,) dtype=int32>,)
import/stereo/strided_slice_20/stack_1	(<tf.Tensor 'import/stereo/strided_slice_20/stack_1:0' shape=(3,) dtype=int32>,)
import/stereo/strided_slice_20/stack_2	(<tf.Tensor 'import/stereo/strided_slice_20/stack_2:0' shape=(3,) dtype=int32>,)
import/stereo/strided_slice_20	(<tf.Tensor 'import/stereo/strided_slice_20:0' shape=(1,) dtype=float32>,)
import/stereo/strided_slice_21/stack	(<tf.Tensor 'import/stereo/strided_slice_21/stack:0' shape=(3,) dtype=int32>,)
import/stereo/strided_slice_21/stack_1	(<tf.Tensor 'import/stereo/strided_slice_21/stack_1:0' shape=(3,) dtype=int32>,)
import/stereo/strided_slice_21/stack_2	(<tf.Tensor 'import/stereo/strided_slice_21/stack_2:0' shape=(3,) dtype=int32>,)
import/stereo/strided_slice_21	(<tf.Tensor 'import/stereo/strided_slice_21:0' shape=(1,) dtype=float32>,)
import/stereo/strided_slice_22/stack	(<tf.Tensor 'import/stereo/strided_slice_22/stack:0' shape=(3,) dtype=int32>,)
import/stereo/strided_slice_22/stack_1	(<tf.Tensor 'import/stereo/strided_slice_22/stack_1:0' shape=(3,) dtype=int32>,)
import/stereo/strided_slice_22/stack_2	(<tf.Tensor 'import/stereo/strided_slice_22/stack_2:0' shape=(3,) dtype=int32>,)
import/stereo/strided_slice_22	(<tf.Tensor 'import/stereo/strided_slice_22:0' shape=(1,) dtype=float32>,)
import/stereo/strided_slice_23/stack	(<tf.Tensor 'import/stereo/strided_slice_23/stack:0' shape=(3,) dtype=int32>,)
import/stereo/strided_slice_23/stack_1	(<tf.Tensor 'import/stereo/strided_slice_23/stack_1:0' shape=(3,) dtype=int32>,)
import/stereo/strided_slice_23/stack_2	(<tf.Tensor 'import/stereo/strided_slice_23/stack_2:0' shape=(3,) dtype=int32>,)
import/stereo/strided_slice_23	(<tf.Tensor 'import/stereo/strided_slice_23:0' shape=(1,) dtype=float32>,)
import/stereo/Shape_11	(<tf.Tensor 'import/stereo/Shape_11:0' shape=(1,) dtype=int32>,)
import/stereo/strided_slice_24/stack	(<tf.Tensor 'import/stereo/strided_slice_24/stack:0' shape=(1,) dtype=int32>,)
import/stereo/strided_slice_24/stack_1	(<tf.Tensor 'import/stereo/strided_slice_24/stack_1:0' shape=(1,) dtype=int32>,)
import/stereo/strided_slice_24/stack_2	(<tf.Tensor 'import/stereo/strided_slice_24/stack_2:0' shape=(1,) dtype=int32>,)
import/stereo/strided_slice_24	(<tf.Tensor 'import/stereo/strided_slice_24:0' shape=(1,) dtype=int32>,)
import/stereo/ones_like_4/Shape	(<tf.Tensor 'import/stereo/ones_like_4/Shape:0' shape=(1,) dtype=int32>,)
import/stereo/ones_like_4/Const	(<tf.Tensor 'import/stereo/ones_like_4/Const:0' shape=() dtype=int32>,)
import/stereo/ones_like_4	(<tf.Tensor 'import/stereo/ones_like_4:0' shape=(4,) dtype=int32>,)
import/stereo/concat_8/axis	(<tf.Tensor 'import/stereo/concat_8/axis:0' shape=() dtype=int32>,)
import/stereo/concat_8	(<tf.Tensor 'import/stereo/concat_8:0' shape=(5,) dtype=int32>,)
import/stereo/Reshape_16	(<tf.Tensor 'import/stereo/Reshape_16:0' shape=(1, 1, 1, 1, 1) dtype=float32>,)
import/stereo/Reshape_17	(<tf.Tensor 'import/stereo/Reshape_17:0' shape=(1, 1, 1, 1, 1) dtype=float32>,)
import/stereo/Reshape_18	(<tf.Tensor 'import/stereo/Reshape_18:0' shape=(1, 1, 1, 1, 1) dtype=float32>,)
import/stereo/Reshape_19	(<tf.Tensor 'import/stereo/Reshape_19:0' shape=(1, 1, 1, 1, 1) dtype=float32>,)
import/stereo/truediv_2	(<tf.Tensor 'import/stereo/truediv_2:0' shape=(1, 4, 32, 30, 40) dtype=float32>,)
import/stereo/mul_3	(<tf.Tensor 'import/stereo/mul_3:0' shape=(1, 4, 32, 30, 40) dtype=float32>,)
import/stereo/add	(<tf.Tensor 'import/stereo/add:0' shape=(1, 4, 32, 30, 40) dtype=float32>,)
import/stereo/truediv_3	(<tf.Tensor 'import/stereo/truediv_3:0' shape=(1, 4, 32, 30, 40) dtype=float32>,)
import/stereo/mul_4	(<tf.Tensor 'import/stereo/mul_4:0' shape=(1, 4, 32, 30, 40) dtype=float32>,)
import/stereo/add_1	(<tf.Tensor 'import/stereo/add_1:0' shape=(1, 4, 32, 30, 40) dtype=float32>,)
import/stereo/stack_2	(<tf.Tensor 'import/stereo/stack_2:0' shape=(1, 4, 32, 30, 40, 2) dtype=float32>,)
import/stereo/Shape_12	(<tf.Tensor 'import/stereo/Shape_12:0' shape=(5,) dtype=int32>,)
import/stereo/strided_slice_26/stack	(<tf.Tensor 'import/stereo/strided_slice_26/stack:0' shape=(1,) dtype=int32>,)
import/stereo/strided_slice_26/stack_1	(<tf.Tensor 'import/stereo/strided_slice_26/stack_1:0' shape=(1,) dtype=int32>,)
import/stereo/strided_slice_26/stack_2	(<tf.Tensor 'import/stereo/strided_slice_26/stack_2:0' shape=(1,) dtype=int32>,)
import/stereo/strided_slice_26	(<tf.Tensor 'import/stereo/strided_slice_26:0' shape=() dtype=int32>,)
import/stereo/range_4/start	(<tf.Tensor 'import/stereo/range_4/start:0' shape=() dtype=int32>,)
import/stereo/range_4/delta	(<tf.Tensor 'import/stereo/range_4/delta:0' shape=() dtype=int32>,)
import/stereo/range_4	(<tf.Tensor 'import/stereo/range_4:0' shape=(40,) dtype=int32>,)
import/stereo/strided_slice_27/stack	(<tf.Tensor 'import/stereo/strided_slice_27/stack:0' shape=(1,) dtype=int32>,)
import/stereo/strided_slice_27/stack_1	(<tf.Tensor 'import/stereo/strided_slice_27/stack_1:0' shape=(1,) dtype=int32>,)
import/stereo/strided_slice_27/stack_2	(<tf.Tensor 'import/stereo/strided_slice_27/stack_2:0' shape=(1,) dtype=int32>,)
import/stereo/strided_slice_27	(<tf.Tensor 'import/stereo/strided_slice_27:0' shape=() dtype=int32>,)
import/stereo/range_5/start	(<tf.Tensor 'import/stereo/range_5/start:0' shape=() dtype=int32>,)
import/stereo/range_5/delta	(<tf.Tensor 'import/stereo/range_5/delta:0' shape=() dtype=int32>,)
import/stereo/range_5	(<tf.Tensor 'import/stereo/range_5:0' shape=(30,) dtype=int32>,)
import/stereo/meshgrid_2/Reshape/shape	(<tf.Tensor 'import/stereo/meshgrid_2/Reshape/shape:0' shape=(2,) dtype=int32>,)
import/stereo/meshgrid_2/Reshape	(<tf.Tensor 'import/stereo/meshgrid_2/Reshape:0' shape=(40, 1) dtype=int32>,)
import/stereo/meshgrid_2/Reshape_1/shape	(<tf.Tensor 'import/stereo/meshgrid_2/Reshape_1/shape:0' shape=(2,) dtype=int32>,)
import/stereo/meshgrid_2/Reshape_1	(<tf.Tensor 'import/stereo/meshgrid_2/Reshape_1:0' shape=(1, 30) dtype=int32>,)
import/stereo/meshgrid_2/Size	(<tf.Tensor 'import/stereo/meshgrid_2/Size:0' shape=() dtype=int32>,)
import/stereo/meshgrid_2/Size_1	(<tf.Tensor 'import/stereo/meshgrid_2/Size_1:0' shape=() dtype=int32>,)
import/stereo/meshgrid_2/Reshape_2/shape	(<tf.Tensor 'import/stereo/meshgrid_2/Reshape_2/shape:0' shape=(2,) dtype=int32>,)
import/stereo/meshgrid_2/Reshape_2	(<tf.Tensor 'import/stereo/meshgrid_2/Reshape_2:0' shape=(1, 40) dtype=int32>,)
import/stereo/meshgrid_2/Reshape_3/shape	(<tf.Tensor 'import/stereo/meshgrid_2/Reshape_3/shape:0' shape=(2,) dtype=int32>,)
import/stereo/meshgrid_2/Reshape_3	(<tf.Tensor 'import/stereo/meshgrid_2/Reshape_3:0' shape=(30, 1) dtype=int32>,)
import/stereo/meshgrid_2/ones/packed	(<tf.Tensor 'import/stereo/meshgrid_2/ones/packed:0' shape=(2,) dtype=int32>,)
import/stereo/meshgrid_2/ones/Const	(<tf.Tensor 'import/stereo/meshgrid_2/ones/Const:0' shape=() dtype=int32>,)
import/stereo/meshgrid_2/ones	(<tf.Tensor 'import/stereo/meshgrid_2/ones:0' shape=(30, 40) dtype=int32>,)
import/stereo/meshgrid_2/mul	(<tf.Tensor 'import/stereo/meshgrid_2/mul:0' shape=(30, 40) dtype=int32>,)
import/stereo/meshgrid_2/mul_1	(<tf.Tensor 'import/stereo/meshgrid_2/mul_1:0' shape=(30, 40) dtype=int32>,)
import/stereo/Cast_2	(<tf.Tensor 'import/stereo/Cast_2:0' shape=(30, 40) dtype=float32>,)
import/stereo/Cast_3	(<tf.Tensor 'import/stereo/Cast_3:0' shape=(30, 40) dtype=float32>,)
import/stereo/ones_like_5/Shape	(<tf.Tensor 'import/stereo/ones_like_5/Shape:0' shape=(2,) dtype=int32>,)
import/stereo/ones_like_5/Const	(<tf.Tensor 'import/stereo/ones_like_5/Const:0' shape=() dtype=float32>,)
import/stereo/ones_like_5	(<tf.Tensor 'import/stereo/ones_like_5:0' shape=(30, 40) dtype=float32>,)
import/stereo/stack_3	(<tf.Tensor 'import/stereo/stack_3:0' shape=(30, 40, 3) dtype=float32>,)
import/stereo/ones_like_6/Shape	(<tf.Tensor 'import/stereo/ones_like_6/Shape:0' shape=(1,) dtype=int32>,)
import/stereo/ones_like_6/Const	(<tf.Tensor 'import/stereo/ones_like_6/Const:0' shape=() dtype=int32>,)
import/stereo/ones_like_6	(<tf.Tensor 'import/stereo/ones_like_6:0' shape=(3,) dtype=int32>,)
import/stereo/strided_slice_29/stack	(<tf.Tensor 'import/stereo/strided_slice_29/stack:0' shape=(1,) dtype=int32>,)
import/stereo/strided_slice_29/stack_1	(<tf.Tensor 'import/stereo/strided_slice_29/stack_1:0' shape=(1,) dtype=int32>,)
import/stereo/strided_slice_29/stack_2	(<tf.Tensor 'import/stereo/strided_slice_29/stack_2:0' shape=(1,) dtype=int32>,)
import/stereo/strided_slice_29	(<tf.Tensor 'import/stereo/strided_slice_29:0' shape=(2,) dtype=int32>,)
import/stereo/concat_9/values_2	(<tf.Tensor 'import/stereo/concat_9/values_2:0' shape=(1,) dtype=int32>,)
import/stereo/concat_9/axis	(<tf.Tensor 'import/stereo/concat_9/axis:0' shape=() dtype=int32>,)
import/stereo/concat_9	(<tf.Tensor 'import/stereo/concat_9:0' shape=(6,) dtype=int32>,)
import/stereo/Reshape_20	(<tf.Tensor 'import/stereo/Reshape_20:0' shape=(1, 1, 1, 30, 40, 3) dtype=float32>,)
import/stereo/strided_slice_30/stack	(<tf.Tensor 'import/stereo/strided_slice_30/stack:0' shape=(1,) dtype=int32>,)
import/stereo/strided_slice_30/stack_1	(<tf.Tensor 'import/stereo/strided_slice_30/stack_1:0' shape=(1,) dtype=int32>,)
import/stereo/strided_slice_30/stack_2	(<tf.Tensor 'import/stereo/strided_slice_30/stack_2:0' shape=(1,) dtype=int32>,)
import/stereo/strided_slice_30	(<tf.Tensor 'import/stereo/strided_slice_30:0' shape=(3,) dtype=int32>,)
import/stereo/concat_10/values_1	(<tf.Tensor 'import/stereo/concat_10/values_1:0' shape=(3,) dtype=int32>,)
import/stereo/concat_10/axis	(<tf.Tensor 'import/stereo/concat_10/axis:0' shape=() dtype=int32>,)
import/stereo/concat_10	(<tf.Tensor 'import/stereo/concat_10:0' shape=(6,) dtype=int32>,)
import/stereo/Tile_5	(<tf.Tensor 'import/stereo/Tile_5:0' shape=(1, 4, 32, 30, 40, 3) dtype=float32>,)
import/stereo/unstack_4	(<tf.Tensor 'import/stereo/unstack_4:0' shape=(1, 4, 32, 30, 40) dtype=float32>, <tf.Tensor 'import/stereo/unstack_4:1' shape=(1, 4, 32, 30, 40) dtype=float32>, <tf.Tensor 'import/stereo/unstack_4:2' shape=(1, 4, 32, 30, 40) dtype=float32>)
import/stereo/strided_slice_31/stack	(<tf.Tensor 'import/stereo/strided_slice_31/stack:0' shape=(3,) dtype=int32>,)
import/stereo/strided_slice_31/stack_1	(<tf.Tensor 'import/stereo/strided_slice_31/stack_1:0' shape=(3,) dtype=int32>,)
import/stereo/strided_slice_31/stack_2	(<tf.Tensor 'import/stereo/strided_slice_31/stack_2:0' shape=(3,) dtype=int32>,)
import/stereo/strided_slice_31	(<tf.Tensor 'import/stereo/strided_slice_31:0' shape=(1,) dtype=float32>,)
import/stereo/strided_slice_32/stack	(<tf.Tensor 'import/stereo/strided_slice_32/stack:0' shape=(3,) dtype=int32>,)
import/stereo/strided_slice_32/stack_1	(<tf.Tensor 'import/stereo/strided_slice_32/stack_1:0' shape=(3,) dtype=int32>,)
import/stereo/strided_slice_32/stack_2	(<tf.Tensor 'import/stereo/strided_slice_32/stack_2:0' shape=(3,) dtype=int32>,)
import/stereo/strided_slice_32	(<tf.Tensor 'import/stereo/strided_slice_32:0' shape=(1,) dtype=float32>,)
import/stereo/strided_slice_33/stack	(<tf.Tensor 'import/stereo/strided_slice_33/stack:0' shape=(3,) dtype=int32>,)
import/stereo/strided_slice_33/stack_1	(<tf.Tensor 'import/stereo/strided_slice_33/stack_1:0' shape=(3,) dtype=int32>,)
import/stereo/strided_slice_33/stack_2	(<tf.Tensor 'import/stereo/strided_slice_33/stack_2:0' shape=(3,) dtype=int32>,)
import/stereo/strided_slice_33	(<tf.Tensor 'import/stereo/strided_slice_33:0' shape=(1,) dtype=float32>,)
import/stereo/strided_slice_34/stack	(<tf.Tensor 'import/stereo/strided_slice_34/stack:0' shape=(3,) dtype=int32>,)
import/stereo/strided_slice_34/stack_1	(<tf.Tensor 'import/stereo/strided_slice_34/stack_1:0' shape=(3,) dtype=int32>,)
import/stereo/strided_slice_34/stack_2	(<tf.Tensor 'import/stereo/strided_slice_34/stack_2:0' shape=(3,) dtype=int32>,)
import/stereo/strided_slice_34	(<tf.Tensor 'import/stereo/strided_slice_34:0' shape=(1,) dtype=float32>,)
import/stereo/Shape_14	(<tf.Tensor 'import/stereo/Shape_14:0' shape=(1,) dtype=int32>,)
import/stereo/strided_slice_35/stack	(<tf.Tensor 'import/stereo/strided_slice_35/stack:0' shape=(1,) dtype=int32>,)
import/stereo/strided_slice_35/stack_1	(<tf.Tensor 'import/stereo/strided_slice_35/stack_1:0' shape=(1,) dtype=int32>,)
import/stereo/strided_slice_35/stack_2	(<tf.Tensor 'import/stereo/strided_slice_35/stack_2:0' shape=(1,) dtype=int32>,)
import/stereo/strided_slice_35	(<tf.Tensor 'import/stereo/strided_slice_35:0' shape=(1,) dtype=int32>,)
import/stereo/ones_like_7/Shape	(<tf.Tensor 'import/stereo/ones_like_7/Shape:0' shape=(1,) dtype=int32>,)
import/stereo/ones_like_7/Const	(<tf.Tensor 'import/stereo/ones_like_7/Const:0' shape=() dtype=int32>,)
import/stereo/ones_like_7	(<tf.Tensor 'import/stereo/ones_like_7:0' shape=(4,) dtype=int32>,)
import/stereo/concat_11/axis	(<tf.Tensor 'import/stereo/concat_11/axis:0' shape=() dtype=int32>,)
import/stereo/concat_11	(<tf.Tensor 'import/stereo/concat_11:0' shape=(5,) dtype=int32>,)
import/stereo/Reshape_21	(<tf.Tensor 'import/stereo/Reshape_21:0' shape=(1, 1, 1, 1, 1) dtype=float32>,)
import/stereo/Reshape_22	(<tf.Tensor 'import/stereo/Reshape_22:0' shape=(1, 1, 1, 1, 1) dtype=float32>,)
import/stereo/Reshape_23	(<tf.Tensor 'import/stereo/Reshape_23:0' shape=(1, 1, 1, 1, 1) dtype=float32>,)
import/stereo/Reshape_24	(<tf.Tensor 'import/stereo/Reshape_24:0' shape=(1, 1, 1, 1, 1) dtype=float32>,)
import/stereo/Identity_1	(<tf.Tensor 'import/stereo/Identity_1:0' shape=(1, 4, 32, 30, 40) dtype=float32>,)
import/stereo/sub_2	(<tf.Tensor 'import/stereo/sub_2:0' shape=(1, 4, 32, 30, 40) dtype=float32>,)
import/stereo/mul_5	(<tf.Tensor 'import/stereo/mul_5:0' shape=(1, 4, 32, 30, 40) dtype=float32>,)
import/stereo/truediv_4	(<tf.Tensor 'import/stereo/truediv_4:0' shape=(1, 4, 32, 30, 40) dtype=float32>,)
import/stereo/sub_3	(<tf.Tensor 'import/stereo/sub_3:0' shape=(1, 4, 32, 30, 40) dtype=float32>,)
import/stereo/mul_6	(<tf.Tensor 'import/stereo/mul_6:0' shape=(1, 4, 32, 30, 40) dtype=float32>,)
import/stereo/truediv_5	(<tf.Tensor 'import/stereo/truediv_5:0' shape=(1, 4, 32, 30, 40) dtype=float32>,)
import/stereo/stack_4	(<tf.Tensor 'import/stereo/stack_4:0' shape=(1, 4, 32, 30, 40, 3) dtype=float32>,)
import/stereo/ones_like_8/Shape	(<tf.Tensor 'import/stereo/ones_like_8/Shape:0' shape=(6,) dtype=int32>,)
import/stereo/ones_like_8/Const	(<tf.Tensor 'import/stereo/ones_like_8/Const:0' shape=() dtype=float32>,)
import/stereo/ones_like_8	(<tf.Tensor 'import/stereo/ones_like_8:0' shape=(1, 4, 32, 30, 40, 1) dtype=float32>,)
import/stereo/concat_12/axis	(<tf.Tensor 'import/stereo/concat_12/axis:0' shape=() dtype=int32>,)
import/stereo/concat_12	(<tf.Tensor 'import/stereo/concat_12:0' shape=(1, 4, 32, 30, 40, 4) dtype=float32>,)
import/stereo/strided_slice_38/stack	(<tf.Tensor 'import/stereo/strided_slice_38/stack:0' shape=(3,) dtype=int32>,)
import/stereo/strided_slice_38/stack_1	(<tf.Tensor 'import/stereo/strided_slice_38/stack_1:0' shape=(3,) dtype=int32>,)
import/stereo/strided_slice_38/stack_2	(<tf.Tensor 'import/stereo/strided_slice_38/stack_2:0' shape=(3,) dtype=int32>,)
import/stereo/strided_slice_38	(<tf.Tensor 'import/stereo/strided_slice_38:0' shape=<unknown> dtype=float32>,)
import/stereo/einsum_1/transpose/perm	(<tf.Tensor 'import/stereo/einsum_1/transpose/perm:0' shape=(6,) dtype=int32>,)
import/stereo/einsum_1/transpose	(<tf.Tensor 'import/stereo/einsum_1/transpose:0' shape=(1, 4, 4, 32, 30, 40) dtype=float32>,)
import/stereo/einsum_1/Reshape/shape	(<tf.Tensor 'import/stereo/einsum_1/Reshape/shape:0' shape=(4,) dtype=int32>,)
import/stereo/einsum_1/Reshape	(<tf.Tensor 'import/stereo/einsum_1/Reshape:0' shape=(1, 4, 4, 38400) dtype=float32>,)
import/stereo/einsum_1/MatMul	(<tf.Tensor 'import/stereo/einsum_1/MatMul:0' shape=<unknown> dtype=float32>,)
import/stereo/einsum_1/Reshape_1/shape	(<tf.Tensor 'import/stereo/einsum_1/Reshape_1/shape:0' shape=(6,) dtype=int32>,)
import/stereo/einsum_1/Reshape_1	(<tf.Tensor 'import/stereo/einsum_1/Reshape_1:0' shape=(1, 4, 3, 32, 30, 40) dtype=float32>,)
import/stereo/einsum_1/transpose_1/perm	(<tf.Tensor 'import/stereo/einsum_1/transpose_1/perm:0' shape=(6,) dtype=int32>,)
import/stereo/einsum_1/transpose_1	(<tf.Tensor 'import/stereo/einsum_1/transpose_1:0' shape=(1, 4, 32, 30, 40, 3) dtype=float32>,)
import/stereo/unstack_5	(<tf.Tensor 'import/stereo/unstack_5:0' shape=(1, 4, 32, 30, 40) dtype=float32>, <tf.Tensor 'import/stereo/unstack_5:1' shape=(1, 4, 32, 30, 40) dtype=float32>, <tf.Tensor 'import/stereo/unstack_5:2' shape=(1, 4, 32, 30, 40) dtype=float32>)
import/stereo/Maximum_1/y	(<tf.Tensor 'import/stereo/Maximum_1/y:0' shape=() dtype=float32>,)
import/stereo/Maximum_1	(<tf.Tensor 'import/stereo/Maximum_1:0' shape=(1, 4, 32, 30, 40) dtype=float32>,)
import/stereo/strided_slice_39/stack	(<tf.Tensor 'import/stereo/strided_slice_39/stack:0' shape=(3,) dtype=int32>,)
import/stereo/strided_slice_39/stack_1	(<tf.Tensor 'import/stereo/strided_slice_39/stack_1:0' shape=(3,) dtype=int32>,)
import/stereo/strided_slice_39/stack_2	(<tf.Tensor 'import/stereo/strided_slice_39/stack_2:0' shape=(3,) dtype=int32>,)
import/stereo/strided_slice_39	(<tf.Tensor 'import/stereo/strided_slice_39:0' shape=(1,) dtype=float32>,)
import/stereo/strided_slice_40/stack	(<tf.Tensor 'import/stereo/strided_slice_40/stack:0' shape=(3,) dtype=int32>,)
import/stereo/strided_slice_40/stack_1	(<tf.Tensor 'import/stereo/strided_slice_40/stack_1:0' shape=(3,) dtype=int32>,)
import/stereo/strided_slice_40/stack_2	(<tf.Tensor 'import/stereo/strided_slice_40/stack_2:0' shape=(3,) dtype=int32>,)
import/stereo/strided_slice_40	(<tf.Tensor 'import/stereo/strided_slice_40:0' shape=(1,) dtype=float32>,)
import/stereo/strided_slice_41/stack	(<tf.Tensor 'import/stereo/strided_slice_41/stack:0' shape=(3,) dtype=int32>,)
import/stereo/strided_slice_41/stack_1	(<tf.Tensor 'import/stereo/strided_slice_41/stack_1:0' shape=(3,) dtype=int32>,)
import/stereo/strided_slice_41/stack_2	(<tf.Tensor 'import/stereo/strided_slice_41/stack_2:0' shape=(3,) dtype=int32>,)
import/stereo/strided_slice_41	(<tf.Tensor 'import/stereo/strided_slice_41:0' shape=(1,) dtype=float32>,)
import/stereo/strided_slice_42/stack	(<tf.Tensor 'import/stereo/strided_slice_42/stack:0' shape=(3,) dtype=int32>,)
import/stereo/strided_slice_42/stack_1	(<tf.Tensor 'import/stereo/strided_slice_42/stack_1:0' shape=(3,) dtype=int32>,)
import/stereo/strided_slice_42/stack_2	(<tf.Tensor 'import/stereo/strided_slice_42/stack_2:0' shape=(3,) dtype=int32>,)
import/stereo/strided_slice_42	(<tf.Tensor 'import/stereo/strided_slice_42:0' shape=(1,) dtype=float32>,)
import/stereo/Shape_16	(<tf.Tensor 'import/stereo/Shape_16:0' shape=(1,) dtype=int32>,)
import/stereo/strided_slice_43/stack	(<tf.Tensor 'import/stereo/strided_slice_43/stack:0' shape=(1,) dtype=int32>,)
import/stereo/strided_slice_43/stack_1	(<tf.Tensor 'import/stereo/strided_slice_43/stack_1:0' shape=(1,) dtype=int32>,)
import/stereo/strided_slice_43/stack_2	(<tf.Tensor 'import/stereo/strided_slice_43/stack_2:0' shape=(1,) dtype=int32>,)
import/stereo/strided_slice_43	(<tf.Tensor 'import/stereo/strided_slice_43:0' shape=(1,) dtype=int32>,)
import/stereo/ones_like_9/Shape	(<tf.Tensor 'import/stereo/ones_like_9/Shape:0' shape=(1,) dtype=int32>,)
import/stereo/ones_like_9/Const	(<tf.Tensor 'import/stereo/ones_like_9/Const:0' shape=() dtype=int32>,)
import/stereo/ones_like_9	(<tf.Tensor 'import/stereo/ones_like_9:0' shape=(4,) dtype=int32>,)
import/stereo/concat_13/axis	(<tf.Tensor 'import/stereo/concat_13/axis:0' shape=() dtype=int32>,)
import/stereo/concat_13	(<tf.Tensor 'import/stereo/concat_13:0' shape=(5,) dtype=int32>,)
import/stereo/Reshape_25	(<tf.Tensor 'import/stereo/Reshape_25:0' shape=(1, 1, 1, 1, 1) dtype=float32>,)
import/stereo/Reshape_26	(<tf.Tensor 'import/stereo/Reshape_26:0' shape=(1, 1, 1, 1, 1) dtype=float32>,)
import/stereo/Reshape_27	(<tf.Tensor 'import/stereo/Reshape_27:0' shape=(1, 1, 1, 1, 1) dtype=float32>,)
import/stereo/Reshape_28	(<tf.Tensor 'import/stereo/Reshape_28:0' shape=(1, 1, 1, 1, 1) dtype=float32>,)
import/stereo/truediv_6	(<tf.Tensor 'import/stereo/truediv_6:0' shape=(1, 4, 32, 30, 40) dtype=float32>,)
import/stereo/mul_7	(<tf.Tensor 'import/stereo/mul_7:0' shape=(1, 4, 32, 30, 40) dtype=float32>,)
import/stereo/add_2	(<tf.Tensor 'import/stereo/add_2:0' shape=(1, 4, 32, 30, 40) dtype=float32>,)
import/stereo/truediv_7	(<tf.Tensor 'import/stereo/truediv_7:0' shape=(1, 4, 32, 30, 40) dtype=float32>,)
import/stereo/mul_8	(<tf.Tensor 'import/stereo/mul_8:0' shape=(1, 4, 32, 30, 40) dtype=float32>,)
import/stereo/add_3	(<tf.Tensor 'import/stereo/add_3:0' shape=(1, 4, 32, 30, 40) dtype=float32>,)
import/stereo/stack_5	(<tf.Tensor 'import/stereo/stack_5:0' shape=(1, 4, 32, 30, 40, 2) dtype=float32>,)
import/stereo/GatherV2_4/axis	(<tf.Tensor 'import/stereo/GatherV2_4/axis:0' shape=() dtype=int32>,)
import/stereo/GatherV2_4	(<tf.Tensor 'import/stereo/GatherV2_4:0' shape=(1, 4, 30, 40, 32) dtype=float32>,)
import/stereo/GatherV2_5/axis	(<tf.Tensor 'import/stereo/GatherV2_5/axis:0' shape=() dtype=int32>,)
import/stereo/GatherV2_5	(<tf.Tensor 'import/stereo/GatherV2_5:0' shape=(1, 4, 30, 40, 32) dtype=float32>,)
import/stereo/transpose_2/perm	(<tf.Tensor 'import/stereo/transpose_2/perm:0' shape=(6,) dtype=int32>,)
import/stereo/transpose_2	(<tf.Tensor 'import/stereo/transpose_2:0' shape=(1, 4, 30, 40, 32, 2) dtype=float32>,)
import/stereo/transpose_3/perm	(<tf.Tensor 'import/stereo/transpose_3/perm:0' shape=(6,) dtype=int32>,)
import/stereo/transpose_3	(<tf.Tensor 'import/stereo/transpose_3:0' shape=(1, 4, 30, 40, 32, 2) dtype=float32>,)
import/stereo/Shape_17	(<tf.Tensor 'import/stereo/Shape_17:0' shape=(5,) dtype=int32>,)
import/stereo/Const_2	(<tf.Tensor 'import/stereo/Const_2:0' shape=(2,) dtype=int32>,)
import/stereo/split/split_dim	(<tf.Tensor 'import/stereo/split/split_dim:0' shape=() dtype=int32>,)
import/stereo/split	(<tf.Tensor 'import/stereo/split:0' shape=(1, 4, 30, 40, 32, 1) dtype=float32>, <tf.Tensor 'import/stereo/split:1' shape=(1, 4, 30, 40, 32, 1) dtype=float32>)
import/stereo/Floor	(<tf.Tensor 'import/stereo/Floor:0' shape=(1, 4, 30, 40, 32, 1) dtype=float32>,)
import/stereo/Floor_1	(<tf.Tensor 'import/stereo/Floor_1:0' shape=(1, 4, 30, 40, 32, 1) dtype=float32>,)
import/stereo/add_4/y	(<tf.Tensor 'import/stereo/add_4/y:0' shape=() dtype=float32>,)
import/stereo/add_4	(<tf.Tensor 'import/stereo/add_4:0' shape=(1, 4, 30, 40, 32, 1) dtype=float32>,)
import/stereo/add_5/y	(<tf.Tensor 'import/stereo/add_5/y:0' shape=() dtype=float32>,)
import/stereo/add_5	(<tf.Tensor 'import/stereo/add_5:0' shape=(1, 4, 30, 40, 32, 1) dtype=float32>,)
import/stereo/sub_4	(<tf.Tensor 'import/stereo/sub_4:0' shape=(1, 4, 30, 40, 32, 1) dtype=float32>,)
import/stereo/sub_5	(<tf.Tensor 'import/stereo/sub_5:0' shape=(1, 4, 30, 40, 32, 1) dtype=float32>,)
import/stereo/mul_9	(<tf.Tensor 'import/stereo/mul_9:0' shape=(1, 4, 30, 40, 32, 1) dtype=float32>,)
import/stereo/sub_6	(<tf.Tensor 'import/stereo/sub_6:0' shape=(1, 4, 30, 40, 32, 1) dtype=float32>,)
import/stereo/sub_7	(<tf.Tensor 'import/stereo/sub_7:0' shape=(1, 4, 30, 40, 32, 1) dtype=float32>,)
import/stereo/mul_10	(<tf.Tensor 'import/stereo/mul_10:0' shape=(1, 4, 30, 40, 32, 1) dtype=float32>,)
import/stereo/sub_8	(<tf.Tensor 'import/stereo/sub_8:0' shape=(1, 4, 30, 40, 32, 1) dtype=float32>,)
import/stereo/sub_9	(<tf.Tensor 'import/stereo/sub_9:0' shape=(1, 4, 30, 40, 32, 1) dtype=float32>,)
import/stereo/mul_11	(<tf.Tensor 'import/stereo/mul_11:0' shape=(1, 4, 30, 40, 32, 1) dtype=float32>,)
import/stereo/sub_10	(<tf.Tensor 'import/stereo/sub_10:0' shape=(1, 4, 30, 40, 32, 1) dtype=float32>,)
import/stereo/sub_11	(<tf.Tensor 'import/stereo/sub_11:0' shape=(1, 4, 30, 40, 32, 1) dtype=float32>,)
import/stereo/mul_12	(<tf.Tensor 'import/stereo/mul_12:0' shape=(1, 4, 30, 40, 32, 1) dtype=float32>,)
import/stereo/Cast_4	(<tf.Tensor 'import/stereo/Cast_4:0' shape=(1, 4, 30, 40, 32, 1) dtype=int32>,)
import/stereo/Cast_5	(<tf.Tensor 'import/stereo/Cast_5:0' shape=(1, 4, 30, 40, 32, 1) dtype=int32>,)
import/stereo/Cast_6	(<tf.Tensor 'import/stereo/Cast_6:0' shape=(1, 4, 30, 40, 32, 1) dtype=int32>,)
import/stereo/Cast_7	(<tf.Tensor 'import/stereo/Cast_7:0' shape=(1, 4, 30, 40, 32, 1) dtype=int32>,)
import/stereo/strided_slice_45/stack	(<tf.Tensor 'import/stereo/strided_slice_45/stack:0' shape=(1,) dtype=int32>,)
import/stereo/strided_slice_45/stack_1	(<tf.Tensor 'import/stereo/strided_slice_45/stack_1:0' shape=(1,) dtype=int32>,)
import/stereo/strided_slice_45/stack_2	(<tf.Tensor 'import/stereo/strided_slice_45/stack_2:0' shape=(1,) dtype=int32>,)
import/stereo/strided_slice_45	(<tf.Tensor 'import/stereo/strided_slice_45:0' shape=() dtype=int32>,)
import/stereo/sub_12/y	(<tf.Tensor 'import/stereo/sub_12/y:0' shape=() dtype=int32>,)
import/stereo/sub_12	(<tf.Tensor 'import/stereo/sub_12:0' shape=() dtype=int32>,)
import/stereo/clip_by_value/Minimum	(<tf.Tensor 'import/stereo/clip_by_value/Minimum:0' shape=(1, 4, 30, 40, 32, 1) dtype=int32>,)
import/stereo/clip_by_value/y	(<tf.Tensor 'import/stereo/clip_by_value/y:0' shape=() dtype=int32>,)
import/stereo/clip_by_value	(<tf.Tensor 'import/stereo/clip_by_value:0' shape=(1, 4, 30, 40, 32, 1) dtype=int32>,)
import/stereo/strided_slice_46/stack	(<tf.Tensor 'import/stereo/strided_slice_46/stack:0' shape=(1,) dtype=int32>,)
import/stereo/strided_slice_46/stack_1	(<tf.Tensor 'import/stereo/strided_slice_46/stack_1:0' shape=(1,) dtype=int32>,)
import/stereo/strided_slice_46/stack_2	(<tf.Tensor 'import/stereo/strided_slice_46/stack_2:0' shape=(1,) dtype=int32>,)
import/stereo/strided_slice_46	(<tf.Tensor 'import/stereo/strided_slice_46:0' shape=() dtype=int32>,)
import/stereo/sub_13/y	(<tf.Tensor 'import/stereo/sub_13/y:0' shape=() dtype=int32>,)
import/stereo/sub_13	(<tf.Tensor 'import/stereo/sub_13:0' shape=() dtype=int32>,)
import/stereo/clip_by_value_1/Minimum	(<tf.Tensor 'import/stereo/clip_by_value_1/Minimum:0' shape=(1, 4, 30, 40, 32, 1) dtype=int32>,)
import/stereo/clip_by_value_1/y	(<tf.Tensor 'import/stereo/clip_by_value_1/y:0' shape=() dtype=int32>,)
import/stereo/clip_by_value_1	(<tf.Tensor 'import/stereo/clip_by_value_1:0' shape=(1, 4, 30, 40, 32, 1) dtype=int32>,)
import/stereo/strided_slice_47/stack	(<tf.Tensor 'import/stereo/strided_slice_47/stack:0' shape=(1,) dtype=int32>,)
import/stereo/strided_slice_47/stack_1	(<tf.Tensor 'import/stereo/strided_slice_47/stack_1:0' shape=(1,) dtype=int32>,)
import/stereo/strided_slice_47/stack_2	(<tf.Tensor 'import/stereo/strided_slice_47/stack_2:0' shape=(1,) dtype=int32>,)
import/stereo/strided_slice_47	(<tf.Tensor 'import/stereo/strided_slice_47:0' shape=() dtype=int32>,)
import/stereo/sub_14/y	(<tf.Tensor 'import/stereo/sub_14/y:0' shape=() dtype=int32>,)
import/stereo/sub_14	(<tf.Tensor 'import/stereo/sub_14:0' shape=() dtype=int32>,)
import/stereo/clip_by_value_2/Minimum	(<tf.Tensor 'import/stereo/clip_by_value_2/Minimum:0' shape=(1, 4, 30, 40, 32, 1) dtype=int32>,)
import/stereo/clip_by_value_2/y	(<tf.Tensor 'import/stereo/clip_by_value_2/y:0' shape=() dtype=int32>,)
import/stereo/clip_by_value_2	(<tf.Tensor 'import/stereo/clip_by_value_2:0' shape=(1, 4, 30, 40, 32, 1) dtype=int32>,)
import/stereo/strided_slice_48/stack	(<tf.Tensor 'import/stereo/strided_slice_48/stack:0' shape=(1,) dtype=int32>,)
import/stereo/strided_slice_48/stack_1	(<tf.Tensor 'import/stereo/strided_slice_48/stack_1:0' shape=(1,) dtype=int32>,)
import/stereo/strided_slice_48/stack_2	(<tf.Tensor 'import/stereo/strided_slice_48/stack_2:0' shape=(1,) dtype=int32>,)
import/stereo/strided_slice_48	(<tf.Tensor 'import/stereo/strided_slice_48:0' shape=() dtype=int32>,)
import/stereo/sub_15/y	(<tf.Tensor 'import/stereo/sub_15/y:0' shape=() dtype=int32>,)
import/stereo/sub_15	(<tf.Tensor 'import/stereo/sub_15:0' shape=() dtype=int32>,)
import/stereo/clip_by_value_3/Minimum	(<tf.Tensor 'import/stereo/clip_by_value_3/Minimum:0' shape=(1, 4, 30, 40, 32, 1) dtype=int32>,)
import/stereo/clip_by_value_3/y	(<tf.Tensor 'import/stereo/clip_by_value_3/y:0' shape=() dtype=int32>,)
import/stereo/clip_by_value_3	(<tf.Tensor 'import/stereo/clip_by_value_3:0' shape=(1, 4, 30, 40, 32, 1) dtype=int32>,)
import/stereo/Equal	(<tf.Tensor 'import/stereo/Equal:0' shape=(1, 4, 30, 40, 32, 1) dtype=bool>,)
import/stereo/Equal_1	(<tf.Tensor 'import/stereo/Equal_1:0' shape=(1, 4, 30, 40, 32, 1) dtype=bool>,)
import/stereo/and	(<tf.Tensor 'import/stereo/and:0' shape=(1, 4, 30, 40, 32, 1) dtype=bool>,)
import/stereo/Equal_2	(<tf.Tensor 'import/stereo/Equal_2:0' shape=(1, 4, 30, 40, 32, 1) dtype=bool>,)
import/stereo/and_1	(<tf.Tensor 'import/stereo/and_1:0' shape=(1, 4, 30, 40, 32, 1) dtype=bool>,)
import/stereo/Equal_3	(<tf.Tensor 'import/stereo/Equal_3:0' shape=(1, 4, 30, 40, 32, 1) dtype=bool>,)
import/stereo/and_2	(<tf.Tensor 'import/stereo/and_2:0' shape=(1, 4, 30, 40, 32, 1) dtype=bool>,)
import/stereo/Cast_8	(<tf.Tensor 'import/stereo/Cast_8:0' shape=(1, 4, 30, 40, 32, 1) dtype=float32>,)
import/stereo/concat_14/axis	(<tf.Tensor 'import/stereo/concat_14/axis:0' shape=() dtype=int32>,)
import/stereo/concat_14	(<tf.Tensor 'import/stereo/concat_14:0' shape=(1, 4, 30, 40, 32, 2) dtype=int32>,)
import/stereo/concat_15/axis	(<tf.Tensor 'import/stereo/concat_15/axis:0' shape=() dtype=int32>,)
import/stereo/concat_15	(<tf.Tensor 'import/stereo/concat_15:0' shape=(1, 4, 30, 40, 32, 2) dtype=int32>,)
import/stereo/concat_16/axis	(<tf.Tensor 'import/stereo/concat_16/axis:0' shape=() dtype=int32>,)
import/stereo/concat_16	(<tf.Tensor 'import/stereo/concat_16:0' shape=(1, 4, 30, 40, 32, 2) dtype=int32>,)
import/stereo/concat_17/axis	(<tf.Tensor 'import/stereo/concat_17/axis:0' shape=() dtype=int32>,)
import/stereo/concat_17	(<tf.Tensor 'import/stereo/concat_17:0' shape=(1, 4, 30, 40, 32, 2) dtype=int32>,)
import/stereo/Shape_18	(<tf.Tensor 'import/stereo/Shape_18:0' shape=(6,) dtype=int32>,)
import/stereo/strided_slice_49/stack	(<tf.Tensor 'import/stereo/strided_slice_49/stack:0' shape=(1,) dtype=int32>,)
import/stereo/strided_slice_49/stack_1	(<tf.Tensor 'import/stereo/strided_slice_49/stack_1:0' shape=(1,) dtype=int32>,)
import/stereo/strided_slice_49/stack_2	(<tf.Tensor 'import/stereo/strided_slice_49/stack_2:0' shape=(1,) dtype=int32>,)
import/stereo/strided_slice_49	(<tf.Tensor 'import/stereo/strided_slice_49:0' shape=() dtype=int32>,)
import/stereo/range_6/start	(<tf.Tensor 'import/stereo/range_6/start:0' shape=() dtype=int32>,)
import/stereo/range_6/delta	(<tf.Tensor 'import/stereo/range_6/delta:0' shape=() dtype=int32>,)
import/stereo/range_6	(<tf.Tensor 'import/stereo/range_6:0' shape=(1,) dtype=int32>,)
import/stereo/strided_slice_50/stack	(<tf.Tensor 'import/stereo/strided_slice_50/stack:0' shape=(1,) dtype=int32>,)
import/stereo/strided_slice_50/stack_1	(<tf.Tensor 'import/stereo/strided_slice_50/stack_1:0' shape=(1,) dtype=int32>,)
import/stereo/strided_slice_50/stack_2	(<tf.Tensor 'import/stereo/strided_slice_50/stack_2:0' shape=(1,) dtype=int32>,)
import/stereo/strided_slice_50	(<tf.Tensor 'import/stereo/strided_slice_50:0' shape=() dtype=int32>,)
import/stereo/range_7/start	(<tf.Tensor 'import/stereo/range_7/start:0' shape=() dtype=int32>,)
import/stereo/range_7/delta	(<tf.Tensor 'import/stereo/range_7/delta:0' shape=() dtype=int32>,)
import/stereo/range_7	(<tf.Tensor 'import/stereo/range_7:0' shape=(4,) dtype=int32>,)
import/stereo/meshgrid_3/Reshape/shape	(<tf.Tensor 'import/stereo/meshgrid_3/Reshape/shape:0' shape=(2,) dtype=int32>,)
import/stereo/meshgrid_3/Reshape	(<tf.Tensor 'import/stereo/meshgrid_3/Reshape:0' shape=(1, 1) dtype=int32>,)
import/stereo/meshgrid_3/Reshape_1/shape	(<tf.Tensor 'import/stereo/meshgrid_3/Reshape_1/shape:0' shape=(2,) dtype=int32>,)
import/stereo/meshgrid_3/Reshape_1	(<tf.Tensor 'import/stereo/meshgrid_3/Reshape_1:0' shape=(1, 4) dtype=int32>,)
import/stereo/meshgrid_3/Size	(<tf.Tensor 'import/stereo/meshgrid_3/Size:0' shape=() dtype=int32>,)
import/stereo/meshgrid_3/Size_1	(<tf.Tensor 'import/stereo/meshgrid_3/Size_1:0' shape=() dtype=int32>,)
import/stereo/meshgrid_3/ones/packed	(<tf.Tensor 'import/stereo/meshgrid_3/ones/packed:0' shape=(2,) dtype=int32>,)
import/stereo/meshgrid_3/ones/Const	(<tf.Tensor 'import/stereo/meshgrid_3/ones/Const:0' shape=() dtype=int32>,)
import/stereo/meshgrid_3/ones	(<tf.Tensor 'import/stereo/meshgrid_3/ones:0' shape=(1, 4) dtype=int32>,)
import/stereo/meshgrid_3/mul	(<tf.Tensor 'import/stereo/meshgrid_3/mul:0' shape=(1, 4) dtype=int32>,)
import/stereo/meshgrid_3/mul_1	(<tf.Tensor 'import/stereo/meshgrid_3/mul_1:0' shape=(1, 4) dtype=int32>,)
import/stereo/stack_6	(<tf.Tensor 'import/stereo/stack_6:0' shape=(1, 4, 2) dtype=int32>,)
import/stereo/strided_slice_51/stack	(<tf.Tensor 'import/stereo/strided_slice_51/stack:0' shape=(1,) dtype=int32>,)
import/stereo/strided_slice_51/stack_1	(<tf.Tensor 'import/stereo/strided_slice_51/stack_1:0' shape=(1,) dtype=int32>,)
import/stereo/strided_slice_51/stack_2	(<tf.Tensor 'import/stereo/strided_slice_51/stack_2:0' shape=(1,) dtype=int32>,)
import/stereo/strided_slice_51	(<tf.Tensor 'import/stereo/strided_slice_51:0' shape=() dtype=int32>,)
import/stereo/strided_slice_52/stack	(<tf.Tensor 'import/stereo/strided_slice_52/stack:0' shape=(1,) dtype=int32>,)
import/stereo/strided_slice_52/stack_1	(<tf.Tensor 'import/stereo/strided_slice_52/stack_1:0' shape=(1,) dtype=int32>,)
import/stereo/strided_slice_52/stack_2	(<tf.Tensor 'import/stereo/strided_slice_52/stack_2:0' shape=(1,) dtype=int32>,)
import/stereo/strided_slice_52	(<tf.Tensor 'import/stereo/strided_slice_52:0' shape=() dtype=int32>,)
import/stereo/strided_slice_53/stack	(<tf.Tensor 'import/stereo/strided_slice_53/stack:0' shape=(1,) dtype=int32>,)
import/stereo/strided_slice_53/stack_1	(<tf.Tensor 'import/stereo/strided_slice_53/stack_1:0' shape=(1,) dtype=int32>,)
import/stereo/strided_slice_53/stack_2	(<tf.Tensor 'import/stereo/strided_slice_53/stack_2:0' shape=(1,) dtype=int32>,)
import/stereo/strided_slice_53	(<tf.Tensor 'import/stereo/strided_slice_53:0' shape=() dtype=int32>,)
import/stereo/strided_slice_54/stack	(<tf.Tensor 'import/stereo/strided_slice_54/stack:0' shape=(1,) dtype=int32>,)
import/stereo/strided_slice_54/stack_1	(<tf.Tensor 'import/stereo/strided_slice_54/stack_1:0' shape=(1,) dtype=int32>,)
import/stereo/strided_slice_54/stack_2	(<tf.Tensor 'import/stereo/strided_slice_54/stack_2:0' shape=(1,) dtype=int32>,)
import/stereo/strided_slice_54	(<tf.Tensor 'import/stereo/strided_slice_54:0' shape=() dtype=int32>,)
import/stereo/strided_slice_55/stack	(<tf.Tensor 'import/stereo/strided_slice_55/stack:0' shape=(1,) dtype=int32>,)
import/stereo/strided_slice_55/stack_1	(<tf.Tensor 'import/stereo/strided_slice_55/stack_1:0' shape=(1,) dtype=int32>,)
import/stereo/strided_slice_55/stack_2	(<tf.Tensor 'import/stereo/strided_slice_55/stack_2:0' shape=(1,) dtype=int32>,)
import/stereo/strided_slice_55	(<tf.Tensor 'import/stereo/strided_slice_55:0' shape=() dtype=int32>,)
import/stereo/Reshape_29/shape/2	(<tf.Tensor 'import/stereo/Reshape_29/shape/2:0' shape=() dtype=int32>,)
import/stereo/Reshape_29/shape/3	(<tf.Tensor 'import/stereo/Reshape_29/shape/3:0' shape=() dtype=int32>,)
import/stereo/Reshape_29/shape/4	(<tf.Tensor 'import/stereo/Reshape_29/shape/4:0' shape=() dtype=int32>,)
import/stereo/Reshape_29/shape/5	(<tf.Tensor 'import/stereo/Reshape_29/shape/5:0' shape=() dtype=int32>,)
import/stereo/Reshape_29/shape	(<tf.Tensor 'import/stereo/Reshape_29/shape:0' shape=(6,) dtype=int32>,)
import/stereo/Reshape_29	(<tf.Tensor 'import/stereo/Reshape_29:0' shape=(1, 4, 1, 1, 1, 2) dtype=int32>,)
import/stereo/Tile_6/multiples/0	(<tf.Tensor 'import/stereo/Tile_6/multiples/0:0' shape=() dtype=int32>,)
import/stereo/Tile_6/multiples/1	(<tf.Tensor 'import/stereo/Tile_6/multiples/1:0' shape=() dtype=int32>,)
import/stereo/Tile_6/multiples/5	(<tf.Tensor 'import/stereo/Tile_6/multiples/5:0' shape=() dtype=int32>,)
import/stereo/Tile_6/multiples	(<tf.Tensor 'import/stereo/Tile_6/multiples:0' shape=(6,) dtype=int32>,)
import/stereo/Tile_6	(<tf.Tensor 'import/stereo/Tile_6:0' shape=(1, 4, 30, 40, 32, 2) dtype=int32>,)
import/stereo/concat_18/axis	(<tf.Tensor 'import/stereo/concat_18/axis:0' shape=() dtype=int32>,)
import/stereo/concat_18	(<tf.Tensor 'import/stereo/concat_18:0' shape=(1, 4, 30, 40, 32, 4) dtype=int32>,)
import/stereo/GatherNd	(<tf.Tensor 'import/stereo/GatherNd:0' shape=(1, 4, 30, 40, 32, 32) dtype=float32>,)
import/stereo/Shape_19	(<tf.Tensor 'import/stereo/Shape_19:0' shape=(6,) dtype=int32>,)
import/stereo/strided_slice_56/stack	(<tf.Tensor 'import/stereo/strided_slice_56/stack:0' shape=(1,) dtype=int32>,)
import/stereo/strided_slice_56/stack_1	(<tf.Tensor 'import/stereo/strided_slice_56/stack_1:0' shape=(1,) dtype=int32>,)
import/stereo/strided_slice_56/stack_2	(<tf.Tensor 'import/stereo/strided_slice_56/stack_2:0' shape=(1,) dtype=int32>,)
import/stereo/strided_slice_56	(<tf.Tensor 'import/stereo/strided_slice_56:0' shape=() dtype=int32>,)
import/stereo/range_8/start	(<tf.Tensor 'import/stereo/range_8/start:0' shape=() dtype=int32>,)
import/stereo/range_8/delta	(<tf.Tensor 'import/stereo/range_8/delta:0' shape=() dtype=int32>,)
import/stereo/range_8	(<tf.Tensor 'import/stereo/range_8:0' shape=(1,) dtype=int32>,)
import/stereo/strided_slice_57/stack	(<tf.Tensor 'import/stereo/strided_slice_57/stack:0' shape=(1,) dtype=int32>,)
import/stereo/strided_slice_57/stack_1	(<tf.Tensor 'import/stereo/strided_slice_57/stack_1:0' shape=(1,) dtype=int32>,)
import/stereo/strided_slice_57/stack_2	(<tf.Tensor 'import/stereo/strided_slice_57/stack_2:0' shape=(1,) dtype=int32>,)
import/stereo/strided_slice_57	(<tf.Tensor 'import/stereo/strided_slice_57:0' shape=() dtype=int32>,)
import/stereo/range_9/start	(<tf.Tensor 'import/stereo/range_9/start:0' shape=() dtype=int32>,)
import/stereo/range_9/delta	(<tf.Tensor 'import/stereo/range_9/delta:0' shape=() dtype=int32>,)
import/stereo/range_9	(<tf.Tensor 'import/stereo/range_9:0' shape=(4,) dtype=int32>,)
import/stereo/meshgrid_4/Reshape/shape	(<tf.Tensor 'import/stereo/meshgrid_4/Reshape/shape:0' shape=(2,) dtype=int32>,)
import/stereo/meshgrid_4/Reshape	(<tf.Tensor 'import/stereo/meshgrid_4/Reshape:0' shape=(1, 1) dtype=int32>,)
import/stereo/meshgrid_4/Reshape_1/shape	(<tf.Tensor 'import/stereo/meshgrid_4/Reshape_1/shape:0' shape=(2,) dtype=int32>,)
import/stereo/meshgrid_4/Reshape_1	(<tf.Tensor 'import/stereo/meshgrid_4/Reshape_1:0' shape=(1, 4) dtype=int32>,)
import/stereo/meshgrid_4/Size	(<tf.Tensor 'import/stereo/meshgrid_4/Size:0' shape=() dtype=int32>,)
import/stereo/meshgrid_4/Size_1	(<tf.Tensor 'import/stereo/meshgrid_4/Size_1:0' shape=() dtype=int32>,)
import/stereo/meshgrid_4/ones/packed	(<tf.Tensor 'import/stereo/meshgrid_4/ones/packed:0' shape=(2,) dtype=int32>,)
import/stereo/meshgrid_4/ones/Const	(<tf.Tensor 'import/stereo/meshgrid_4/ones/Const:0' shape=() dtype=int32>,)
import/stereo/meshgrid_4/ones	(<tf.Tensor 'import/stereo/meshgrid_4/ones:0' shape=(1, 4) dtype=int32>,)
import/stereo/meshgrid_4/mul	(<tf.Tensor 'import/stereo/meshgrid_4/mul:0' shape=(1, 4) dtype=int32>,)
import/stereo/meshgrid_4/mul_1	(<tf.Tensor 'import/stereo/meshgrid_4/mul_1:0' shape=(1, 4) dtype=int32>,)
import/stereo/stack_7	(<tf.Tensor 'import/stereo/stack_7:0' shape=(1, 4, 2) dtype=int32>,)
import/stereo/strided_slice_58/stack	(<tf.Tensor 'import/stereo/strided_slice_58/stack:0' shape=(1,) dtype=int32>,)
import/stereo/strided_slice_58/stack_1	(<tf.Tensor 'import/stereo/strided_slice_58/stack_1:0' shape=(1,) dtype=int32>,)
import/stereo/strided_slice_58/stack_2	(<tf.Tensor 'import/stereo/strided_slice_58/stack_2:0' shape=(1,) dtype=int32>,)
import/stereo/strided_slice_58	(<tf.Tensor 'import/stereo/strided_slice_58:0' shape=() dtype=int32>,)
import/stereo/strided_slice_59/stack	(<tf.Tensor 'import/stereo/strided_slice_59/stack:0' shape=(1,) dtype=int32>,)
import/stereo/strided_slice_59/stack_1	(<tf.Tensor 'import/stereo/strided_slice_59/stack_1:0' shape=(1,) dtype=int32>,)
import/stereo/strided_slice_59/stack_2	(<tf.Tensor 'import/stereo/strided_slice_59/stack_2:0' shape=(1,) dtype=int32>,)
import/stereo/strided_slice_59	(<tf.Tensor 'import/stereo/strided_slice_59:0' shape=() dtype=int32>,)
import/stereo/strided_slice_60/stack	(<tf.Tensor 'import/stereo/strided_slice_60/stack:0' shape=(1,) dtype=int32>,)
import/stereo/strided_slice_60/stack_1	(<tf.Tensor 'import/stereo/strided_slice_60/stack_1:0' shape=(1,) dtype=int32>,)
import/stereo/strided_slice_60/stack_2	(<tf.Tensor 'import/stereo/strided_slice_60/stack_2:0' shape=(1,) dtype=int32>,)
import/stereo/strided_slice_60	(<tf.Tensor 'import/stereo/strided_slice_60:0' shape=() dtype=int32>,)
import/stereo/strided_slice_61/stack	(<tf.Tensor 'import/stereo/strided_slice_61/stack:0' shape=(1,) dtype=int32>,)
import/stereo/strided_slice_61/stack_1	(<tf.Tensor 'import/stereo/strided_slice_61/stack_1:0' shape=(1,) dtype=int32>,)
import/stereo/strided_slice_61/stack_2	(<tf.Tensor 'import/stereo/strided_slice_61/stack_2:0' shape=(1,) dtype=int32>,)
import/stereo/strided_slice_61	(<tf.Tensor 'import/stereo/strided_slice_61:0' shape=() dtype=int32>,)
import/stereo/strided_slice_62/stack	(<tf.Tensor 'import/stereo/strided_slice_62/stack:0' shape=(1,) dtype=int32>,)
import/stereo/strided_slice_62/stack_1	(<tf.Tensor 'import/stereo/strided_slice_62/stack_1:0' shape=(1,) dtype=int32>,)
import/stereo/strided_slice_62/stack_2	(<tf.Tensor 'import/stereo/strided_slice_62/stack_2:0' shape=(1,) dtype=int32>,)
import/stereo/strided_slice_62	(<tf.Tensor 'import/stereo/strided_slice_62:0' shape=() dtype=int32>,)
import/stereo/Reshape_30/shape/2	(<tf.Tensor 'import/stereo/Reshape_30/shape/2:0' shape=() dtype=int32>,)
import/stereo/Reshape_30/shape/3	(<tf.Tensor 'import/stereo/Reshape_30/shape/3:0' shape=() dtype=int32>,)
import/stereo/Reshape_30/shape/4	(<tf.Tensor 'import/stereo/Reshape_30/shape/4:0' shape=() dtype=int32>,)
import/stereo/Reshape_30/shape/5	(<tf.Tensor 'import/stereo/Reshape_30/shape/5:0' shape=() dtype=int32>,)
import/stereo/Reshape_30/shape	(<tf.Tensor 'import/stereo/Reshape_30/shape:0' shape=(6,) dtype=int32>,)
import/stereo/Reshape_30	(<tf.Tensor 'import/stereo/Reshape_30:0' shape=(1, 4, 1, 1, 1, 2) dtype=int32>,)
import/stereo/Tile_7/multiples/0	(<tf.Tensor 'import/stereo/Tile_7/multiples/0:0' shape=() dtype=int32>,)
import/stereo/Tile_7/multiples/1	(<tf.Tensor 'import/stereo/Tile_7/multiples/1:0' shape=() dtype=int32>,)
import/stereo/Tile_7/multiples/5	(<tf.Tensor 'import/stereo/Tile_7/multiples/5:0' shape=() dtype=int32>,)
import/stereo/Tile_7/multiples	(<tf.Tensor 'import/stereo/Tile_7/multiples:0' shape=(6,) dtype=int32>,)
import/stereo/Tile_7	(<tf.Tensor 'import/stereo/Tile_7:0' shape=(1, 4, 30, 40, 32, 2) dtype=int32>,)
import/stereo/concat_19/axis	(<tf.Tensor 'import/stereo/concat_19/axis:0' shape=() dtype=int32>,)
import/stereo/concat_19	(<tf.Tensor 'import/stereo/concat_19:0' shape=(1, 4, 30, 40, 32, 4) dtype=int32>,)
import/stereo/GatherNd_1	(<tf.Tensor 'import/stereo/GatherNd_1:0' shape=(1, 4, 30, 40, 32, 32) dtype=float32>,)
import/stereo/Shape_20	(<tf.Tensor 'import/stereo/Shape_20:0' shape=(6,) dtype=int32>,)
import/stereo/strided_slice_63/stack	(<tf.Tensor 'import/stereo/strided_slice_63/stack:0' shape=(1,) dtype=int32>,)
import/stereo/strided_slice_63/stack_1	(<tf.Tensor 'import/stereo/strided_slice_63/stack_1:0' shape=(1,) dtype=int32>,)
import/stereo/strided_slice_63/stack_2	(<tf.Tensor 'import/stereo/strided_slice_63/stack_2:0' shape=(1,) dtype=int32>,)
import/stereo/strided_slice_63	(<tf.Tensor 'import/stereo/strided_slice_63:0' shape=() dtype=int32>,)
import/stereo/range_10/start	(<tf.Tensor 'import/stereo/range_10/start:0' shape=() dtype=int32>,)
import/stereo/range_10/delta	(<tf.Tensor 'import/stereo/range_10/delta:0' shape=() dtype=int32>,)
import/stereo/range_10	(<tf.Tensor 'import/stereo/range_10:0' shape=(1,) dtype=int32>,)
import/stereo/strided_slice_64/stack	(<tf.Tensor 'import/stereo/strided_slice_64/stack:0' shape=(1,) dtype=int32>,)
import/stereo/strided_slice_64/stack_1	(<tf.Tensor 'import/stereo/strided_slice_64/stack_1:0' shape=(1,) dtype=int32>,)
import/stereo/strided_slice_64/stack_2	(<tf.Tensor 'import/stereo/strided_slice_64/stack_2:0' shape=(1,) dtype=int32>,)
import/stereo/strided_slice_64	(<tf.Tensor 'import/stereo/strided_slice_64:0' shape=() dtype=int32>,)
import/stereo/range_11/start	(<tf.Tensor 'import/stereo/range_11/start:0' shape=() dtype=int32>,)
import/stereo/range_11/delta	(<tf.Tensor 'import/stereo/range_11/delta:0' shape=() dtype=int32>,)
import/stereo/range_11	(<tf.Tensor 'import/stereo/range_11:0' shape=(4,) dtype=int32>,)
import/stereo/meshgrid_5/Reshape/shape	(<tf.Tensor 'import/stereo/meshgrid_5/Reshape/shape:0' shape=(2,) dtype=int32>,)
import/stereo/meshgrid_5/Reshape	(<tf.Tensor 'import/stereo/meshgrid_5/Reshape:0' shape=(1, 1) dtype=int32>,)
import/stereo/meshgrid_5/Reshape_1/shape	(<tf.Tensor 'import/stereo/meshgrid_5/Reshape_1/shape:0' shape=(2,) dtype=int32>,)
import/stereo/meshgrid_5/Reshape_1	(<tf.Tensor 'import/stereo/meshgrid_5/Reshape_1:0' shape=(1, 4) dtype=int32>,)
import/stereo/meshgrid_5/Size	(<tf.Tensor 'import/stereo/meshgrid_5/Size:0' shape=() dtype=int32>,)
import/stereo/meshgrid_5/Size_1	(<tf.Tensor 'import/stereo/meshgrid_5/Size_1:0' shape=() dtype=int32>,)
import/stereo/meshgrid_5/ones/packed	(<tf.Tensor 'import/stereo/meshgrid_5/ones/packed:0' shape=(2,) dtype=int32>,)
import/stereo/meshgrid_5/ones/Const	(<tf.Tensor 'import/stereo/meshgrid_5/ones/Const:0' shape=() dtype=int32>,)
import/stereo/meshgrid_5/ones	(<tf.Tensor 'import/stereo/meshgrid_5/ones:0' shape=(1, 4) dtype=int32>,)
import/stereo/meshgrid_5/mul	(<tf.Tensor 'import/stereo/meshgrid_5/mul:0' shape=(1, 4) dtype=int32>,)
import/stereo/meshgrid_5/mul_1	(<tf.Tensor 'import/stereo/meshgrid_5/mul_1:0' shape=(1, 4) dtype=int32>,)
import/stereo/stack_8	(<tf.Tensor 'import/stereo/stack_8:0' shape=(1, 4, 2) dtype=int32>,)
import/stereo/strided_slice_65/stack	(<tf.Tensor 'import/stereo/strided_slice_65/stack:0' shape=(1,) dtype=int32>,)
import/stereo/strided_slice_65/stack_1	(<tf.Tensor 'import/stereo/strided_slice_65/stack_1:0' shape=(1,) dtype=int32>,)
import/stereo/strided_slice_65/stack_2	(<tf.Tensor 'import/stereo/strided_slice_65/stack_2:0' shape=(1,) dtype=int32>,)
import/stereo/strided_slice_65	(<tf.Tensor 'import/stereo/strided_slice_65:0' shape=() dtype=int32>,)
import/stereo/strided_slice_66/stack	(<tf.Tensor 'import/stereo/strided_slice_66/stack:0' shape=(1,) dtype=int32>,)
import/stereo/strided_slice_66/stack_1	(<tf.Tensor 'import/stereo/strided_slice_66/stack_1:0' shape=(1,) dtype=int32>,)
import/stereo/strided_slice_66/stack_2	(<tf.Tensor 'import/stereo/strided_slice_66/stack_2:0' shape=(1,) dtype=int32>,)
import/stereo/strided_slice_66	(<tf.Tensor 'import/stereo/strided_slice_66:0' shape=() dtype=int32>,)
import/stereo/strided_slice_67/stack	(<tf.Tensor 'import/stereo/strided_slice_67/stack:0' shape=(1,) dtype=int32>,)
import/stereo/strided_slice_67/stack_1	(<tf.Tensor 'import/stereo/strided_slice_67/stack_1:0' shape=(1,) dtype=int32>,)
import/stereo/strided_slice_67/stack_2	(<tf.Tensor 'import/stereo/strided_slice_67/stack_2:0' shape=(1,) dtype=int32>,)
import/stereo/strided_slice_67	(<tf.Tensor 'import/stereo/strided_slice_67:0' shape=() dtype=int32>,)
import/stereo/strided_slice_68/stack	(<tf.Tensor 'import/stereo/strided_slice_68/stack:0' shape=(1,) dtype=int32>,)
import/stereo/strided_slice_68/stack_1	(<tf.Tensor 'import/stereo/strided_slice_68/stack_1:0' shape=(1,) dtype=int32>,)
import/stereo/strided_slice_68/stack_2	(<tf.Tensor 'import/stereo/strided_slice_68/stack_2:0' shape=(1,) dtype=int32>,)
import/stereo/strided_slice_68	(<tf.Tensor 'import/stereo/strided_slice_68:0' shape=() dtype=int32>,)
import/stereo/strided_slice_69/stack	(<tf.Tensor 'import/stereo/strided_slice_69/stack:0' shape=(1,) dtype=int32>,)
import/stereo/strided_slice_69/stack_1	(<tf.Tensor 'import/stereo/strided_slice_69/stack_1:0' shape=(1,) dtype=int32>,)
import/stereo/strided_slice_69/stack_2	(<tf.Tensor 'import/stereo/strided_slice_69/stack_2:0' shape=(1,) dtype=int32>,)
import/stereo/strided_slice_69	(<tf.Tensor 'import/stereo/strided_slice_69:0' shape=() dtype=int32>,)
import/stereo/Reshape_31/shape/2	(<tf.Tensor 'import/stereo/Reshape_31/shape/2:0' shape=() dtype=int32>,)
import/stereo/Reshape_31/shape/3	(<tf.Tensor 'import/stereo/Reshape_31/shape/3:0' shape=() dtype=int32>,)
import/stereo/Reshape_31/shape/4	(<tf.Tensor 'import/stereo/Reshape_31/shape/4:0' shape=() dtype=int32>,)
import/stereo/Reshape_31/shape/5	(<tf.Tensor 'import/stereo/Reshape_31/shape/5:0' shape=() dtype=int32>,)
import/stereo/Reshape_31/shape	(<tf.Tensor 'import/stereo/Reshape_31/shape:0' shape=(6,) dtype=int32>,)
import/stereo/Reshape_31	(<tf.Tensor 'import/stereo/Reshape_31:0' shape=(1, 4, 1, 1, 1, 2) dtype=int32>,)
import/stereo/Tile_8/multiples/0	(<tf.Tensor 'import/stereo/Tile_8/multiples/0:0' shape=() dtype=int32>,)
import/stereo/Tile_8/multiples/1	(<tf.Tensor 'import/stereo/Tile_8/multiples/1:0' shape=() dtype=int32>,)
import/stereo/Tile_8/multiples/5	(<tf.Tensor 'import/stereo/Tile_8/multiples/5:0' shape=() dtype=int32>,)
import/stereo/Tile_8/multiples	(<tf.Tensor 'import/stereo/Tile_8/multiples:0' shape=(6,) dtype=int32>,)
import/stereo/Tile_8	(<tf.Tensor 'import/stereo/Tile_8:0' shape=(1, 4, 30, 40, 32, 2) dtype=int32>,)
import/stereo/concat_20/axis	(<tf.Tensor 'import/stereo/concat_20/axis:0' shape=() dtype=int32>,)
import/stereo/concat_20	(<tf.Tensor 'import/stereo/concat_20:0' shape=(1, 4, 30, 40, 32, 4) dtype=int32>,)
import/stereo/GatherNd_2	(<tf.Tensor 'import/stereo/GatherNd_2:0' shape=(1, 4, 30, 40, 32, 32) dtype=float32>,)
import/stereo/Shape_21	(<tf.Tensor 'import/stereo/Shape_21:0' shape=(6,) dtype=int32>,)
import/stereo/strided_slice_70/stack	(<tf.Tensor 'import/stereo/strided_slice_70/stack:0' shape=(1,) dtype=int32>,)
import/stereo/strided_slice_70/stack_1	(<tf.Tensor 'import/stereo/strided_slice_70/stack_1:0' shape=(1,) dtype=int32>,)
import/stereo/strided_slice_70/stack_2	(<tf.Tensor 'import/stereo/strided_slice_70/stack_2:0' shape=(1,) dtype=int32>,)
import/stereo/strided_slice_70	(<tf.Tensor 'import/stereo/strided_slice_70:0' shape=() dtype=int32>,)
import/stereo/range_12/start	(<tf.Tensor 'import/stereo/range_12/start:0' shape=() dtype=int32>,)
import/stereo/range_12/delta	(<tf.Tensor 'import/stereo/range_12/delta:0' shape=() dtype=int32>,)
import/stereo/range_12	(<tf.Tensor 'import/stereo/range_12:0' shape=(1,) dtype=int32>,)
import/stereo/strided_slice_71/stack	(<tf.Tensor 'import/stereo/strided_slice_71/stack:0' shape=(1,) dtype=int32>,)
import/stereo/strided_slice_71/stack_1	(<tf.Tensor 'import/stereo/strided_slice_71/stack_1:0' shape=(1,) dtype=int32>,)
import/stereo/strided_slice_71/stack_2	(<tf.Tensor 'import/stereo/strided_slice_71/stack_2:0' shape=(1,) dtype=int32>,)
import/stereo/strided_slice_71	(<tf.Tensor 'import/stereo/strided_slice_71:0' shape=() dtype=int32>,)
import/stereo/range_13/start	(<tf.Tensor 'import/stereo/range_13/start:0' shape=() dtype=int32>,)
import/stereo/range_13/delta	(<tf.Tensor 'import/stereo/range_13/delta:0' shape=() dtype=int32>,)
import/stereo/range_13	(<tf.Tensor 'import/stereo/range_13:0' shape=(4,) dtype=int32>,)
import/stereo/meshgrid_6/Reshape/shape	(<tf.Tensor 'import/stereo/meshgrid_6/Reshape/shape:0' shape=(2,) dtype=int32>,)
import/stereo/meshgrid_6/Reshape	(<tf.Tensor 'import/stereo/meshgrid_6/Reshape:0' shape=(1, 1) dtype=int32>,)
import/stereo/meshgrid_6/Reshape_1/shape	(<tf.Tensor 'import/stereo/meshgrid_6/Reshape_1/shape:0' shape=(2,) dtype=int32>,)
import/stereo/meshgrid_6/Reshape_1	(<tf.Tensor 'import/stereo/meshgrid_6/Reshape_1:0' shape=(1, 4) dtype=int32>,)
import/stereo/meshgrid_6/Size	(<tf.Tensor 'import/stereo/meshgrid_6/Size:0' shape=() dtype=int32>,)
import/stereo/meshgrid_6/Size_1	(<tf.Tensor 'import/stereo/meshgrid_6/Size_1:0' shape=() dtype=int32>,)
import/stereo/meshgrid_6/ones/packed	(<tf.Tensor 'import/stereo/meshgrid_6/ones/packed:0' shape=(2,) dtype=int32>,)
import/stereo/meshgrid_6/ones/Const	(<tf.Tensor 'import/stereo/meshgrid_6/ones/Const:0' shape=() dtype=int32>,)
import/stereo/meshgrid_6/ones	(<tf.Tensor 'import/stereo/meshgrid_6/ones:0' shape=(1, 4) dtype=int32>,)
import/stereo/meshgrid_6/mul	(<tf.Tensor 'import/stereo/meshgrid_6/mul:0' shape=(1, 4) dtype=int32>,)
import/stereo/meshgrid_6/mul_1	(<tf.Tensor 'import/stereo/meshgrid_6/mul_1:0' shape=(1, 4) dtype=int32>,)
import/stereo/stack_9	(<tf.Tensor 'import/stereo/stack_9:0' shape=(1, 4, 2) dtype=int32>,)
import/stereo/strided_slice_72/stack	(<tf.Tensor 'import/stereo/strided_slice_72/stack:0' shape=(1,) dtype=int32>,)
import/stereo/strided_slice_72/stack_1	(<tf.Tensor 'import/stereo/strided_slice_72/stack_1:0' shape=(1,) dtype=int32>,)
import/stereo/strided_slice_72/stack_2	(<tf.Tensor 'import/stereo/strided_slice_72/stack_2:0' shape=(1,) dtype=int32>,)
import/stereo/strided_slice_72	(<tf.Tensor 'import/stereo/strided_slice_72:0' shape=() dtype=int32>,)
import/stereo/strided_slice_73/stack	(<tf.Tensor 'import/stereo/strided_slice_73/stack:0' shape=(1,) dtype=int32>,)
import/stereo/strided_slice_73/stack_1	(<tf.Tensor 'import/stereo/strided_slice_73/stack_1:0' shape=(1,) dtype=int32>,)
import/stereo/strided_slice_73/stack_2	(<tf.Tensor 'import/stereo/strided_slice_73/stack_2:0' shape=(1,) dtype=int32>,)
import/stereo/strided_slice_73	(<tf.Tensor 'import/stereo/strided_slice_73:0' shape=() dtype=int32>,)
import/stereo/strided_slice_74/stack	(<tf.Tensor 'import/stereo/strided_slice_74/stack:0' shape=(1,) dtype=int32>,)
import/stereo/strided_slice_74/stack_1	(<tf.Tensor 'import/stereo/strided_slice_74/stack_1:0' shape=(1,) dtype=int32>,)
import/stereo/strided_slice_74/stack_2	(<tf.Tensor 'import/stereo/strided_slice_74/stack_2:0' shape=(1,) dtype=int32>,)
import/stereo/strided_slice_74	(<tf.Tensor 'import/stereo/strided_slice_74:0' shape=() dtype=int32>,)
import/stereo/strided_slice_75/stack	(<tf.Tensor 'import/stereo/strided_slice_75/stack:0' shape=(1,) dtype=int32>,)
import/stereo/strided_slice_75/stack_1	(<tf.Tensor 'import/stereo/strided_slice_75/stack_1:0' shape=(1,) dtype=int32>,)
import/stereo/strided_slice_75/stack_2	(<tf.Tensor 'import/stereo/strided_slice_75/stack_2:0' shape=(1,) dtype=int32>,)
import/stereo/strided_slice_75	(<tf.Tensor 'import/stereo/strided_slice_75:0' shape=() dtype=int32>,)
import/stereo/strided_slice_76/stack	(<tf.Tensor 'import/stereo/strided_slice_76/stack:0' shape=(1,) dtype=int32>,)
import/stereo/strided_slice_76/stack_1	(<tf.Tensor 'import/stereo/strided_slice_76/stack_1:0' shape=(1,) dtype=int32>,)
import/stereo/strided_slice_76/stack_2	(<tf.Tensor 'import/stereo/strided_slice_76/stack_2:0' shape=(1,) dtype=int32>,)
import/stereo/strided_slice_76	(<tf.Tensor 'import/stereo/strided_slice_76:0' shape=() dtype=int32>,)
import/stereo/Reshape_32/shape/2	(<tf.Tensor 'import/stereo/Reshape_32/shape/2:0' shape=() dtype=int32>,)
import/stereo/Reshape_32/shape/3	(<tf.Tensor 'import/stereo/Reshape_32/shape/3:0' shape=() dtype=int32>,)
import/stereo/Reshape_32/shape/4	(<tf.Tensor 'import/stereo/Reshape_32/shape/4:0' shape=() dtype=int32>,)
import/stereo/Reshape_32/shape/5	(<tf.Tensor 'import/stereo/Reshape_32/shape/5:0' shape=() dtype=int32>,)
import/stereo/Reshape_32/shape	(<tf.Tensor 'import/stereo/Reshape_32/shape:0' shape=(6,) dtype=int32>,)
import/stereo/Reshape_32	(<tf.Tensor 'import/stereo/Reshape_32:0' shape=(1, 4, 1, 1, 1, 2) dtype=int32>,)
import/stereo/Tile_9/multiples/0	(<tf.Tensor 'import/stereo/Tile_9/multiples/0:0' shape=() dtype=int32>,)
import/stereo/Tile_9/multiples/1	(<tf.Tensor 'import/stereo/Tile_9/multiples/1:0' shape=() dtype=int32>,)
import/stereo/Tile_9/multiples/5	(<tf.Tensor 'import/stereo/Tile_9/multiples/5:0' shape=() dtype=int32>,)
import/stereo/Tile_9/multiples	(<tf.Tensor 'import/stereo/Tile_9/multiples:0' shape=(6,) dtype=int32>,)
import/stereo/Tile_9	(<tf.Tensor 'import/stereo/Tile_9:0' shape=(1, 4, 30, 40, 32, 2) dtype=int32>,)
import/stereo/concat_21/axis	(<tf.Tensor 'import/stereo/concat_21/axis:0' shape=() dtype=int32>,)
import/stereo/concat_21	(<tf.Tensor 'import/stereo/concat_21:0' shape=(1, 4, 30, 40, 32, 4) dtype=int32>,)
import/stereo/GatherNd_3	(<tf.Tensor 'import/stereo/GatherNd_3:0' shape=(1, 4, 30, 40, 32, 32) dtype=float32>,)
import/stereo/mul_13	(<tf.Tensor 'import/stereo/mul_13:0' shape=(1, 4, 30, 40, 32, 32) dtype=float32>,)
import/stereo/mul_14	(<tf.Tensor 'import/stereo/mul_14:0' shape=(1, 4, 30, 40, 32, 32) dtype=float32>,)
import/stereo/add_6	(<tf.Tensor 'import/stereo/add_6:0' shape=(1, 4, 30, 40, 32, 32) dtype=float32>,)
import/stereo/mul_15	(<tf.Tensor 'import/stereo/mul_15:0' shape=(1, 4, 30, 40, 32, 32) dtype=float32>,)
import/stereo/add_7	(<tf.Tensor 'import/stereo/add_7:0' shape=(1, 4, 30, 40, 32, 32) dtype=float32>,)
import/stereo/mul_16	(<tf.Tensor 'import/stereo/mul_16:0' shape=(1, 4, 30, 40, 32, 32) dtype=float32>,)
import/stereo/add_8	(<tf.Tensor 'import/stereo/add_8:0' shape=(1, 4, 30, 40, 32, 32) dtype=float32>,)
import/stereo/mul_17	(<tf.Tensor 'import/stereo/mul_17:0' shape=(1, 4, 30, 40, 32, 32) dtype=float32>,)
import/stereo/Shape_22	(<tf.Tensor 'import/stereo/Shape_22:0' shape=(5,) dtype=int32>,)
import/stereo/Const_3	(<tf.Tensor 'import/stereo/Const_3:0' shape=(2,) dtype=int32>,)
import/stereo/split_1/split_dim	(<tf.Tensor 'import/stereo/split_1/split_dim:0' shape=() dtype=int32>,)
import/stereo/split_1	(<tf.Tensor 'import/stereo/split_1:0' shape=(1, 4, 30, 40, 32, 1) dtype=float32>, <tf.Tensor 'import/stereo/split_1:1' shape=(1, 4, 30, 40, 32, 1) dtype=float32>)
import/stereo/Floor_2	(<tf.Tensor 'import/stereo/Floor_2:0' shape=(1, 4, 30, 40, 32, 1) dtype=float32>,)
import/stereo/Floor_3	(<tf.Tensor 'import/stereo/Floor_3:0' shape=(1, 4, 30, 40, 32, 1) dtype=float32>,)
import/stereo/add_9/y	(<tf.Tensor 'import/stereo/add_9/y:0' shape=() dtype=float32>,)
import/stereo/add_9	(<tf.Tensor 'import/stereo/add_9:0' shape=(1, 4, 30, 40, 32, 1) dtype=float32>,)
import/stereo/add_10/y	(<tf.Tensor 'import/stereo/add_10/y:0' shape=() dtype=float32>,)
import/stereo/add_10	(<tf.Tensor 'import/stereo/add_10:0' shape=(1, 4, 30, 40, 32, 1) dtype=float32>,)
import/stereo/sub_16	(<tf.Tensor 'import/stereo/sub_16:0' shape=(1, 4, 30, 40, 32, 1) dtype=float32>,)
import/stereo/sub_17	(<tf.Tensor 'import/stereo/sub_17:0' shape=(1, 4, 30, 40, 32, 1) dtype=float32>,)
import/stereo/mul_18	(<tf.Tensor 'import/stereo/mul_18:0' shape=(1, 4, 30, 40, 32, 1) dtype=float32>,)
import/stereo/sub_18	(<tf.Tensor 'import/stereo/sub_18:0' shape=(1, 4, 30, 40, 32, 1) dtype=float32>,)
import/stereo/sub_19	(<tf.Tensor 'import/stereo/sub_19:0' shape=(1, 4, 30, 40, 32, 1) dtype=float32>,)
import/stereo/mul_19	(<tf.Tensor 'import/stereo/mul_19:0' shape=(1, 4, 30, 40, 32, 1) dtype=float32>,)
import/stereo/sub_20	(<tf.Tensor 'import/stereo/sub_20:0' shape=(1, 4, 30, 40, 32, 1) dtype=float32>,)
import/stereo/sub_21	(<tf.Tensor 'import/stereo/sub_21:0' shape=(1, 4, 30, 40, 32, 1) dtype=float32>,)
import/stereo/mul_20	(<tf.Tensor 'import/stereo/mul_20:0' shape=(1, 4, 30, 40, 32, 1) dtype=float32>,)
import/stereo/sub_22	(<tf.Tensor 'import/stereo/sub_22:0' shape=(1, 4, 30, 40, 32, 1) dtype=float32>,)
import/stereo/sub_23	(<tf.Tensor 'import/stereo/sub_23:0' shape=(1, 4, 30, 40, 32, 1) dtype=float32>,)
import/stereo/mul_21	(<tf.Tensor 'import/stereo/mul_21:0' shape=(1, 4, 30, 40, 32, 1) dtype=float32>,)
import/stereo/Cast_9	(<tf.Tensor 'import/stereo/Cast_9:0' shape=(1, 4, 30, 40, 32, 1) dtype=int32>,)
import/stereo/Cast_10	(<tf.Tensor 'import/stereo/Cast_10:0' shape=(1, 4, 30, 40, 32, 1) dtype=int32>,)
import/stereo/Cast_11	(<tf.Tensor 'import/stereo/Cast_11:0' shape=(1, 4, 30, 40, 32, 1) dtype=int32>,)
import/stereo/Cast_12	(<tf.Tensor 'import/stereo/Cast_12:0' shape=(1, 4, 30, 40, 32, 1) dtype=int32>,)
import/stereo/strided_slice_77/stack	(<tf.Tensor 'import/stereo/strided_slice_77/stack:0' shape=(1,) dtype=int32>,)
import/stereo/strided_slice_77/stack_1	(<tf.Tensor 'import/stereo/strided_slice_77/stack_1:0' shape=(1,) dtype=int32>,)
import/stereo/strided_slice_77/stack_2	(<tf.Tensor 'import/stereo/strided_slice_77/stack_2:0' shape=(1,) dtype=int32>,)
import/stereo/strided_slice_77	(<tf.Tensor 'import/stereo/strided_slice_77:0' shape=() dtype=int32>,)
import/stereo/sub_24/y	(<tf.Tensor 'import/stereo/sub_24/y:0' shape=() dtype=int32>,)
import/stereo/sub_24	(<tf.Tensor 'import/stereo/sub_24:0' shape=() dtype=int32>,)
import/stereo/clip_by_value_4/Minimum	(<tf.Tensor 'import/stereo/clip_by_value_4/Minimum:0' shape=(1, 4, 30, 40, 32, 1) dtype=int32>,)
import/stereo/clip_by_value_4/y	(<tf.Tensor 'import/stereo/clip_by_value_4/y:0' shape=() dtype=int32>,)
import/stereo/clip_by_value_4	(<tf.Tensor 'import/stereo/clip_by_value_4:0' shape=(1, 4, 30, 40, 32, 1) dtype=int32>,)
import/stereo/strided_slice_78/stack	(<tf.Tensor 'import/stereo/strided_slice_78/stack:0' shape=(1,) dtype=int32>,)
import/stereo/strided_slice_78/stack_1	(<tf.Tensor 'import/stereo/strided_slice_78/stack_1:0' shape=(1,) dtype=int32>,)
import/stereo/strided_slice_78/stack_2	(<tf.Tensor 'import/stereo/strided_slice_78/stack_2:0' shape=(1,) dtype=int32>,)
import/stereo/strided_slice_78	(<tf.Tensor 'import/stereo/strided_slice_78:0' shape=() dtype=int32>,)
import/stereo/sub_25/y	(<tf.Tensor 'import/stereo/sub_25/y:0' shape=() dtype=int32>,)
import/stereo/sub_25	(<tf.Tensor 'import/stereo/sub_25:0' shape=() dtype=int32>,)
import/stereo/clip_by_value_5/Minimum	(<tf.Tensor 'import/stereo/clip_by_value_5/Minimum:0' shape=(1, 4, 30, 40, 32, 1) dtype=int32>,)
import/stereo/clip_by_value_5/y	(<tf.Tensor 'import/stereo/clip_by_value_5/y:0' shape=() dtype=int32>,)
import/stereo/clip_by_value_5	(<tf.Tensor 'import/stereo/clip_by_value_5:0' shape=(1, 4, 30, 40, 32, 1) dtype=int32>,)
import/stereo/strided_slice_79/stack	(<tf.Tensor 'import/stereo/strided_slice_79/stack:0' shape=(1,) dtype=int32>,)
import/stereo/strided_slice_79/stack_1	(<tf.Tensor 'import/stereo/strided_slice_79/stack_1:0' shape=(1,) dtype=int32>,)
import/stereo/strided_slice_79/stack_2	(<tf.Tensor 'import/stereo/strided_slice_79/stack_2:0' shape=(1,) dtype=int32>,)
import/stereo/strided_slice_79	(<tf.Tensor 'import/stereo/strided_slice_79:0' shape=() dtype=int32>,)
import/stereo/sub_26/y	(<tf.Tensor 'import/stereo/sub_26/y:0' shape=() dtype=int32>,)
import/stereo/sub_26	(<tf.Tensor 'import/stereo/sub_26:0' shape=() dtype=int32>,)
import/stereo/clip_by_value_6/Minimum	(<tf.Tensor 'import/stereo/clip_by_value_6/Minimum:0' shape=(1, 4, 30, 40, 32, 1) dtype=int32>,)
import/stereo/clip_by_value_6/y	(<tf.Tensor 'import/stereo/clip_by_value_6/y:0' shape=() dtype=int32>,)
import/stereo/clip_by_value_6	(<tf.Tensor 'import/stereo/clip_by_value_6:0' shape=(1, 4, 30, 40, 32, 1) dtype=int32>,)
import/stereo/strided_slice_80/stack	(<tf.Tensor 'import/stereo/strided_slice_80/stack:0' shape=(1,) dtype=int32>,)
import/stereo/strided_slice_80/stack_1	(<tf.Tensor 'import/stereo/strided_slice_80/stack_1:0' shape=(1,) dtype=int32>,)
import/stereo/strided_slice_80/stack_2	(<tf.Tensor 'import/stereo/strided_slice_80/stack_2:0' shape=(1,) dtype=int32>,)
import/stereo/strided_slice_80	(<tf.Tensor 'import/stereo/strided_slice_80:0' shape=() dtype=int32>,)
import/stereo/sub_27/y	(<tf.Tensor 'import/stereo/sub_27/y:0' shape=() dtype=int32>,)
import/stereo/sub_27	(<tf.Tensor 'import/stereo/sub_27:0' shape=() dtype=int32>,)
import/stereo/clip_by_value_7/Minimum	(<tf.Tensor 'import/stereo/clip_by_value_7/Minimum:0' shape=(1, 4, 30, 40, 32, 1) dtype=int32>,)
import/stereo/clip_by_value_7/y	(<tf.Tensor 'import/stereo/clip_by_value_7/y:0' shape=() dtype=int32>,)
import/stereo/clip_by_value_7	(<tf.Tensor 'import/stereo/clip_by_value_7:0' shape=(1, 4, 30, 40, 32, 1) dtype=int32>,)
import/stereo/Equal_4	(<tf.Tensor 'import/stereo/Equal_4:0' shape=(1, 4, 30, 40, 32, 1) dtype=bool>,)
import/stereo/Equal_5	(<tf.Tensor 'import/stereo/Equal_5:0' shape=(1, 4, 30, 40, 32, 1) dtype=bool>,)
import/stereo/and_3	(<tf.Tensor 'import/stereo/and_3:0' shape=(1, 4, 30, 40, 32, 1) dtype=bool>,)
import/stereo/Equal_6	(<tf.Tensor 'import/stereo/Equal_6:0' shape=(1, 4, 30, 40, 32, 1) dtype=bool>,)
import/stereo/and_4	(<tf.Tensor 'import/stereo/and_4:0' shape=(1, 4, 30, 40, 32, 1) dtype=bool>,)
import/stereo/Equal_7	(<tf.Tensor 'import/stereo/Equal_7:0' shape=(1, 4, 30, 40, 32, 1) dtype=bool>,)
import/stereo/and_5	(<tf.Tensor 'import/stereo/and_5:0' shape=(1, 4, 30, 40, 32, 1) dtype=bool>,)
import/stereo/Cast_13	(<tf.Tensor 'import/stereo/Cast_13:0' shape=(1, 4, 30, 40, 32, 1) dtype=float32>,)
import/stereo/concat_22/axis	(<tf.Tensor 'import/stereo/concat_22/axis:0' shape=() dtype=int32>,)
import/stereo/concat_22	(<tf.Tensor 'import/stereo/concat_22:0' shape=(1, 4, 30, 40, 32, 2) dtype=int32>,)
import/stereo/concat_23/axis	(<tf.Tensor 'import/stereo/concat_23/axis:0' shape=() dtype=int32>,)
import/stereo/concat_23	(<tf.Tensor 'import/stereo/concat_23:0' shape=(1, 4, 30, 40, 32, 2) dtype=int32>,)
import/stereo/concat_24/axis	(<tf.Tensor 'import/stereo/concat_24/axis:0' shape=() dtype=int32>,)
import/stereo/concat_24	(<tf.Tensor 'import/stereo/concat_24:0' shape=(1, 4, 30, 40, 32, 2) dtype=int32>,)
import/stereo/concat_25/axis	(<tf.Tensor 'import/stereo/concat_25/axis:0' shape=() dtype=int32>,)
import/stereo/concat_25	(<tf.Tensor 'import/stereo/concat_25:0' shape=(1, 4, 30, 40, 32, 2) dtype=int32>,)
import/stereo/Shape_23	(<tf.Tensor 'import/stereo/Shape_23:0' shape=(6,) dtype=int32>,)
import/stereo/strided_slice_81/stack	(<tf.Tensor 'import/stereo/strided_slice_81/stack:0' shape=(1,) dtype=int32>,)
import/stereo/strided_slice_81/stack_1	(<tf.Tensor 'import/stereo/strided_slice_81/stack_1:0' shape=(1,) dtype=int32>,)
import/stereo/strided_slice_81/stack_2	(<tf.Tensor 'import/stereo/strided_slice_81/stack_2:0' shape=(1,) dtype=int32>,)
import/stereo/strided_slice_81	(<tf.Tensor 'import/stereo/strided_slice_81:0' shape=() dtype=int32>,)
import/stereo/range_14/start	(<tf.Tensor 'import/stereo/range_14/start:0' shape=() dtype=int32>,)
import/stereo/range_14/delta	(<tf.Tensor 'import/stereo/range_14/delta:0' shape=() dtype=int32>,)
import/stereo/range_14	(<tf.Tensor 'import/stereo/range_14:0' shape=(1,) dtype=int32>,)
import/stereo/strided_slice_82/stack	(<tf.Tensor 'import/stereo/strided_slice_82/stack:0' shape=(1,) dtype=int32>,)
import/stereo/strided_slice_82/stack_1	(<tf.Tensor 'import/stereo/strided_slice_82/stack_1:0' shape=(1,) dtype=int32>,)
import/stereo/strided_slice_82/stack_2	(<tf.Tensor 'import/stereo/strided_slice_82/stack_2:0' shape=(1,) dtype=int32>,)
import/stereo/strided_slice_82	(<tf.Tensor 'import/stereo/strided_slice_82:0' shape=() dtype=int32>,)
import/stereo/range_15/start	(<tf.Tensor 'import/stereo/range_15/start:0' shape=() dtype=int32>,)
import/stereo/range_15/delta	(<tf.Tensor 'import/stereo/range_15/delta:0' shape=() dtype=int32>,)
import/stereo/range_15	(<tf.Tensor 'import/stereo/range_15:0' shape=(4,) dtype=int32>,)
import/stereo/meshgrid_7/Reshape/shape	(<tf.Tensor 'import/stereo/meshgrid_7/Reshape/shape:0' shape=(2,) dtype=int32>,)
import/stereo/meshgrid_7/Reshape	(<tf.Tensor 'import/stereo/meshgrid_7/Reshape:0' shape=(1, 1) dtype=int32>,)
import/stereo/meshgrid_7/Reshape_1/shape	(<tf.Tensor 'import/stereo/meshgrid_7/Reshape_1/shape:0' shape=(2,) dtype=int32>,)
import/stereo/meshgrid_7/Reshape_1	(<tf.Tensor 'import/stereo/meshgrid_7/Reshape_1:0' shape=(1, 4) dtype=int32>,)
import/stereo/meshgrid_7/Size	(<tf.Tensor 'import/stereo/meshgrid_7/Size:0' shape=() dtype=int32>,)
import/stereo/meshgrid_7/Size_1	(<tf.Tensor 'import/stereo/meshgrid_7/Size_1:0' shape=() dtype=int32>,)
import/stereo/meshgrid_7/ones/packed	(<tf.Tensor 'import/stereo/meshgrid_7/ones/packed:0' shape=(2,) dtype=int32>,)
import/stereo/meshgrid_7/ones/Const	(<tf.Tensor 'import/stereo/meshgrid_7/ones/Const:0' shape=() dtype=int32>,)
import/stereo/meshgrid_7/ones	(<tf.Tensor 'import/stereo/meshgrid_7/ones:0' shape=(1, 4) dtype=int32>,)
import/stereo/meshgrid_7/mul	(<tf.Tensor 'import/stereo/meshgrid_7/mul:0' shape=(1, 4) dtype=int32>,)
import/stereo/meshgrid_7/mul_1	(<tf.Tensor 'import/stereo/meshgrid_7/mul_1:0' shape=(1, 4) dtype=int32>,)
import/stereo/stack_10	(<tf.Tensor 'import/stereo/stack_10:0' shape=(1, 4, 2) dtype=int32>,)
import/stereo/strided_slice_83/stack	(<tf.Tensor 'import/stereo/strided_slice_83/stack:0' shape=(1,) dtype=int32>,)
import/stereo/strided_slice_83/stack_1	(<tf.Tensor 'import/stereo/strided_slice_83/stack_1:0' shape=(1,) dtype=int32>,)
import/stereo/strided_slice_83/stack_2	(<tf.Tensor 'import/stereo/strided_slice_83/stack_2:0' shape=(1,) dtype=int32>,)
import/stereo/strided_slice_83	(<tf.Tensor 'import/stereo/strided_slice_83:0' shape=() dtype=int32>,)
import/stereo/strided_slice_84/stack	(<tf.Tensor 'import/stereo/strided_slice_84/stack:0' shape=(1,) dtype=int32>,)
import/stereo/strided_slice_84/stack_1	(<tf.Tensor 'import/stereo/strided_slice_84/stack_1:0' shape=(1,) dtype=int32>,)
import/stereo/strided_slice_84/stack_2	(<tf.Tensor 'import/stereo/strided_slice_84/stack_2:0' shape=(1,) dtype=int32>,)
import/stereo/strided_slice_84	(<tf.Tensor 'import/stereo/strided_slice_84:0' shape=() dtype=int32>,)
import/stereo/strided_slice_85/stack	(<tf.Tensor 'import/stereo/strided_slice_85/stack:0' shape=(1,) dtype=int32>,)
import/stereo/strided_slice_85/stack_1	(<tf.Tensor 'import/stereo/strided_slice_85/stack_1:0' shape=(1,) dtype=int32>,)
import/stereo/strided_slice_85/stack_2	(<tf.Tensor 'import/stereo/strided_slice_85/stack_2:0' shape=(1,) dtype=int32>,)
import/stereo/strided_slice_85	(<tf.Tensor 'import/stereo/strided_slice_85:0' shape=() dtype=int32>,)
import/stereo/strided_slice_86/stack	(<tf.Tensor 'import/stereo/strided_slice_86/stack:0' shape=(1,) dtype=int32>,)
import/stereo/strided_slice_86/stack_1	(<tf.Tensor 'import/stereo/strided_slice_86/stack_1:0' shape=(1,) dtype=int32>,)
import/stereo/strided_slice_86/stack_2	(<tf.Tensor 'import/stereo/strided_slice_86/stack_2:0' shape=(1,) dtype=int32>,)
import/stereo/strided_slice_86	(<tf.Tensor 'import/stereo/strided_slice_86:0' shape=() dtype=int32>,)
import/stereo/strided_slice_87/stack	(<tf.Tensor 'import/stereo/strided_slice_87/stack:0' shape=(1,) dtype=int32>,)
import/stereo/strided_slice_87/stack_1	(<tf.Tensor 'import/stereo/strided_slice_87/stack_1:0' shape=(1,) dtype=int32>,)
import/stereo/strided_slice_87/stack_2	(<tf.Tensor 'import/stereo/strided_slice_87/stack_2:0' shape=(1,) dtype=int32>,)
import/stereo/strided_slice_87	(<tf.Tensor 'import/stereo/strided_slice_87:0' shape=() dtype=int32>,)
import/stereo/Reshape_33/shape/2	(<tf.Tensor 'import/stereo/Reshape_33/shape/2:0' shape=() dtype=int32>,)
import/stereo/Reshape_33/shape/3	(<tf.Tensor 'import/stereo/Reshape_33/shape/3:0' shape=() dtype=int32>,)
import/stereo/Reshape_33/shape/4	(<tf.Tensor 'import/stereo/Reshape_33/shape/4:0' shape=() dtype=int32>,)
import/stereo/Reshape_33/shape/5	(<tf.Tensor 'import/stereo/Reshape_33/shape/5:0' shape=() dtype=int32>,)
import/stereo/Reshape_33/shape	(<tf.Tensor 'import/stereo/Reshape_33/shape:0' shape=(6,) dtype=int32>,)
import/stereo/Reshape_33	(<tf.Tensor 'import/stereo/Reshape_33:0' shape=(1, 4, 1, 1, 1, 2) dtype=int32>,)
import/stereo/Tile_10/multiples/0	(<tf.Tensor 'import/stereo/Tile_10/multiples/0:0' shape=() dtype=int32>,)
import/stereo/Tile_10/multiples/1	(<tf.Tensor 'import/stereo/Tile_10/multiples/1:0' shape=() dtype=int32>,)
import/stereo/Tile_10/multiples/5	(<tf.Tensor 'import/stereo/Tile_10/multiples/5:0' shape=() dtype=int32>,)
import/stereo/Tile_10/multiples	(<tf.Tensor 'import/stereo/Tile_10/multiples:0' shape=(6,) dtype=int32>,)
import/stereo/Tile_10	(<tf.Tensor 'import/stereo/Tile_10:0' shape=(1, 4, 30, 40, 32, 2) dtype=int32>,)
import/stereo/concat_26/axis	(<tf.Tensor 'import/stereo/concat_26/axis:0' shape=() dtype=int32>,)
import/stereo/concat_26	(<tf.Tensor 'import/stereo/concat_26:0' shape=(1, 4, 30, 40, 32, 4) dtype=int32>,)
import/stereo/GatherNd_4	(<tf.Tensor 'import/stereo/GatherNd_4:0' shape=(1, 4, 30, 40, 32, 32) dtype=float32>,)
import/stereo/Shape_24	(<tf.Tensor 'import/stereo/Shape_24:0' shape=(6,) dtype=int32>,)
import/stereo/strided_slice_88/stack	(<tf.Tensor 'import/stereo/strided_slice_88/stack:0' shape=(1,) dtype=int32>,)
import/stereo/strided_slice_88/stack_1	(<tf.Tensor 'import/stereo/strided_slice_88/stack_1:0' shape=(1,) dtype=int32>,)
import/stereo/strided_slice_88/stack_2	(<tf.Tensor 'import/stereo/strided_slice_88/stack_2:0' shape=(1,) dtype=int32>,)
import/stereo/strided_slice_88	(<tf.Tensor 'import/stereo/strided_slice_88:0' shape=() dtype=int32>,)
import/stereo/range_16/start	(<tf.Tensor 'import/stereo/range_16/start:0' shape=() dtype=int32>,)
import/stereo/range_16/delta	(<tf.Tensor 'import/stereo/range_16/delta:0' shape=() dtype=int32>,)
import/stereo/range_16	(<tf.Tensor 'import/stereo/range_16:0' shape=(1,) dtype=int32>,)
import/stereo/strided_slice_89/stack	(<tf.Tensor 'import/stereo/strided_slice_89/stack:0' shape=(1,) dtype=int32>,)
import/stereo/strided_slice_89/stack_1	(<tf.Tensor 'import/stereo/strided_slice_89/stack_1:0' shape=(1,) dtype=int32>,)
import/stereo/strided_slice_89/stack_2	(<tf.Tensor 'import/stereo/strided_slice_89/stack_2:0' shape=(1,) dtype=int32>,)
import/stereo/strided_slice_89	(<tf.Tensor 'import/stereo/strided_slice_89:0' shape=() dtype=int32>,)
import/stereo/range_17/start	(<tf.Tensor 'import/stereo/range_17/start:0' shape=() dtype=int32>,)
import/stereo/range_17/delta	(<tf.Tensor 'import/stereo/range_17/delta:0' shape=() dtype=int32>,)
import/stereo/range_17	(<tf.Tensor 'import/stereo/range_17:0' shape=(4,) dtype=int32>,)
import/stereo/meshgrid_8/Reshape/shape	(<tf.Tensor 'import/stereo/meshgrid_8/Reshape/shape:0' shape=(2,) dtype=int32>,)
import/stereo/meshgrid_8/Reshape	(<tf.Tensor 'import/stereo/meshgrid_8/Reshape:0' shape=(1, 1) dtype=int32>,)
import/stereo/meshgrid_8/Reshape_1/shape	(<tf.Tensor 'import/stereo/meshgrid_8/Reshape_1/shape:0' shape=(2,) dtype=int32>,)
import/stereo/meshgrid_8/Reshape_1	(<tf.Tensor 'import/stereo/meshgrid_8/Reshape_1:0' shape=(1, 4) dtype=int32>,)
import/stereo/meshgrid_8/Size	(<tf.Tensor 'import/stereo/meshgrid_8/Size:0' shape=() dtype=int32>,)
import/stereo/meshgrid_8/Size_1	(<tf.Tensor 'import/stereo/meshgrid_8/Size_1:0' shape=() dtype=int32>,)
import/stereo/meshgrid_8/ones/packed	(<tf.Tensor 'import/stereo/meshgrid_8/ones/packed:0' shape=(2,) dtype=int32>,)
import/stereo/meshgrid_8/ones/Const	(<tf.Tensor 'import/stereo/meshgrid_8/ones/Const:0' shape=() dtype=int32>,)
import/stereo/meshgrid_8/ones	(<tf.Tensor 'import/stereo/meshgrid_8/ones:0' shape=(1, 4) dtype=int32>,)
import/stereo/meshgrid_8/mul	(<tf.Tensor 'import/stereo/meshgrid_8/mul:0' shape=(1, 4) dtype=int32>,)
import/stereo/meshgrid_8/mul_1	(<tf.Tensor 'import/stereo/meshgrid_8/mul_1:0' shape=(1, 4) dtype=int32>,)
import/stereo/stack_11	(<tf.Tensor 'import/stereo/stack_11:0' shape=(1, 4, 2) dtype=int32>,)
import/stereo/strided_slice_90/stack	(<tf.Tensor 'import/stereo/strided_slice_90/stack:0' shape=(1,) dtype=int32>,)
import/stereo/strided_slice_90/stack_1	(<tf.Tensor 'import/stereo/strided_slice_90/stack_1:0' shape=(1,) dtype=int32>,)
import/stereo/strided_slice_90/stack_2	(<tf.Tensor 'import/stereo/strided_slice_90/stack_2:0' shape=(1,) dtype=int32>,)
import/stereo/strided_slice_90	(<tf.Tensor 'import/stereo/strided_slice_90:0' shape=() dtype=int32>,)
import/stereo/strided_slice_91/stack	(<tf.Tensor 'import/stereo/strided_slice_91/stack:0' shape=(1,) dtype=int32>,)
import/stereo/strided_slice_91/stack_1	(<tf.Tensor 'import/stereo/strided_slice_91/stack_1:0' shape=(1,) dtype=int32>,)
import/stereo/strided_slice_91/stack_2	(<tf.Tensor 'import/stereo/strided_slice_91/stack_2:0' shape=(1,) dtype=int32>,)
import/stereo/strided_slice_91	(<tf.Tensor 'import/stereo/strided_slice_91:0' shape=() dtype=int32>,)
import/stereo/strided_slice_92/stack	(<tf.Tensor 'import/stereo/strided_slice_92/stack:0' shape=(1,) dtype=int32>,)
import/stereo/strided_slice_92/stack_1	(<tf.Tensor 'import/stereo/strided_slice_92/stack_1:0' shape=(1,) dtype=int32>,)
import/stereo/strided_slice_92/stack_2	(<tf.Tensor 'import/stereo/strided_slice_92/stack_2:0' shape=(1,) dtype=int32>,)
import/stereo/strided_slice_92	(<tf.Tensor 'import/stereo/strided_slice_92:0' shape=() dtype=int32>,)
import/stereo/strided_slice_93/stack	(<tf.Tensor 'import/stereo/strided_slice_93/stack:0' shape=(1,) dtype=int32>,)
import/stereo/strided_slice_93/stack_1	(<tf.Tensor 'import/stereo/strided_slice_93/stack_1:0' shape=(1,) dtype=int32>,)
import/stereo/strided_slice_93/stack_2	(<tf.Tensor 'import/stereo/strided_slice_93/stack_2:0' shape=(1,) dtype=int32>,)
import/stereo/strided_slice_93	(<tf.Tensor 'import/stereo/strided_slice_93:0' shape=() dtype=int32>,)
import/stereo/strided_slice_94/stack	(<tf.Tensor 'import/stereo/strided_slice_94/stack:0' shape=(1,) dtype=int32>,)
import/stereo/strided_slice_94/stack_1	(<tf.Tensor 'import/stereo/strided_slice_94/stack_1:0' shape=(1,) dtype=int32>,)
import/stereo/strided_slice_94/stack_2	(<tf.Tensor 'import/stereo/strided_slice_94/stack_2:0' shape=(1,) dtype=int32>,)
import/stereo/strided_slice_94	(<tf.Tensor 'import/stereo/strided_slice_94:0' shape=() dtype=int32>,)
import/stereo/Reshape_34/shape/2	(<tf.Tensor 'import/stereo/Reshape_34/shape/2:0' shape=() dtype=int32>,)
import/stereo/Reshape_34/shape/3	(<tf.Tensor 'import/stereo/Reshape_34/shape/3:0' shape=() dtype=int32>,)
import/stereo/Reshape_34/shape/4	(<tf.Tensor 'import/stereo/Reshape_34/shape/4:0' shape=() dtype=int32>,)
import/stereo/Reshape_34/shape/5	(<tf.Tensor 'import/stereo/Reshape_34/shape/5:0' shape=() dtype=int32>,)
import/stereo/Reshape_34/shape	(<tf.Tensor 'import/stereo/Reshape_34/shape:0' shape=(6,) dtype=int32>,)
import/stereo/Reshape_34	(<tf.Tensor 'import/stereo/Reshape_34:0' shape=(1, 4, 1, 1, 1, 2) dtype=int32>,)
import/stereo/Tile_11/multiples/0	(<tf.Tensor 'import/stereo/Tile_11/multiples/0:0' shape=() dtype=int32>,)
import/stereo/Tile_11/multiples/1	(<tf.Tensor 'import/stereo/Tile_11/multiples/1:0' shape=() dtype=int32>,)
import/stereo/Tile_11/multiples/5	(<tf.Tensor 'import/stereo/Tile_11/multiples/5:0' shape=() dtype=int32>,)
import/stereo/Tile_11/multiples	(<tf.Tensor 'import/stereo/Tile_11/multiples:0' shape=(6,) dtype=int32>,)
import/stereo/Tile_11	(<tf.Tensor 'import/stereo/Tile_11:0' shape=(1, 4, 30, 40, 32, 2) dtype=int32>,)
import/stereo/concat_27/axis	(<tf.Tensor 'import/stereo/concat_27/axis:0' shape=() dtype=int32>,)
import/stereo/concat_27	(<tf.Tensor 'import/stereo/concat_27:0' shape=(1, 4, 30, 40, 32, 4) dtype=int32>,)
import/stereo/GatherNd_5	(<tf.Tensor 'import/stereo/GatherNd_5:0' shape=(1, 4, 30, 40, 32, 32) dtype=float32>,)
import/stereo/Shape_25	(<tf.Tensor 'import/stereo/Shape_25:0' shape=(6,) dtype=int32>,)
import/stereo/strided_slice_95/stack	(<tf.Tensor 'import/stereo/strided_slice_95/stack:0' shape=(1,) dtype=int32>,)
import/stereo/strided_slice_95/stack_1	(<tf.Tensor 'import/stereo/strided_slice_95/stack_1:0' shape=(1,) dtype=int32>,)
import/stereo/strided_slice_95/stack_2	(<tf.Tensor 'import/stereo/strided_slice_95/stack_2:0' shape=(1,) dtype=int32>,)
import/stereo/strided_slice_95	(<tf.Tensor 'import/stereo/strided_slice_95:0' shape=() dtype=int32>,)
import/stereo/range_18/start	(<tf.Tensor 'import/stereo/range_18/start:0' shape=() dtype=int32>,)
import/stereo/range_18/delta	(<tf.Tensor 'import/stereo/range_18/delta:0' shape=() dtype=int32>,)
import/stereo/range_18	(<tf.Tensor 'import/stereo/range_18:0' shape=(1,) dtype=int32>,)
import/stereo/strided_slice_96/stack	(<tf.Tensor 'import/stereo/strided_slice_96/stack:0' shape=(1,) dtype=int32>,)
import/stereo/strided_slice_96/stack_1	(<tf.Tensor 'import/stereo/strided_slice_96/stack_1:0' shape=(1,) dtype=int32>,)
import/stereo/strided_slice_96/stack_2	(<tf.Tensor 'import/stereo/strided_slice_96/stack_2:0' shape=(1,) dtype=int32>,)
import/stereo/strided_slice_96	(<tf.Tensor 'import/stereo/strided_slice_96:0' shape=() dtype=int32>,)
import/stereo/range_19/start	(<tf.Tensor 'import/stereo/range_19/start:0' shape=() dtype=int32>,)
import/stereo/range_19/delta	(<tf.Tensor 'import/stereo/range_19/delta:0' shape=() dtype=int32>,)
import/stereo/range_19	(<tf.Tensor 'import/stereo/range_19:0' shape=(4,) dtype=int32>,)
import/stereo/meshgrid_9/Reshape/shape	(<tf.Tensor 'import/stereo/meshgrid_9/Reshape/shape:0' shape=(2,) dtype=int32>,)
import/stereo/meshgrid_9/Reshape	(<tf.Tensor 'import/stereo/meshgrid_9/Reshape:0' shape=(1, 1) dtype=int32>,)
import/stereo/meshgrid_9/Reshape_1/shape	(<tf.Tensor 'import/stereo/meshgrid_9/Reshape_1/shape:0' shape=(2,) dtype=int32>,)
import/stereo/meshgrid_9/Reshape_1	(<tf.Tensor 'import/stereo/meshgrid_9/Reshape_1:0' shape=(1, 4) dtype=int32>,)
import/stereo/meshgrid_9/Size	(<tf.Tensor 'import/stereo/meshgrid_9/Size:0' shape=() dtype=int32>,)
import/stereo/meshgrid_9/Size_1	(<tf.Tensor 'import/stereo/meshgrid_9/Size_1:0' shape=() dtype=int32>,)
import/stereo/meshgrid_9/ones/packed	(<tf.Tensor 'import/stereo/meshgrid_9/ones/packed:0' shape=(2,) dtype=int32>,)
import/stereo/meshgrid_9/ones/Const	(<tf.Tensor 'import/stereo/meshgrid_9/ones/Const:0' shape=() dtype=int32>,)
import/stereo/meshgrid_9/ones	(<tf.Tensor 'import/stereo/meshgrid_9/ones:0' shape=(1, 4) dtype=int32>,)
import/stereo/meshgrid_9/mul	(<tf.Tensor 'import/stereo/meshgrid_9/mul:0' shape=(1, 4) dtype=int32>,)
import/stereo/meshgrid_9/mul_1	(<tf.Tensor 'import/stereo/meshgrid_9/mul_1:0' shape=(1, 4) dtype=int32>,)
import/stereo/stack_12	(<tf.Tensor 'import/stereo/stack_12:0' shape=(1, 4, 2) dtype=int32>,)
import/stereo/strided_slice_97/stack	(<tf.Tensor 'import/stereo/strided_slice_97/stack:0' shape=(1,) dtype=int32>,)
import/stereo/strided_slice_97/stack_1	(<tf.Tensor 'import/stereo/strided_slice_97/stack_1:0' shape=(1,) dtype=int32>,)
import/stereo/strided_slice_97/stack_2	(<tf.Tensor 'import/stereo/strided_slice_97/stack_2:0' shape=(1,) dtype=int32>,)
import/stereo/strided_slice_97	(<tf.Tensor 'import/stereo/strided_slice_97:0' shape=() dtype=int32>,)
import/stereo/strided_slice_98/stack	(<tf.Tensor 'import/stereo/strided_slice_98/stack:0' shape=(1,) dtype=int32>,)
import/stereo/strided_slice_98/stack_1	(<tf.Tensor 'import/stereo/strided_slice_98/stack_1:0' shape=(1,) dtype=int32>,)
import/stereo/strided_slice_98/stack_2	(<tf.Tensor 'import/stereo/strided_slice_98/stack_2:0' shape=(1,) dtype=int32>,)
import/stereo/strided_slice_98	(<tf.Tensor 'import/stereo/strided_slice_98:0' shape=() dtype=int32>,)
import/stereo/strided_slice_99/stack	(<tf.Tensor 'import/stereo/strided_slice_99/stack:0' shape=(1,) dtype=int32>,)
import/stereo/strided_slice_99/stack_1	(<tf.Tensor 'import/stereo/strided_slice_99/stack_1:0' shape=(1,) dtype=int32>,)
import/stereo/strided_slice_99/stack_2	(<tf.Tensor 'import/stereo/strided_slice_99/stack_2:0' shape=(1,) dtype=int32>,)
import/stereo/strided_slice_99	(<tf.Tensor 'import/stereo/strided_slice_99:0' shape=() dtype=int32>,)
import/stereo/strided_slice_100/stack	(<tf.Tensor 'import/stereo/strided_slice_100/stack:0' shape=(1,) dtype=int32>,)
import/stereo/strided_slice_100/stack_1	(<tf.Tensor 'import/stereo/strided_slice_100/stack_1:0' shape=(1,) dtype=int32>,)
import/stereo/strided_slice_100/stack_2	(<tf.Tensor 'import/stereo/strided_slice_100/stack_2:0' shape=(1,) dtype=int32>,)
import/stereo/strided_slice_100	(<tf.Tensor 'import/stereo/strided_slice_100:0' shape=() dtype=int32>,)
import/stereo/strided_slice_101/stack	(<tf.Tensor 'import/stereo/strided_slice_101/stack:0' shape=(1,) dtype=int32>,)
import/stereo/strided_slice_101/stack_1	(<tf.Tensor 'import/stereo/strided_slice_101/stack_1:0' shape=(1,) dtype=int32>,)
import/stereo/strided_slice_101/stack_2	(<tf.Tensor 'import/stereo/strided_slice_101/stack_2:0' shape=(1,) dtype=int32>,)
import/stereo/strided_slice_101	(<tf.Tensor 'import/stereo/strided_slice_101:0' shape=() dtype=int32>,)
import/stereo/Reshape_35/shape/2	(<tf.Tensor 'import/stereo/Reshape_35/shape/2:0' shape=() dtype=int32>,)
import/stereo/Reshape_35/shape/3	(<tf.Tensor 'import/stereo/Reshape_35/shape/3:0' shape=() dtype=int32>,)
import/stereo/Reshape_35/shape/4	(<tf.Tensor 'import/stereo/Reshape_35/shape/4:0' shape=() dtype=int32>,)
import/stereo/Reshape_35/shape/5	(<tf.Tensor 'import/stereo/Reshape_35/shape/5:0' shape=() dtype=int32>,)
import/stereo/Reshape_35/shape	(<tf.Tensor 'import/stereo/Reshape_35/shape:0' shape=(6,) dtype=int32>,)
import/stereo/Reshape_35	(<tf.Tensor 'import/stereo/Reshape_35:0' shape=(1, 4, 1, 1, 1, 2) dtype=int32>,)
import/stereo/Tile_12/multiples/0	(<tf.Tensor 'import/stereo/Tile_12/multiples/0:0' shape=() dtype=int32>,)
import/stereo/Tile_12/multiples/1	(<tf.Tensor 'import/stereo/Tile_12/multiples/1:0' shape=() dtype=int32>,)
import/stereo/Tile_12/multiples/5	(<tf.Tensor 'import/stereo/Tile_12/multiples/5:0' shape=() dtype=int32>,)
import/stereo/Tile_12/multiples	(<tf.Tensor 'import/stereo/Tile_12/multiples:0' shape=(6,) dtype=int32>,)
import/stereo/Tile_12	(<tf.Tensor 'import/stereo/Tile_12:0' shape=(1, 4, 30, 40, 32, 2) dtype=int32>,)
import/stereo/concat_28/axis	(<tf.Tensor 'import/stereo/concat_28/axis:0' shape=() dtype=int32>,)
import/stereo/concat_28	(<tf.Tensor 'import/stereo/concat_28:0' shape=(1, 4, 30, 40, 32, 4) dtype=int32>,)
import/stereo/GatherNd_6	(<tf.Tensor 'import/stereo/GatherNd_6:0' shape=(1, 4, 30, 40, 32, 32) dtype=float32>,)
import/stereo/Shape_26	(<tf.Tensor 'import/stereo/Shape_26:0' shape=(6,) dtype=int32>,)
import/stereo/strided_slice_102/stack	(<tf.Tensor 'import/stereo/strided_slice_102/stack:0' shape=(1,) dtype=int32>,)
import/stereo/strided_slice_102/stack_1	(<tf.Tensor 'import/stereo/strided_slice_102/stack_1:0' shape=(1,) dtype=int32>,)
import/stereo/strided_slice_102/stack_2	(<tf.Tensor 'import/stereo/strided_slice_102/stack_2:0' shape=(1,) dtype=int32>,)
import/stereo/strided_slice_102	(<tf.Tensor 'import/stereo/strided_slice_102:0' shape=() dtype=int32>,)
import/stereo/range_20/start	(<tf.Tensor 'import/stereo/range_20/start:0' shape=() dtype=int32>,)
import/stereo/range_20/delta	(<tf.Tensor 'import/stereo/range_20/delta:0' shape=() dtype=int32>,)
import/stereo/range_20	(<tf.Tensor 'import/stereo/range_20:0' shape=(1,) dtype=int32>,)
import/stereo/strided_slice_103/stack	(<tf.Tensor 'import/stereo/strided_slice_103/stack:0' shape=(1,) dtype=int32>,)
import/stereo/strided_slice_103/stack_1	(<tf.Tensor 'import/stereo/strided_slice_103/stack_1:0' shape=(1,) dtype=int32>,)
import/stereo/strided_slice_103/stack_2	(<tf.Tensor 'import/stereo/strided_slice_103/stack_2:0' shape=(1,) dtype=int32>,)
import/stereo/strided_slice_103	(<tf.Tensor 'import/stereo/strided_slice_103:0' shape=() dtype=int32>,)
import/stereo/range_21/start	(<tf.Tensor 'import/stereo/range_21/start:0' shape=() dtype=int32>,)
import/stereo/range_21/delta	(<tf.Tensor 'import/stereo/range_21/delta:0' shape=() dtype=int32>,)
import/stereo/range_21	(<tf.Tensor 'import/stereo/range_21:0' shape=(4,) dtype=int32>,)
import/stereo/meshgrid_10/Reshape/shape	(<tf.Tensor 'import/stereo/meshgrid_10/Reshape/shape:0' shape=(2,) dtype=int32>,)
import/stereo/meshgrid_10/Reshape	(<tf.Tensor 'import/stereo/meshgrid_10/Reshape:0' shape=(1, 1) dtype=int32>,)
import/stereo/meshgrid_10/Reshape_1/shape	(<tf.Tensor 'import/stereo/meshgrid_10/Reshape_1/shape:0' shape=(2,) dtype=int32>,)
import/stereo/meshgrid_10/Reshape_1	(<tf.Tensor 'import/stereo/meshgrid_10/Reshape_1:0' shape=(1, 4) dtype=int32>,)
import/stereo/meshgrid_10/Size	(<tf.Tensor 'import/stereo/meshgrid_10/Size:0' shape=() dtype=int32>,)
import/stereo/meshgrid_10/Size_1	(<tf.Tensor 'import/stereo/meshgrid_10/Size_1:0' shape=() dtype=int32>,)
import/stereo/meshgrid_10/ones/packed	(<tf.Tensor 'import/stereo/meshgrid_10/ones/packed:0' shape=(2,) dtype=int32>,)
import/stereo/meshgrid_10/ones/Const	(<tf.Tensor 'import/stereo/meshgrid_10/ones/Const:0' shape=() dtype=int32>,)
import/stereo/meshgrid_10/ones	(<tf.Tensor 'import/stereo/meshgrid_10/ones:0' shape=(1, 4) dtype=int32>,)
import/stereo/meshgrid_10/mul	(<tf.Tensor 'import/stereo/meshgrid_10/mul:0' shape=(1, 4) dtype=int32>,)
import/stereo/meshgrid_10/mul_1	(<tf.Tensor 'import/stereo/meshgrid_10/mul_1:0' shape=(1, 4) dtype=int32>,)
import/stereo/stack_13	(<tf.Tensor 'import/stereo/stack_13:0' shape=(1, 4, 2) dtype=int32>,)
import/stereo/strided_slice_104/stack	(<tf.Tensor 'import/stereo/strided_slice_104/stack:0' shape=(1,) dtype=int32>,)
import/stereo/strided_slice_104/stack_1	(<tf.Tensor 'import/stereo/strided_slice_104/stack_1:0' shape=(1,) dtype=int32>,)
import/stereo/strided_slice_104/stack_2	(<tf.Tensor 'import/stereo/strided_slice_104/stack_2:0' shape=(1,) dtype=int32>,)
import/stereo/strided_slice_104	(<tf.Tensor 'import/stereo/strided_slice_104:0' shape=() dtype=int32>,)
import/stereo/strided_slice_105/stack	(<tf.Tensor 'import/stereo/strided_slice_105/stack:0' shape=(1,) dtype=int32>,)
import/stereo/strided_slice_105/stack_1	(<tf.Tensor 'import/stereo/strided_slice_105/stack_1:0' shape=(1,) dtype=int32>,)
import/stereo/strided_slice_105/stack_2	(<tf.Tensor 'import/stereo/strided_slice_105/stack_2:0' shape=(1,) dtype=int32>,)
import/stereo/strided_slice_105	(<tf.Tensor 'import/stereo/strided_slice_105:0' shape=() dtype=int32>,)
import/stereo/strided_slice_106/stack	(<tf.Tensor 'import/stereo/strided_slice_106/stack:0' shape=(1,) dtype=int32>,)
import/stereo/strided_slice_106/stack_1	(<tf.Tensor 'import/stereo/strided_slice_106/stack_1:0' shape=(1,) dtype=int32>,)
import/stereo/strided_slice_106/stack_2	(<tf.Tensor 'import/stereo/strided_slice_106/stack_2:0' shape=(1,) dtype=int32>,)
import/stereo/strided_slice_106	(<tf.Tensor 'import/stereo/strided_slice_106:0' shape=() dtype=int32>,)
import/stereo/strided_slice_107/stack	(<tf.Tensor 'import/stereo/strided_slice_107/stack:0' shape=(1,) dtype=int32>,)
import/stereo/strided_slice_107/stack_1	(<tf.Tensor 'import/stereo/strided_slice_107/stack_1:0' shape=(1,) dtype=int32>,)
import/stereo/strided_slice_107/stack_2	(<tf.Tensor 'import/stereo/strided_slice_107/stack_2:0' shape=(1,) dtype=int32>,)
import/stereo/strided_slice_107	(<tf.Tensor 'import/stereo/strided_slice_107:0' shape=() dtype=int32>,)
import/stereo/strided_slice_108/stack	(<tf.Tensor 'import/stereo/strided_slice_108/stack:0' shape=(1,) dtype=int32>,)
import/stereo/strided_slice_108/stack_1	(<tf.Tensor 'import/stereo/strided_slice_108/stack_1:0' shape=(1,) dtype=int32>,)
import/stereo/strided_slice_108/stack_2	(<tf.Tensor 'import/stereo/strided_slice_108/stack_2:0' shape=(1,) dtype=int32>,)
import/stereo/strided_slice_108	(<tf.Tensor 'import/stereo/strided_slice_108:0' shape=() dtype=int32>,)
import/stereo/Reshape_36/shape/2	(<tf.Tensor 'import/stereo/Reshape_36/shape/2:0' shape=() dtype=int32>,)
import/stereo/Reshape_36/shape/3	(<tf.Tensor 'import/stereo/Reshape_36/shape/3:0' shape=() dtype=int32>,)
import/stereo/Reshape_36/shape/4	(<tf.Tensor 'import/stereo/Reshape_36/shape/4:0' shape=() dtype=int32>,)
import/stereo/Reshape_36/shape/5	(<tf.Tensor 'import/stereo/Reshape_36/shape/5:0' shape=() dtype=int32>,)
import/stereo/Reshape_36/shape	(<tf.Tensor 'import/stereo/Reshape_36/shape:0' shape=(6,) dtype=int32>,)
import/stereo/Reshape_36	(<tf.Tensor 'import/stereo/Reshape_36:0' shape=(1, 4, 1, 1, 1, 2) dtype=int32>,)
import/stereo/Tile_13/multiples/0	(<tf.Tensor 'import/stereo/Tile_13/multiples/0:0' shape=() dtype=int32>,)
import/stereo/Tile_13/multiples/1	(<tf.Tensor 'import/stereo/Tile_13/multiples/1:0' shape=() dtype=int32>,)
import/stereo/Tile_13/multiples/5	(<tf.Tensor 'import/stereo/Tile_13/multiples/5:0' shape=() dtype=int32>,)
import/stereo/Tile_13/multiples	(<tf.Tensor 'import/stereo/Tile_13/multiples:0' shape=(6,) dtype=int32>,)
import/stereo/Tile_13	(<tf.Tensor 'import/stereo/Tile_13:0' shape=(1, 4, 30, 40, 32, 2) dtype=int32>,)
import/stereo/concat_29/axis	(<tf.Tensor 'import/stereo/concat_29/axis:0' shape=() dtype=int32>,)
import/stereo/concat_29	(<tf.Tensor 'import/stereo/concat_29:0' shape=(1, 4, 30, 40, 32, 4) dtype=int32>,)
import/stereo/GatherNd_7	(<tf.Tensor 'import/stereo/GatherNd_7:0' shape=(1, 4, 30, 40, 32, 32) dtype=float32>,)
import/stereo/mul_22	(<tf.Tensor 'import/stereo/mul_22:0' shape=(1, 4, 30, 40, 32, 32) dtype=float32>,)
import/stereo/mul_23	(<tf.Tensor 'import/stereo/mul_23:0' shape=(1, 4, 30, 40, 32, 32) dtype=float32>,)
import/stereo/add_11	(<tf.Tensor 'import/stereo/add_11:0' shape=(1, 4, 30, 40, 32, 32) dtype=float32>,)
import/stereo/mul_24	(<tf.Tensor 'import/stereo/mul_24:0' shape=(1, 4, 30, 40, 32, 32) dtype=float32>,)
import/stereo/add_12	(<tf.Tensor 'import/stereo/add_12:0' shape=(1, 4, 30, 40, 32, 32) dtype=float32>,)
import/stereo/mul_25	(<tf.Tensor 'import/stereo/mul_25:0' shape=(1, 4, 30, 40, 32, 32) dtype=float32>,)
import/stereo/add_13	(<tf.Tensor 'import/stereo/add_13:0' shape=(1, 4, 30, 40, 32, 32) dtype=float32>,)
import/stereo/mul_26	(<tf.Tensor 'import/stereo/mul_26:0' shape=(1, 4, 30, 40, 32, 32) dtype=float32>,)
import/stereo/concat_30/axis	(<tf.Tensor 'import/stereo/concat_30/axis:0' shape=() dtype=int32>,)
import/stereo/concat_30	(<tf.Tensor 'import/stereo/concat_30:0' shape=(1, 4, 30, 40, 32, 64) dtype=float32>,)
import/stereo/Reshape_37/shape/4	(<tf.Tensor 'import/stereo/Reshape_37/shape/4:0' shape=() dtype=int32>,)
import/stereo/Reshape_37/shape/5	(<tf.Tensor 'import/stereo/Reshape_37/shape/5:0' shape=() dtype=int32>,)
import/stereo/Reshape_37/shape	(<tf.Tensor 'import/stereo/Reshape_37/shape:0' shape=(6,) dtype=int32>,)
import/stereo/Reshape_37	(<tf.Tensor 'import/stereo/Reshape_37:0' shape=(1, 4, 30, 40, 32, 64) dtype=float32>,)
import/stereo/Shape_27	(<tf.Tensor 'import/stereo/Shape_27:0' shape=(6,) dtype=int32>,)
import/stereo/strided_slice_109/stack	(<tf.Tensor 'import/stereo/strided_slice_109/stack:0' shape=(1,) dtype=int32>,)
import/stereo/strided_slice_109/stack_1	(<tf.Tensor 'import/stereo/strided_slice_109/stack_1:0' shape=(1,) dtype=int32>,)
import/stereo/strided_slice_109/stack_2	(<tf.Tensor 'import/stereo/strided_slice_109/stack_2:0' shape=(1,) dtype=int32>,)
import/stereo/strided_slice_109	(<tf.Tensor 'import/stereo/strided_slice_109:0' shape=() dtype=int32>,)
import/stereo/strided_slice_110/stack	(<tf.Tensor 'import/stereo/strided_slice_110/stack:0' shape=(1,) dtype=int32>,)
import/stereo/strided_slice_110/stack_1	(<tf.Tensor 'import/stereo/strided_slice_110/stack_1:0' shape=(1,) dtype=int32>,)
import/stereo/strided_slice_110/stack_2	(<tf.Tensor 'import/stereo/strided_slice_110/stack_2:0' shape=(1,) dtype=int32>,)
import/stereo/strided_slice_110	(<tf.Tensor 'import/stereo/strided_slice_110:0' shape=() dtype=int32>,)
import/stereo/mul_27	(<tf.Tensor 'import/stereo/mul_27:0' shape=() dtype=int32>,)
import/stereo/strided_slice_111/stack	(<tf.Tensor 'import/stereo/strided_slice_111/stack:0' shape=(1,) dtype=int32>,)
import/stereo/strided_slice_111/stack_1	(<tf.Tensor 'import/stereo/strided_slice_111/stack_1:0' shape=(1,) dtype=int32>,)
import/stereo/strided_slice_111/stack_2	(<tf.Tensor 'import/stereo/strided_slice_111/stack_2:0' shape=(1,) dtype=int32>,)
import/stereo/strided_slice_111	(<tf.Tensor 'import/stereo/strided_slice_111:0' shape=() dtype=int32>,)
import/stereo/strided_slice_112/stack	(<tf.Tensor 'import/stereo/strided_slice_112/stack:0' shape=(1,) dtype=int32>,)
import/stereo/strided_slice_112/stack_1	(<tf.Tensor 'import/stereo/strided_slice_112/stack_1:0' shape=(1,) dtype=int32>,)
import/stereo/strided_slice_112/stack_2	(<tf.Tensor 'import/stereo/strided_slice_112/stack_2:0' shape=(1,) dtype=int32>,)
import/stereo/strided_slice_112	(<tf.Tensor 'import/stereo/strided_slice_112:0' shape=() dtype=int32>,)
import/stereo/strided_slice_113/stack	(<tf.Tensor 'import/stereo/strided_slice_113/stack:0' shape=(1,) dtype=int32>,)
import/stereo/strided_slice_113/stack_1	(<tf.Tensor 'import/stereo/strided_slice_113/stack_1:0' shape=(1,) dtype=int32>,)
import/stereo/strided_slice_113/stack_2	(<tf.Tensor 'import/stereo/strided_slice_113/stack_2:0' shape=(1,) dtype=int32>,)
import/stereo/strided_slice_113	(<tf.Tensor 'import/stereo/strided_slice_113:0' shape=() dtype=int32>,)
import/stereo/Reshape_38/shape/4	(<tf.Tensor 'import/stereo/Reshape_38/shape/4:0' shape=() dtype=int32>,)
import/stereo/Reshape_38/shape	(<tf.Tensor 'import/stereo/Reshape_38/shape:0' shape=(5,) dtype=int32>,)
import/stereo/Reshape_38	(<tf.Tensor 'import/stereo/Reshape_38:0' shape=(4, 30, 40, 32, 64) dtype=float32>,)
import/stereo/Conv/weights	(<tf.Tensor 'import/stereo/Conv/weights:0' shape=(1, 1, 1, 64, 32) dtype=float32>,)
import/stereo/Conv/weights/read	(<tf.Tensor 'import/stereo/Conv/weights/read:0' shape=(1, 1, 1, 64, 32) dtype=float32>,)
import/stereo/Conv/biases	(<tf.Tensor 'import/stereo/Conv/biases:0' shape=(32,) dtype=float32>,)
import/stereo/Conv/biases/read	(<tf.Tensor 'import/stereo/Conv/biases/read:0' shape=(32,) dtype=float32>,)
import/stereo/Conv/Conv3D	(<tf.Tensor 'import/stereo/Conv/Conv3D:0' shape=(4, 30, 40, 32, 32) dtype=float32>,)
import/stereo/Conv/BiasAdd	(<tf.Tensor 'import/stereo/Conv/BiasAdd:0' shape=(4, 30, 40, 32, 32) dtype=float32>,)
import/stereo/BatchNorm/gamma	(<tf.Tensor 'import/stereo/BatchNorm/gamma:0' shape=(32,) dtype=float32>,)
import/stereo/BatchNorm/gamma/read	(<tf.Tensor 'import/stereo/BatchNorm/gamma/read:0' shape=(32,) dtype=float32>,)
import/stereo/BatchNorm/beta	(<tf.Tensor 'import/stereo/BatchNorm/beta:0' shape=(32,) dtype=float32>,)
import/stereo/BatchNorm/beta/read	(<tf.Tensor 'import/stereo/BatchNorm/beta/read:0' shape=(32,) dtype=float32>,)
import/stereo/BatchNorm/moving_mean	(<tf.Tensor 'import/stereo/BatchNorm/moving_mean:0' shape=(32,) dtype=float32>,)
import/stereo/BatchNorm/moving_variance	(<tf.Tensor 'import/stereo/BatchNorm/moving_variance:0' shape=(32,) dtype=float32>,)
import/stereo/BatchNorm/renorm_mean	(<tf.Tensor 'import/stereo/BatchNorm/renorm_mean:0' shape=(32,) dtype=float32>,)
import/stereo/BatchNorm/renorm_mean/read	(<tf.Tensor 'import/stereo/BatchNorm/renorm_mean/read:0' shape=(32,) dtype=float32>,)
import/stereo/BatchNorm/renorm_stddev	(<tf.Tensor 'import/stereo/BatchNorm/renorm_stddev:0' shape=(32,) dtype=float32>,)
import/stereo/BatchNorm/renorm_stddev/read	(<tf.Tensor 'import/stereo/BatchNorm/renorm_stddev/read:0' shape=(32,) dtype=float32>,)
import/stereo/BatchNorm/moments/mean/reduction_indices	(<tf.Tensor 'import/stereo/BatchNorm/moments/mean/reduction_indices:0' shape=(4,) dtype=int32>,)
import/stereo/BatchNorm/moments/mean	(<tf.Tensor 'import/stereo/BatchNorm/moments/mean:0' shape=(1, 1, 1, 1, 32) dtype=float32>,)
import/stereo/BatchNorm/moments/StopGradient	(<tf.Tensor 'import/stereo/BatchNorm/moments/StopGradient:0' shape=(1, 1, 1, 1, 32) dtype=float32>,)
import/stereo/BatchNorm/moments/SquaredDifference	(<tf.Tensor 'import/stereo/BatchNorm/moments/SquaredDifference:0' shape=(4, 30, 40, 32, 32) dtype=float32>,)
import/stereo/BatchNorm/moments/variance/reduction_indices	(<tf.Tensor 'import/stereo/BatchNorm/moments/variance/reduction_indices:0' shape=(4,) dtype=int32>,)
import/stereo/BatchNorm/moments/variance	(<tf.Tensor 'import/stereo/BatchNorm/moments/variance:0' shape=(1, 1, 1, 1, 32) dtype=float32>,)
import/stereo/BatchNorm/moments/Squeeze	(<tf.Tensor 'import/stereo/BatchNorm/moments/Squeeze:0' shape=(32,) dtype=float32>,)
import/stereo/BatchNorm/moments/Squeeze_1	(<tf.Tensor 'import/stereo/BatchNorm/moments/Squeeze_1:0' shape=(32,) dtype=float32>,)
import/stereo/BatchNorm/add/y	(<tf.Tensor 'import/stereo/BatchNorm/add/y:0' shape=() dtype=float32>,)
import/stereo/BatchNorm/add	(<tf.Tensor 'import/stereo/BatchNorm/add:0' shape=(32,) dtype=float32>,)
import/stereo/BatchNorm/Sqrt	(<tf.Tensor 'import/stereo/BatchNorm/Sqrt:0' shape=(32,) dtype=float32>,)
import/stereo/BatchNorm/Sqrt_1/x	(<tf.Tensor 'import/stereo/BatchNorm/Sqrt_1/x:0' shape=() dtype=float32>,)
import/stereo/BatchNorm/Sqrt_1	(<tf.Tensor 'import/stereo/BatchNorm/Sqrt_1:0' shape=() dtype=float32>,)
import/stereo/BatchNorm/Maximum	(<tf.Tensor 'import/stereo/BatchNorm/Maximum:0' shape=(32,) dtype=float32>,)
import/stereo/BatchNorm/truediv	(<tf.Tensor 'import/stereo/BatchNorm/truediv:0' shape=(32,) dtype=float32>,)
import/stereo/BatchNorm/sub	(<tf.Tensor 'import/stereo/BatchNorm/sub:0' shape=(32,) dtype=float32>,)
import/stereo/BatchNorm/truediv_1	(<tf.Tensor 'import/stereo/BatchNorm/truediv_1:0' shape=(32,) dtype=float32>,)
import/stereo/BatchNorm/Maximum_1	(<tf.Tensor 'import/stereo/BatchNorm/Maximum_1:0' shape=(32,) dtype=float32>,)
import/stereo/BatchNorm/Minimum	(<tf.Tensor 'import/stereo/BatchNorm/Minimum:0' shape=(32,) dtype=float32>,)
import/stereo/BatchNorm/Neg	(<tf.Tensor 'import/stereo/BatchNorm/Neg:0' shape=() dtype=float32>,)
import/stereo/BatchNorm/Maximum_2	(<tf.Tensor 'import/stereo/BatchNorm/Maximum_2:0' shape=(32,) dtype=float32>,)
import/stereo/BatchNorm/Minimum_1	(<tf.Tensor 'import/stereo/BatchNorm/Minimum_1:0' shape=(32,) dtype=float32>,)
import/stereo/BatchNorm/renorm_r	(<tf.Tensor 'import/stereo/BatchNorm/renorm_r:0' shape=(32,) dtype=float32>,)
import/stereo/BatchNorm/renorm_d	(<tf.Tensor 'import/stereo/BatchNorm/renorm_d:0' shape=(32,) dtype=float32>,)
import/stereo/BatchNorm/mul	(<tf.Tensor 'import/stereo/BatchNorm/mul:0' shape=(32,) dtype=float32>,)
import/stereo/BatchNorm/mul_1	(<tf.Tensor 'import/stereo/BatchNorm/mul_1:0' shape=(32,) dtype=float32>,)
import/stereo/BatchNorm/add_1	(<tf.Tensor 'import/stereo/BatchNorm/add_1:0' shape=(32,) dtype=float32>,)
import/stereo/BatchNorm/batchnorm_1/add/y	(<tf.Tensor 'import/stereo/BatchNorm/batchnorm_1/add/y:0' shape=() dtype=float32>,)
import/stereo/BatchNorm/batchnorm_1/add	(<tf.Tensor 'import/stereo/BatchNorm/batchnorm_1/add:0' shape=(32,) dtype=float32>,)
import/stereo/BatchNorm/batchnorm_1/Rsqrt	(<tf.Tensor 'import/stereo/BatchNorm/batchnorm_1/Rsqrt:0' shape=(32,) dtype=float32>,)
import/stereo/BatchNorm/batchnorm_1/mul	(<tf.Tensor 'import/stereo/BatchNorm/batchnorm_1/mul:0' shape=(32,) dtype=float32>,)
import/stereo/BatchNorm/batchnorm_1/mul_1	(<tf.Tensor 'import/stereo/BatchNorm/batchnorm_1/mul_1:0' shape=(4, 30, 40, 32, 32) dtype=float32>,)
import/stereo/BatchNorm/batchnorm_1/mul_2	(<tf.Tensor 'import/stereo/BatchNorm/batchnorm_1/mul_2:0' shape=(32,) dtype=float32>,)
import/stereo/BatchNorm/batchnorm_1/sub	(<tf.Tensor 'import/stereo/BatchNorm/batchnorm_1/sub:0' shape=(32,) dtype=float32>,)
import/stereo/BatchNorm/batchnorm_1/add_1	(<tf.Tensor 'import/stereo/BatchNorm/batchnorm_1/add_1:0' shape=(4, 30, 40, 32, 32) dtype=float32>,)
import/stereo/Relu	(<tf.Tensor 'import/stereo/Relu:0' shape=(4, 30, 40, 32, 32) dtype=float32>,)
import/stereo/Conv_1/weights	(<tf.Tensor 'import/stereo/Conv_1/weights:0' shape=(3, 3, 3, 32, 32) dtype=float32>,)
import/stereo/Conv_1/weights/read	(<tf.Tensor 'import/stereo/Conv_1/weights/read:0' shape=(3, 3, 3, 32, 32) dtype=float32>,)
import/stereo/Conv_1/biases	(<tf.Tensor 'import/stereo/Conv_1/biases:0' shape=(32,) dtype=float32>,)
import/stereo/Conv_1/biases/read	(<tf.Tensor 'import/stereo/Conv_1/biases/read:0' shape=(32,) dtype=float32>,)
import/stereo/Conv_1/Conv3D	(<tf.Tensor 'import/stereo/Conv_1/Conv3D:0' shape=(4, 30, 40, 32, 32) dtype=float32>,)
import/stereo/Conv_1/BiasAdd	(<tf.Tensor 'import/stereo/Conv_1/BiasAdd:0' shape=(4, 30, 40, 32, 32) dtype=float32>,)
import/stereo/Add_14	(<tf.Tensor 'import/stereo/Add_14:0' shape=(4, 30, 40, 32, 32) dtype=float32>,)
import/stereo/strided_slice_114/stack	(<tf.Tensor 'import/stereo/strided_slice_114/stack:0' shape=(1,) dtype=int32>,)
import/stereo/strided_slice_114/stack_1	(<tf.Tensor 'import/stereo/strided_slice_114/stack_1:0' shape=(1,) dtype=int32>,)
import/stereo/strided_slice_114/stack_2	(<tf.Tensor 'import/stereo/strided_slice_114/stack_2:0' shape=(1,) dtype=int32>,)
import/stereo/strided_slice_114	(<tf.Tensor 'import/stereo/strided_slice_114:0' shape=() dtype=int32>,)
import/stereo/strided_slice_115/stack	(<tf.Tensor 'import/stereo/strided_slice_115/stack:0' shape=(1,) dtype=int32>,)
import/stereo/strided_slice_115/stack_1	(<tf.Tensor 'import/stereo/strided_slice_115/stack_1:0' shape=(1,) dtype=int32>,)
import/stereo/strided_slice_115/stack_2	(<tf.Tensor 'import/stereo/strided_slice_115/stack_2:0' shape=(1,) dtype=int32>,)
import/stereo/strided_slice_115	(<tf.Tensor 'import/stereo/strided_slice_115:0' shape=() dtype=int32>,)
import/stereo/strided_slice_116/stack	(<tf.Tensor 'import/stereo/strided_slice_116/stack:0' shape=(1,) dtype=int32>,)
import/stereo/strided_slice_116/stack_1	(<tf.Tensor 'import/stereo/strided_slice_116/stack_1:0' shape=(1,) dtype=int32>,)
import/stereo/strided_slice_116/stack_2	(<tf.Tensor 'import/stereo/strided_slice_116/stack_2:0' shape=(1,) dtype=int32>,)
import/stereo/strided_slice_116	(<tf.Tensor 'import/stereo/strided_slice_116:0' shape=() dtype=int32>,)
import/stereo/strided_slice_117/stack	(<tf.Tensor 'import/stereo/strided_slice_117/stack:0' shape=(1,) dtype=int32>,)
import/stereo/strided_slice_117/stack_1	(<tf.Tensor 'import/stereo/strided_slice_117/stack_1:0' shape=(1,) dtype=int32>,)
import/stereo/strided_slice_117/stack_2	(<tf.Tensor 'import/stereo/strided_slice_117/stack_2:0' shape=(1,) dtype=int32>,)
import/stereo/strided_slice_117	(<tf.Tensor 'import/stereo/strided_slice_117:0' shape=() dtype=int32>,)
import/stereo/strided_slice_118/stack	(<tf.Tensor 'import/stereo/strided_slice_118/stack:0' shape=(1,) dtype=int32>,)
import/stereo/strided_slice_118/stack_1	(<tf.Tensor 'import/stereo/strided_slice_118/stack_1:0' shape=(1,) dtype=int32>,)
import/stereo/strided_slice_118/stack_2	(<tf.Tensor 'import/stereo/strided_slice_118/stack_2:0' shape=(1,) dtype=int32>,)
import/stereo/strided_slice_118	(<tf.Tensor 'import/stereo/strided_slice_118:0' shape=() dtype=int32>,)
import/stereo/Reshape_39/shape/5	(<tf.Tensor 'import/stereo/Reshape_39/shape/5:0' shape=() dtype=int32>,)
import/stereo/Reshape_39/shape	(<tf.Tensor 'import/stereo/Reshape_39/shape:0' shape=(6,) dtype=int32>,)
import/stereo/Reshape_39	(<tf.Tensor 'import/stereo/Reshape_39:0' shape=(1, 4, 30, 40, 32, 32) dtype=float32>,)
import/stereo/Mean/reduction_indices	(<tf.Tensor 'import/stereo/Mean/reduction_indices:0' shape=() dtype=int32>,)
import/stereo/Mean	(<tf.Tensor 'import/stereo/Mean:0' shape=(1, 30, 40, 32, 32) dtype=float32>,)
import/stereo/hg1_0/BatchNorm/gamma	(<tf.Tensor 'import/stereo/hg1_0/BatchNorm/gamma:0' shape=(32,) dtype=float32>,)
import/stereo/hg1_0/BatchNorm/gamma/read	(<tf.Tensor 'import/stereo/hg1_0/BatchNorm/gamma/read:0' shape=(32,) dtype=float32>,)
import/stereo/hg1_0/BatchNorm/beta	(<tf.Tensor 'import/stereo/hg1_0/BatchNorm/beta:0' shape=(32,) dtype=float32>,)
import/stereo/hg1_0/BatchNorm/beta/read	(<tf.Tensor 'import/stereo/hg1_0/BatchNorm/beta/read:0' shape=(32,) dtype=float32>,)
import/stereo/hg1_0/BatchNorm/moving_mean	(<tf.Tensor 'import/stereo/hg1_0/BatchNorm/moving_mean:0' shape=(32,) dtype=float32>,)
import/stereo/hg1_0/BatchNorm/moving_variance	(<tf.Tensor 'import/stereo/hg1_0/BatchNorm/moving_variance:0' shape=(32,) dtype=float32>,)
import/stereo/hg1_0/BatchNorm/renorm_mean	(<tf.Tensor 'import/stereo/hg1_0/BatchNorm/renorm_mean:0' shape=(32,) dtype=float32>,)
import/stereo/hg1_0/BatchNorm/renorm_mean/read	(<tf.Tensor 'import/stereo/hg1_0/BatchNorm/renorm_mean/read:0' shape=(32,) dtype=float32>,)
import/stereo/hg1_0/BatchNorm/renorm_stddev	(<tf.Tensor 'import/stereo/hg1_0/BatchNorm/renorm_stddev:0' shape=(32,) dtype=float32>,)
import/stereo/hg1_0/BatchNorm/renorm_stddev/read	(<tf.Tensor 'import/stereo/hg1_0/BatchNorm/renorm_stddev/read:0' shape=(32,) dtype=float32>,)
import/stereo/hg1_0/BatchNorm/moments/mean/reduction_indices	(<tf.Tensor 'import/stereo/hg1_0/BatchNorm/moments/mean/reduction_indices:0' shape=(4,) dtype=int32>,)
import/stereo/hg1_0/BatchNorm/moments/mean	(<tf.Tensor 'import/stereo/hg1_0/BatchNorm/moments/mean:0' shape=(1, 1, 1, 1, 32) dtype=float32>,)
import/stereo/hg1_0/BatchNorm/moments/StopGradient	(<tf.Tensor 'import/stereo/hg1_0/BatchNorm/moments/StopGradient:0' shape=(1, 1, 1, 1, 32) dtype=float32>,)
import/stereo/hg1_0/BatchNorm/moments/SquaredDifference	(<tf.Tensor 'import/stereo/hg1_0/BatchNorm/moments/SquaredDifference:0' shape=(1, 30, 40, 32, 32) dtype=float32>,)
import/stereo/hg1_0/BatchNorm/moments/variance/reduction_indices	(<tf.Tensor 'import/stereo/hg1_0/BatchNorm/moments/variance/reduction_indices:0' shape=(4,) dtype=int32>,)
import/stereo/hg1_0/BatchNorm/moments/variance	(<tf.Tensor 'import/stereo/hg1_0/BatchNorm/moments/variance:0' shape=(1, 1, 1, 1, 32) dtype=float32>,)
import/stereo/hg1_0/BatchNorm/moments/Squeeze	(<tf.Tensor 'import/stereo/hg1_0/BatchNorm/moments/Squeeze:0' shape=(32,) dtype=float32>,)
import/stereo/hg1_0/BatchNorm/moments/Squeeze_1	(<tf.Tensor 'import/stereo/hg1_0/BatchNorm/moments/Squeeze_1:0' shape=(32,) dtype=float32>,)
import/stereo/hg1_0/BatchNorm/add/y	(<tf.Tensor 'import/stereo/hg1_0/BatchNorm/add/y:0' shape=() dtype=float32>,)
import/stereo/hg1_0/BatchNorm/add	(<tf.Tensor 'import/stereo/hg1_0/BatchNorm/add:0' shape=(32,) dtype=float32>,)
import/stereo/hg1_0/BatchNorm/Sqrt	(<tf.Tensor 'import/stereo/hg1_0/BatchNorm/Sqrt:0' shape=(32,) dtype=float32>,)
import/stereo/hg1_0/BatchNorm/Sqrt_1/x	(<tf.Tensor 'import/stereo/hg1_0/BatchNorm/Sqrt_1/x:0' shape=() dtype=float32>,)
import/stereo/hg1_0/BatchNorm/Sqrt_1	(<tf.Tensor 'import/stereo/hg1_0/BatchNorm/Sqrt_1:0' shape=() dtype=float32>,)
import/stereo/hg1_0/BatchNorm/Maximum	(<tf.Tensor 'import/stereo/hg1_0/BatchNorm/Maximum:0' shape=(32,) dtype=float32>,)
import/stereo/hg1_0/BatchNorm/truediv	(<tf.Tensor 'import/stereo/hg1_0/BatchNorm/truediv:0' shape=(32,) dtype=float32>,)
import/stereo/hg1_0/BatchNorm/sub	(<tf.Tensor 'import/stereo/hg1_0/BatchNorm/sub:0' shape=(32,) dtype=float32>,)
import/stereo/hg1_0/BatchNorm/truediv_1	(<tf.Tensor 'import/stereo/hg1_0/BatchNorm/truediv_1:0' shape=(32,) dtype=float32>,)
import/stereo/hg1_0/BatchNorm/Maximum_1	(<tf.Tensor 'import/stereo/hg1_0/BatchNorm/Maximum_1:0' shape=(32,) dtype=float32>,)
import/stereo/hg1_0/BatchNorm/Minimum	(<tf.Tensor 'import/stereo/hg1_0/BatchNorm/Minimum:0' shape=(32,) dtype=float32>,)
import/stereo/hg1_0/BatchNorm/Neg	(<tf.Tensor 'import/stereo/hg1_0/BatchNorm/Neg:0' shape=() dtype=float32>,)
import/stereo/hg1_0/BatchNorm/Maximum_2	(<tf.Tensor 'import/stereo/hg1_0/BatchNorm/Maximum_2:0' shape=(32,) dtype=float32>,)
import/stereo/hg1_0/BatchNorm/Minimum_1	(<tf.Tensor 'import/stereo/hg1_0/BatchNorm/Minimum_1:0' shape=(32,) dtype=float32>,)
import/stereo/hg1_0/BatchNorm/renorm_r	(<tf.Tensor 'import/stereo/hg1_0/BatchNorm/renorm_r:0' shape=(32,) dtype=float32>,)
import/stereo/hg1_0/BatchNorm/renorm_d	(<tf.Tensor 'import/stereo/hg1_0/BatchNorm/renorm_d:0' shape=(32,) dtype=float32>,)
import/stereo/hg1_0/BatchNorm/mul	(<tf.Tensor 'import/stereo/hg1_0/BatchNorm/mul:0' shape=(32,) dtype=float32>,)
import/stereo/hg1_0/BatchNorm/mul_1	(<tf.Tensor 'import/stereo/hg1_0/BatchNorm/mul_1:0' shape=(32,) dtype=float32>,)
import/stereo/hg1_0/BatchNorm/add_1	(<tf.Tensor 'import/stereo/hg1_0/BatchNorm/add_1:0' shape=(32,) dtype=float32>,)
import/stereo/hg1_0/BatchNorm/batchnorm_1/add/y	(<tf.Tensor 'import/stereo/hg1_0/BatchNorm/batchnorm_1/add/y:0' shape=() dtype=float32>,)
import/stereo/hg1_0/BatchNorm/batchnorm_1/add	(<tf.Tensor 'import/stereo/hg1_0/BatchNorm/batchnorm_1/add:0' shape=(32,) dtype=float32>,)
import/stereo/hg1_0/BatchNorm/batchnorm_1/Rsqrt	(<tf.Tensor 'import/stereo/hg1_0/BatchNorm/batchnorm_1/Rsqrt:0' shape=(32,) dtype=float32>,)
import/stereo/hg1_0/BatchNorm/batchnorm_1/mul	(<tf.Tensor 'import/stereo/hg1_0/BatchNorm/batchnorm_1/mul:0' shape=(32,) dtype=float32>,)
import/stereo/hg1_0/BatchNorm/batchnorm_1/mul_1	(<tf.Tensor 'import/stereo/hg1_0/BatchNorm/batchnorm_1/mul_1:0' shape=(1, 30, 40, 32, 32) dtype=float32>,)
import/stereo/hg1_0/BatchNorm/batchnorm_1/mul_2	(<tf.Tensor 'import/stereo/hg1_0/BatchNorm/batchnorm_1/mul_2:0' shape=(32,) dtype=float32>,)
import/stereo/hg1_0/BatchNorm/batchnorm_1/sub	(<tf.Tensor 'import/stereo/hg1_0/BatchNorm/batchnorm_1/sub:0' shape=(32,) dtype=float32>,)
import/stereo/hg1_0/BatchNorm/batchnorm_1/add_1	(<tf.Tensor 'import/stereo/hg1_0/BatchNorm/batchnorm_1/add_1:0' shape=(1, 30, 40, 32, 32) dtype=float32>,)
import/stereo/hg1_0/Relu	(<tf.Tensor 'import/stereo/hg1_0/Relu:0' shape=(1, 30, 40, 32, 32) dtype=float32>,)
import/stereo/hg1_0/Conv/weights	(<tf.Tensor 'import/stereo/hg1_0/Conv/weights:0' shape=(3, 3, 3, 32, 32) dtype=float32>,)
import/stereo/hg1_0/Conv/weights/read	(<tf.Tensor 'import/stereo/hg1_0/Conv/weights/read:0' shape=(3, 3, 3, 32, 32) dtype=float32>,)
import/stereo/hg1_0/Conv/biases	(<tf.Tensor 'import/stereo/hg1_0/Conv/biases:0' shape=(32,) dtype=float32>,)
import/stereo/hg1_0/Conv/biases/read	(<tf.Tensor 'import/stereo/hg1_0/Conv/biases/read:0' shape=(32,) dtype=float32>,)
import/stereo/hg1_0/Conv/Conv3D	(<tf.Tensor 'import/stereo/hg1_0/Conv/Conv3D:0' shape=(1, 30, 40, 32, 32) dtype=float32>,)
import/stereo/hg1_0/Conv/BiasAdd	(<tf.Tensor 'import/stereo/hg1_0/Conv/BiasAdd:0' shape=(1, 30, 40, 32, 32) dtype=float32>,)
import/stereo/hg1_0/BatchNorm_1/gamma	(<tf.Tensor 'import/stereo/hg1_0/BatchNorm_1/gamma:0' shape=(32,) dtype=float32>,)
import/stereo/hg1_0/BatchNorm_1/gamma/read	(<tf.Tensor 'import/stereo/hg1_0/BatchNorm_1/gamma/read:0' shape=(32,) dtype=float32>,)
import/stereo/hg1_0/BatchNorm_1/beta	(<tf.Tensor 'import/stereo/hg1_0/BatchNorm_1/beta:0' shape=(32,) dtype=float32>,)
import/stereo/hg1_0/BatchNorm_1/beta/read	(<tf.Tensor 'import/stereo/hg1_0/BatchNorm_1/beta/read:0' shape=(32,) dtype=float32>,)
import/stereo/hg1_0/BatchNorm_1/moving_mean	(<tf.Tensor 'import/stereo/hg1_0/BatchNorm_1/moving_mean:0' shape=(32,) dtype=float32>,)
import/stereo/hg1_0/BatchNorm_1/moving_variance	(<tf.Tensor 'import/stereo/hg1_0/BatchNorm_1/moving_variance:0' shape=(32,) dtype=float32>,)
import/stereo/hg1_0/BatchNorm_1/renorm_mean	(<tf.Tensor 'import/stereo/hg1_0/BatchNorm_1/renorm_mean:0' shape=(32,) dtype=float32>,)
import/stereo/hg1_0/BatchNorm_1/renorm_mean/read	(<tf.Tensor 'import/stereo/hg1_0/BatchNorm_1/renorm_mean/read:0' shape=(32,) dtype=float32>,)
import/stereo/hg1_0/BatchNorm_1/renorm_stddev	(<tf.Tensor 'import/stereo/hg1_0/BatchNorm_1/renorm_stddev:0' shape=(32,) dtype=float32>,)
import/stereo/hg1_0/BatchNorm_1/renorm_stddev/read	(<tf.Tensor 'import/stereo/hg1_0/BatchNorm_1/renorm_stddev/read:0' shape=(32,) dtype=float32>,)
import/stereo/hg1_0/BatchNorm_1/moments/mean/reduction_indices	(<tf.Tensor 'import/stereo/hg1_0/BatchNorm_1/moments/mean/reduction_indices:0' shape=(4,) dtype=int32>,)
import/stereo/hg1_0/BatchNorm_1/moments/mean	(<tf.Tensor 'import/stereo/hg1_0/BatchNorm_1/moments/mean:0' shape=(1, 1, 1, 1, 32) dtype=float32>,)
import/stereo/hg1_0/BatchNorm_1/moments/StopGradient	(<tf.Tensor 'import/stereo/hg1_0/BatchNorm_1/moments/StopGradient:0' shape=(1, 1, 1, 1, 32) dtype=float32>,)
import/stereo/hg1_0/BatchNorm_1/moments/SquaredDifference	(<tf.Tensor 'import/stereo/hg1_0/BatchNorm_1/moments/SquaredDifference:0' shape=(1, 30, 40, 32, 32) dtype=float32>,)
import/stereo/hg1_0/BatchNorm_1/moments/variance/reduction_indices	(<tf.Tensor 'import/stereo/hg1_0/BatchNorm_1/moments/variance/reduction_indices:0' shape=(4,) dtype=int32>,)
import/stereo/hg1_0/BatchNorm_1/moments/variance	(<tf.Tensor 'import/stereo/hg1_0/BatchNorm_1/moments/variance:0' shape=(1, 1, 1, 1, 32) dtype=float32>,)
import/stereo/hg1_0/BatchNorm_1/moments/Squeeze	(<tf.Tensor 'import/stereo/hg1_0/BatchNorm_1/moments/Squeeze:0' shape=(32,) dtype=float32>,)
import/stereo/hg1_0/BatchNorm_1/moments/Squeeze_1	(<tf.Tensor 'import/stereo/hg1_0/BatchNorm_1/moments/Squeeze_1:0' shape=(32,) dtype=float32>,)
import/stereo/hg1_0/BatchNorm_1/add/y	(<tf.Tensor 'import/stereo/hg1_0/BatchNorm_1/add/y:0' shape=() dtype=float32>,)
import/stereo/hg1_0/BatchNorm_1/add	(<tf.Tensor 'import/stereo/hg1_0/BatchNorm_1/add:0' shape=(32,) dtype=float32>,)
import/stereo/hg1_0/BatchNorm_1/Sqrt	(<tf.Tensor 'import/stereo/hg1_0/BatchNorm_1/Sqrt:0' shape=(32,) dtype=float32>,)
import/stereo/hg1_0/BatchNorm_1/Sqrt_1/x	(<tf.Tensor 'import/stereo/hg1_0/BatchNorm_1/Sqrt_1/x:0' shape=() dtype=float32>,)
import/stereo/hg1_0/BatchNorm_1/Sqrt_1	(<tf.Tensor 'import/stereo/hg1_0/BatchNorm_1/Sqrt_1:0' shape=() dtype=float32>,)
import/stereo/hg1_0/BatchNorm_1/Maximum	(<tf.Tensor 'import/stereo/hg1_0/BatchNorm_1/Maximum:0' shape=(32,) dtype=float32>,)
import/stereo/hg1_0/BatchNorm_1/truediv	(<tf.Tensor 'import/stereo/hg1_0/BatchNorm_1/truediv:0' shape=(32,) dtype=float32>,)
import/stereo/hg1_0/BatchNorm_1/sub	(<tf.Tensor 'import/stereo/hg1_0/BatchNorm_1/sub:0' shape=(32,) dtype=float32>,)
import/stereo/hg1_0/BatchNorm_1/truediv_1	(<tf.Tensor 'import/stereo/hg1_0/BatchNorm_1/truediv_1:0' shape=(32,) dtype=float32>,)
import/stereo/hg1_0/BatchNorm_1/Maximum_1	(<tf.Tensor 'import/stereo/hg1_0/BatchNorm_1/Maximum_1:0' shape=(32,) dtype=float32>,)
import/stereo/hg1_0/BatchNorm_1/Minimum	(<tf.Tensor 'import/stereo/hg1_0/BatchNorm_1/Minimum:0' shape=(32,) dtype=float32>,)
import/stereo/hg1_0/BatchNorm_1/Neg	(<tf.Tensor 'import/stereo/hg1_0/BatchNorm_1/Neg:0' shape=() dtype=float32>,)
import/stereo/hg1_0/BatchNorm_1/Maximum_2	(<tf.Tensor 'import/stereo/hg1_0/BatchNorm_1/Maximum_2:0' shape=(32,) dtype=float32>,)
import/stereo/hg1_0/BatchNorm_1/Minimum_1	(<tf.Tensor 'import/stereo/hg1_0/BatchNorm_1/Minimum_1:0' shape=(32,) dtype=float32>,)
import/stereo/hg1_0/BatchNorm_1/renorm_r	(<tf.Tensor 'import/stereo/hg1_0/BatchNorm_1/renorm_r:0' shape=(32,) dtype=float32>,)
import/stereo/hg1_0/BatchNorm_1/renorm_d	(<tf.Tensor 'import/stereo/hg1_0/BatchNorm_1/renorm_d:0' shape=(32,) dtype=float32>,)
import/stereo/hg1_0/BatchNorm_1/mul	(<tf.Tensor 'import/stereo/hg1_0/BatchNorm_1/mul:0' shape=(32,) dtype=float32>,)
import/stereo/hg1_0/BatchNorm_1/mul_1	(<tf.Tensor 'import/stereo/hg1_0/BatchNorm_1/mul_1:0' shape=(32,) dtype=float32>,)
import/stereo/hg1_0/BatchNorm_1/add_1	(<tf.Tensor 'import/stereo/hg1_0/BatchNorm_1/add_1:0' shape=(32,) dtype=float32>,)
import/stereo/hg1_0/BatchNorm_1/batchnorm/add/y	(<tf.Tensor 'import/stereo/hg1_0/BatchNorm_1/batchnorm/add/y:0' shape=() dtype=float32>,)
import/stereo/hg1_0/BatchNorm_1/batchnorm/add	(<tf.Tensor 'import/stereo/hg1_0/BatchNorm_1/batchnorm/add:0' shape=(32,) dtype=float32>,)
import/stereo/hg1_0/BatchNorm_1/batchnorm/Rsqrt	(<tf.Tensor 'import/stereo/hg1_0/BatchNorm_1/batchnorm/Rsqrt:0' shape=(32,) dtype=float32>,)
import/stereo/hg1_0/BatchNorm_1/batchnorm/mul	(<tf.Tensor 'import/stereo/hg1_0/BatchNorm_1/batchnorm/mul:0' shape=(32,) dtype=float32>,)
import/stereo/hg1_0/BatchNorm_1/batchnorm/mul_1	(<tf.Tensor 'import/stereo/hg1_0/BatchNorm_1/batchnorm/mul_1:0' shape=(1, 30, 40, 32, 32) dtype=float32>,)
import/stereo/hg1_0/BatchNorm_1/batchnorm/mul_2	(<tf.Tensor 'import/stereo/hg1_0/BatchNorm_1/batchnorm/mul_2:0' shape=(32,) dtype=float32>,)
import/stereo/hg1_0/BatchNorm_1/batchnorm/sub	(<tf.Tensor 'import/stereo/hg1_0/BatchNorm_1/batchnorm/sub:0' shape=(32,) dtype=float32>,)
import/stereo/hg1_0/BatchNorm_1/batchnorm/add_1	(<tf.Tensor 'import/stereo/hg1_0/BatchNorm_1/batchnorm/add_1:0' shape=(1, 30, 40, 32, 32) dtype=float32>,)
import/stereo/hg1_0/Relu_1	(<tf.Tensor 'import/stereo/hg1_0/Relu_1:0' shape=(1, 30, 40, 32, 32) dtype=float32>,)
import/stereo/hg1_0/Conv_1/weights	(<tf.Tensor 'import/stereo/hg1_0/Conv_1/weights:0' shape=(3, 3, 3, 32, 32) dtype=float32>,)
import/stereo/hg1_0/Conv_1/weights/read	(<tf.Tensor 'import/stereo/hg1_0/Conv_1/weights/read:0' shape=(3, 3, 3, 32, 32) dtype=float32>,)
import/stereo/hg1_0/Conv_1/biases	(<tf.Tensor 'import/stereo/hg1_0/Conv_1/biases:0' shape=(32,) dtype=float32>,)
import/stereo/hg1_0/Conv_1/biases/read	(<tf.Tensor 'import/stereo/hg1_0/Conv_1/biases/read:0' shape=(32,) dtype=float32>,)
import/stereo/hg1_0/Conv_1/Conv3D	(<tf.Tensor 'import/stereo/hg1_0/Conv_1/Conv3D:0' shape=(1, 30, 40, 32, 32) dtype=float32>,)
import/stereo/hg1_0/Conv_1/BiasAdd	(<tf.Tensor 'import/stereo/hg1_0/Conv_1/BiasAdd:0' shape=(1, 30, 40, 32, 32) dtype=float32>,)
import/stereo/hg1_0/add	(<tf.Tensor 'import/stereo/hg1_0/add:0' shape=(1, 30, 40, 32, 32) dtype=float32>,)
import/stereo/hg1_0/MaxPool3D/MaxPool3D	(<tf.Tensor 'import/stereo/hg1_0/MaxPool3D/MaxPool3D:0' shape=(1, 15, 20, 16, 32) dtype=float32>,)
import/stereo/hg1_0/BatchNorm_2/gamma	(<tf.Tensor 'import/stereo/hg1_0/BatchNorm_2/gamma:0' shape=(32,) dtype=float32>,)
import/stereo/hg1_0/BatchNorm_2/gamma/read	(<tf.Tensor 'import/stereo/hg1_0/BatchNorm_2/gamma/read:0' shape=(32,) dtype=float32>,)
import/stereo/hg1_0/BatchNorm_2/beta	(<tf.Tensor 'import/stereo/hg1_0/BatchNorm_2/beta:0' shape=(32,) dtype=float32>,)
import/stereo/hg1_0/BatchNorm_2/beta/read	(<tf.Tensor 'import/stereo/hg1_0/BatchNorm_2/beta/read:0' shape=(32,) dtype=float32>,)
import/stereo/hg1_0/BatchNorm_2/moving_mean	(<tf.Tensor 'import/stereo/hg1_0/BatchNorm_2/moving_mean:0' shape=(32,) dtype=float32>,)
import/stereo/hg1_0/BatchNorm_2/moving_variance	(<tf.Tensor 'import/stereo/hg1_0/BatchNorm_2/moving_variance:0' shape=(32,) dtype=float32>,)
import/stereo/hg1_0/BatchNorm_2/renorm_mean	(<tf.Tensor 'import/stereo/hg1_0/BatchNorm_2/renorm_mean:0' shape=(32,) dtype=float32>,)
import/stereo/hg1_0/BatchNorm_2/renorm_mean/read	(<tf.Tensor 'import/stereo/hg1_0/BatchNorm_2/renorm_mean/read:0' shape=(32,) dtype=float32>,)
import/stereo/hg1_0/BatchNorm_2/renorm_stddev	(<tf.Tensor 'import/stereo/hg1_0/BatchNorm_2/renorm_stddev:0' shape=(32,) dtype=float32>,)
import/stereo/hg1_0/BatchNorm_2/renorm_stddev/read	(<tf.Tensor 'import/stereo/hg1_0/BatchNorm_2/renorm_stddev/read:0' shape=(32,) dtype=float32>,)
import/stereo/hg1_0/BatchNorm_2/moments/mean/reduction_indices	(<tf.Tensor 'import/stereo/hg1_0/BatchNorm_2/moments/mean/reduction_indices:0' shape=(4,) dtype=int32>,)
import/stereo/hg1_0/BatchNorm_2/moments/mean	(<tf.Tensor 'import/stereo/hg1_0/BatchNorm_2/moments/mean:0' shape=(1, 1, 1, 1, 32) dtype=float32>,)
import/stereo/hg1_0/BatchNorm_2/moments/StopGradient	(<tf.Tensor 'import/stereo/hg1_0/BatchNorm_2/moments/StopGradient:0' shape=(1, 1, 1, 1, 32) dtype=float32>,)
import/stereo/hg1_0/BatchNorm_2/moments/SquaredDifference	(<tf.Tensor 'import/stereo/hg1_0/BatchNorm_2/moments/SquaredDifference:0' shape=(1, 15, 20, 16, 32) dtype=float32>,)
import/stereo/hg1_0/BatchNorm_2/moments/variance/reduction_indices	(<tf.Tensor 'import/stereo/hg1_0/BatchNorm_2/moments/variance/reduction_indices:0' shape=(4,) dtype=int32>,)
import/stereo/hg1_0/BatchNorm_2/moments/variance	(<tf.Tensor 'import/stereo/hg1_0/BatchNorm_2/moments/variance:0' shape=(1, 1, 1, 1, 32) dtype=float32>,)
import/stereo/hg1_0/BatchNorm_2/moments/Squeeze	(<tf.Tensor 'import/stereo/hg1_0/BatchNorm_2/moments/Squeeze:0' shape=(32,) dtype=float32>,)
import/stereo/hg1_0/BatchNorm_2/moments/Squeeze_1	(<tf.Tensor 'import/stereo/hg1_0/BatchNorm_2/moments/Squeeze_1:0' shape=(32,) dtype=float32>,)
import/stereo/hg1_0/BatchNorm_2/add/y	(<tf.Tensor 'import/stereo/hg1_0/BatchNorm_2/add/y:0' shape=() dtype=float32>,)
import/stereo/hg1_0/BatchNorm_2/add	(<tf.Tensor 'import/stereo/hg1_0/BatchNorm_2/add:0' shape=(32,) dtype=float32>,)
import/stereo/hg1_0/BatchNorm_2/Sqrt	(<tf.Tensor 'import/stereo/hg1_0/BatchNorm_2/Sqrt:0' shape=(32,) dtype=float32>,)
import/stereo/hg1_0/BatchNorm_2/Sqrt_1/x	(<tf.Tensor 'import/stereo/hg1_0/BatchNorm_2/Sqrt_1/x:0' shape=() dtype=float32>,)
import/stereo/hg1_0/BatchNorm_2/Sqrt_1	(<tf.Tensor 'import/stereo/hg1_0/BatchNorm_2/Sqrt_1:0' shape=() dtype=float32>,)
import/stereo/hg1_0/BatchNorm_2/Maximum	(<tf.Tensor 'import/stereo/hg1_0/BatchNorm_2/Maximum:0' shape=(32,) dtype=float32>,)
import/stereo/hg1_0/BatchNorm_2/truediv	(<tf.Tensor 'import/stereo/hg1_0/BatchNorm_2/truediv:0' shape=(32,) dtype=float32>,)
import/stereo/hg1_0/BatchNorm_2/sub	(<tf.Tensor 'import/stereo/hg1_0/BatchNorm_2/sub:0' shape=(32,) dtype=float32>,)
import/stereo/hg1_0/BatchNorm_2/truediv_1	(<tf.Tensor 'import/stereo/hg1_0/BatchNorm_2/truediv_1:0' shape=(32,) dtype=float32>,)
import/stereo/hg1_0/BatchNorm_2/Maximum_1	(<tf.Tensor 'import/stereo/hg1_0/BatchNorm_2/Maximum_1:0' shape=(32,) dtype=float32>,)
import/stereo/hg1_0/BatchNorm_2/Minimum	(<tf.Tensor 'import/stereo/hg1_0/BatchNorm_2/Minimum:0' shape=(32,) dtype=float32>,)
import/stereo/hg1_0/BatchNorm_2/Neg	(<tf.Tensor 'import/stereo/hg1_0/BatchNorm_2/Neg:0' shape=() dtype=float32>,)
import/stereo/hg1_0/BatchNorm_2/Maximum_2	(<tf.Tensor 'import/stereo/hg1_0/BatchNorm_2/Maximum_2:0' shape=(32,) dtype=float32>,)
import/stereo/hg1_0/BatchNorm_2/Minimum_1	(<tf.Tensor 'import/stereo/hg1_0/BatchNorm_2/Minimum_1:0' shape=(32,) dtype=float32>,)
import/stereo/hg1_0/BatchNorm_2/renorm_r	(<tf.Tensor 'import/stereo/hg1_0/BatchNorm_2/renorm_r:0' shape=(32,) dtype=float32>,)
import/stereo/hg1_0/BatchNorm_2/renorm_d	(<tf.Tensor 'import/stereo/hg1_0/BatchNorm_2/renorm_d:0' shape=(32,) dtype=float32>,)
import/stereo/hg1_0/BatchNorm_2/mul	(<tf.Tensor 'import/stereo/hg1_0/BatchNorm_2/mul:0' shape=(32,) dtype=float32>,)
import/stereo/hg1_0/BatchNorm_2/mul_1	(<tf.Tensor 'import/stereo/hg1_0/BatchNorm_2/mul_1:0' shape=(32,) dtype=float32>,)
import/stereo/hg1_0/BatchNorm_2/add_1	(<tf.Tensor 'import/stereo/hg1_0/BatchNorm_2/add_1:0' shape=(32,) dtype=float32>,)
import/stereo/hg1_0/BatchNorm_2/batchnorm/add/y	(<tf.Tensor 'import/stereo/hg1_0/BatchNorm_2/batchnorm/add/y:0' shape=() dtype=float32>,)
import/stereo/hg1_0/BatchNorm_2/batchnorm/add	(<tf.Tensor 'import/stereo/hg1_0/BatchNorm_2/batchnorm/add:0' shape=(32,) dtype=float32>,)
import/stereo/hg1_0/BatchNorm_2/batchnorm/Rsqrt	(<tf.Tensor 'import/stereo/hg1_0/BatchNorm_2/batchnorm/Rsqrt:0' shape=(32,) dtype=float32>,)
import/stereo/hg1_0/BatchNorm_2/batchnorm/mul	(<tf.Tensor 'import/stereo/hg1_0/BatchNorm_2/batchnorm/mul:0' shape=(32,) dtype=float32>,)
import/stereo/hg1_0/BatchNorm_2/batchnorm/mul_1	(<tf.Tensor 'import/stereo/hg1_0/BatchNorm_2/batchnorm/mul_1:0' shape=(1, 15, 20, 16, 32) dtype=float32>,)
import/stereo/hg1_0/BatchNorm_2/batchnorm/mul_2	(<tf.Tensor 'import/stereo/hg1_0/BatchNorm_2/batchnorm/mul_2:0' shape=(32,) dtype=float32>,)
import/stereo/hg1_0/BatchNorm_2/batchnorm/sub	(<tf.Tensor 'import/stereo/hg1_0/BatchNorm_2/batchnorm/sub:0' shape=(32,) dtype=float32>,)
import/stereo/hg1_0/BatchNorm_2/batchnorm/add_1	(<tf.Tensor 'import/stereo/hg1_0/BatchNorm_2/batchnorm/add_1:0' shape=(1, 15, 20, 16, 32) dtype=float32>,)
import/stereo/hg1_0/Relu_2	(<tf.Tensor 'import/stereo/hg1_0/Relu_2:0' shape=(1, 15, 20, 16, 32) dtype=float32>,)
import/stereo/hg1_0/Conv_2/weights	(<tf.Tensor 'import/stereo/hg1_0/Conv_2/weights:0' shape=(3, 3, 3, 32, 80) dtype=float32>,)
import/stereo/hg1_0/Conv_2/weights/read	(<tf.Tensor 'import/stereo/hg1_0/Conv_2/weights/read:0' shape=(3, 3, 3, 32, 80) dtype=float32>,)
import/stereo/hg1_0/Conv_2/biases	(<tf.Tensor 'import/stereo/hg1_0/Conv_2/biases:0' shape=(80,) dtype=float32>,)
import/stereo/hg1_0/Conv_2/biases/read	(<tf.Tensor 'import/stereo/hg1_0/Conv_2/biases/read:0' shape=(80,) dtype=float32>,)
import/stereo/hg1_0/Conv_2/Conv3D	(<tf.Tensor 'import/stereo/hg1_0/Conv_2/Conv3D:0' shape=(1, 15, 20, 16, 80) dtype=float32>,)
import/stereo/hg1_0/Conv_2/BiasAdd	(<tf.Tensor 'import/stereo/hg1_0/Conv_2/BiasAdd:0' shape=(1, 15, 20, 16, 80) dtype=float32>,)
import/stereo/hg1_0/BatchNorm_3/gamma	(<tf.Tensor 'import/stereo/hg1_0/BatchNorm_3/gamma:0' shape=(80,) dtype=float32>,)
import/stereo/hg1_0/BatchNorm_3/gamma/read	(<tf.Tensor 'import/stereo/hg1_0/BatchNorm_3/gamma/read:0' shape=(80,) dtype=float32>,)
import/stereo/hg1_0/BatchNorm_3/beta	(<tf.Tensor 'import/stereo/hg1_0/BatchNorm_3/beta:0' shape=(80,) dtype=float32>,)
import/stereo/hg1_0/BatchNorm_3/beta/read	(<tf.Tensor 'import/stereo/hg1_0/BatchNorm_3/beta/read:0' shape=(80,) dtype=float32>,)
import/stereo/hg1_0/BatchNorm_3/moving_mean	(<tf.Tensor 'import/stereo/hg1_0/BatchNorm_3/moving_mean:0' shape=(80,) dtype=float32>,)
import/stereo/hg1_0/BatchNorm_3/moving_variance	(<tf.Tensor 'import/stereo/hg1_0/BatchNorm_3/moving_variance:0' shape=(80,) dtype=float32>,)
import/stereo/hg1_0/BatchNorm_3/renorm_mean	(<tf.Tensor 'import/stereo/hg1_0/BatchNorm_3/renorm_mean:0' shape=(80,) dtype=float32>,)
import/stereo/hg1_0/BatchNorm_3/renorm_mean/read	(<tf.Tensor 'import/stereo/hg1_0/BatchNorm_3/renorm_mean/read:0' shape=(80,) dtype=float32>,)
import/stereo/hg1_0/BatchNorm_3/renorm_stddev	(<tf.Tensor 'import/stereo/hg1_0/BatchNorm_3/renorm_stddev:0' shape=(80,) dtype=float32>,)
import/stereo/hg1_0/BatchNorm_3/renorm_stddev/read	(<tf.Tensor 'import/stereo/hg1_0/BatchNorm_3/renorm_stddev/read:0' shape=(80,) dtype=float32>,)
import/stereo/hg1_0/BatchNorm_3/moments/mean/reduction_indices	(<tf.Tensor 'import/stereo/hg1_0/BatchNorm_3/moments/mean/reduction_indices:0' shape=(4,) dtype=int32>,)
import/stereo/hg1_0/BatchNorm_3/moments/mean	(<tf.Tensor 'import/stereo/hg1_0/BatchNorm_3/moments/mean:0' shape=(1, 1, 1, 1, 80) dtype=float32>,)
import/stereo/hg1_0/BatchNorm_3/moments/StopGradient	(<tf.Tensor 'import/stereo/hg1_0/BatchNorm_3/moments/StopGradient:0' shape=(1, 1, 1, 1, 80) dtype=float32>,)
import/stereo/hg1_0/BatchNorm_3/moments/SquaredDifference	(<tf.Tensor 'import/stereo/hg1_0/BatchNorm_3/moments/SquaredDifference:0' shape=(1, 15, 20, 16, 80) dtype=float32>,)
import/stereo/hg1_0/BatchNorm_3/moments/variance/reduction_indices	(<tf.Tensor 'import/stereo/hg1_0/BatchNorm_3/moments/variance/reduction_indices:0' shape=(4,) dtype=int32>,)
import/stereo/hg1_0/BatchNorm_3/moments/variance	(<tf.Tensor 'import/stereo/hg1_0/BatchNorm_3/moments/variance:0' shape=(1, 1, 1, 1, 80) dtype=float32>,)
import/stereo/hg1_0/BatchNorm_3/moments/Squeeze	(<tf.Tensor 'import/stereo/hg1_0/BatchNorm_3/moments/Squeeze:0' shape=(80,) dtype=float32>,)
import/stereo/hg1_0/BatchNorm_3/moments/Squeeze_1	(<tf.Tensor 'import/stereo/hg1_0/BatchNorm_3/moments/Squeeze_1:0' shape=(80,) dtype=float32>,)
import/stereo/hg1_0/BatchNorm_3/add/y	(<tf.Tensor 'import/stereo/hg1_0/BatchNorm_3/add/y:0' shape=() dtype=float32>,)
import/stereo/hg1_0/BatchNorm_3/add	(<tf.Tensor 'import/stereo/hg1_0/BatchNorm_3/add:0' shape=(80,) dtype=float32>,)
import/stereo/hg1_0/BatchNorm_3/Sqrt	(<tf.Tensor 'import/stereo/hg1_0/BatchNorm_3/Sqrt:0' shape=(80,) dtype=float32>,)
import/stereo/hg1_0/BatchNorm_3/Sqrt_1/x	(<tf.Tensor 'import/stereo/hg1_0/BatchNorm_3/Sqrt_1/x:0' shape=() dtype=float32>,)
import/stereo/hg1_0/BatchNorm_3/Sqrt_1	(<tf.Tensor 'import/stereo/hg1_0/BatchNorm_3/Sqrt_1:0' shape=() dtype=float32>,)
import/stereo/hg1_0/BatchNorm_3/Maximum	(<tf.Tensor 'import/stereo/hg1_0/BatchNorm_3/Maximum:0' shape=(80,) dtype=float32>,)
import/stereo/hg1_0/BatchNorm_3/truediv	(<tf.Tensor 'import/stereo/hg1_0/BatchNorm_3/truediv:0' shape=(80,) dtype=float32>,)
import/stereo/hg1_0/BatchNorm_3/sub	(<tf.Tensor 'import/stereo/hg1_0/BatchNorm_3/sub:0' shape=(80,) dtype=float32>,)
import/stereo/hg1_0/BatchNorm_3/truediv_1	(<tf.Tensor 'import/stereo/hg1_0/BatchNorm_3/truediv_1:0' shape=(80,) dtype=float32>,)
import/stereo/hg1_0/BatchNorm_3/Maximum_1	(<tf.Tensor 'import/stereo/hg1_0/BatchNorm_3/Maximum_1:0' shape=(80,) dtype=float32>,)
import/stereo/hg1_0/BatchNorm_3/Minimum	(<tf.Tensor 'import/stereo/hg1_0/BatchNorm_3/Minimum:0' shape=(80,) dtype=float32>,)
import/stereo/hg1_0/BatchNorm_3/Neg	(<tf.Tensor 'import/stereo/hg1_0/BatchNorm_3/Neg:0' shape=() dtype=float32>,)
import/stereo/hg1_0/BatchNorm_3/Maximum_2	(<tf.Tensor 'import/stereo/hg1_0/BatchNorm_3/Maximum_2:0' shape=(80,) dtype=float32>,)
import/stereo/hg1_0/BatchNorm_3/Minimum_1	(<tf.Tensor 'import/stereo/hg1_0/BatchNorm_3/Minimum_1:0' shape=(80,) dtype=float32>,)
import/stereo/hg1_0/BatchNorm_3/renorm_r	(<tf.Tensor 'import/stereo/hg1_0/BatchNorm_3/renorm_r:0' shape=(80,) dtype=float32>,)
import/stereo/hg1_0/BatchNorm_3/renorm_d	(<tf.Tensor 'import/stereo/hg1_0/BatchNorm_3/renorm_d:0' shape=(80,) dtype=float32>,)
import/stereo/hg1_0/BatchNorm_3/mul	(<tf.Tensor 'import/stereo/hg1_0/BatchNorm_3/mul:0' shape=(80,) dtype=float32>,)
import/stereo/hg1_0/BatchNorm_3/mul_1	(<tf.Tensor 'import/stereo/hg1_0/BatchNorm_3/mul_1:0' shape=(80,) dtype=float32>,)
import/stereo/hg1_0/BatchNorm_3/add_1	(<tf.Tensor 'import/stereo/hg1_0/BatchNorm_3/add_1:0' shape=(80,) dtype=float32>,)
import/stereo/hg1_0/BatchNorm_3/batchnorm/add/y	(<tf.Tensor 'import/stereo/hg1_0/BatchNorm_3/batchnorm/add/y:0' shape=() dtype=float32>,)
import/stereo/hg1_0/BatchNorm_3/batchnorm/add	(<tf.Tensor 'import/stereo/hg1_0/BatchNorm_3/batchnorm/add:0' shape=(80,) dtype=float32>,)
import/stereo/hg1_0/BatchNorm_3/batchnorm/Rsqrt	(<tf.Tensor 'import/stereo/hg1_0/BatchNorm_3/batchnorm/Rsqrt:0' shape=(80,) dtype=float32>,)
import/stereo/hg1_0/BatchNorm_3/batchnorm/mul	(<tf.Tensor 'import/stereo/hg1_0/BatchNorm_3/batchnorm/mul:0' shape=(80,) dtype=float32>,)
import/stereo/hg1_0/BatchNorm_3/batchnorm/mul_1	(<tf.Tensor 'import/stereo/hg1_0/BatchNorm_3/batchnorm/mul_1:0' shape=(1, 15, 20, 16, 80) dtype=float32>,)
import/stereo/hg1_0/BatchNorm_3/batchnorm/mul_2	(<tf.Tensor 'import/stereo/hg1_0/BatchNorm_3/batchnorm/mul_2:0' shape=(80,) dtype=float32>,)
import/stereo/hg1_0/BatchNorm_3/batchnorm/sub	(<tf.Tensor 'import/stereo/hg1_0/BatchNorm_3/batchnorm/sub:0' shape=(80,) dtype=float32>,)
import/stereo/hg1_0/BatchNorm_3/batchnorm/add_1	(<tf.Tensor 'import/stereo/hg1_0/BatchNorm_3/batchnorm/add_1:0' shape=(1, 15, 20, 16, 80) dtype=float32>,)
import/stereo/hg1_0/Relu_3	(<tf.Tensor 'import/stereo/hg1_0/Relu_3:0' shape=(1, 15, 20, 16, 80) dtype=float32>,)
import/stereo/hg1_0/Conv_3/weights	(<tf.Tensor 'import/stereo/hg1_0/Conv_3/weights:0' shape=(3, 3, 3, 80, 80) dtype=float32>,)
import/stereo/hg1_0/Conv_3/weights/read	(<tf.Tensor 'import/stereo/hg1_0/Conv_3/weights/read:0' shape=(3, 3, 3, 80, 80) dtype=float32>,)
import/stereo/hg1_0/Conv_3/biases	(<tf.Tensor 'import/stereo/hg1_0/Conv_3/biases:0' shape=(80,) dtype=float32>,)
import/stereo/hg1_0/Conv_3/biases/read	(<tf.Tensor 'import/stereo/hg1_0/Conv_3/biases/read:0' shape=(80,) dtype=float32>,)
import/stereo/hg1_0/Conv_3/Conv3D	(<tf.Tensor 'import/stereo/hg1_0/Conv_3/Conv3D:0' shape=(1, 15, 20, 16, 80) dtype=float32>,)
import/stereo/hg1_0/Conv_3/BiasAdd	(<tf.Tensor 'import/stereo/hg1_0/Conv_3/BiasAdd:0' shape=(1, 15, 20, 16, 80) dtype=float32>,)
import/stereo/hg1_0/BatchNorm_4/gamma	(<tf.Tensor 'import/stereo/hg1_0/BatchNorm_4/gamma:0' shape=(80,) dtype=float32>,)
import/stereo/hg1_0/BatchNorm_4/gamma/read	(<tf.Tensor 'import/stereo/hg1_0/BatchNorm_4/gamma/read:0' shape=(80,) dtype=float32>,)
import/stereo/hg1_0/BatchNorm_4/beta	(<tf.Tensor 'import/stereo/hg1_0/BatchNorm_4/beta:0' shape=(80,) dtype=float32>,)
import/stereo/hg1_0/BatchNorm_4/beta/read	(<tf.Tensor 'import/stereo/hg1_0/BatchNorm_4/beta/read:0' shape=(80,) dtype=float32>,)
import/stereo/hg1_0/BatchNorm_4/moving_mean	(<tf.Tensor 'import/stereo/hg1_0/BatchNorm_4/moving_mean:0' shape=(80,) dtype=float32>,)
import/stereo/hg1_0/BatchNorm_4/moving_variance	(<tf.Tensor 'import/stereo/hg1_0/BatchNorm_4/moving_variance:0' shape=(80,) dtype=float32>,)
import/stereo/hg1_0/BatchNorm_4/renorm_mean	(<tf.Tensor 'import/stereo/hg1_0/BatchNorm_4/renorm_mean:0' shape=(80,) dtype=float32>,)
import/stereo/hg1_0/BatchNorm_4/renorm_mean/read	(<tf.Tensor 'import/stereo/hg1_0/BatchNorm_4/renorm_mean/read:0' shape=(80,) dtype=float32>,)
import/stereo/hg1_0/BatchNorm_4/renorm_stddev	(<tf.Tensor 'import/stereo/hg1_0/BatchNorm_4/renorm_stddev:0' shape=(80,) dtype=float32>,)
import/stereo/hg1_0/BatchNorm_4/renorm_stddev/read	(<tf.Tensor 'import/stereo/hg1_0/BatchNorm_4/renorm_stddev/read:0' shape=(80,) dtype=float32>,)
import/stereo/hg1_0/BatchNorm_4/moments/mean/reduction_indices	(<tf.Tensor 'import/stereo/hg1_0/BatchNorm_4/moments/mean/reduction_indices:0' shape=(4,) dtype=int32>,)
import/stereo/hg1_0/BatchNorm_4/moments/mean	(<tf.Tensor 'import/stereo/hg1_0/BatchNorm_4/moments/mean:0' shape=(1, 1, 1, 1, 80) dtype=float32>,)
import/stereo/hg1_0/BatchNorm_4/moments/StopGradient	(<tf.Tensor 'import/stereo/hg1_0/BatchNorm_4/moments/StopGradient:0' shape=(1, 1, 1, 1, 80) dtype=float32>,)
import/stereo/hg1_0/BatchNorm_4/moments/SquaredDifference	(<tf.Tensor 'import/stereo/hg1_0/BatchNorm_4/moments/SquaredDifference:0' shape=(1, 15, 20, 16, 80) dtype=float32>,)
import/stereo/hg1_0/BatchNorm_4/moments/variance/reduction_indices	(<tf.Tensor 'import/stereo/hg1_0/BatchNorm_4/moments/variance/reduction_indices:0' shape=(4,) dtype=int32>,)
import/stereo/hg1_0/BatchNorm_4/moments/variance	(<tf.Tensor 'import/stereo/hg1_0/BatchNorm_4/moments/variance:0' shape=(1, 1, 1, 1, 80) dtype=float32>,)
import/stereo/hg1_0/BatchNorm_4/moments/Squeeze	(<tf.Tensor 'import/stereo/hg1_0/BatchNorm_4/moments/Squeeze:0' shape=(80,) dtype=float32>,)
import/stereo/hg1_0/BatchNorm_4/moments/Squeeze_1	(<tf.Tensor 'import/stereo/hg1_0/BatchNorm_4/moments/Squeeze_1:0' shape=(80,) dtype=float32>,)
import/stereo/hg1_0/BatchNorm_4/add/y	(<tf.Tensor 'import/stereo/hg1_0/BatchNorm_4/add/y:0' shape=() dtype=float32>,)
import/stereo/hg1_0/BatchNorm_4/add	(<tf.Tensor 'import/stereo/hg1_0/BatchNorm_4/add:0' shape=(80,) dtype=float32>,)
import/stereo/hg1_0/BatchNorm_4/Sqrt	(<tf.Tensor 'import/stereo/hg1_0/BatchNorm_4/Sqrt:0' shape=(80,) dtype=float32>,)
import/stereo/hg1_0/BatchNorm_4/Sqrt_1/x	(<tf.Tensor 'import/stereo/hg1_0/BatchNorm_4/Sqrt_1/x:0' shape=() dtype=float32>,)
import/stereo/hg1_0/BatchNorm_4/Sqrt_1	(<tf.Tensor 'import/stereo/hg1_0/BatchNorm_4/Sqrt_1:0' shape=() dtype=float32>,)
import/stereo/hg1_0/BatchNorm_4/Maximum	(<tf.Tensor 'import/stereo/hg1_0/BatchNorm_4/Maximum:0' shape=(80,) dtype=float32>,)
import/stereo/hg1_0/BatchNorm_4/truediv	(<tf.Tensor 'import/stereo/hg1_0/BatchNorm_4/truediv:0' shape=(80,) dtype=float32>,)
import/stereo/hg1_0/BatchNorm_4/sub	(<tf.Tensor 'import/stereo/hg1_0/BatchNorm_4/sub:0' shape=(80,) dtype=float32>,)
import/stereo/hg1_0/BatchNorm_4/truediv_1	(<tf.Tensor 'import/stereo/hg1_0/BatchNorm_4/truediv_1:0' shape=(80,) dtype=float32>,)
import/stereo/hg1_0/BatchNorm_4/Maximum_1	(<tf.Tensor 'import/stereo/hg1_0/BatchNorm_4/Maximum_1:0' shape=(80,) dtype=float32>,)
import/stereo/hg1_0/BatchNorm_4/Minimum	(<tf.Tensor 'import/stereo/hg1_0/BatchNorm_4/Minimum:0' shape=(80,) dtype=float32>,)
import/stereo/hg1_0/BatchNorm_4/Neg	(<tf.Tensor 'import/stereo/hg1_0/BatchNorm_4/Neg:0' shape=() dtype=float32>,)
import/stereo/hg1_0/BatchNorm_4/Maximum_2	(<tf.Tensor 'import/stereo/hg1_0/BatchNorm_4/Maximum_2:0' shape=(80,) dtype=float32>,)
import/stereo/hg1_0/BatchNorm_4/Minimum_1	(<tf.Tensor 'import/stereo/hg1_0/BatchNorm_4/Minimum_1:0' shape=(80,) dtype=float32>,)
import/stereo/hg1_0/BatchNorm_4/renorm_r	(<tf.Tensor 'import/stereo/hg1_0/BatchNorm_4/renorm_r:0' shape=(80,) dtype=float32>,)
import/stereo/hg1_0/BatchNorm_4/renorm_d	(<tf.Tensor 'import/stereo/hg1_0/BatchNorm_4/renorm_d:0' shape=(80,) dtype=float32>,)
import/stereo/hg1_0/BatchNorm_4/mul	(<tf.Tensor 'import/stereo/hg1_0/BatchNorm_4/mul:0' shape=(80,) dtype=float32>,)
import/stereo/hg1_0/BatchNorm_4/mul_1	(<tf.Tensor 'import/stereo/hg1_0/BatchNorm_4/mul_1:0' shape=(80,) dtype=float32>,)
import/stereo/hg1_0/BatchNorm_4/add_1	(<tf.Tensor 'import/stereo/hg1_0/BatchNorm_4/add_1:0' shape=(80,) dtype=float32>,)
import/stereo/hg1_0/BatchNorm_4/batchnorm/add/y	(<tf.Tensor 'import/stereo/hg1_0/BatchNorm_4/batchnorm/add/y:0' shape=() dtype=float32>,)
import/stereo/hg1_0/BatchNorm_4/batchnorm/add	(<tf.Tensor 'import/stereo/hg1_0/BatchNorm_4/batchnorm/add:0' shape=(80,) dtype=float32>,)
import/stereo/hg1_0/BatchNorm_4/batchnorm/Rsqrt	(<tf.Tensor 'import/stereo/hg1_0/BatchNorm_4/batchnorm/Rsqrt:0' shape=(80,) dtype=float32>,)
import/stereo/hg1_0/BatchNorm_4/batchnorm/mul	(<tf.Tensor 'import/stereo/hg1_0/BatchNorm_4/batchnorm/mul:0' shape=(80,) dtype=float32>,)
import/stereo/hg1_0/BatchNorm_4/batchnorm/mul_1	(<tf.Tensor 'import/stereo/hg1_0/BatchNorm_4/batchnorm/mul_1:0' shape=(1, 15, 20, 16, 80) dtype=float32>,)
import/stereo/hg1_0/BatchNorm_4/batchnorm/mul_2	(<tf.Tensor 'import/stereo/hg1_0/BatchNorm_4/batchnorm/mul_2:0' shape=(80,) dtype=float32>,)
import/stereo/hg1_0/BatchNorm_4/batchnorm/sub	(<tf.Tensor 'import/stereo/hg1_0/BatchNorm_4/batchnorm/sub:0' shape=(80,) dtype=float32>,)
import/stereo/hg1_0/BatchNorm_4/batchnorm/add_1	(<tf.Tensor 'import/stereo/hg1_0/BatchNorm_4/batchnorm/add_1:0' shape=(1, 15, 20, 16, 80) dtype=float32>,)
import/stereo/hg1_0/Relu_4	(<tf.Tensor 'import/stereo/hg1_0/Relu_4:0' shape=(1, 15, 20, 16, 80) dtype=float32>,)
import/stereo/hg1_0/Conv_4/weights	(<tf.Tensor 'import/stereo/hg1_0/Conv_4/weights:0' shape=(3, 3, 3, 80, 80) dtype=float32>,)
import/stereo/hg1_0/Conv_4/weights/read	(<tf.Tensor 'import/stereo/hg1_0/Conv_4/weights/read:0' shape=(3, 3, 3, 80, 80) dtype=float32>,)
import/stereo/hg1_0/Conv_4/biases	(<tf.Tensor 'import/stereo/hg1_0/Conv_4/biases:0' shape=(80,) dtype=float32>,)
import/stereo/hg1_0/Conv_4/biases/read	(<tf.Tensor 'import/stereo/hg1_0/Conv_4/biases/read:0' shape=(80,) dtype=float32>,)
import/stereo/hg1_0/Conv_4/Conv3D	(<tf.Tensor 'import/stereo/hg1_0/Conv_4/Conv3D:0' shape=(1, 15, 20, 16, 80) dtype=float32>,)
import/stereo/hg1_0/Conv_4/BiasAdd	(<tf.Tensor 'import/stereo/hg1_0/Conv_4/BiasAdd:0' shape=(1, 15, 20, 16, 80) dtype=float32>,)
import/stereo/hg1_0/add_1	(<tf.Tensor 'import/stereo/hg1_0/add_1:0' shape=(1, 15, 20, 16, 80) dtype=float32>,)
import/stereo/hg1_0/MaxPool3D_1/MaxPool3D	(<tf.Tensor 'import/stereo/hg1_0/MaxPool3D_1/MaxPool3D:0' shape=(1, 8, 10, 8, 80) dtype=float32>,)
import/stereo/hg1_0/BatchNorm_5/gamma	(<tf.Tensor 'import/stereo/hg1_0/BatchNorm_5/gamma:0' shape=(80,) dtype=float32>,)
import/stereo/hg1_0/BatchNorm_5/gamma/read	(<tf.Tensor 'import/stereo/hg1_0/BatchNorm_5/gamma/read:0' shape=(80,) dtype=float32>,)
import/stereo/hg1_0/BatchNorm_5/beta	(<tf.Tensor 'import/stereo/hg1_0/BatchNorm_5/beta:0' shape=(80,) dtype=float32>,)
import/stereo/hg1_0/BatchNorm_5/beta/read	(<tf.Tensor 'import/stereo/hg1_0/BatchNorm_5/beta/read:0' shape=(80,) dtype=float32>,)
import/stereo/hg1_0/BatchNorm_5/moving_mean	(<tf.Tensor 'import/stereo/hg1_0/BatchNorm_5/moving_mean:0' shape=(80,) dtype=float32>,)
import/stereo/hg1_0/BatchNorm_5/moving_variance	(<tf.Tensor 'import/stereo/hg1_0/BatchNorm_5/moving_variance:0' shape=(80,) dtype=float32>,)
import/stereo/hg1_0/BatchNorm_5/renorm_mean	(<tf.Tensor 'import/stereo/hg1_0/BatchNorm_5/renorm_mean:0' shape=(80,) dtype=float32>,)
import/stereo/hg1_0/BatchNorm_5/renorm_mean/read	(<tf.Tensor 'import/stereo/hg1_0/BatchNorm_5/renorm_mean/read:0' shape=(80,) dtype=float32>,)
import/stereo/hg1_0/BatchNorm_5/renorm_stddev	(<tf.Tensor 'import/stereo/hg1_0/BatchNorm_5/renorm_stddev:0' shape=(80,) dtype=float32>,)
import/stereo/hg1_0/BatchNorm_5/renorm_stddev/read	(<tf.Tensor 'import/stereo/hg1_0/BatchNorm_5/renorm_stddev/read:0' shape=(80,) dtype=float32>,)
import/stereo/hg1_0/BatchNorm_5/moments/mean/reduction_indices	(<tf.Tensor 'import/stereo/hg1_0/BatchNorm_5/moments/mean/reduction_indices:0' shape=(4,) dtype=int32>,)
import/stereo/hg1_0/BatchNorm_5/moments/mean	(<tf.Tensor 'import/stereo/hg1_0/BatchNorm_5/moments/mean:0' shape=(1, 1, 1, 1, 80) dtype=float32>,)
import/stereo/hg1_0/BatchNorm_5/moments/StopGradient	(<tf.Tensor 'import/stereo/hg1_0/BatchNorm_5/moments/StopGradient:0' shape=(1, 1, 1, 1, 80) dtype=float32>,)
import/stereo/hg1_0/BatchNorm_5/moments/SquaredDifference	(<tf.Tensor 'import/stereo/hg1_0/BatchNorm_5/moments/SquaredDifference:0' shape=(1, 8, 10, 8, 80) dtype=float32>,)
import/stereo/hg1_0/BatchNorm_5/moments/variance/reduction_indices	(<tf.Tensor 'import/stereo/hg1_0/BatchNorm_5/moments/variance/reduction_indices:0' shape=(4,) dtype=int32>,)
import/stereo/hg1_0/BatchNorm_5/moments/variance	(<tf.Tensor 'import/stereo/hg1_0/BatchNorm_5/moments/variance:0' shape=(1, 1, 1, 1, 80) dtype=float32>,)
import/stereo/hg1_0/BatchNorm_5/moments/Squeeze	(<tf.Tensor 'import/stereo/hg1_0/BatchNorm_5/moments/Squeeze:0' shape=(80,) dtype=float32>,)
import/stereo/hg1_0/BatchNorm_5/moments/Squeeze_1	(<tf.Tensor 'import/stereo/hg1_0/BatchNorm_5/moments/Squeeze_1:0' shape=(80,) dtype=float32>,)
import/stereo/hg1_0/BatchNorm_5/add/y	(<tf.Tensor 'import/stereo/hg1_0/BatchNorm_5/add/y:0' shape=() dtype=float32>,)
import/stereo/hg1_0/BatchNorm_5/add	(<tf.Tensor 'import/stereo/hg1_0/BatchNorm_5/add:0' shape=(80,) dtype=float32>,)
import/stereo/hg1_0/BatchNorm_5/Sqrt	(<tf.Tensor 'import/stereo/hg1_0/BatchNorm_5/Sqrt:0' shape=(80,) dtype=float32>,)
import/stereo/hg1_0/BatchNorm_5/Sqrt_1/x	(<tf.Tensor 'import/stereo/hg1_0/BatchNorm_5/Sqrt_1/x:0' shape=() dtype=float32>,)
import/stereo/hg1_0/BatchNorm_5/Sqrt_1	(<tf.Tensor 'import/stereo/hg1_0/BatchNorm_5/Sqrt_1:0' shape=() dtype=float32>,)
import/stereo/hg1_0/BatchNorm_5/Maximum	(<tf.Tensor 'import/stereo/hg1_0/BatchNorm_5/Maximum:0' shape=(80,) dtype=float32>,)
import/stereo/hg1_0/BatchNorm_5/truediv	(<tf.Tensor 'import/stereo/hg1_0/BatchNorm_5/truediv:0' shape=(80,) dtype=float32>,)
import/stereo/hg1_0/BatchNorm_5/sub	(<tf.Tensor 'import/stereo/hg1_0/BatchNorm_5/sub:0' shape=(80,) dtype=float32>,)
import/stereo/hg1_0/BatchNorm_5/truediv_1	(<tf.Tensor 'import/stereo/hg1_0/BatchNorm_5/truediv_1:0' shape=(80,) dtype=float32>,)
import/stereo/hg1_0/BatchNorm_5/Maximum_1	(<tf.Tensor 'import/stereo/hg1_0/BatchNorm_5/Maximum_1:0' shape=(80,) dtype=float32>,)
import/stereo/hg1_0/BatchNorm_5/Minimum	(<tf.Tensor 'import/stereo/hg1_0/BatchNorm_5/Minimum:0' shape=(80,) dtype=float32>,)
import/stereo/hg1_0/BatchNorm_5/Neg	(<tf.Tensor 'import/stereo/hg1_0/BatchNorm_5/Neg:0' shape=() dtype=float32>,)
import/stereo/hg1_0/BatchNorm_5/Maximum_2	(<tf.Tensor 'import/stereo/hg1_0/BatchNorm_5/Maximum_2:0' shape=(80,) dtype=float32>,)
import/stereo/hg1_0/BatchNorm_5/Minimum_1	(<tf.Tensor 'import/stereo/hg1_0/BatchNorm_5/Minimum_1:0' shape=(80,) dtype=float32>,)
import/stereo/hg1_0/BatchNorm_5/renorm_r	(<tf.Tensor 'import/stereo/hg1_0/BatchNorm_5/renorm_r:0' shape=(80,) dtype=float32>,)
import/stereo/hg1_0/BatchNorm_5/renorm_d	(<tf.Tensor 'import/stereo/hg1_0/BatchNorm_5/renorm_d:0' shape=(80,) dtype=float32>,)
import/stereo/hg1_0/BatchNorm_5/mul	(<tf.Tensor 'import/stereo/hg1_0/BatchNorm_5/mul:0' shape=(80,) dtype=float32>,)
import/stereo/hg1_0/BatchNorm_5/mul_1	(<tf.Tensor 'import/stereo/hg1_0/BatchNorm_5/mul_1:0' shape=(80,) dtype=float32>,)
import/stereo/hg1_0/BatchNorm_5/add_1	(<tf.Tensor 'import/stereo/hg1_0/BatchNorm_5/add_1:0' shape=(80,) dtype=float32>,)
import/stereo/hg1_0/BatchNorm_5/batchnorm/add/y	(<tf.Tensor 'import/stereo/hg1_0/BatchNorm_5/batchnorm/add/y:0' shape=() dtype=float32>,)
import/stereo/hg1_0/BatchNorm_5/batchnorm/add	(<tf.Tensor 'import/stereo/hg1_0/BatchNorm_5/batchnorm/add:0' shape=(80,) dtype=float32>,)
import/stereo/hg1_0/BatchNorm_5/batchnorm/Rsqrt	(<tf.Tensor 'import/stereo/hg1_0/BatchNorm_5/batchnorm/Rsqrt:0' shape=(80,) dtype=float32>,)
import/stereo/hg1_0/BatchNorm_5/batchnorm/mul	(<tf.Tensor 'import/stereo/hg1_0/BatchNorm_5/batchnorm/mul:0' shape=(80,) dtype=float32>,)
import/stereo/hg1_0/BatchNorm_5/batchnorm/mul_1	(<tf.Tensor 'import/stereo/hg1_0/BatchNorm_5/batchnorm/mul_1:0' shape=(1, 8, 10, 8, 80) dtype=float32>,)
import/stereo/hg1_0/BatchNorm_5/batchnorm/mul_2	(<tf.Tensor 'import/stereo/hg1_0/BatchNorm_5/batchnorm/mul_2:0' shape=(80,) dtype=float32>,)
import/stereo/hg1_0/BatchNorm_5/batchnorm/sub	(<tf.Tensor 'import/stereo/hg1_0/BatchNorm_5/batchnorm/sub:0' shape=(80,) dtype=float32>,)
import/stereo/hg1_0/BatchNorm_5/batchnorm/add_1	(<tf.Tensor 'import/stereo/hg1_0/BatchNorm_5/batchnorm/add_1:0' shape=(1, 8, 10, 8, 80) dtype=float32>,)
import/stereo/hg1_0/Relu_5	(<tf.Tensor 'import/stereo/hg1_0/Relu_5:0' shape=(1, 8, 10, 8, 80) dtype=float32>,)
import/stereo/hg1_0/Conv_5/weights	(<tf.Tensor 'import/stereo/hg1_0/Conv_5/weights:0' shape=(3, 3, 3, 80, 128) dtype=float32>,)
import/stereo/hg1_0/Conv_5/weights/read	(<tf.Tensor 'import/stereo/hg1_0/Conv_5/weights/read:0' shape=(3, 3, 3, 80, 128) dtype=float32>,)
import/stereo/hg1_0/Conv_5/biases	(<tf.Tensor 'import/stereo/hg1_0/Conv_5/biases:0' shape=(128,) dtype=float32>,)
import/stereo/hg1_0/Conv_5/biases/read	(<tf.Tensor 'import/stereo/hg1_0/Conv_5/biases/read:0' shape=(128,) dtype=float32>,)
import/stereo/hg1_0/Conv_5/Conv3D	(<tf.Tensor 'import/stereo/hg1_0/Conv_5/Conv3D:0' shape=(1, 8, 10, 8, 128) dtype=float32>,)
import/stereo/hg1_0/Conv_5/BiasAdd	(<tf.Tensor 'import/stereo/hg1_0/Conv_5/BiasAdd:0' shape=(1, 8, 10, 8, 128) dtype=float32>,)
import/stereo/hg1_0/BatchNorm_6/gamma	(<tf.Tensor 'import/stereo/hg1_0/BatchNorm_6/gamma:0' shape=(128,) dtype=float32>,)
import/stereo/hg1_0/BatchNorm_6/gamma/read	(<tf.Tensor 'import/stereo/hg1_0/BatchNorm_6/gamma/read:0' shape=(128,) dtype=float32>,)
import/stereo/hg1_0/BatchNorm_6/beta	(<tf.Tensor 'import/stereo/hg1_0/BatchNorm_6/beta:0' shape=(128,) dtype=float32>,)
import/stereo/hg1_0/BatchNorm_6/beta/read	(<tf.Tensor 'import/stereo/hg1_0/BatchNorm_6/beta/read:0' shape=(128,) dtype=float32>,)
import/stereo/hg1_0/BatchNorm_6/moving_mean	(<tf.Tensor 'import/stereo/hg1_0/BatchNorm_6/moving_mean:0' shape=(128,) dtype=float32>,)
import/stereo/hg1_0/BatchNorm_6/moving_variance	(<tf.Tensor 'import/stereo/hg1_0/BatchNorm_6/moving_variance:0' shape=(128,) dtype=float32>,)
import/stereo/hg1_0/BatchNorm_6/renorm_mean	(<tf.Tensor 'import/stereo/hg1_0/BatchNorm_6/renorm_mean:0' shape=(128,) dtype=float32>,)
import/stereo/hg1_0/BatchNorm_6/renorm_mean/read	(<tf.Tensor 'import/stereo/hg1_0/BatchNorm_6/renorm_mean/read:0' shape=(128,) dtype=float32>,)
import/stereo/hg1_0/BatchNorm_6/renorm_stddev	(<tf.Tensor 'import/stereo/hg1_0/BatchNorm_6/renorm_stddev:0' shape=(128,) dtype=float32>,)
import/stereo/hg1_0/BatchNorm_6/renorm_stddev/read	(<tf.Tensor 'import/stereo/hg1_0/BatchNorm_6/renorm_stddev/read:0' shape=(128,) dtype=float32>,)
import/stereo/hg1_0/BatchNorm_6/moments/mean/reduction_indices	(<tf.Tensor 'import/stereo/hg1_0/BatchNorm_6/moments/mean/reduction_indices:0' shape=(4,) dtype=int32>,)
import/stereo/hg1_0/BatchNorm_6/moments/mean	(<tf.Tensor 'import/stereo/hg1_0/BatchNorm_6/moments/mean:0' shape=(1, 1, 1, 1, 128) dtype=float32>,)
import/stereo/hg1_0/BatchNorm_6/moments/StopGradient	(<tf.Tensor 'import/stereo/hg1_0/BatchNorm_6/moments/StopGradient:0' shape=(1, 1, 1, 1, 128) dtype=float32>,)
import/stereo/hg1_0/BatchNorm_6/moments/SquaredDifference	(<tf.Tensor 'import/stereo/hg1_0/BatchNorm_6/moments/SquaredDifference:0' shape=(1, 8, 10, 8, 128) dtype=float32>,)
import/stereo/hg1_0/BatchNorm_6/moments/variance/reduction_indices	(<tf.Tensor 'import/stereo/hg1_0/BatchNorm_6/moments/variance/reduction_indices:0' shape=(4,) dtype=int32>,)
import/stereo/hg1_0/BatchNorm_6/moments/variance	(<tf.Tensor 'import/stereo/hg1_0/BatchNorm_6/moments/variance:0' shape=(1, 1, 1, 1, 128) dtype=float32>,)
import/stereo/hg1_0/BatchNorm_6/moments/Squeeze	(<tf.Tensor 'import/stereo/hg1_0/BatchNorm_6/moments/Squeeze:0' shape=(128,) dtype=float32>,)
import/stereo/hg1_0/BatchNorm_6/moments/Squeeze_1	(<tf.Tensor 'import/stereo/hg1_0/BatchNorm_6/moments/Squeeze_1:0' shape=(128,) dtype=float32>,)
import/stereo/hg1_0/BatchNorm_6/add/y	(<tf.Tensor 'import/stereo/hg1_0/BatchNorm_6/add/y:0' shape=() dtype=float32>,)
import/stereo/hg1_0/BatchNorm_6/add	(<tf.Tensor 'import/stereo/hg1_0/BatchNorm_6/add:0' shape=(128,) dtype=float32>,)
import/stereo/hg1_0/BatchNorm_6/Sqrt	(<tf.Tensor 'import/stereo/hg1_0/BatchNorm_6/Sqrt:0' shape=(128,) dtype=float32>,)
import/stereo/hg1_0/BatchNorm_6/Sqrt_1/x	(<tf.Tensor 'import/stereo/hg1_0/BatchNorm_6/Sqrt_1/x:0' shape=() dtype=float32>,)
import/stereo/hg1_0/BatchNorm_6/Sqrt_1	(<tf.Tensor 'import/stereo/hg1_0/BatchNorm_6/Sqrt_1:0' shape=() dtype=float32>,)
import/stereo/hg1_0/BatchNorm_6/Maximum	(<tf.Tensor 'import/stereo/hg1_0/BatchNorm_6/Maximum:0' shape=(128,) dtype=float32>,)
import/stereo/hg1_0/BatchNorm_6/truediv	(<tf.Tensor 'import/stereo/hg1_0/BatchNorm_6/truediv:0' shape=(128,) dtype=float32>,)
import/stereo/hg1_0/BatchNorm_6/sub	(<tf.Tensor 'import/stereo/hg1_0/BatchNorm_6/sub:0' shape=(128,) dtype=float32>,)
import/stereo/hg1_0/BatchNorm_6/truediv_1	(<tf.Tensor 'import/stereo/hg1_0/BatchNorm_6/truediv_1:0' shape=(128,) dtype=float32>,)
import/stereo/hg1_0/BatchNorm_6/Maximum_1	(<tf.Tensor 'import/stereo/hg1_0/BatchNorm_6/Maximum_1:0' shape=(128,) dtype=float32>,)
import/stereo/hg1_0/BatchNorm_6/Minimum	(<tf.Tensor 'import/stereo/hg1_0/BatchNorm_6/Minimum:0' shape=(128,) dtype=float32>,)
import/stereo/hg1_0/BatchNorm_6/Neg	(<tf.Tensor 'import/stereo/hg1_0/BatchNorm_6/Neg:0' shape=() dtype=float32>,)
import/stereo/hg1_0/BatchNorm_6/Maximum_2	(<tf.Tensor 'import/stereo/hg1_0/BatchNorm_6/Maximum_2:0' shape=(128,) dtype=float32>,)
import/stereo/hg1_0/BatchNorm_6/Minimum_1	(<tf.Tensor 'import/stereo/hg1_0/BatchNorm_6/Minimum_1:0' shape=(128,) dtype=float32>,)
import/stereo/hg1_0/BatchNorm_6/renorm_r	(<tf.Tensor 'import/stereo/hg1_0/BatchNorm_6/renorm_r:0' shape=(128,) dtype=float32>,)
import/stereo/hg1_0/BatchNorm_6/renorm_d	(<tf.Tensor 'import/stereo/hg1_0/BatchNorm_6/renorm_d:0' shape=(128,) dtype=float32>,)
import/stereo/hg1_0/BatchNorm_6/mul	(<tf.Tensor 'import/stereo/hg1_0/BatchNorm_6/mul:0' shape=(128,) dtype=float32>,)
import/stereo/hg1_0/BatchNorm_6/mul_1	(<tf.Tensor 'import/stereo/hg1_0/BatchNorm_6/mul_1:0' shape=(128,) dtype=float32>,)
import/stereo/hg1_0/BatchNorm_6/add_1	(<tf.Tensor 'import/stereo/hg1_0/BatchNorm_6/add_1:0' shape=(128,) dtype=float32>,)
import/stereo/hg1_0/BatchNorm_6/batchnorm/add/y	(<tf.Tensor 'import/stereo/hg1_0/BatchNorm_6/batchnorm/add/y:0' shape=() dtype=float32>,)
import/stereo/hg1_0/BatchNorm_6/batchnorm/add	(<tf.Tensor 'import/stereo/hg1_0/BatchNorm_6/batchnorm/add:0' shape=(128,) dtype=float32>,)
import/stereo/hg1_0/BatchNorm_6/batchnorm/Rsqrt	(<tf.Tensor 'import/stereo/hg1_0/BatchNorm_6/batchnorm/Rsqrt:0' shape=(128,) dtype=float32>,)
import/stereo/hg1_0/BatchNorm_6/batchnorm/mul	(<tf.Tensor 'import/stereo/hg1_0/BatchNorm_6/batchnorm/mul:0' shape=(128,) dtype=float32>,)
import/stereo/hg1_0/BatchNorm_6/batchnorm/mul_1	(<tf.Tensor 'import/stereo/hg1_0/BatchNorm_6/batchnorm/mul_1:0' shape=(1, 8, 10, 8, 128) dtype=float32>,)
import/stereo/hg1_0/BatchNorm_6/batchnorm/mul_2	(<tf.Tensor 'import/stereo/hg1_0/BatchNorm_6/batchnorm/mul_2:0' shape=(128,) dtype=float32>,)
import/stereo/hg1_0/BatchNorm_6/batchnorm/sub	(<tf.Tensor 'import/stereo/hg1_0/BatchNorm_6/batchnorm/sub:0' shape=(128,) dtype=float32>,)
import/stereo/hg1_0/BatchNorm_6/batchnorm/add_1	(<tf.Tensor 'import/stereo/hg1_0/BatchNorm_6/batchnorm/add_1:0' shape=(1, 8, 10, 8, 128) dtype=float32>,)
import/stereo/hg1_0/Relu_6	(<tf.Tensor 'import/stereo/hg1_0/Relu_6:0' shape=(1, 8, 10, 8, 128) dtype=float32>,)
import/stereo/hg1_0/Conv_6/weights	(<tf.Tensor 'import/stereo/hg1_0/Conv_6/weights:0' shape=(3, 3, 3, 128, 128) dtype=float32>,)
import/stereo/hg1_0/Conv_6/weights/read	(<tf.Tensor 'import/stereo/hg1_0/Conv_6/weights/read:0' shape=(3, 3, 3, 128, 128) dtype=float32>,)
import/stereo/hg1_0/Conv_6/biases	(<tf.Tensor 'import/stereo/hg1_0/Conv_6/biases:0' shape=(128,) dtype=float32>,)
import/stereo/hg1_0/Conv_6/biases/read	(<tf.Tensor 'import/stereo/hg1_0/Conv_6/biases/read:0' shape=(128,) dtype=float32>,)
import/stereo/hg1_0/Conv_6/Conv3D	(<tf.Tensor 'import/stereo/hg1_0/Conv_6/Conv3D:0' shape=(1, 8, 10, 8, 128) dtype=float32>,)
import/stereo/hg1_0/Conv_6/BiasAdd	(<tf.Tensor 'import/stereo/hg1_0/Conv_6/BiasAdd:0' shape=(1, 8, 10, 8, 128) dtype=float32>,)
import/stereo/hg1_0/BatchNorm_7/gamma	(<tf.Tensor 'import/stereo/hg1_0/BatchNorm_7/gamma:0' shape=(128,) dtype=float32>,)
import/stereo/hg1_0/BatchNorm_7/gamma/read	(<tf.Tensor 'import/stereo/hg1_0/BatchNorm_7/gamma/read:0' shape=(128,) dtype=float32>,)
import/stereo/hg1_0/BatchNorm_7/beta	(<tf.Tensor 'import/stereo/hg1_0/BatchNorm_7/beta:0' shape=(128,) dtype=float32>,)
import/stereo/hg1_0/BatchNorm_7/beta/read	(<tf.Tensor 'import/stereo/hg1_0/BatchNorm_7/beta/read:0' shape=(128,) dtype=float32>,)
import/stereo/hg1_0/BatchNorm_7/moving_mean	(<tf.Tensor 'import/stereo/hg1_0/BatchNorm_7/moving_mean:0' shape=(128,) dtype=float32>,)
import/stereo/hg1_0/BatchNorm_7/moving_variance	(<tf.Tensor 'import/stereo/hg1_0/BatchNorm_7/moving_variance:0' shape=(128,) dtype=float32>,)
import/stereo/hg1_0/BatchNorm_7/renorm_mean	(<tf.Tensor 'import/stereo/hg1_0/BatchNorm_7/renorm_mean:0' shape=(128,) dtype=float32>,)
import/stereo/hg1_0/BatchNorm_7/renorm_mean/read	(<tf.Tensor 'import/stereo/hg1_0/BatchNorm_7/renorm_mean/read:0' shape=(128,) dtype=float32>,)
import/stereo/hg1_0/BatchNorm_7/renorm_stddev	(<tf.Tensor 'import/stereo/hg1_0/BatchNorm_7/renorm_stddev:0' shape=(128,) dtype=float32>,)
import/stereo/hg1_0/BatchNorm_7/renorm_stddev/read	(<tf.Tensor 'import/stereo/hg1_0/BatchNorm_7/renorm_stddev/read:0' shape=(128,) dtype=float32>,)
import/stereo/hg1_0/BatchNorm_7/moments/mean/reduction_indices	(<tf.Tensor 'import/stereo/hg1_0/BatchNorm_7/moments/mean/reduction_indices:0' shape=(4,) dtype=int32>,)
import/stereo/hg1_0/BatchNorm_7/moments/mean	(<tf.Tensor 'import/stereo/hg1_0/BatchNorm_7/moments/mean:0' shape=(1, 1, 1, 1, 128) dtype=float32>,)
import/stereo/hg1_0/BatchNorm_7/moments/StopGradient	(<tf.Tensor 'import/stereo/hg1_0/BatchNorm_7/moments/StopGradient:0' shape=(1, 1, 1, 1, 128) dtype=float32>,)
import/stereo/hg1_0/BatchNorm_7/moments/SquaredDifference	(<tf.Tensor 'import/stereo/hg1_0/BatchNorm_7/moments/SquaredDifference:0' shape=(1, 8, 10, 8, 128) dtype=float32>,)
import/stereo/hg1_0/BatchNorm_7/moments/variance/reduction_indices	(<tf.Tensor 'import/stereo/hg1_0/BatchNorm_7/moments/variance/reduction_indices:0' shape=(4,) dtype=int32>,)
import/stereo/hg1_0/BatchNorm_7/moments/variance	(<tf.Tensor 'import/stereo/hg1_0/BatchNorm_7/moments/variance:0' shape=(1, 1, 1, 1, 128) dtype=float32>,)
import/stereo/hg1_0/BatchNorm_7/moments/Squeeze	(<tf.Tensor 'import/stereo/hg1_0/BatchNorm_7/moments/Squeeze:0' shape=(128,) dtype=float32>,)
import/stereo/hg1_0/BatchNorm_7/moments/Squeeze_1	(<tf.Tensor 'import/stereo/hg1_0/BatchNorm_7/moments/Squeeze_1:0' shape=(128,) dtype=float32>,)
import/stereo/hg1_0/BatchNorm_7/add/y	(<tf.Tensor 'import/stereo/hg1_0/BatchNorm_7/add/y:0' shape=() dtype=float32>,)
import/stereo/hg1_0/BatchNorm_7/add	(<tf.Tensor 'import/stereo/hg1_0/BatchNorm_7/add:0' shape=(128,) dtype=float32>,)
import/stereo/hg1_0/BatchNorm_7/Sqrt	(<tf.Tensor 'import/stereo/hg1_0/BatchNorm_7/Sqrt:0' shape=(128,) dtype=float32>,)
import/stereo/hg1_0/BatchNorm_7/Sqrt_1/x	(<tf.Tensor 'import/stereo/hg1_0/BatchNorm_7/Sqrt_1/x:0' shape=() dtype=float32>,)
import/stereo/hg1_0/BatchNorm_7/Sqrt_1	(<tf.Tensor 'import/stereo/hg1_0/BatchNorm_7/Sqrt_1:0' shape=() dtype=float32>,)
import/stereo/hg1_0/BatchNorm_7/Maximum	(<tf.Tensor 'import/stereo/hg1_0/BatchNorm_7/Maximum:0' shape=(128,) dtype=float32>,)
import/stereo/hg1_0/BatchNorm_7/truediv	(<tf.Tensor 'import/stereo/hg1_0/BatchNorm_7/truediv:0' shape=(128,) dtype=float32>,)
import/stereo/hg1_0/BatchNorm_7/sub	(<tf.Tensor 'import/stereo/hg1_0/BatchNorm_7/sub:0' shape=(128,) dtype=float32>,)
import/stereo/hg1_0/BatchNorm_7/truediv_1	(<tf.Tensor 'import/stereo/hg1_0/BatchNorm_7/truediv_1:0' shape=(128,) dtype=float32>,)
import/stereo/hg1_0/BatchNorm_7/Maximum_1	(<tf.Tensor 'import/stereo/hg1_0/BatchNorm_7/Maximum_1:0' shape=(128,) dtype=float32>,)
import/stereo/hg1_0/BatchNorm_7/Minimum	(<tf.Tensor 'import/stereo/hg1_0/BatchNorm_7/Minimum:0' shape=(128,) dtype=float32>,)
import/stereo/hg1_0/BatchNorm_7/Neg	(<tf.Tensor 'import/stereo/hg1_0/BatchNorm_7/Neg:0' shape=() dtype=float32>,)
import/stereo/hg1_0/BatchNorm_7/Maximum_2	(<tf.Tensor 'import/stereo/hg1_0/BatchNorm_7/Maximum_2:0' shape=(128,) dtype=float32>,)
import/stereo/hg1_0/BatchNorm_7/Minimum_1	(<tf.Tensor 'import/stereo/hg1_0/BatchNorm_7/Minimum_1:0' shape=(128,) dtype=float32>,)
import/stereo/hg1_0/BatchNorm_7/renorm_r	(<tf.Tensor 'import/stereo/hg1_0/BatchNorm_7/renorm_r:0' shape=(128,) dtype=float32>,)
import/stereo/hg1_0/BatchNorm_7/renorm_d	(<tf.Tensor 'import/stereo/hg1_0/BatchNorm_7/renorm_d:0' shape=(128,) dtype=float32>,)
import/stereo/hg1_0/BatchNorm_7/mul	(<tf.Tensor 'import/stereo/hg1_0/BatchNorm_7/mul:0' shape=(128,) dtype=float32>,)
import/stereo/hg1_0/BatchNorm_7/mul_1	(<tf.Tensor 'import/stereo/hg1_0/BatchNorm_7/mul_1:0' shape=(128,) dtype=float32>,)
import/stereo/hg1_0/BatchNorm_7/add_1	(<tf.Tensor 'import/stereo/hg1_0/BatchNorm_7/add_1:0' shape=(128,) dtype=float32>,)
import/stereo/hg1_0/BatchNorm_7/batchnorm/add/y	(<tf.Tensor 'import/stereo/hg1_0/BatchNorm_7/batchnorm/add/y:0' shape=() dtype=float32>,)
import/stereo/hg1_0/BatchNorm_7/batchnorm/add	(<tf.Tensor 'import/stereo/hg1_0/BatchNorm_7/batchnorm/add:0' shape=(128,) dtype=float32>,)
import/stereo/hg1_0/BatchNorm_7/batchnorm/Rsqrt	(<tf.Tensor 'import/stereo/hg1_0/BatchNorm_7/batchnorm/Rsqrt:0' shape=(128,) dtype=float32>,)
import/stereo/hg1_0/BatchNorm_7/batchnorm/mul	(<tf.Tensor 'import/stereo/hg1_0/BatchNorm_7/batchnorm/mul:0' shape=(128,) dtype=float32>,)
import/stereo/hg1_0/BatchNorm_7/batchnorm/mul_1	(<tf.Tensor 'import/stereo/hg1_0/BatchNorm_7/batchnorm/mul_1:0' shape=(1, 8, 10, 8, 128) dtype=float32>,)
import/stereo/hg1_0/BatchNorm_7/batchnorm/mul_2	(<tf.Tensor 'import/stereo/hg1_0/BatchNorm_7/batchnorm/mul_2:0' shape=(128,) dtype=float32>,)
import/stereo/hg1_0/BatchNorm_7/batchnorm/sub	(<tf.Tensor 'import/stereo/hg1_0/BatchNorm_7/batchnorm/sub:0' shape=(128,) dtype=float32>,)
import/stereo/hg1_0/BatchNorm_7/batchnorm/add_1	(<tf.Tensor 'import/stereo/hg1_0/BatchNorm_7/batchnorm/add_1:0' shape=(1, 8, 10, 8, 128) dtype=float32>,)
import/stereo/hg1_0/Relu_7	(<tf.Tensor 'import/stereo/hg1_0/Relu_7:0' shape=(1, 8, 10, 8, 128) dtype=float32>,)
import/stereo/hg1_0/Conv_7/weights	(<tf.Tensor 'import/stereo/hg1_0/Conv_7/weights:0' shape=(3, 3, 3, 128, 128) dtype=float32>,)
import/stereo/hg1_0/Conv_7/weights/read	(<tf.Tensor 'import/stereo/hg1_0/Conv_7/weights/read:0' shape=(3, 3, 3, 128, 128) dtype=float32>,)
import/stereo/hg1_0/Conv_7/biases	(<tf.Tensor 'import/stereo/hg1_0/Conv_7/biases:0' shape=(128,) dtype=float32>,)
import/stereo/hg1_0/Conv_7/biases/read	(<tf.Tensor 'import/stereo/hg1_0/Conv_7/biases/read:0' shape=(128,) dtype=float32>,)
import/stereo/hg1_0/Conv_7/Conv3D	(<tf.Tensor 'import/stereo/hg1_0/Conv_7/Conv3D:0' shape=(1, 8, 10, 8, 128) dtype=float32>,)
import/stereo/hg1_0/Conv_7/BiasAdd	(<tf.Tensor 'import/stereo/hg1_0/Conv_7/BiasAdd:0' shape=(1, 8, 10, 8, 128) dtype=float32>,)
import/stereo/hg1_0/add_2	(<tf.Tensor 'import/stereo/hg1_0/add_2:0' shape=(1, 8, 10, 8, 128) dtype=float32>,)
import/stereo/hg1_0/BatchNorm_8/gamma	(<tf.Tensor 'import/stereo/hg1_0/BatchNorm_8/gamma:0' shape=(128,) dtype=float32>,)
import/stereo/hg1_0/BatchNorm_8/gamma/read	(<tf.Tensor 'import/stereo/hg1_0/BatchNorm_8/gamma/read:0' shape=(128,) dtype=float32>,)
import/stereo/hg1_0/BatchNorm_8/beta	(<tf.Tensor 'import/stereo/hg1_0/BatchNorm_8/beta:0' shape=(128,) dtype=float32>,)
import/stereo/hg1_0/BatchNorm_8/beta/read	(<tf.Tensor 'import/stereo/hg1_0/BatchNorm_8/beta/read:0' shape=(128,) dtype=float32>,)
import/stereo/hg1_0/BatchNorm_8/moving_mean	(<tf.Tensor 'import/stereo/hg1_0/BatchNorm_8/moving_mean:0' shape=(128,) dtype=float32>,)
import/stereo/hg1_0/BatchNorm_8/moving_variance	(<tf.Tensor 'import/stereo/hg1_0/BatchNorm_8/moving_variance:0' shape=(128,) dtype=float32>,)
import/stereo/hg1_0/BatchNorm_8/renorm_mean	(<tf.Tensor 'import/stereo/hg1_0/BatchNorm_8/renorm_mean:0' shape=(128,) dtype=float32>,)
import/stereo/hg1_0/BatchNorm_8/renorm_mean/read	(<tf.Tensor 'import/stereo/hg1_0/BatchNorm_8/renorm_mean/read:0' shape=(128,) dtype=float32>,)
import/stereo/hg1_0/BatchNorm_8/renorm_stddev	(<tf.Tensor 'import/stereo/hg1_0/BatchNorm_8/renorm_stddev:0' shape=(128,) dtype=float32>,)
import/stereo/hg1_0/BatchNorm_8/renorm_stddev/read	(<tf.Tensor 'import/stereo/hg1_0/BatchNorm_8/renorm_stddev/read:0' shape=(128,) dtype=float32>,)
import/stereo/hg1_0/BatchNorm_8/moments/mean/reduction_indices	(<tf.Tensor 'import/stereo/hg1_0/BatchNorm_8/moments/mean/reduction_indices:0' shape=(4,) dtype=int32>,)
import/stereo/hg1_0/BatchNorm_8/moments/mean	(<tf.Tensor 'import/stereo/hg1_0/BatchNorm_8/moments/mean:0' shape=(1, 1, 1, 1, 128) dtype=float32>,)
import/stereo/hg1_0/BatchNorm_8/moments/StopGradient	(<tf.Tensor 'import/stereo/hg1_0/BatchNorm_8/moments/StopGradient:0' shape=(1, 1, 1, 1, 128) dtype=float32>,)
import/stereo/hg1_0/BatchNorm_8/moments/SquaredDifference	(<tf.Tensor 'import/stereo/hg1_0/BatchNorm_8/moments/SquaredDifference:0' shape=(1, 8, 10, 8, 128) dtype=float32>,)
import/stereo/hg1_0/BatchNorm_8/moments/variance/reduction_indices	(<tf.Tensor 'import/stereo/hg1_0/BatchNorm_8/moments/variance/reduction_indices:0' shape=(4,) dtype=int32>,)
import/stereo/hg1_0/BatchNorm_8/moments/variance	(<tf.Tensor 'import/stereo/hg1_0/BatchNorm_8/moments/variance:0' shape=(1, 1, 1, 1, 128) dtype=float32>,)
import/stereo/hg1_0/BatchNorm_8/moments/Squeeze	(<tf.Tensor 'import/stereo/hg1_0/BatchNorm_8/moments/Squeeze:0' shape=(128,) dtype=float32>,)
import/stereo/hg1_0/BatchNorm_8/moments/Squeeze_1	(<tf.Tensor 'import/stereo/hg1_0/BatchNorm_8/moments/Squeeze_1:0' shape=(128,) dtype=float32>,)
import/stereo/hg1_0/BatchNorm_8/add/y	(<tf.Tensor 'import/stereo/hg1_0/BatchNorm_8/add/y:0' shape=() dtype=float32>,)
import/stereo/hg1_0/BatchNorm_8/add	(<tf.Tensor 'import/stereo/hg1_0/BatchNorm_8/add:0' shape=(128,) dtype=float32>,)
import/stereo/hg1_0/BatchNorm_8/Sqrt	(<tf.Tensor 'import/stereo/hg1_0/BatchNorm_8/Sqrt:0' shape=(128,) dtype=float32>,)
import/stereo/hg1_0/BatchNorm_8/Sqrt_1/x	(<tf.Tensor 'import/stereo/hg1_0/BatchNorm_8/Sqrt_1/x:0' shape=() dtype=float32>,)
import/stereo/hg1_0/BatchNorm_8/Sqrt_1	(<tf.Tensor 'import/stereo/hg1_0/BatchNorm_8/Sqrt_1:0' shape=() dtype=float32>,)
import/stereo/hg1_0/BatchNorm_8/Maximum	(<tf.Tensor 'import/stereo/hg1_0/BatchNorm_8/Maximum:0' shape=(128,) dtype=float32>,)
import/stereo/hg1_0/BatchNorm_8/truediv	(<tf.Tensor 'import/stereo/hg1_0/BatchNorm_8/truediv:0' shape=(128,) dtype=float32>,)
import/stereo/hg1_0/BatchNorm_8/sub	(<tf.Tensor 'import/stereo/hg1_0/BatchNorm_8/sub:0' shape=(128,) dtype=float32>,)
import/stereo/hg1_0/BatchNorm_8/truediv_1	(<tf.Tensor 'import/stereo/hg1_0/BatchNorm_8/truediv_1:0' shape=(128,) dtype=float32>,)
import/stereo/hg1_0/BatchNorm_8/Maximum_1	(<tf.Tensor 'import/stereo/hg1_0/BatchNorm_8/Maximum_1:0' shape=(128,) dtype=float32>,)
import/stereo/hg1_0/BatchNorm_8/Minimum	(<tf.Tensor 'import/stereo/hg1_0/BatchNorm_8/Minimum:0' shape=(128,) dtype=float32>,)
import/stereo/hg1_0/BatchNorm_8/Neg	(<tf.Tensor 'import/stereo/hg1_0/BatchNorm_8/Neg:0' shape=() dtype=float32>,)
import/stereo/hg1_0/BatchNorm_8/Maximum_2	(<tf.Tensor 'import/stereo/hg1_0/BatchNorm_8/Maximum_2:0' shape=(128,) dtype=float32>,)
import/stereo/hg1_0/BatchNorm_8/Minimum_1	(<tf.Tensor 'import/stereo/hg1_0/BatchNorm_8/Minimum_1:0' shape=(128,) dtype=float32>,)
import/stereo/hg1_0/BatchNorm_8/renorm_r	(<tf.Tensor 'import/stereo/hg1_0/BatchNorm_8/renorm_r:0' shape=(128,) dtype=float32>,)
import/stereo/hg1_0/BatchNorm_8/renorm_d	(<tf.Tensor 'import/stereo/hg1_0/BatchNorm_8/renorm_d:0' shape=(128,) dtype=float32>,)
import/stereo/hg1_0/BatchNorm_8/mul	(<tf.Tensor 'import/stereo/hg1_0/BatchNorm_8/mul:0' shape=(128,) dtype=float32>,)
import/stereo/hg1_0/BatchNorm_8/mul_1	(<tf.Tensor 'import/stereo/hg1_0/BatchNorm_8/mul_1:0' shape=(128,) dtype=float32>,)
import/stereo/hg1_0/BatchNorm_8/add_1	(<tf.Tensor 'import/stereo/hg1_0/BatchNorm_8/add_1:0' shape=(128,) dtype=float32>,)
import/stereo/hg1_0/BatchNorm_8/batchnorm/add/y	(<tf.Tensor 'import/stereo/hg1_0/BatchNorm_8/batchnorm/add/y:0' shape=() dtype=float32>,)
import/stereo/hg1_0/BatchNorm_8/batchnorm/add	(<tf.Tensor 'import/stereo/hg1_0/BatchNorm_8/batchnorm/add:0' shape=(128,) dtype=float32>,)
import/stereo/hg1_0/BatchNorm_8/batchnorm/Rsqrt	(<tf.Tensor 'import/stereo/hg1_0/BatchNorm_8/batchnorm/Rsqrt:0' shape=(128,) dtype=float32>,)
import/stereo/hg1_0/BatchNorm_8/batchnorm/mul	(<tf.Tensor 'import/stereo/hg1_0/BatchNorm_8/batchnorm/mul:0' shape=(128,) dtype=float32>,)
import/stereo/hg1_0/BatchNorm_8/batchnorm/mul_1	(<tf.Tensor 'import/stereo/hg1_0/BatchNorm_8/batchnorm/mul_1:0' shape=(1, 8, 10, 8, 128) dtype=float32>,)
import/stereo/hg1_0/BatchNorm_8/batchnorm/mul_2	(<tf.Tensor 'import/stereo/hg1_0/BatchNorm_8/batchnorm/mul_2:0' shape=(128,) dtype=float32>,)
import/stereo/hg1_0/BatchNorm_8/batchnorm/sub	(<tf.Tensor 'import/stereo/hg1_0/BatchNorm_8/batchnorm/sub:0' shape=(128,) dtype=float32>,)
import/stereo/hg1_0/BatchNorm_8/batchnorm/add_1	(<tf.Tensor 'import/stereo/hg1_0/BatchNorm_8/batchnorm/add_1:0' shape=(1, 8, 10, 8, 128) dtype=float32>,)
import/stereo/hg1_0/Relu_8	(<tf.Tensor 'import/stereo/hg1_0/Relu_8:0' shape=(1, 8, 10, 8, 128) dtype=float32>,)
import/stereo/hg1_0/Conv_8/weights	(<tf.Tensor 'import/stereo/hg1_0/Conv_8/weights:0' shape=(3, 3, 3, 128, 80) dtype=float32>,)
import/stereo/hg1_0/Conv_8/weights/read	(<tf.Tensor 'import/stereo/hg1_0/Conv_8/weights/read:0' shape=(3, 3, 3, 128, 80) dtype=float32>,)
import/stereo/hg1_0/Conv_8/biases	(<tf.Tensor 'import/stereo/hg1_0/Conv_8/biases:0' shape=(80,) dtype=float32>,)
import/stereo/hg1_0/Conv_8/biases/read	(<tf.Tensor 'import/stereo/hg1_0/Conv_8/biases/read:0' shape=(80,) dtype=float32>,)
import/stereo/hg1_0/Conv_8/Conv3D	(<tf.Tensor 'import/stereo/hg1_0/Conv_8/Conv3D:0' shape=(1, 8, 10, 8, 80) dtype=float32>,)
import/stereo/hg1_0/Conv_8/BiasAdd	(<tf.Tensor 'import/stereo/hg1_0/Conv_8/BiasAdd:0' shape=(1, 8, 10, 8, 80) dtype=float32>,)
import/stereo/hg1_0/Shape	(<tf.Tensor 'import/stereo/hg1_0/Shape:0' shape=(5,) dtype=int32>,)
import/stereo/hg1_0/unstack	(<tf.Tensor 'import/stereo/hg1_0/unstack:0' shape=() dtype=int32>, <tf.Tensor 'import/stereo/hg1_0/unstack:1' shape=() dtype=int32>, <tf.Tensor 'import/stereo/hg1_0/unstack:2' shape=() dtype=int32>, <tf.Tensor 'import/stereo/hg1_0/unstack:3' shape=() dtype=int32>, <tf.Tensor 'import/stereo/hg1_0/unstack:4' shape=() dtype=int32>)
import/stereo/hg1_0/Shape_1	(<tf.Tensor 'import/stereo/hg1_0/Shape_1:0' shape=(5,) dtype=int32>,)
import/stereo/hg1_0/unstack_1	(<tf.Tensor 'import/stereo/hg1_0/unstack_1:0' shape=() dtype=int32>, <tf.Tensor 'import/stereo/hg1_0/unstack_1:1' shape=() dtype=int32>, <tf.Tensor 'import/stereo/hg1_0/unstack_1:2' shape=() dtype=int32>, <tf.Tensor 'import/stereo/hg1_0/unstack_1:3' shape=() dtype=int32>, <tf.Tensor 'import/stereo/hg1_0/unstack_1:4' shape=() dtype=int32>)
import/stereo/hg1_0/Tile/multiples	(<tf.Tensor 'import/stereo/hg1_0/Tile/multiples:0' shape=(5,) dtype=int32>,)
import/stereo/hg1_0/Tile	(<tf.Tensor 'import/stereo/hg1_0/Tile:0' shape=(1, 8, 20, 16, 160) dtype=float32>,)
import/stereo/hg1_0/mul/x	(<tf.Tensor 'import/stereo/hg1_0/mul/x:0' shape=() dtype=int32>,)
import/stereo/hg1_0/mul	(<tf.Tensor 'import/stereo/hg1_0/mul:0' shape=() dtype=int32>,)
import/stereo/hg1_0/mul_1/x	(<tf.Tensor 'import/stereo/hg1_0/mul_1/x:0' shape=() dtype=int32>,)
import/stereo/hg1_0/mul_1	(<tf.Tensor 'import/stereo/hg1_0/mul_1:0' shape=() dtype=int32>,)
import/stereo/hg1_0/mul_2/x	(<tf.Tensor 'import/stereo/hg1_0/mul_2/x:0' shape=() dtype=int32>,)
import/stereo/hg1_0/mul_2	(<tf.Tensor 'import/stereo/hg1_0/mul_2:0' shape=() dtype=int32>,)
import/stereo/hg1_0/Reshape/shape/4	(<tf.Tensor 'import/stereo/hg1_0/Reshape/shape/4:0' shape=() dtype=int32>,)
import/stereo/hg1_0/Reshape/shape	(<tf.Tensor 'import/stereo/hg1_0/Reshape/shape:0' shape=(5,) dtype=int32>,)
import/stereo/hg1_0/Reshape	(<tf.Tensor 'import/stereo/hg1_0/Reshape:0' shape=(1, 16, 20, 16, 80) dtype=float32>,)
import/stereo/hg1_0/strided_slice/stack	(<tf.Tensor 'import/stereo/hg1_0/strided_slice/stack:0' shape=(3,) dtype=int32>,)
import/stereo/hg1_0/strided_slice/stack_1/0	(<tf.Tensor 'import/stereo/hg1_0/strided_slice/stack_1/0:0' shape=() dtype=int32>,)
import/stereo/hg1_0/strided_slice/stack_1	(<tf.Tensor 'import/stereo/hg1_0/strided_slice/stack_1:0' shape=(3,) dtype=int32>,)
import/stereo/hg1_0/strided_slice/stack_2	(<tf.Tensor 'import/stereo/hg1_0/strided_slice/stack_2:0' shape=(3,) dtype=int32>,)
import/stereo/hg1_0/strided_slice	(<tf.Tensor 'import/stereo/hg1_0/strided_slice:0' shape=(1, 15, 20, 16, 80) dtype=float32>,)
import/stereo/hg1_0/add_3	(<tf.Tensor 'import/stereo/hg1_0/add_3:0' shape=(1, 15, 20, 16, 80) dtype=float32>,)
import/stereo/hg1_0/BatchNorm_9/gamma	(<tf.Tensor 'import/stereo/hg1_0/BatchNorm_9/gamma:0' shape=(80,) dtype=float32>,)
import/stereo/hg1_0/BatchNorm_9/gamma/read	(<tf.Tensor 'import/stereo/hg1_0/BatchNorm_9/gamma/read:0' shape=(80,) dtype=float32>,)
import/stereo/hg1_0/BatchNorm_9/beta	(<tf.Tensor 'import/stereo/hg1_0/BatchNorm_9/beta:0' shape=(80,) dtype=float32>,)
import/stereo/hg1_0/BatchNorm_9/beta/read	(<tf.Tensor 'import/stereo/hg1_0/BatchNorm_9/beta/read:0' shape=(80,) dtype=float32>,)
import/stereo/hg1_0/BatchNorm_9/moving_mean	(<tf.Tensor 'import/stereo/hg1_0/BatchNorm_9/moving_mean:0' shape=(80,) dtype=float32>,)
import/stereo/hg1_0/BatchNorm_9/moving_variance	(<tf.Tensor 'import/stereo/hg1_0/BatchNorm_9/moving_variance:0' shape=(80,) dtype=float32>,)
import/stereo/hg1_0/BatchNorm_9/renorm_mean	(<tf.Tensor 'import/stereo/hg1_0/BatchNorm_9/renorm_mean:0' shape=(80,) dtype=float32>,)
import/stereo/hg1_0/BatchNorm_9/renorm_mean/read	(<tf.Tensor 'import/stereo/hg1_0/BatchNorm_9/renorm_mean/read:0' shape=(80,) dtype=float32>,)
import/stereo/hg1_0/BatchNorm_9/renorm_stddev	(<tf.Tensor 'import/stereo/hg1_0/BatchNorm_9/renorm_stddev:0' shape=(80,) dtype=float32>,)
import/stereo/hg1_0/BatchNorm_9/renorm_stddev/read	(<tf.Tensor 'import/stereo/hg1_0/BatchNorm_9/renorm_stddev/read:0' shape=(80,) dtype=float32>,)
import/stereo/hg1_0/BatchNorm_9/moments/mean/reduction_indices	(<tf.Tensor 'import/stereo/hg1_0/BatchNorm_9/moments/mean/reduction_indices:0' shape=(4,) dtype=int32>,)
import/stereo/hg1_0/BatchNorm_9/moments/mean	(<tf.Tensor 'import/stereo/hg1_0/BatchNorm_9/moments/mean:0' shape=(1, 1, 1, 1, 80) dtype=float32>,)
import/stereo/hg1_0/BatchNorm_9/moments/StopGradient	(<tf.Tensor 'import/stereo/hg1_0/BatchNorm_9/moments/StopGradient:0' shape=(1, 1, 1, 1, 80) dtype=float32>,)
import/stereo/hg1_0/BatchNorm_9/moments/SquaredDifference	(<tf.Tensor 'import/stereo/hg1_0/BatchNorm_9/moments/SquaredDifference:0' shape=(1, 15, 20, 16, 80) dtype=float32>,)
import/stereo/hg1_0/BatchNorm_9/moments/variance/reduction_indices	(<tf.Tensor 'import/stereo/hg1_0/BatchNorm_9/moments/variance/reduction_indices:0' shape=(4,) dtype=int32>,)
import/stereo/hg1_0/BatchNorm_9/moments/variance	(<tf.Tensor 'import/stereo/hg1_0/BatchNorm_9/moments/variance:0' shape=(1, 1, 1, 1, 80) dtype=float32>,)
import/stereo/hg1_0/BatchNorm_9/moments/Squeeze	(<tf.Tensor 'import/stereo/hg1_0/BatchNorm_9/moments/Squeeze:0' shape=(80,) dtype=float32>,)
import/stereo/hg1_0/BatchNorm_9/moments/Squeeze_1	(<tf.Tensor 'import/stereo/hg1_0/BatchNorm_9/moments/Squeeze_1:0' shape=(80,) dtype=float32>,)
import/stereo/hg1_0/BatchNorm_9/add/y	(<tf.Tensor 'import/stereo/hg1_0/BatchNorm_9/add/y:0' shape=() dtype=float32>,)
import/stereo/hg1_0/BatchNorm_9/add	(<tf.Tensor 'import/stereo/hg1_0/BatchNorm_9/add:0' shape=(80,) dtype=float32>,)
import/stereo/hg1_0/BatchNorm_9/Sqrt	(<tf.Tensor 'import/stereo/hg1_0/BatchNorm_9/Sqrt:0' shape=(80,) dtype=float32>,)
import/stereo/hg1_0/BatchNorm_9/Sqrt_1/x	(<tf.Tensor 'import/stereo/hg1_0/BatchNorm_9/Sqrt_1/x:0' shape=() dtype=float32>,)
import/stereo/hg1_0/BatchNorm_9/Sqrt_1	(<tf.Tensor 'import/stereo/hg1_0/BatchNorm_9/Sqrt_1:0' shape=() dtype=float32>,)
import/stereo/hg1_0/BatchNorm_9/Maximum	(<tf.Tensor 'import/stereo/hg1_0/BatchNorm_9/Maximum:0' shape=(80,) dtype=float32>,)
import/stereo/hg1_0/BatchNorm_9/truediv	(<tf.Tensor 'import/stereo/hg1_0/BatchNorm_9/truediv:0' shape=(80,) dtype=float32>,)
import/stereo/hg1_0/BatchNorm_9/sub	(<tf.Tensor 'import/stereo/hg1_0/BatchNorm_9/sub:0' shape=(80,) dtype=float32>,)
import/stereo/hg1_0/BatchNorm_9/truediv_1	(<tf.Tensor 'import/stereo/hg1_0/BatchNorm_9/truediv_1:0' shape=(80,) dtype=float32>,)
import/stereo/hg1_0/BatchNorm_9/Maximum_1	(<tf.Tensor 'import/stereo/hg1_0/BatchNorm_9/Maximum_1:0' shape=(80,) dtype=float32>,)
import/stereo/hg1_0/BatchNorm_9/Minimum	(<tf.Tensor 'import/stereo/hg1_0/BatchNorm_9/Minimum:0' shape=(80,) dtype=float32>,)
import/stereo/hg1_0/BatchNorm_9/Neg	(<tf.Tensor 'import/stereo/hg1_0/BatchNorm_9/Neg:0' shape=() dtype=float32>,)
import/stereo/hg1_0/BatchNorm_9/Maximum_2	(<tf.Tensor 'import/stereo/hg1_0/BatchNorm_9/Maximum_2:0' shape=(80,) dtype=float32>,)
import/stereo/hg1_0/BatchNorm_9/Minimum_1	(<tf.Tensor 'import/stereo/hg1_0/BatchNorm_9/Minimum_1:0' shape=(80,) dtype=float32>,)
import/stereo/hg1_0/BatchNorm_9/renorm_r	(<tf.Tensor 'import/stereo/hg1_0/BatchNorm_9/renorm_r:0' shape=(80,) dtype=float32>,)
import/stereo/hg1_0/BatchNorm_9/renorm_d	(<tf.Tensor 'import/stereo/hg1_0/BatchNorm_9/renorm_d:0' shape=(80,) dtype=float32>,)
import/stereo/hg1_0/BatchNorm_9/mul	(<tf.Tensor 'import/stereo/hg1_0/BatchNorm_9/mul:0' shape=(80,) dtype=float32>,)
import/stereo/hg1_0/BatchNorm_9/mul_1	(<tf.Tensor 'import/stereo/hg1_0/BatchNorm_9/mul_1:0' shape=(80,) dtype=float32>,)
import/stereo/hg1_0/BatchNorm_9/add_1	(<tf.Tensor 'import/stereo/hg1_0/BatchNorm_9/add_1:0' shape=(80,) dtype=float32>,)
import/stereo/hg1_0/BatchNorm_9/batchnorm/add/y	(<tf.Tensor 'import/stereo/hg1_0/BatchNorm_9/batchnorm/add/y:0' shape=() dtype=float32>,)
import/stereo/hg1_0/BatchNorm_9/batchnorm/add	(<tf.Tensor 'import/stereo/hg1_0/BatchNorm_9/batchnorm/add:0' shape=(80,) dtype=float32>,)
import/stereo/hg1_0/BatchNorm_9/batchnorm/Rsqrt	(<tf.Tensor 'import/stereo/hg1_0/BatchNorm_9/batchnorm/Rsqrt:0' shape=(80,) dtype=float32>,)
import/stereo/hg1_0/BatchNorm_9/batchnorm/mul	(<tf.Tensor 'import/stereo/hg1_0/BatchNorm_9/batchnorm/mul:0' shape=(80,) dtype=float32>,)
import/stereo/hg1_0/BatchNorm_9/batchnorm/mul_1	(<tf.Tensor 'import/stereo/hg1_0/BatchNorm_9/batchnorm/mul_1:0' shape=(1, 15, 20, 16, 80) dtype=float32>,)
import/stereo/hg1_0/BatchNorm_9/batchnorm/mul_2	(<tf.Tensor 'import/stereo/hg1_0/BatchNorm_9/batchnorm/mul_2:0' shape=(80,) dtype=float32>,)
import/stereo/hg1_0/BatchNorm_9/batchnorm/sub	(<tf.Tensor 'import/stereo/hg1_0/BatchNorm_9/batchnorm/sub:0' shape=(80,) dtype=float32>,)
import/stereo/hg1_0/BatchNorm_9/batchnorm/add_1	(<tf.Tensor 'import/stereo/hg1_0/BatchNorm_9/batchnorm/add_1:0' shape=(1, 15, 20, 16, 80) dtype=float32>,)
import/stereo/hg1_0/Relu_9	(<tf.Tensor 'import/stereo/hg1_0/Relu_9:0' shape=(1, 15, 20, 16, 80) dtype=float32>,)
import/stereo/hg1_0/Conv_9/weights	(<tf.Tensor 'import/stereo/hg1_0/Conv_9/weights:0' shape=(3, 3, 3, 80, 32) dtype=float32>,)
import/stereo/hg1_0/Conv_9/weights/read	(<tf.Tensor 'import/stereo/hg1_0/Conv_9/weights/read:0' shape=(3, 3, 3, 80, 32) dtype=float32>,)
import/stereo/hg1_0/Conv_9/biases	(<tf.Tensor 'import/stereo/hg1_0/Conv_9/biases:0' shape=(32,) dtype=float32>,)
import/stereo/hg1_0/Conv_9/biases/read	(<tf.Tensor 'import/stereo/hg1_0/Conv_9/biases/read:0' shape=(32,) dtype=float32>,)
import/stereo/hg1_0/Conv_9/Conv3D	(<tf.Tensor 'import/stereo/hg1_0/Conv_9/Conv3D:0' shape=(1, 15, 20, 16, 32) dtype=float32>,)
import/stereo/hg1_0/Conv_9/BiasAdd	(<tf.Tensor 'import/stereo/hg1_0/Conv_9/BiasAdd:0' shape=(1, 15, 20, 16, 32) dtype=float32>,)
import/stereo/hg1_0/Shape_2	(<tf.Tensor 'import/stereo/hg1_0/Shape_2:0' shape=(5,) dtype=int32>,)
import/stereo/hg1_0/unstack_2	(<tf.Tensor 'import/stereo/hg1_0/unstack_2:0' shape=() dtype=int32>, <tf.Tensor 'import/stereo/hg1_0/unstack_2:1' shape=() dtype=int32>, <tf.Tensor 'import/stereo/hg1_0/unstack_2:2' shape=() dtype=int32>, <tf.Tensor 'import/stereo/hg1_0/unstack_2:3' shape=() dtype=int32>, <tf.Tensor 'import/stereo/hg1_0/unstack_2:4' shape=() dtype=int32>)
import/stereo/hg1_0/Shape_3	(<tf.Tensor 'import/stereo/hg1_0/Shape_3:0' shape=(5,) dtype=int32>,)
import/stereo/hg1_0/unstack_3	(<tf.Tensor 'import/stereo/hg1_0/unstack_3:0' shape=() dtype=int32>, <tf.Tensor 'import/stereo/hg1_0/unstack_3:1' shape=() dtype=int32>, <tf.Tensor 'import/stereo/hg1_0/unstack_3:2' shape=() dtype=int32>, <tf.Tensor 'import/stereo/hg1_0/unstack_3:3' shape=() dtype=int32>, <tf.Tensor 'import/stereo/hg1_0/unstack_3:4' shape=() dtype=int32>)
import/stereo/hg1_0/Tile_1/multiples	(<tf.Tensor 'import/stereo/hg1_0/Tile_1/multiples:0' shape=(5,) dtype=int32>,)
import/stereo/hg1_0/Tile_1	(<tf.Tensor 'import/stereo/hg1_0/Tile_1:0' shape=(1, 15, 40, 32, 64) dtype=float32>,)
import/stereo/hg1_0/mul_4/x	(<tf.Tensor 'import/stereo/hg1_0/mul_4/x:0' shape=() dtype=int32>,)
import/stereo/hg1_0/mul_4	(<tf.Tensor 'import/stereo/hg1_0/mul_4:0' shape=() dtype=int32>,)
import/stereo/hg1_0/mul_5/x	(<tf.Tensor 'import/stereo/hg1_0/mul_5/x:0' shape=() dtype=int32>,)
import/stereo/hg1_0/mul_5	(<tf.Tensor 'import/stereo/hg1_0/mul_5:0' shape=() dtype=int32>,)
import/stereo/hg1_0/mul_6/x	(<tf.Tensor 'import/stereo/hg1_0/mul_6/x:0' shape=() dtype=int32>,)
import/stereo/hg1_0/mul_6	(<tf.Tensor 'import/stereo/hg1_0/mul_6:0' shape=() dtype=int32>,)
import/stereo/hg1_0/Reshape_1/shape/4	(<tf.Tensor 'import/stereo/hg1_0/Reshape_1/shape/4:0' shape=() dtype=int32>,)
import/stereo/hg1_0/Reshape_1/shape	(<tf.Tensor 'import/stereo/hg1_0/Reshape_1/shape:0' shape=(5,) dtype=int32>,)
import/stereo/hg1_0/Reshape_1	(<tf.Tensor 'import/stereo/hg1_0/Reshape_1:0' shape=(1, 30, 40, 32, 32) dtype=float32>,)
import/stereo/hg1_0/strided_slice_1/stack	(<tf.Tensor 'import/stereo/hg1_0/strided_slice_1/stack:0' shape=(3,) dtype=int32>,)
import/stereo/hg1_0/strided_slice_1/stack_1/0	(<tf.Tensor 'import/stereo/hg1_0/strided_slice_1/stack_1/0:0' shape=() dtype=int32>,)
import/stereo/hg1_0/strided_slice_1/stack_1	(<tf.Tensor 'import/stereo/hg1_0/strided_slice_1/stack_1:0' shape=(3,) dtype=int32>,)
import/stereo/hg1_0/strided_slice_1/stack_2	(<tf.Tensor 'import/stereo/hg1_0/strided_slice_1/stack_2:0' shape=(3,) dtype=int32>,)
import/stereo/hg1_0/strided_slice_1	(<tf.Tensor 'import/stereo/hg1_0/strided_slice_1:0' shape=(1, 30, 40, 32, 32) dtype=float32>,)
import/stereo/hg1_0/add_4	(<tf.Tensor 'import/stereo/hg1_0/add_4:0' shape=(1, 30, 40, 32, 32) dtype=float32>,)
import/stereo/hg1_0/BatchNorm_10/gamma	(<tf.Tensor 'import/stereo/hg1_0/BatchNorm_10/gamma:0' shape=(32,) dtype=float32>,)
import/stereo/hg1_0/BatchNorm_10/gamma/read	(<tf.Tensor 'import/stereo/hg1_0/BatchNorm_10/gamma/read:0' shape=(32,) dtype=float32>,)
import/stereo/hg1_0/BatchNorm_10/beta	(<tf.Tensor 'import/stereo/hg1_0/BatchNorm_10/beta:0' shape=(32,) dtype=float32>,)
import/stereo/hg1_0/BatchNorm_10/beta/read	(<tf.Tensor 'import/stereo/hg1_0/BatchNorm_10/beta/read:0' shape=(32,) dtype=float32>,)
import/stereo/hg1_0/BatchNorm_10/moving_mean	(<tf.Tensor 'import/stereo/hg1_0/BatchNorm_10/moving_mean:0' shape=(32,) dtype=float32>,)
import/stereo/hg1_0/BatchNorm_10/moving_variance	(<tf.Tensor 'import/stereo/hg1_0/BatchNorm_10/moving_variance:0' shape=(32,) dtype=float32>,)
import/stereo/hg1_0/BatchNorm_10/renorm_mean	(<tf.Tensor 'import/stereo/hg1_0/BatchNorm_10/renorm_mean:0' shape=(32,) dtype=float32>,)
import/stereo/hg1_0/BatchNorm_10/renorm_mean/read	(<tf.Tensor 'import/stereo/hg1_0/BatchNorm_10/renorm_mean/read:0' shape=(32,) dtype=float32>,)
import/stereo/hg1_0/BatchNorm_10/renorm_stddev	(<tf.Tensor 'import/stereo/hg1_0/BatchNorm_10/renorm_stddev:0' shape=(32,) dtype=float32>,)
import/stereo/hg1_0/BatchNorm_10/renorm_stddev/read	(<tf.Tensor 'import/stereo/hg1_0/BatchNorm_10/renorm_stddev/read:0' shape=(32,) dtype=float32>,)
import/stereo/hg1_0/BatchNorm_10/moments/mean/reduction_indices	(<tf.Tensor 'import/stereo/hg1_0/BatchNorm_10/moments/mean/reduction_indices:0' shape=(4,) dtype=int32>,)
import/stereo/hg1_0/BatchNorm_10/moments/mean	(<tf.Tensor 'import/stereo/hg1_0/BatchNorm_10/moments/mean:0' shape=(1, 1, 1, 1, 32) dtype=float32>,)
import/stereo/hg1_0/BatchNorm_10/moments/StopGradient	(<tf.Tensor 'import/stereo/hg1_0/BatchNorm_10/moments/StopGradient:0' shape=(1, 1, 1, 1, 32) dtype=float32>,)
import/stereo/hg1_0/BatchNorm_10/moments/SquaredDifference	(<tf.Tensor 'import/stereo/hg1_0/BatchNorm_10/moments/SquaredDifference:0' shape=(1, 30, 40, 32, 32) dtype=float32>,)
import/stereo/hg1_0/BatchNorm_10/moments/variance/reduction_indices	(<tf.Tensor 'import/stereo/hg1_0/BatchNorm_10/moments/variance/reduction_indices:0' shape=(4,) dtype=int32>,)
import/stereo/hg1_0/BatchNorm_10/moments/variance	(<tf.Tensor 'import/stereo/hg1_0/BatchNorm_10/moments/variance:0' shape=(1, 1, 1, 1, 32) dtype=float32>,)
import/stereo/hg1_0/BatchNorm_10/moments/Squeeze	(<tf.Tensor 'import/stereo/hg1_0/BatchNorm_10/moments/Squeeze:0' shape=(32,) dtype=float32>,)
import/stereo/hg1_0/BatchNorm_10/moments/Squeeze_1	(<tf.Tensor 'import/stereo/hg1_0/BatchNorm_10/moments/Squeeze_1:0' shape=(32,) dtype=float32>,)
import/stereo/hg1_0/BatchNorm_10/add/y	(<tf.Tensor 'import/stereo/hg1_0/BatchNorm_10/add/y:0' shape=() dtype=float32>,)
import/stereo/hg1_0/BatchNorm_10/add	(<tf.Tensor 'import/stereo/hg1_0/BatchNorm_10/add:0' shape=(32,) dtype=float32>,)
import/stereo/hg1_0/BatchNorm_10/Sqrt	(<tf.Tensor 'import/stereo/hg1_0/BatchNorm_10/Sqrt:0' shape=(32,) dtype=float32>,)
import/stereo/hg1_0/BatchNorm_10/Sqrt_1/x	(<tf.Tensor 'import/stereo/hg1_0/BatchNorm_10/Sqrt_1/x:0' shape=() dtype=float32>,)
import/stereo/hg1_0/BatchNorm_10/Sqrt_1	(<tf.Tensor 'import/stereo/hg1_0/BatchNorm_10/Sqrt_1:0' shape=() dtype=float32>,)
import/stereo/hg1_0/BatchNorm_10/Maximum	(<tf.Tensor 'import/stereo/hg1_0/BatchNorm_10/Maximum:0' shape=(32,) dtype=float32>,)
import/stereo/hg1_0/BatchNorm_10/truediv	(<tf.Tensor 'import/stereo/hg1_0/BatchNorm_10/truediv:0' shape=(32,) dtype=float32>,)
import/stereo/hg1_0/BatchNorm_10/sub	(<tf.Tensor 'import/stereo/hg1_0/BatchNorm_10/sub:0' shape=(32,) dtype=float32>,)
import/stereo/hg1_0/BatchNorm_10/truediv_1	(<tf.Tensor 'import/stereo/hg1_0/BatchNorm_10/truediv_1:0' shape=(32,) dtype=float32>,)
import/stereo/hg1_0/BatchNorm_10/Maximum_1	(<tf.Tensor 'import/stereo/hg1_0/BatchNorm_10/Maximum_1:0' shape=(32,) dtype=float32>,)
import/stereo/hg1_0/BatchNorm_10/Minimum	(<tf.Tensor 'import/stereo/hg1_0/BatchNorm_10/Minimum:0' shape=(32,) dtype=float32>,)
import/stereo/hg1_0/BatchNorm_10/Neg	(<tf.Tensor 'import/stereo/hg1_0/BatchNorm_10/Neg:0' shape=() dtype=float32>,)
import/stereo/hg1_0/BatchNorm_10/Maximum_2	(<tf.Tensor 'import/stereo/hg1_0/BatchNorm_10/Maximum_2:0' shape=(32,) dtype=float32>,)
import/stereo/hg1_0/BatchNorm_10/Minimum_1	(<tf.Tensor 'import/stereo/hg1_0/BatchNorm_10/Minimum_1:0' shape=(32,) dtype=float32>,)
import/stereo/hg1_0/BatchNorm_10/renorm_r	(<tf.Tensor 'import/stereo/hg1_0/BatchNorm_10/renorm_r:0' shape=(32,) dtype=float32>,)
import/stereo/hg1_0/BatchNorm_10/renorm_d	(<tf.Tensor 'import/stereo/hg1_0/BatchNorm_10/renorm_d:0' shape=(32,) dtype=float32>,)
import/stereo/hg1_0/BatchNorm_10/mul	(<tf.Tensor 'import/stereo/hg1_0/BatchNorm_10/mul:0' shape=(32,) dtype=float32>,)
import/stereo/hg1_0/BatchNorm_10/mul_1	(<tf.Tensor 'import/stereo/hg1_0/BatchNorm_10/mul_1:0' shape=(32,) dtype=float32>,)
import/stereo/hg1_0/BatchNorm_10/add_1	(<tf.Tensor 'import/stereo/hg1_0/BatchNorm_10/add_1:0' shape=(32,) dtype=float32>,)
import/stereo/hg1_0/BatchNorm_10/batchnorm/add/y	(<tf.Tensor 'import/stereo/hg1_0/BatchNorm_10/batchnorm/add/y:0' shape=() dtype=float32>,)
import/stereo/hg1_0/BatchNorm_10/batchnorm/add	(<tf.Tensor 'import/stereo/hg1_0/BatchNorm_10/batchnorm/add:0' shape=(32,) dtype=float32>,)
import/stereo/hg1_0/BatchNorm_10/batchnorm/Rsqrt	(<tf.Tensor 'import/stereo/hg1_0/BatchNorm_10/batchnorm/Rsqrt:0' shape=(32,) dtype=float32>,)
import/stereo/hg1_0/BatchNorm_10/batchnorm/mul	(<tf.Tensor 'import/stereo/hg1_0/BatchNorm_10/batchnorm/mul:0' shape=(32,) dtype=float32>,)
import/stereo/hg1_0/BatchNorm_10/batchnorm/mul_1	(<tf.Tensor 'import/stereo/hg1_0/BatchNorm_10/batchnorm/mul_1:0' shape=(1, 30, 40, 32, 32) dtype=float32>,)
import/stereo/hg1_0/BatchNorm_10/batchnorm/mul_2	(<tf.Tensor 'import/stereo/hg1_0/BatchNorm_10/batchnorm/mul_2:0' shape=(32,) dtype=float32>,)
import/stereo/hg1_0/BatchNorm_10/batchnorm/sub	(<tf.Tensor 'import/stereo/hg1_0/BatchNorm_10/batchnorm/sub:0' shape=(32,) dtype=float32>,)
import/stereo/hg1_0/BatchNorm_10/batchnorm/add_1	(<tf.Tensor 'import/stereo/hg1_0/BatchNorm_10/batchnorm/add_1:0' shape=(1, 30, 40, 32, 32) dtype=float32>,)
import/stereo/hg1_0/Relu_10	(<tf.Tensor 'import/stereo/hg1_0/Relu_10:0' shape=(1, 30, 40, 32, 32) dtype=float32>,)
import/stereo/hg1_0/Conv_10/weights	(<tf.Tensor 'import/stereo/hg1_0/Conv_10/weights:0' shape=(3, 3, 3, 32, 32) dtype=float32>,)
import/stereo/hg1_0/Conv_10/weights/read	(<tf.Tensor 'import/stereo/hg1_0/Conv_10/weights/read:0' shape=(3, 3, 3, 32, 32) dtype=float32>,)
import/stereo/hg1_0/Conv_10/biases	(<tf.Tensor 'import/stereo/hg1_0/Conv_10/biases:0' shape=(32,) dtype=float32>,)
import/stereo/hg1_0/Conv_10/biases/read	(<tf.Tensor 'import/stereo/hg1_0/Conv_10/biases/read:0' shape=(32,) dtype=float32>,)
import/stereo/hg1_0/Conv_10/Conv3D	(<tf.Tensor 'import/stereo/hg1_0/Conv_10/Conv3D:0' shape=(1, 30, 40, 32, 32) dtype=float32>,)
import/stereo/hg1_0/Conv_10/BiasAdd	(<tf.Tensor 'import/stereo/hg1_0/Conv_10/BiasAdd:0' shape=(1, 30, 40, 32, 32) dtype=float32>,)
import/stereo/hg1_0/Conv_10/Relu	(<tf.Tensor 'import/stereo/hg1_0/Conv_10/Relu:0' shape=(1, 30, 40, 32, 32) dtype=float32>,)
import/stereo/hg1_0/Conv_11/weights	(<tf.Tensor 'import/stereo/hg1_0/Conv_11/weights:0' shape=(1, 1, 1, 32, 1) dtype=float32>,)
import/stereo/hg1_0/Conv_11/weights/read	(<tf.Tensor 'import/stereo/hg1_0/Conv_11/weights/read:0' shape=(1, 1, 1, 32, 1) dtype=float32>,)
import/stereo/hg1_0/Conv_11/biases	(<tf.Tensor 'import/stereo/hg1_0/Conv_11/biases:0' shape=(1,) dtype=float32>,)
import/stereo/hg1_0/Conv_11/biases/read	(<tf.Tensor 'import/stereo/hg1_0/Conv_11/biases/read:0' shape=(1,) dtype=float32>,)
import/stereo/hg1_0/Conv_11/Conv3D	(<tf.Tensor 'import/stereo/hg1_0/Conv_11/Conv3D:0' shape=(1, 30, 40, 32, 1) dtype=float32>,)
import/stereo/hg1_0/Conv_11/BiasAdd	(<tf.Tensor 'import/stereo/hg1_0/Conv_11/BiasAdd:0' shape=(1, 30, 40, 32, 1) dtype=float32>,)
import/stereo/hg1_0/Squeeze	(<tf.Tensor 'import/stereo/hg1_0/Squeeze:0' shape=(1, 30, 40, 32) dtype=float32>,)
import/stereo/hg1_0/ResizeBilinear/size	(<tf.Tensor 'import/stereo/hg1_0/ResizeBilinear/size:0' shape=(2,) dtype=int32>,)
import/stereo/hg1_0/ResizeBilinear	(<tf.Tensor 'import/stereo/hg1_0/ResizeBilinear:0' shape=(1, 240, 320, 32) dtype=float32>,)
import/Softmax	(<tf.Tensor 'import/Softmax:0' shape=(1, 240, 320, 32) dtype=float32>,)
import/mul_1	(<tf.Tensor 'import/mul_1:0' shape=(1, 240, 320, 32) dtype=float32>,)
import/my_result/reduction_indices	(<tf.Tensor 'import/my_result/reduction_indices:0' shape=() dtype=int32>,)
import/my_result	(<tf.Tensor 'import/my_result:0' shape=(1, 240, 320) dtype=float32>,)
